Run directory: /content/drive/MyDrive/CDRP models testing/flexible model/outputs/exp2_sharded_v2_verified_t4_v1_shards_2
Device: cuda
Command: /content/drive/MyDrive/CDRP models testing/flexible model/main_flexible.py --run_name exp2_sharded_v2_verified_t4_v1_shards_2 --dataset_root /content/drive/MyDrive/CDRP models testing/flexible model/flexibility_views/exp2_pathway_sharding/verified_t4_v1_shards_2 --epoch 120 --lr 0.001 --weight_decay 1e-05 --hidden_channels 256 --output_channels 64 --fusion_dim 512 --dropout 0.2 --num_layers 2 --heads 4 --drug_num_gnn_layers 3 --drug_batch_size 0 --k_fold 5 --seed 0 --top_k 10 --contrastive_weight 0.005 --temperature 0.05 --warmup_epochs 10 --max_contrastive_pairs 2048 --device cuda --omics pathway_shard_01 pathway_shard_02
Loading aligned data from: /content/drive/MyDrive/CDRP models testing/flexible model/flexibility_views/exp2_pathway_sharding/verified_t4_v1_shards_2
Loaded data: pairs=109446, cells=425, drugs=298
Selected omics: pathway_shard_01, pathway_shard_02

================================================================================
Fold 1/5 (fold_id=1)
================================================================================
Epoch 001/120 | TrainLoss=0.7103 (Cls=0.7103, Cont=0.0000) | Val AUC=0.5582 AUPR=0.4719 F1=0.5800 ACC=0.4087
Epoch 002/120 | TrainLoss=0.6705 (Cls=0.6705, Cont=0.0000) | Val AUC=0.5607 AUPR=0.4706 F1=0.5801 ACC=0.4089
Epoch 003/120 | TrainLoss=0.6695 (Cls=0.6695, Cont=0.0000) | Val AUC=0.5749 AUPR=0.4765 F1=0.5818 ACC=0.4345
Epoch 004/120 | TrainLoss=0.6511 (Cls=0.6511, Cont=0.0000) | Val AUC=0.5795 AUPR=0.4786 F1=0.5818 ACC=0.4437
Epoch 005/120 | TrainLoss=0.6418 (Cls=0.6418, Cont=0.0000) | Val AUC=0.5820 AUPR=0.4829 F1=0.5823 ACC=0.4457
Epoch 006/120 | TrainLoss=0.6203 (Cls=0.6203, Cont=0.0000) | Val AUC=0.5844 AUPR=0.4859 F1=0.5828 ACC=0.4486
Epoch 007/120 | TrainLoss=0.6008 (Cls=0.6008, Cont=0.0000) | Val AUC=0.5876 AUPR=0.4898 F1=0.5835 ACC=0.4660
Epoch 008/120 | TrainLoss=0.5784 (Cls=0.5784, Cont=0.0000) | Val AUC=0.5898 AUPR=0.4920 F1=0.5845 ACC=0.4512
Epoch 009/120 | TrainLoss=0.5526 (Cls=0.5526, Cont=0.0000) | Val AUC=0.5928 AUPR=0.4962 F1=0.5837 ACC=0.4522
Epoch 010/120 | TrainLoss=0.5291 (Cls=0.5291, Cont=0.0000) | Val AUC=0.5961 AUPR=0.4999 F1=0.5844 ACC=0.4740
Epoch 011/120 | TrainLoss=0.5412 (Cls=0.5091, Cont=6.4187) | Val AUC=0.6014 AUPR=0.5047 F1=0.5864 ACC=0.4731
Epoch 012/120 | TrainLoss=0.5110 (Cls=0.4830, Cont=5.5874) | Val AUC=0.6053 AUPR=0.5094 F1=0.5870 ACC=0.4673
Epoch 013/120 | TrainLoss=0.4958 (Cls=0.4684, Cont=5.4776) | Val AUC=0.6072 AUPR=0.5124 F1=0.5862 ACC=0.4671
Epoch 014/120 | TrainLoss=0.4781 (Cls=0.4509, Cont=5.4368) | Val AUC=0.6133 AUPR=0.5184 F1=0.5890 ACC=0.4802
Epoch 015/120 | TrainLoss=0.4685 (Cls=0.4414, Cont=5.4228) | Val AUC=0.6138 AUPR=0.5198 F1=0.5900 ACC=0.4983
Epoch 016/120 | TrainLoss=0.4682 (Cls=0.4411, Cont=5.4202) | Val AUC=0.6259 AUPR=0.5347 F1=0.5927 ACC=0.5073
Epoch 017/120 | TrainLoss=0.4723 (Cls=0.4452, Cont=5.4131) | Val AUC=0.6317 AUPR=0.5411 F1=0.5946 ACC=0.5023
Epoch 018/120 | TrainLoss=0.4672 (Cls=0.4402, Cont=5.4092) | Val AUC=0.6394 AUPR=0.5449 F1=0.5966 ACC=0.5127
Epoch 019/120 | TrainLoss=0.4586 (Cls=0.4316, Cont=5.3992) | Val AUC=0.6503 AUPR=0.5529 F1=0.5989 ACC=0.5108
Epoch 020/120 | TrainLoss=0.4583 (Cls=0.4314, Cont=5.3946) | Val AUC=0.6530 AUPR=0.5566 F1=0.5992 ACC=0.5114
Epoch 021/120 | TrainLoss=0.4483 (Cls=0.4214, Cont=5.3891) | Val AUC=0.6623 AUPR=0.5624 F1=0.6039 ACC=0.5153
Epoch 022/120 | TrainLoss=0.4517 (Cls=0.4248, Cont=5.3898) | Val AUC=0.6876 AUPR=0.5784 F1=0.6177 ACC=0.5665
Epoch 023/120 | TrainLoss=0.4418 (Cls=0.4149, Cont=5.3880) | Val AUC=0.7071 AUPR=0.5935 F1=0.6313 ACC=0.6129
Epoch 024/120 | TrainLoss=0.4406 (Cls=0.4137, Cont=5.3747) | Val AUC=0.7160 AUPR=0.6064 F1=0.6370 ACC=0.6313
Epoch 025/120 | TrainLoss=0.4352 (Cls=0.4083, Cont=5.3799) | Val AUC=0.7321 AUPR=0.6318 F1=0.6482 ACC=0.6392
Epoch 026/120 | TrainLoss=0.4350 (Cls=0.4082, Cont=5.3587) | Val AUC=0.7492 AUPR=0.6502 F1=0.6554 ACC=0.6400
Epoch 027/120 | TrainLoss=0.4306 (Cls=0.4038, Cont=5.3626) | Val AUC=0.7691 AUPR=0.6679 F1=0.6718 ACC=0.6824
Epoch 028/120 | TrainLoss=0.4284 (Cls=0.4015, Cont=5.3761) | Val AUC=0.7869 AUPR=0.6919 F1=0.6837 ACC=0.6904
Epoch 029/120 | TrainLoss=0.4273 (Cls=0.4004, Cont=5.3775) | Val AUC=0.8031 AUPR=0.7181 F1=0.6940 ACC=0.7204
Epoch 030/120 | TrainLoss=0.4277 (Cls=0.4009, Cont=5.3636) | Val AUC=0.8155 AUPR=0.7334 F1=0.7061 ACC=0.7296
Epoch 031/120 | TrainLoss=0.4263 (Cls=0.3994, Cont=5.3794) | Val AUC=0.8267 AUPR=0.7409 F1=0.7240 ACC=0.7541
Epoch 032/120 | TrainLoss=0.4203 (Cls=0.3934, Cont=5.3654) | Val AUC=0.8337 AUPR=0.7497 F1=0.7292 ACC=0.7579
Epoch 033/120 | TrainLoss=0.4221 (Cls=0.3953, Cont=5.3551) | Val AUC=0.8450 AUPR=0.7636 F1=0.7411 ACC=0.7769
Epoch 034/120 | TrainLoss=0.4157 (Cls=0.3889, Cont=5.3584) | Val AUC=0.8570 AUPR=0.7796 F1=0.7534 ACC=0.7806
Epoch 035/120 | TrainLoss=0.4195 (Cls=0.3926, Cont=5.3635) | Val AUC=0.8506 AUPR=0.7743 F1=0.7498 ACC=0.7771
Epoch 036/120 | TrainLoss=0.4175 (Cls=0.3906, Cont=5.3628) | Val AUC=0.8484 AUPR=0.7735 F1=0.7474 ACC=0.7740
Epoch 037/120 | TrainLoss=0.4182 (Cls=0.3913, Cont=5.3704) | Val AUC=0.8690 AUPR=0.8012 F1=0.7648 ACC=0.7968
Epoch 038/120 | TrainLoss=0.4107 (Cls=0.3839, Cont=5.3567) | Val AUC=0.8869 AUPR=0.8302 F1=0.7831 ACC=0.8120
Epoch 039/120 | TrainLoss=0.4113 (Cls=0.3845, Cont=5.3662) | Val AUC=0.8925 AUPR=0.8393 F1=0.7883 ACC=0.8122
Epoch 040/120 | TrainLoss=0.4097 (Cls=0.3830, Cont=5.3506) | Val AUC=0.8951 AUPR=0.8425 F1=0.7873 ACC=0.8156
Epoch 041/120 | TrainLoss=0.4075 (Cls=0.3807, Cont=5.3540) | Val AUC=0.8948 AUPR=0.8414 F1=0.7901 ACC=0.8130
Epoch 042/120 | TrainLoss=0.4076 (Cls=0.3808, Cont=5.3619) | Val AUC=0.8990 AUPR=0.8481 F1=0.7959 ACC=0.8202
Epoch 043/120 | TrainLoss=0.4042 (Cls=0.3774, Cont=5.3526) | Val AUC=0.9049 AUPR=0.8590 F1=0.7995 ACC=0.8244
Epoch 044/120 | TrainLoss=0.4059 (Cls=0.3792, Cont=5.3334) | Val AUC=0.9063 AUPR=0.8634 F1=0.7987 ACC=0.8305
Epoch 045/120 | TrainLoss=0.4043 (Cls=0.3775, Cont=5.3521) | Val AUC=0.9079 AUPR=0.8661 F1=0.8001 ACC=0.8291
Epoch 046/120 | TrainLoss=0.4037 (Cls=0.3769, Cont=5.3582) | Val AUC=0.9087 AUPR=0.8673 F1=0.8000 ACC=0.8212
Epoch 047/120 | TrainLoss=0.4010 (Cls=0.3742, Cont=5.3531) | Val AUC=0.9103 AUPR=0.8705 F1=0.8019 ACC=0.8275
Epoch 048/120 | TrainLoss=0.4004 (Cls=0.3736, Cont=5.3494) | Val AUC=0.9115 AUPR=0.8726 F1=0.8064 ACC=0.8337
Epoch 049/120 | TrainLoss=0.3989 (Cls=0.3721, Cont=5.3632) | Val AUC=0.9118 AUPR=0.8727 F1=0.8051 ACC=0.8295
Epoch 050/120 | TrainLoss=0.4002 (Cls=0.3734, Cont=5.3580) | Val AUC=0.9128 AUPR=0.8743 F1=0.8055 ACC=0.8285
Epoch 051/120 | TrainLoss=0.3996 (Cls=0.3729, Cont=5.3456) | Val AUC=0.9132 AUPR=0.8746 F1=0.8061 ACC=0.8342
Epoch 052/120 | TrainLoss=0.3969 (Cls=0.3701, Cont=5.3513) | Val AUC=0.9129 AUPR=0.8735 F1=0.8047 ACC=0.8303
Epoch 053/120 | TrainLoss=0.3985 (Cls=0.3718, Cont=5.3383) | Val AUC=0.9112 AUPR=0.8706 F1=0.8042 ACC=0.8315
Epoch 054/120 | TrainLoss=0.3992 (Cls=0.3723, Cont=5.3654) | Val AUC=0.9120 AUPR=0.8725 F1=0.8041 ACC=0.8310
Epoch 055/120 | TrainLoss=0.3947 (Cls=0.3679, Cont=5.3486) | Val AUC=0.9135 AUPR=0.8757 F1=0.8057 ACC=0.8325
Epoch 056/120 | TrainLoss=0.3963 (Cls=0.3695, Cont=5.3441) | Val AUC=0.9142 AUPR=0.8776 F1=0.8053 ACC=0.8306
Epoch 057/120 | TrainLoss=0.3953 (Cls=0.3686, Cont=5.3452) | Val AUC=0.9142 AUPR=0.8775 F1=0.8070 ACC=0.8335
Epoch 058/120 | TrainLoss=0.3951 (Cls=0.3683, Cont=5.3444) | Val AUC=0.9136 AUPR=0.8763 F1=0.8062 ACC=0.8276
Epoch 059/120 | TrainLoss=0.3933 (Cls=0.3665, Cont=5.3472) | Val AUC=0.9140 AUPR=0.8773 F1=0.8065 ACC=0.8286
Epoch 060/120 | TrainLoss=0.3925 (Cls=0.3658, Cont=5.3480) | Val AUC=0.9149 AUPR=0.8789 F1=0.8067 ACC=0.8289
Epoch 061/120 | TrainLoss=0.3904 (Cls=0.3637, Cont=5.3462) | Val AUC=0.9154 AUPR=0.8796 F1=0.8085 ACC=0.8317
Epoch 062/120 | TrainLoss=0.3918 (Cls=0.3651, Cont=5.3551) | Val AUC=0.9159 AUPR=0.8801 F1=0.8082 ACC=0.8343
Epoch 063/120 | TrainLoss=0.3904 (Cls=0.3636, Cont=5.3507) | Val AUC=0.9157 AUPR=0.8795 F1=0.8077 ACC=0.8385
Epoch 064/120 | TrainLoss=0.3917 (Cls=0.3649, Cont=5.3458) | Val AUC=0.9162 AUPR=0.8798 F1=0.8075 ACC=0.8372
Epoch 065/120 | TrainLoss=0.3899 (Cls=0.3631, Cont=5.3479) | Val AUC=0.9166 AUPR=0.8804 F1=0.8060 ACC=0.8373
Epoch 066/120 | TrainLoss=0.3891 (Cls=0.3624, Cont=5.3399) | Val AUC=0.9165 AUPR=0.8806 F1=0.8053 ACC=0.8250
Epoch 067/120 | TrainLoss=0.3888 (Cls=0.3620, Cont=5.3489) | Val AUC=0.9167 AUPR=0.8812 F1=0.8075 ACC=0.8335
Epoch 068/120 | TrainLoss=0.3894 (Cls=0.3627, Cont=5.3508) | Val AUC=0.9167 AUPR=0.8814 F1=0.8080 ACC=0.8343
Epoch 069/120 | TrainLoss=0.3895 (Cls=0.3628, Cont=5.3458) | Val AUC=0.9168 AUPR=0.8820 F1=0.8085 ACC=0.8346
Epoch 070/120 | TrainLoss=0.3869 (Cls=0.3602, Cont=5.3382) | Val AUC=0.9168 AUPR=0.8819 F1=0.8083 ACC=0.8296
Epoch 071/120 | TrainLoss=0.3866 (Cls=0.3599, Cont=5.3343) | Val AUC=0.9166 AUPR=0.8815 F1=0.8087 ACC=0.8312
Epoch 072/120 | TrainLoss=0.3884 (Cls=0.3618, Cont=5.3325) | Val AUC=0.9168 AUPR=0.8817 F1=0.8080 ACC=0.8326
Epoch 073/120 | TrainLoss=0.3873 (Cls=0.3605, Cont=5.3543) | Val AUC=0.9172 AUPR=0.8824 F1=0.8088 ACC=0.8337
Epoch 074/120 | TrainLoss=0.3868 (Cls=0.3601, Cont=5.3377) | Val AUC=0.9175 AUPR=0.8830 F1=0.8101 ACC=0.8369
Epoch 075/120 | TrainLoss=0.3866 (Cls=0.3599, Cont=5.3516) | Val AUC=0.9177 AUPR=0.8833 F1=0.8096 ACC=0.8346
Epoch 076/120 | TrainLoss=0.3849 (Cls=0.3582, Cont=5.3413) | Val AUC=0.9177 AUPR=0.8836 F1=0.8106 ACC=0.8388
Epoch 077/120 | TrainLoss=0.3844 (Cls=0.3577, Cont=5.3396) | Val AUC=0.9173 AUPR=0.8831 F1=0.8095 ACC=0.8381
Epoch 078/120 | TrainLoss=0.3846 (Cls=0.3580, Cont=5.3365) | Val AUC=0.9168 AUPR=0.8823 F1=0.8093 ACC=0.8338
Epoch 079/120 | TrainLoss=0.3874 (Cls=0.3607, Cont=5.3526) | Val AUC=0.9170 AUPR=0.8823 F1=0.8097 ACC=0.8353
Epoch 080/120 | TrainLoss=0.3844 (Cls=0.3577, Cont=5.3412) | Val AUC=0.9177 AUPR=0.8832 F1=0.8111 ACC=0.8336
Epoch 081/120 | TrainLoss=0.3838 (Cls=0.3570, Cont=5.3542) | Val AUC=0.9180 AUPR=0.8836 F1=0.8101 ACC=0.8371
Epoch 082/120 | TrainLoss=0.3839 (Cls=0.3571, Cont=5.3528) | Val AUC=0.9176 AUPR=0.8831 F1=0.8099 ACC=0.8386
Epoch 083/120 | TrainLoss=0.3834 (Cls=0.3567, Cont=5.3459) | Val AUC=0.9177 AUPR=0.8830 F1=0.8108 ACC=0.8392
Epoch 084/120 | TrainLoss=0.3839 (Cls=0.3571, Cont=5.3474) | Val AUC=0.9180 AUPR=0.8834 F1=0.8115 ACC=0.8394
Epoch 085/120 | TrainLoss=0.3842 (Cls=0.3574, Cont=5.3502) | Val AUC=0.9180 AUPR=0.8836 F1=0.8097 ACC=0.8395
Epoch 086/120 | TrainLoss=0.3833 (Cls=0.3566, Cont=5.3415) | Val AUC=0.9182 AUPR=0.8842 F1=0.8106 ACC=0.8398
Epoch 087/120 | TrainLoss=0.3833 (Cls=0.3566, Cont=5.3416) | Val AUC=0.9184 AUPR=0.8848 F1=0.8108 ACC=0.8383
Epoch 088/120 | TrainLoss=0.3825 (Cls=0.3558, Cont=5.3460) | Val AUC=0.9184 AUPR=0.8851 F1=0.8107 ACC=0.8396
Epoch 089/120 | TrainLoss=0.3823 (Cls=0.3557, Cont=5.3218) | Val AUC=0.9180 AUPR=0.8847 F1=0.8095 ACC=0.8374
Epoch 090/120 | TrainLoss=0.3815 (Cls=0.3547, Cont=5.3487) | Val AUC=0.9177 AUPR=0.8841 F1=0.8106 ACC=0.8353
Epoch 091/120 | TrainLoss=0.3799 (Cls=0.3532, Cont=5.3336) | Val AUC=0.9177 AUPR=0.8840 F1=0.8091 ACC=0.8338
Epoch 092/120 | TrainLoss=0.3811 (Cls=0.3543, Cont=5.3529) | Val AUC=0.9180 AUPR=0.8844 F1=0.8094 ACC=0.8389
Epoch 093/120 | TrainLoss=0.3805 (Cls=0.3538, Cont=5.3456) | Val AUC=0.9187 AUPR=0.8855 F1=0.8093 ACC=0.8364
Epoch 094/120 | TrainLoss=0.3802 (Cls=0.3535, Cont=5.3385) | Val AUC=0.9190 AUPR=0.8858 F1=0.8102 ACC=0.8353
Epoch 095/120 | TrainLoss=0.3802 (Cls=0.3535, Cont=5.3414) | Val AUC=0.9189 AUPR=0.8858 F1=0.8115 ACC=0.8375
Epoch 096/120 | TrainLoss=0.3779 (Cls=0.3512, Cont=5.3408) | Val AUC=0.9187 AUPR=0.8856 F1=0.8121 ACC=0.8356
Epoch 097/120 | TrainLoss=0.3791 (Cls=0.3523, Cont=5.3490) | Val AUC=0.9187 AUPR=0.8858 F1=0.8115 ACC=0.8395
Epoch 098/120 | TrainLoss=0.3788 (Cls=0.3521, Cont=5.3399) | Val AUC=0.9192 AUPR=0.8866 F1=0.8113 ACC=0.8400
Epoch 099/120 | TrainLoss=0.3778 (Cls=0.3511, Cont=5.3449) | Val AUC=0.9194 AUPR=0.8868 F1=0.8102 ACC=0.8396
Epoch 100/120 | TrainLoss=0.3773 (Cls=0.3506, Cont=5.3410) | Val AUC=0.9200 AUPR=0.8880 F1=0.8118 ACC=0.8396
Epoch 101/120 | TrainLoss=0.3771 (Cls=0.3504, Cont=5.3441) | Val AUC=0.9203 AUPR=0.8889 F1=0.8124 ACC=0.8420
Epoch 102/120 | TrainLoss=0.3760 (Cls=0.3493, Cont=5.3329) | Val AUC=0.9203 AUPR=0.8890 F1=0.8118 ACC=0.8414
Epoch 103/120 | TrainLoss=0.3774 (Cls=0.3507, Cont=5.3394) | Val AUC=0.9202 AUPR=0.8887 F1=0.8123 ACC=0.8386
Epoch 104/120 | TrainLoss=0.3758 (Cls=0.3491, Cont=5.3351) | Val AUC=0.9202 AUPR=0.8886 F1=0.8130 ACC=0.8395
Epoch 105/120 | TrainLoss=0.3782 (Cls=0.3514, Cont=5.3441) | Val AUC=0.9203 AUPR=0.8887 F1=0.8132 ACC=0.8408
Epoch 106/120 | TrainLoss=0.3777 (Cls=0.3510, Cont=5.3433) | Val AUC=0.9208 AUPR=0.8895 F1=0.8135 ACC=0.8423
Epoch 107/120 | TrainLoss=0.3750 (Cls=0.3483, Cont=5.3450) | Val AUC=0.9208 AUPR=0.8894 F1=0.8142 ACC=0.8441
Epoch 108/120 | TrainLoss=0.3754 (Cls=0.3487, Cont=5.3442) | Val AUC=0.9203 AUPR=0.8888 F1=0.8152 ACC=0.8418
Epoch 109/120 | TrainLoss=0.3752 (Cls=0.3485, Cont=5.3363) | Val AUC=0.9212 AUPR=0.8902 F1=0.8153 ACC=0.8428
Epoch 110/120 | TrainLoss=0.3734 (Cls=0.3467, Cont=5.3361) | Val AUC=0.9212 AUPR=0.8902 F1=0.8144 ACC=0.8421
Epoch 111/120 | TrainLoss=0.3765 (Cls=0.3498, Cont=5.3314) | Val AUC=0.9210 AUPR=0.8901 F1=0.8136 ACC=0.8367
Epoch 112/120 | TrainLoss=0.3749 (Cls=0.3482, Cont=5.3372) | Val AUC=0.9213 AUPR=0.8907 F1=0.8145 ACC=0.8374
Epoch 113/120 | TrainLoss=0.3747 (Cls=0.3480, Cont=5.3422) | Val AUC=0.9218 AUPR=0.8912 F1=0.8125 ACC=0.8378
Epoch 114/120 | TrainLoss=0.3731 (Cls=0.3464, Cont=5.3385) | Val AUC=0.9219 AUPR=0.8912 F1=0.8130 ACC=0.8345
Epoch 115/120 | TrainLoss=0.3733 (Cls=0.3467, Cont=5.3232) | Val AUC=0.9222 AUPR=0.8915 F1=0.8158 ACC=0.8368
Epoch 116/120 | TrainLoss=0.3732 (Cls=0.3465, Cont=5.3422) | Val AUC=0.9220 AUPR=0.8912 F1=0.8169 ACC=0.8404
Epoch 117/120 | TrainLoss=0.3737 (Cls=0.3470, Cont=5.3368) | Val AUC=0.9216 AUPR=0.8909 F1=0.8136 ACC=0.8408
Epoch 118/120 | TrainLoss=0.3724 (Cls=0.3458, Cont=5.3318) | Val AUC=0.9223 AUPR=0.8919 F1=0.8144 ACC=0.8428
Epoch 119/120 | TrainLoss=0.3708 (Cls=0.3441, Cont=5.3381) | Val AUC=0.9225 AUPR=0.8918 F1=0.8143 ACC=0.8390
Epoch 120/120 | TrainLoss=0.3708 (Cls=0.3441, Cont=5.3411) | Val AUC=0.9225 AUPR=0.8918 F1=0.8147 ACC=0.8416
Fold 1 complete | Best Val AUC=0.9225 | Test AUC=0.9214 AUPR=0.8936 F1=0.8134 ACC=0.8423 | FoldTime=296.78s

================================================================================
Fold 2/5 (fold_id=2)
================================================================================
Epoch 001/120 | TrainLoss=0.7121 (Cls=0.7121, Cont=0.0000) | Val AUC=0.5865 AUPR=0.4846 F1=0.5806 ACC=0.4250
Epoch 002/120 | TrainLoss=0.6725 (Cls=0.6725, Cont=0.0000) | Val AUC=0.5784 AUPR=0.4767 F1=0.5826 ACC=0.4277
Epoch 003/120 | TrainLoss=0.6630 (Cls=0.6630, Cont=0.0000) | Val AUC=0.5798 AUPR=0.4804 F1=0.5816 ACC=0.4243
Epoch 004/120 | TrainLoss=0.6540 (Cls=0.6540, Cont=0.0000) | Val AUC=0.5796 AUPR=0.4787 F1=0.5821 ACC=0.4271
Epoch 005/120 | TrainLoss=0.6397 (Cls=0.6397, Cont=0.0000) | Val AUC=0.5824 AUPR=0.4800 F1=0.5824 ACC=0.4312
Epoch 006/120 | TrainLoss=0.6216 (Cls=0.6216, Cont=0.0000) | Val AUC=0.5844 AUPR=0.4811 F1=0.5850 ACC=0.4597
Epoch 007/120 | TrainLoss=0.6003 (Cls=0.6003, Cont=0.0000) | Val AUC=0.5861 AUPR=0.4825 F1=0.5853 ACC=0.4621
Epoch 008/120 | TrainLoss=0.5764 (Cls=0.5764, Cont=0.0000) | Val AUC=0.5877 AUPR=0.4834 F1=0.5863 ACC=0.4569
Epoch 009/120 | TrainLoss=0.5510 (Cls=0.5510, Cont=0.0000) | Val AUC=0.5892 AUPR=0.4842 F1=0.5867 ACC=0.4748
Epoch 010/120 | TrainLoss=0.5271 (Cls=0.5271, Cont=0.0000) | Val AUC=0.5882 AUPR=0.4823 F1=0.5867 ACC=0.4681
Epoch 011/120 | TrainLoss=0.5302 (Cls=0.4991, Cont=6.2209) | Val AUC=0.5905 AUPR=0.4844 F1=0.5880 ACC=0.4694
Epoch 012/120 | TrainLoss=0.5112 (Cls=0.4835, Cont=5.5334) | Val AUC=0.5852 AUPR=0.4801 F1=0.5868 ACC=0.4597
Epoch 013/120 | TrainLoss=0.5024 (Cls=0.4751, Cont=5.4577) | Val AUC=0.5842 AUPR=0.4760 F1=0.5855 ACC=0.4561
Epoch 014/120 | TrainLoss=0.5036 (Cls=0.4764, Cont=5.4416) | Val AUC=0.5909 AUPR=0.4828 F1=0.5868 ACC=0.4579
Epoch 015/120 | TrainLoss=0.5058 (Cls=0.4787, Cont=5.4285) | Val AUC=0.5875 AUPR=0.4757 F1=0.5832 ACC=0.4361
Epoch 016/120 | TrainLoss=0.5117 (Cls=0.4846, Cont=5.4295) | Val AUC=0.5938 AUPR=0.4796 F1=0.5844 ACC=0.4366
Epoch 017/120 | TrainLoss=0.4792 (Cls=0.4522, Cont=5.4159) | Val AUC=0.6049 AUPR=0.4916 F1=0.5862 ACC=0.4609
Epoch 018/120 | TrainLoss=0.4683 (Cls=0.4413, Cont=5.4079) | Val AUC=0.6108 AUPR=0.4980 F1=0.5869 ACC=0.4651
Epoch 019/120 | TrainLoss=0.4587 (Cls=0.4317, Cont=5.4045) | Val AUC=0.6113 AUPR=0.4986 F1=0.5870 ACC=0.4594
Epoch 020/120 | TrainLoss=0.4577 (Cls=0.4307, Cont=5.3947) | Val AUC=0.6137 AUPR=0.4994 F1=0.5870 ACC=0.4628
Epoch 021/120 | TrainLoss=0.4479 (Cls=0.4209, Cont=5.3962) | Val AUC=0.6260 AUPR=0.5144 F1=0.5873 ACC=0.4570
Epoch 022/120 | TrainLoss=0.4470 (Cls=0.4201, Cont=5.3862) | Val AUC=0.6427 AUPR=0.5292 F1=0.5935 ACC=0.5107
Epoch 023/120 | TrainLoss=0.4433 (Cls=0.4164, Cont=5.3810) | Val AUC=0.6553 AUPR=0.5457 F1=0.6005 ACC=0.5523
Epoch 024/120 | TrainLoss=0.4379 (Cls=0.4110, Cont=5.3799) | Val AUC=0.6619 AUPR=0.5657 F1=0.5997 ACC=0.5593
Epoch 025/120 | TrainLoss=0.4345 (Cls=0.4077, Cont=5.3500) | Val AUC=0.6778 AUPR=0.5935 F1=0.6070 ACC=0.5524
Epoch 026/120 | TrainLoss=0.4382 (Cls=0.4113, Cont=5.3788) | Val AUC=0.7095 AUPR=0.6315 F1=0.6229 ACC=0.6255
Epoch 027/120 | TrainLoss=0.4337 (Cls=0.4069, Cont=5.3664) | Val AUC=0.7253 AUPR=0.6503 F1=0.6385 ACC=0.6476
Epoch 028/120 | TrainLoss=0.4295 (Cls=0.4026, Cont=5.3749) | Val AUC=0.7647 AUPR=0.7023 F1=0.6582 ACC=0.6887
Epoch 029/120 | TrainLoss=0.4320 (Cls=0.4051, Cont=5.3863) | Val AUC=0.7914 AUPR=0.7337 F1=0.6790 ACC=0.7124
Epoch 030/120 | TrainLoss=0.4289 (Cls=0.4021, Cont=5.3696) | Val AUC=0.8082 AUPR=0.7518 F1=0.6914 ACC=0.7156
Epoch 031/120 | TrainLoss=0.4297 (Cls=0.4029, Cont=5.3599) | Val AUC=0.8418 AUPR=0.7835 F1=0.7270 ACC=0.7653
Epoch 032/120 | TrainLoss=0.4254 (Cls=0.3986, Cont=5.3665) | Val AUC=0.8565 AUPR=0.7969 F1=0.7445 ACC=0.7832
Epoch 033/120 | TrainLoss=0.4229 (Cls=0.3961, Cont=5.3594) | Val AUC=0.8632 AUPR=0.8078 F1=0.7482 ACC=0.7790
Epoch 034/120 | TrainLoss=0.4191 (Cls=0.3923, Cont=5.3604) | Val AUC=0.8599 AUPR=0.8046 F1=0.7440 ACC=0.7648
Epoch 035/120 | TrainLoss=0.4217 (Cls=0.3949, Cont=5.3666) | Val AUC=0.8744 AUPR=0.8232 F1=0.7632 ACC=0.7909
Epoch 036/120 | TrainLoss=0.4192 (Cls=0.3924, Cont=5.3560) | Val AUC=0.8840 AUPR=0.8361 F1=0.7746 ACC=0.8022
Epoch 037/120 | TrainLoss=0.4165 (Cls=0.3897, Cont=5.3698) | Val AUC=0.8844 AUPR=0.8387 F1=0.7712 ACC=0.7916
Epoch 038/120 | TrainLoss=0.4133 (Cls=0.3864, Cont=5.3675) | Val AUC=0.8854 AUPR=0.8388 F1=0.7737 ACC=0.8004
Epoch 039/120 | TrainLoss=0.4149 (Cls=0.3881, Cont=5.3558) | Val AUC=0.8884 AUPR=0.8430 F1=0.7754 ACC=0.8002
Epoch 040/120 | TrainLoss=0.4116 (Cls=0.3848, Cont=5.3667) | Val AUC=0.8948 AUPR=0.8535 F1=0.7825 ACC=0.8119
Epoch 041/120 | TrainLoss=0.4113 (Cls=0.3846, Cont=5.3557) | Val AUC=0.8962 AUPR=0.8558 F1=0.7838 ACC=0.8109
Epoch 042/120 | TrainLoss=0.4160 (Cls=0.3892, Cont=5.3557) | Val AUC=0.8971 AUPR=0.8575 F1=0.7856 ACC=0.8118
Epoch 043/120 | TrainLoss=0.4139 (Cls=0.3871, Cont=5.3694) | Val AUC=0.8964 AUPR=0.8565 F1=0.7841 ACC=0.8059
Epoch 044/120 | TrainLoss=0.4085 (Cls=0.3817, Cont=5.3705) | Val AUC=0.8934 AUPR=0.8497 F1=0.7790 ACC=0.7945
Epoch 045/120 | TrainLoss=0.4096 (Cls=0.3828, Cont=5.3471) | Val AUC=0.8958 AUPR=0.8526 F1=0.7823 ACC=0.8015
Epoch 046/120 | TrainLoss=0.4068 (Cls=0.3800, Cont=5.3524) | Val AUC=0.9029 AUPR=0.8637 F1=0.7896 ACC=0.8136
Epoch 047/120 | TrainLoss=0.4071 (Cls=0.3804, Cont=5.3493) | Val AUC=0.9062 AUPR=0.8689 F1=0.7948 ACC=0.8191
Epoch 048/120 | TrainLoss=0.4015 (Cls=0.3748, Cont=5.3555) | Val AUC=0.9059 AUPR=0.8686 F1=0.7945 ACC=0.8177
Epoch 049/120 | TrainLoss=0.4048 (Cls=0.3780, Cont=5.3645) | Val AUC=0.9053 AUPR=0.8684 F1=0.7924 ACC=0.8141
Epoch 050/120 | TrainLoss=0.4044 (Cls=0.3776, Cont=5.3465) | Val AUC=0.9053 AUPR=0.8697 F1=0.7907 ACC=0.8058
Epoch 051/120 | TrainLoss=0.4036 (Cls=0.3768, Cont=5.3551) | Val AUC=0.9056 AUPR=0.8708 F1=0.7911 ACC=0.8171
Epoch 052/120 | TrainLoss=0.3994 (Cls=0.3726, Cont=5.3606) | Val AUC=0.9065 AUPR=0.8719 F1=0.7936 ACC=0.8211
Epoch 053/120 | TrainLoss=0.3999 (Cls=0.3731, Cont=5.3619) | Val AUC=0.9078 AUPR=0.8726 F1=0.7957 ACC=0.8286
Epoch 054/120 | TrainLoss=0.4006 (Cls=0.3739, Cont=5.3489) | Val AUC=0.9093 AUPR=0.8739 F1=0.7963 ACC=0.8265
Epoch 055/120 | TrainLoss=0.3970 (Cls=0.3702, Cont=5.3569) | Val AUC=0.9093 AUPR=0.8738 F1=0.7975 ACC=0.8220
Epoch 056/120 | TrainLoss=0.4012 (Cls=0.3744, Cont=5.3470) | Val AUC=0.9093 AUPR=0.8737 F1=0.7964 ACC=0.8216
Epoch 057/120 | TrainLoss=0.3993 (Cls=0.3726, Cont=5.3458) | Val AUC=0.9095 AUPR=0.8743 F1=0.7965 ACC=0.8270
Epoch 058/120 | TrainLoss=0.3985 (Cls=0.3718, Cont=5.3380) | Val AUC=0.9099 AUPR=0.8751 F1=0.7969 ACC=0.8234
Epoch 059/120 | TrainLoss=0.3989 (Cls=0.3722, Cont=5.3470) | Val AUC=0.9101 AUPR=0.8750 F1=0.7977 ACC=0.8235
Epoch 060/120 | TrainLoss=0.3977 (Cls=0.3709, Cont=5.3461) | Val AUC=0.9105 AUPR=0.8751 F1=0.7991 ACC=0.8250
Epoch 061/120 | TrainLoss=0.3952 (Cls=0.3685, Cont=5.3476) | Val AUC=0.9106 AUPR=0.8754 F1=0.7993 ACC=0.8225
Epoch 062/120 | TrainLoss=0.3959 (Cls=0.3691, Cont=5.3602) | Val AUC=0.9108 AUPR=0.8763 F1=0.7999 ACC=0.8239
Epoch 063/120 | TrainLoss=0.3932 (Cls=0.3666, Cont=5.3339) | Val AUC=0.9110 AUPR=0.8770 F1=0.8006 ACC=0.8256
Epoch 064/120 | TrainLoss=0.3959 (Cls=0.3692, Cont=5.3504) | Val AUC=0.9112 AUPR=0.8773 F1=0.8004 ACC=0.8306
Epoch 065/120 | TrainLoss=0.3946 (Cls=0.3679, Cont=5.3410) | Val AUC=0.9118 AUPR=0.8781 F1=0.8000 ACC=0.8349
Epoch 066/120 | TrainLoss=0.3924 (Cls=0.3656, Cont=5.3577) | Val AUC=0.9120 AUPR=0.8788 F1=0.7999 ACC=0.8320
Epoch 067/120 | TrainLoss=0.3919 (Cls=0.3652, Cont=5.3386) | Val AUC=0.9122 AUPR=0.8793 F1=0.7994 ACC=0.8333
Epoch 068/120 | TrainLoss=0.3942 (Cls=0.3674, Cont=5.3477) | Val AUC=0.9126 AUPR=0.8798 F1=0.7992 ACC=0.8350
Epoch 069/120 | TrainLoss=0.3916 (Cls=0.3648, Cont=5.3514) | Val AUC=0.9128 AUPR=0.8799 F1=0.7993 ACC=0.8292
Epoch 070/120 | TrainLoss=0.3926 (Cls=0.3658, Cont=5.3502) | Val AUC=0.9127 AUPR=0.8799 F1=0.7997 ACC=0.8288
Epoch 071/120 | TrainLoss=0.3890 (Cls=0.3623, Cont=5.3437) | Val AUC=0.9121 AUPR=0.8791 F1=0.7995 ACC=0.8312
Epoch 072/120 | TrainLoss=0.3930 (Cls=0.3663, Cont=5.3511) | Val AUC=0.9117 AUPR=0.8784 F1=0.7992 ACC=0.8311
Epoch 073/120 | TrainLoss=0.3889 (Cls=0.3622, Cont=5.3381) | Val AUC=0.9115 AUPR=0.8780 F1=0.7985 ACC=0.8311
Epoch 074/120 | TrainLoss=0.3949 (Cls=0.3682, Cont=5.3471) | Val AUC=0.9111 AUPR=0.8775 F1=0.7991 ACC=0.8248
Epoch 075/120 | TrainLoss=0.3904 (Cls=0.3637, Cont=5.3433) | Val AUC=0.9107 AUPR=0.8769 F1=0.7978 ACC=0.8206
Epoch 076/120 | TrainLoss=0.3927 (Cls=0.3660, Cont=5.3436) | Val AUC=0.9120 AUPR=0.8787 F1=0.8003 ACC=0.8277
Epoch 077/120 | TrainLoss=0.3897 (Cls=0.3630, Cont=5.3453) | Val AUC=0.9122 AUPR=0.8794 F1=0.8016 ACC=0.8323
Epoch 078/120 | TrainLoss=0.3919 (Cls=0.3652, Cont=5.3382) | Val AUC=0.9124 AUPR=0.8799 F1=0.8010 ACC=0.8337
Epoch 079/120 | TrainLoss=0.3892 (Cls=0.3625, Cont=5.3434) | Val AUC=0.9120 AUPR=0.8792 F1=0.8008 ACC=0.8273
Epoch 080/120 | TrainLoss=0.3911 (Cls=0.3644, Cont=5.3479) | Val AUC=0.9121 AUPR=0.8788 F1=0.8005 ACC=0.8258
Epoch 081/120 | TrainLoss=0.3906 (Cls=0.3639, Cont=5.3373) | Val AUC=0.9130 AUPR=0.8795 F1=0.8039 ACC=0.8318
Epoch 082/120 | TrainLoss=0.3891 (Cls=0.3623, Cont=5.3519) | Val AUC=0.9133 AUPR=0.8799 F1=0.8008 ACC=0.8289
Epoch 083/120 | TrainLoss=0.3928 (Cls=0.3661, Cont=5.3371) | Val AUC=0.9130 AUPR=0.8799 F1=0.8015 ACC=0.8301
Epoch 084/120 | TrainLoss=0.3873 (Cls=0.3606, Cont=5.3380) | Val AUC=0.9121 AUPR=0.8789 F1=0.7993 ACC=0.8265
Epoch 085/120 | TrainLoss=0.3915 (Cls=0.3647, Cont=5.3514) | Val AUC=0.9128 AUPR=0.8800 F1=0.8006 ACC=0.8271
Epoch 086/120 | TrainLoss=0.3899 (Cls=0.3632, Cont=5.3482) | Val AUC=0.9137 AUPR=0.8812 F1=0.8019 ACC=0.8307
Epoch 087/120 | TrainLoss=0.3911 (Cls=0.3644, Cont=5.3418) | Val AUC=0.9136 AUPR=0.8811 F1=0.8016 ACC=0.8312
Epoch 088/120 | TrainLoss=0.3885 (Cls=0.3618, Cont=5.3532) | Val AUC=0.9137 AUPR=0.8811 F1=0.8022 ACC=0.8266
Epoch 089/120 | TrainLoss=0.3868 (Cls=0.3601, Cont=5.3515) | Val AUC=0.9136 AUPR=0.8807 F1=0.8025 ACC=0.8278
Epoch 090/120 | TrainLoss=0.3877 (Cls=0.3610, Cont=5.3508) | Val AUC=0.9138 AUPR=0.8808 F1=0.8021 ACC=0.8283
Epoch 091/120 | TrainLoss=0.3865 (Cls=0.3597, Cont=5.3574) | Val AUC=0.9144 AUPR=0.8816 F1=0.8027 ACC=0.8303
Epoch 092/120 | TrainLoss=0.3861 (Cls=0.3594, Cont=5.3290) | Val AUC=0.9146 AUPR=0.8824 F1=0.8041 ACC=0.8325
Epoch 093/120 | TrainLoss=0.3853 (Cls=0.3586, Cont=5.3444) | Val AUC=0.9141 AUPR=0.8822 F1=0.8021 ACC=0.8280
Epoch 094/120 | TrainLoss=0.3859 (Cls=0.3591, Cont=5.3541) | Val AUC=0.9133 AUPR=0.8816 F1=0.8019 ACC=0.8273
Epoch 095/120 | TrainLoss=0.3842 (Cls=0.3575, Cont=5.3418) | Val AUC=0.9127 AUPR=0.8806 F1=0.8022 ACC=0.8276
Epoch 096/120 | TrainLoss=0.3854 (Cls=0.3587, Cont=5.3327) | Val AUC=0.9127 AUPR=0.8802 F1=0.8023 ACC=0.8279
Epoch 097/120 | TrainLoss=0.3841 (Cls=0.3574, Cont=5.3322) | Val AUC=0.9132 AUPR=0.8806 F1=0.8026 ACC=0.8280
Epoch 098/120 | TrainLoss=0.3835 (Cls=0.3568, Cont=5.3475) | Val AUC=0.9136 AUPR=0.8811 F1=0.8036 ACC=0.8303
Epoch 099/120 | TrainLoss=0.3845 (Cls=0.3577, Cont=5.3550) | Val AUC=0.9141 AUPR=0.8820 F1=0.8026 ACC=0.8305
Epoch 100/120 | TrainLoss=0.3841 (Cls=0.3575, Cont=5.3236) | Val AUC=0.9144 AUPR=0.8822 F1=0.8042 ACC=0.8328
Epoch 101/120 | TrainLoss=0.3836 (Cls=0.3570, Cont=5.3303) | Val AUC=0.9150 AUPR=0.8829 F1=0.8067 ACC=0.8345
Epoch 102/120 | TrainLoss=0.3826 (Cls=0.3559, Cont=5.3488) | Val AUC=0.9155 AUPR=0.8838 F1=0.8076 ACC=0.8357
Epoch 103/120 | TrainLoss=0.3838 (Cls=0.3570, Cont=5.3523) | Val AUC=0.9156 AUPR=0.8842 F1=0.8061 ACC=0.8346
Epoch 104/120 | TrainLoss=0.3833 (Cls=0.3566, Cont=5.3429) | Val AUC=0.9156 AUPR=0.8842 F1=0.8046 ACC=0.8277
Epoch 105/120 | TrainLoss=0.3824 (Cls=0.3556, Cont=5.3435) | Val AUC=0.9154 AUPR=0.8836 F1=0.8042 ACC=0.8264
Epoch 106/120 | TrainLoss=0.3825 (Cls=0.3558, Cont=5.3415) | Val AUC=0.9154 AUPR=0.8833 F1=0.8045 ACC=0.8284
Epoch 107/120 | TrainLoss=0.3829 (Cls=0.3563, Cont=5.3369) | Val AUC=0.9155 AUPR=0.8835 F1=0.8044 ACC=0.8342
Epoch 108/120 | TrainLoss=0.3841 (Cls=0.3573, Cont=5.3443) | Val AUC=0.9156 AUPR=0.8841 F1=0.8048 ACC=0.8257
Epoch 109/120 | TrainLoss=0.3827 (Cls=0.3561, Cont=5.3284) | Val AUC=0.9154 AUPR=0.8838 F1=0.8047 ACC=0.8286
Epoch 110/120 | TrainLoss=0.3833 (Cls=0.3565, Cont=5.3519) | Val AUC=0.9153 AUPR=0.8832 F1=0.8046 ACC=0.8277
Epoch 111/120 | TrainLoss=0.3813 (Cls=0.3547, Cont=5.3237) | Val AUC=0.9150 AUPR=0.8831 F1=0.8045 ACC=0.8291
Epoch 112/120 | TrainLoss=0.3823 (Cls=0.3556, Cont=5.3537) | Val AUC=0.9150 AUPR=0.8836 F1=0.8045 ACC=0.8288
Epoch 113/120 | TrainLoss=0.3808 (Cls=0.3541, Cont=5.3374) | Val AUC=0.9149 AUPR=0.8834 F1=0.8032 ACC=0.8284
Epoch 114/120 | TrainLoss=0.3817 (Cls=0.3549, Cont=5.3484) | Val AUC=0.9153 AUPR=0.8834 F1=0.8042 ACC=0.8303
Epoch 115/120 | TrainLoss=0.3812 (Cls=0.3546, Cont=5.3254) | Val AUC=0.9153 AUPR=0.8831 F1=0.8059 ACC=0.8348
Epoch 116/120 | TrainLoss=0.3805 (Cls=0.3538, Cont=5.3517) | Val AUC=0.9155 AUPR=0.8832 F1=0.8056 ACC=0.8336
Epoch 117/120 | TrainLoss=0.3799 (Cls=0.3532, Cont=5.3380) | Val AUC=0.9158 AUPR=0.8837 F1=0.8056 ACC=0.8310
Epoch 118/120 | TrainLoss=0.3796 (Cls=0.3529, Cont=5.3390) | Val AUC=0.9159 AUPR=0.8843 F1=0.8044 ACC=0.8299
Epoch 119/120 | TrainLoss=0.3800 (Cls=0.3533, Cont=5.3442) | Val AUC=0.9163 AUPR=0.8852 F1=0.8049 ACC=0.8295
Epoch 120/120 | TrainLoss=0.3796 (Cls=0.3528, Cont=5.3527) | Val AUC=0.9165 AUPR=0.8858 F1=0.8060 ACC=0.8347
Fold 2 complete | Best Val AUC=0.9165 | Test AUC=0.9177 AUPR=0.8851 F1=0.8062 ACC=0.8330 | FoldTime=293.51s

================================================================================
Fold 3/5 (fold_id=3)
================================================================================
Epoch 001/120 | TrainLoss=0.6892 (Cls=0.6892, Cont=0.0000) | Val AUC=0.5669 AUPR=0.4685 F1=0.5794 ACC=0.4126
Epoch 002/120 | TrainLoss=0.6843 (Cls=0.6843, Cont=0.0000) | Val AUC=0.5667 AUPR=0.4633 F1=0.5793 ACC=0.4105
Epoch 003/120 | TrainLoss=0.6669 (Cls=0.6669, Cont=0.0000) | Val AUC=0.5719 AUPR=0.4640 F1=0.5796 ACC=0.4137
Epoch 004/120 | TrainLoss=0.6608 (Cls=0.6608, Cont=0.0000) | Val AUC=0.5790 AUPR=0.4703 F1=0.5795 ACC=0.4094
Epoch 005/120 | TrainLoss=0.6449 (Cls=0.6449, Cont=0.0000) | Val AUC=0.5792 AUPR=0.4699 F1=0.5798 ACC=0.4107
Epoch 006/120 | TrainLoss=0.6278 (Cls=0.6278, Cont=0.0000) | Val AUC=0.5802 AUPR=0.4719 F1=0.5799 ACC=0.4109
Epoch 007/120 | TrainLoss=0.6009 (Cls=0.6009, Cont=0.0000) | Val AUC=0.5812 AUPR=0.4726 F1=0.5812 ACC=0.4525
Epoch 008/120 | TrainLoss=0.5802 (Cls=0.5802, Cont=0.0000) | Val AUC=0.5830 AUPR=0.4747 F1=0.5832 ACC=0.4613
Epoch 009/120 | TrainLoss=0.5571 (Cls=0.5571, Cont=0.0000) | Val AUC=0.5847 AUPR=0.4765 F1=0.5829 ACC=0.4455
Epoch 010/120 | TrainLoss=0.5247 (Cls=0.5247, Cont=0.0000) | Val AUC=0.5860 AUPR=0.4785 F1=0.5837 ACC=0.4611
Epoch 011/120 | TrainLoss=0.5282 (Cls=0.4973, Cont=6.1790) | Val AUC=0.5873 AUPR=0.4807 F1=0.5843 ACC=0.4486
Epoch 012/120 | TrainLoss=0.5108 (Cls=0.4830, Cont=5.5631) | Val AUC=0.5901 AUPR=0.4840 F1=0.5852 ACC=0.4502
Epoch 013/120 | TrainLoss=0.4994 (Cls=0.4720, Cont=5.4718) | Val AUC=0.5955 AUPR=0.4900 F1=0.5854 ACC=0.4584
Epoch 014/120 | TrainLoss=0.4940 (Cls=0.4668, Cont=5.4457) | Val AUC=0.5959 AUPR=0.4925 F1=0.5871 ACC=0.4515
Epoch 015/120 | TrainLoss=0.4818 (Cls=0.4546, Cont=5.4353) | Val AUC=0.5974 AUPR=0.4973 F1=0.5863 ACC=0.4508
Epoch 016/120 | TrainLoss=0.4655 (Cls=0.4384, Cont=5.4252) | Val AUC=0.6028 AUPR=0.5057 F1=0.5868 ACC=0.4647
Epoch 017/120 | TrainLoss=0.4567 (Cls=0.4296, Cont=5.4208) | Val AUC=0.6111 AUPR=0.5164 F1=0.5873 ACC=0.4679
Epoch 018/120 | TrainLoss=0.4514 (Cls=0.4243, Cont=5.4127) | Val AUC=0.6188 AUPR=0.5250 F1=0.5849 ACC=0.4769
Epoch 019/120 | TrainLoss=0.4494 (Cls=0.4224, Cont=5.4056) | Val AUC=0.6264 AUPR=0.5285 F1=0.5890 ACC=0.4672
Epoch 020/120 | TrainLoss=0.4437 (Cls=0.4167, Cont=5.3980) | Val AUC=0.6291 AUPR=0.5255 F1=0.5933 ACC=0.4927
Epoch 021/120 | TrainLoss=0.4423 (Cls=0.4154, Cont=5.3892) | Val AUC=0.6400 AUPR=0.5350 F1=0.5976 ACC=0.5133
Epoch 022/120 | TrainLoss=0.4375 (Cls=0.4106, Cont=5.3768) | Val AUC=0.6473 AUPR=0.5494 F1=0.5973 ACC=0.5082
Epoch 023/120 | TrainLoss=0.4365 (Cls=0.4096, Cont=5.3759) | Val AUC=0.6534 AUPR=0.5601 F1=0.5947 ACC=0.4863
Epoch 024/120 | TrainLoss=0.4315 (Cls=0.4046, Cont=5.3791) | Val AUC=0.6615 AUPR=0.5705 F1=0.5969 ACC=0.5443
Epoch 025/120 | TrainLoss=0.4309 (Cls=0.4041, Cont=5.3649) | Val AUC=0.6736 AUPR=0.5860 F1=0.6059 ACC=0.5770
Epoch 026/120 | TrainLoss=0.4306 (Cls=0.4037, Cont=5.3738) | Val AUC=0.6938 AUPR=0.6124 F1=0.6171 ACC=0.5883
Epoch 027/120 | TrainLoss=0.4263 (Cls=0.3995, Cont=5.3793) | Val AUC=0.7140 AUPR=0.6448 F1=0.6280 ACC=0.6063
Epoch 028/120 | TrainLoss=0.4240 (Cls=0.3972, Cont=5.3603) | Val AUC=0.7403 AUPR=0.6803 F1=0.6436 ACC=0.6605
Epoch 029/120 | TrainLoss=0.4217 (Cls=0.3948, Cont=5.3942) | Val AUC=0.7661 AUPR=0.7066 F1=0.6616 ACC=0.6841
Epoch 030/120 | TrainLoss=0.4229 (Cls=0.3961, Cont=5.3720) | Val AUC=0.7842 AUPR=0.7251 F1=0.6777 ACC=0.6988
Epoch 031/120 | TrainLoss=0.4202 (Cls=0.3933, Cont=5.3667) | Val AUC=0.8218 AUPR=0.7673 F1=0.7144 ACC=0.7368
Epoch 032/120 | TrainLoss=0.4180 (Cls=0.3912, Cont=5.3537) | Val AUC=0.8466 AUPR=0.7951 F1=0.7324 ACC=0.7654
Epoch 033/120 | TrainLoss=0.4215 (Cls=0.3946, Cont=5.3742) | Val AUC=0.8550 AUPR=0.8032 F1=0.7394 ACC=0.7643
Epoch 034/120 | TrainLoss=0.4141 (Cls=0.3873, Cont=5.3691) | Val AUC=0.8606 AUPR=0.8113 F1=0.7440 ACC=0.7644
Epoch 035/120 | TrainLoss=0.4129 (Cls=0.3861, Cont=5.3579) | Val AUC=0.8748 AUPR=0.8283 F1=0.7580 ACC=0.7843
Epoch 036/120 | TrainLoss=0.4115 (Cls=0.3848, Cont=5.3564) | Val AUC=0.8828 AUPR=0.8378 F1=0.7675 ACC=0.7976
Epoch 037/120 | TrainLoss=0.4139 (Cls=0.3871, Cont=5.3582) | Val AUC=0.8834 AUPR=0.8391 F1=0.7683 ACC=0.7958
Epoch 038/120 | TrainLoss=0.4099 (Cls=0.3831, Cont=5.3571) | Val AUC=0.8849 AUPR=0.8426 F1=0.7689 ACC=0.7989
Epoch 039/120 | TrainLoss=0.4098 (Cls=0.3830, Cont=5.3637) | Val AUC=0.8922 AUPR=0.8525 F1=0.7788 ACC=0.8061
Epoch 040/120 | TrainLoss=0.4085 (Cls=0.3816, Cont=5.3658) | Val AUC=0.9003 AUPR=0.8606 F1=0.7883 ACC=0.8195
Epoch 041/120 | TrainLoss=0.4095 (Cls=0.3828, Cont=5.3490) | Val AUC=0.9038 AUPR=0.8642 F1=0.7929 ACC=0.8156
Epoch 042/120 | TrainLoss=0.4082 (Cls=0.3814, Cont=5.3635) | Val AUC=0.9063 AUPR=0.8687 F1=0.7945 ACC=0.8232
Epoch 043/120 | TrainLoss=0.4046 (Cls=0.3778, Cont=5.3540) | Val AUC=0.9060 AUPR=0.8682 F1=0.7962 ACC=0.8233
Epoch 044/120 | TrainLoss=0.4021 (Cls=0.3753, Cont=5.3526) | Val AUC=0.9052 AUPR=0.8666 F1=0.7936 ACC=0.8207
Epoch 045/120 | TrainLoss=0.4049 (Cls=0.3782, Cont=5.3439) | Val AUC=0.9084 AUPR=0.8713 F1=0.7966 ACC=0.8232
Epoch 046/120 | TrainLoss=0.4012 (Cls=0.3744, Cont=5.3626) | Val AUC=0.9094 AUPR=0.8732 F1=0.7985 ACC=0.8238
Epoch 047/120 | TrainLoss=0.4030 (Cls=0.3763, Cont=5.3577) | Val AUC=0.9104 AUPR=0.8743 F1=0.8000 ACC=0.8303
Epoch 048/120 | TrainLoss=0.4015 (Cls=0.3747, Cont=5.3601) | Val AUC=0.9111 AUPR=0.8753 F1=0.8019 ACC=0.8321
Epoch 049/120 | TrainLoss=0.3986 (Cls=0.3718, Cont=5.3562) | Val AUC=0.9109 AUPR=0.8752 F1=0.8005 ACC=0.8298
Epoch 050/120 | TrainLoss=0.3973 (Cls=0.3706, Cont=5.3469) | Val AUC=0.9111 AUPR=0.8755 F1=0.8008 ACC=0.8266
Epoch 051/120 | TrainLoss=0.3994 (Cls=0.3727, Cont=5.3433) | Val AUC=0.9114 AUPR=0.8763 F1=0.8005 ACC=0.8276
Epoch 052/120 | TrainLoss=0.3983 (Cls=0.3715, Cont=5.3574) | Val AUC=0.9120 AUPR=0.8773 F1=0.8013 ACC=0.8300
Epoch 053/120 | TrainLoss=0.3983 (Cls=0.3716, Cont=5.3396) | Val AUC=0.9134 AUPR=0.8788 F1=0.8069 ACC=0.8333
Epoch 054/120 | TrainLoss=0.3953 (Cls=0.3685, Cont=5.3547) | Val AUC=0.9142 AUPR=0.8793 F1=0.8062 ACC=0.8292
Epoch 055/120 | TrainLoss=0.3959 (Cls=0.3692, Cont=5.3515) | Val AUC=0.9139 AUPR=0.8787 F1=0.8054 ACC=0.8330
Epoch 056/120 | TrainLoss=0.3955 (Cls=0.3687, Cont=5.3619) | Val AUC=0.9109 AUPR=0.8754 F1=0.8009 ACC=0.8281
Epoch 057/120 | TrainLoss=0.3970 (Cls=0.3702, Cont=5.3563) | Val AUC=0.9118 AUPR=0.8766 F1=0.8010 ACC=0.8264
Epoch 058/120 | TrainLoss=0.3980 (Cls=0.3712, Cont=5.3603) | Val AUC=0.9104 AUPR=0.8751 F1=0.8020 ACC=0.8279
Epoch 059/120 | TrainLoss=0.3968 (Cls=0.3701, Cont=5.3430) | Val AUC=0.9128 AUPR=0.8781 F1=0.8048 ACC=0.8310
Epoch 060/120 | TrainLoss=0.3917 (Cls=0.3649, Cont=5.3601) | Val AUC=0.9139 AUPR=0.8792 F1=0.8060 ACC=0.8280
Epoch 061/120 | TrainLoss=0.3995 (Cls=0.3728, Cont=5.3434) | Val AUC=0.9131 AUPR=0.8776 F1=0.8060 ACC=0.8362
Epoch 062/120 | TrainLoss=0.3929 (Cls=0.3662, Cont=5.3375) | Val AUC=0.9120 AUPR=0.8765 F1=0.8046 ACC=0.8313
Epoch 063/120 | TrainLoss=0.4000 (Cls=0.3732, Cont=5.3488) | Val AUC=0.9135 AUPR=0.8791 F1=0.8054 ACC=0.8332
Epoch 064/120 | TrainLoss=0.3913 (Cls=0.3645, Cont=5.3503) | Val AUC=0.9149 AUPR=0.8815 F1=0.8060 ACC=0.8362
Epoch 065/120 | TrainLoss=0.3955 (Cls=0.3688, Cont=5.3466) | Val AUC=0.9152 AUPR=0.8818 F1=0.8061 ACC=0.8299
Epoch 066/120 | TrainLoss=0.3960 (Cls=0.3692, Cont=5.3523) | Val AUC=0.9141 AUPR=0.8801 F1=0.8047 ACC=0.8321
Epoch 067/120 | TrainLoss=0.3906 (Cls=0.3639, Cont=5.3414) | Val AUC=0.9128 AUPR=0.8785 F1=0.8040 ACC=0.8262
Epoch 068/120 | TrainLoss=0.3956 (Cls=0.3689, Cont=5.3474) | Val AUC=0.9139 AUPR=0.8794 F1=0.8054 ACC=0.8312
Epoch 069/120 | TrainLoss=0.3915 (Cls=0.3648, Cont=5.3409) | Val AUC=0.9156 AUPR=0.8815 F1=0.8070 ACC=0.8338
Epoch 070/120 | TrainLoss=0.3925 (Cls=0.3658, Cont=5.3504) | Val AUC=0.9160 AUPR=0.8819 F1=0.8079 ACC=0.8357
Epoch 071/120 | TrainLoss=0.3890 (Cls=0.3622, Cont=5.3552) | Val AUC=0.9154 AUPR=0.8807 F1=0.8067 ACC=0.8311
Epoch 072/120 | TrainLoss=0.3908 (Cls=0.3641, Cont=5.3499) | Val AUC=0.9156 AUPR=0.8807 F1=0.8070 ACC=0.8285
Epoch 073/120 | TrainLoss=0.3912 (Cls=0.3645, Cont=5.3387) | Val AUC=0.9165 AUPR=0.8816 F1=0.8079 ACC=0.8310
Epoch 074/120 | TrainLoss=0.3864 (Cls=0.3597, Cont=5.3412) | Val AUC=0.9167 AUPR=0.8816 F1=0.8085 ACC=0.8404
Epoch 075/120 | TrainLoss=0.3894 (Cls=0.3627, Cont=5.3322) | Val AUC=0.9164 AUPR=0.8808 F1=0.8092 ACC=0.8375
Epoch 076/120 | TrainLoss=0.3884 (Cls=0.3617, Cont=5.3326) | Val AUC=0.9157 AUPR=0.8799 F1=0.8088 ACC=0.8349
Epoch 077/120 | TrainLoss=0.3876 (Cls=0.3608, Cont=5.3462) | Val AUC=0.9156 AUPR=0.8802 F1=0.8071 ACC=0.8350
Epoch 078/120 | TrainLoss=0.3899 (Cls=0.3631, Cont=5.3499) | Val AUC=0.9165 AUPR=0.8818 F1=0.8080 ACC=0.8353
Epoch 079/120 | TrainLoss=0.3860 (Cls=0.3593, Cont=5.3498) | Val AUC=0.9172 AUPR=0.8831 F1=0.8084 ACC=0.8322
Epoch 080/120 | TrainLoss=0.3863 (Cls=0.3596, Cont=5.3318) | Val AUC=0.9173 AUPR=0.8835 F1=0.8087 ACC=0.8325
Epoch 081/120 | TrainLoss=0.3862 (Cls=0.3595, Cont=5.3370) | Val AUC=0.9171 AUPR=0.8833 F1=0.8096 ACC=0.8335
Epoch 082/120 | TrainLoss=0.3853 (Cls=0.3585, Cont=5.3559) | Val AUC=0.9174 AUPR=0.8836 F1=0.8098 ACC=0.8375
Epoch 083/120 | TrainLoss=0.3852 (Cls=0.3585, Cont=5.3520) | Val AUC=0.9175 AUPR=0.8832 F1=0.8113 ACC=0.8394
Epoch 084/120 | TrainLoss=0.3841 (Cls=0.3574, Cont=5.3444) | Val AUC=0.9170 AUPR=0.8822 F1=0.8104 ACC=0.8401
Epoch 085/120 | TrainLoss=0.3846 (Cls=0.3579, Cont=5.3382) | Val AUC=0.9172 AUPR=0.8826 F1=0.8109 ACC=0.8401
Epoch 086/120 | TrainLoss=0.3841 (Cls=0.3574, Cont=5.3411) | Val AUC=0.9176 AUPR=0.8833 F1=0.8115 ACC=0.8389
Epoch 087/120 | TrainLoss=0.3832 (Cls=0.3564, Cont=5.3517) | Val AUC=0.9174 AUPR=0.8834 F1=0.8109 ACC=0.8383
Epoch 088/120 | TrainLoss=0.3828 (Cls=0.3561, Cont=5.3257) | Val AUC=0.9174 AUPR=0.8835 F1=0.8118 ACC=0.8392
Epoch 089/120 | TrainLoss=0.3827 (Cls=0.3560, Cont=5.3318) | Val AUC=0.9174 AUPR=0.8836 F1=0.8113 ACC=0.8373
Epoch 090/120 | TrainLoss=0.3823 (Cls=0.3556, Cont=5.3535) | Val AUC=0.9178 AUPR=0.8842 F1=0.8120 ACC=0.8392
Epoch 091/120 | TrainLoss=0.3821 (Cls=0.3554, Cont=5.3379) | Val AUC=0.9181 AUPR=0.8846 F1=0.8109 ACC=0.8385
Epoch 092/120 | TrainLoss=0.3812 (Cls=0.3545, Cont=5.3416) | Val AUC=0.9184 AUPR=0.8850 F1=0.8131 ACC=0.8377
Epoch 093/120 | TrainLoss=0.3803 (Cls=0.3536, Cont=5.3386) | Val AUC=0.9187 AUPR=0.8854 F1=0.8131 ACC=0.8386
Epoch 094/120 | TrainLoss=0.3808 (Cls=0.3542, Cont=5.3204) | Val AUC=0.9191 AUPR=0.8860 F1=0.8126 ACC=0.8403
Epoch 095/120 | TrainLoss=0.3802 (Cls=0.3535, Cont=5.3430) | Val AUC=0.9192 AUPR=0.8864 F1=0.8120 ACC=0.8383
Epoch 096/120 | TrainLoss=0.3801 (Cls=0.3533, Cont=5.3520) | Val AUC=0.9191 AUPR=0.8863 F1=0.8123 ACC=0.8383
Epoch 097/120 | TrainLoss=0.3789 (Cls=0.3521, Cont=5.3438) | Val AUC=0.9187 AUPR=0.8857 F1=0.8126 ACC=0.8374
Epoch 098/120 | TrainLoss=0.3785 (Cls=0.3517, Cont=5.3519) | Val AUC=0.9183 AUPR=0.8850 F1=0.8120 ACC=0.8363
Epoch 099/120 | TrainLoss=0.3795 (Cls=0.3527, Cont=5.3478) | Val AUC=0.9189 AUPR=0.8855 F1=0.8120 ACC=0.8390
Epoch 100/120 | TrainLoss=0.3785 (Cls=0.3518, Cont=5.3339) | Val AUC=0.9190 AUPR=0.8853 F1=0.8126 ACC=0.8348
Epoch 101/120 | TrainLoss=0.3787 (Cls=0.3520, Cont=5.3477) | Val AUC=0.9192 AUPR=0.8854 F1=0.8125 ACC=0.8392
Epoch 102/120 | TrainLoss=0.3772 (Cls=0.3506, Cont=5.3264) | Val AUC=0.9196 AUPR=0.8861 F1=0.8133 ACC=0.8416
Epoch 103/120 | TrainLoss=0.3779 (Cls=0.3511, Cont=5.3445) | Val AUC=0.9198 AUPR=0.8866 F1=0.8135 ACC=0.8412
Epoch 104/120 | TrainLoss=0.3762 (Cls=0.3495, Cont=5.3375) | Val AUC=0.9195 AUPR=0.8863 F1=0.8129 ACC=0.8402
Epoch 105/120 | TrainLoss=0.3770 (Cls=0.3503, Cont=5.3365) | Val AUC=0.9194 AUPR=0.8865 F1=0.8130 ACC=0.8417
Epoch 106/120 | TrainLoss=0.3772 (Cls=0.3505, Cont=5.3269) | Val AUC=0.9196 AUPR=0.8868 F1=0.8130 ACC=0.8428
Epoch 107/120 | TrainLoss=0.3768 (Cls=0.3501, Cont=5.3465) | Val AUC=0.9199 AUPR=0.8870 F1=0.8123 ACC=0.8413
Epoch 108/120 | TrainLoss=0.3757 (Cls=0.3490, Cont=5.3459) | Val AUC=0.9203 AUPR=0.8875 F1=0.8129 ACC=0.8401
Epoch 109/120 | TrainLoss=0.3757 (Cls=0.3490, Cont=5.3353) | Val AUC=0.9205 AUPR=0.8876 F1=0.8139 ACC=0.8408
Epoch 110/120 | TrainLoss=0.3755 (Cls=0.3488, Cont=5.3377) | Val AUC=0.9207 AUPR=0.8879 F1=0.8146 ACC=0.8423
Epoch 111/120 | TrainLoss=0.3751 (Cls=0.3484, Cont=5.3312) | Val AUC=0.9208 AUPR=0.8883 F1=0.8140 ACC=0.8415
Epoch 112/120 | TrainLoss=0.3751 (Cls=0.3484, Cont=5.3337) | Val AUC=0.9206 AUPR=0.8880 F1=0.8161 ACC=0.8428
Epoch 113/120 | TrainLoss=0.3735 (Cls=0.3469, Cont=5.3359) | Val AUC=0.9201 AUPR=0.8875 F1=0.8169 ACC=0.8434
Epoch 114/120 | TrainLoss=0.3750 (Cls=0.3483, Cont=5.3360) | Val AUC=0.9211 AUPR=0.8891 F1=0.8164 ACC=0.8416
Epoch 115/120 | TrainLoss=0.3750 (Cls=0.3483, Cont=5.3388) | Val AUC=0.9217 AUPR=0.8898 F1=0.8183 ACC=0.8448
Epoch 116/120 | TrainLoss=0.3730 (Cls=0.3464, Cont=5.3216) | Val AUC=0.9216 AUPR=0.8896 F1=0.8192 ACC=0.8466
Epoch 117/120 | TrainLoss=0.3726 (Cls=0.3459, Cont=5.3397) | Val AUC=0.9214 AUPR=0.8894 F1=0.8186 ACC=0.8425
Epoch 118/120 | TrainLoss=0.3725 (Cls=0.3457, Cont=5.3433) | Val AUC=0.9216 AUPR=0.8898 F1=0.8187 ACC=0.8448
Epoch 119/120 | TrainLoss=0.3727 (Cls=0.3460, Cont=5.3486) | Val AUC=0.9218 AUPR=0.8899 F1=0.8179 ACC=0.8446
Epoch 120/120 | TrainLoss=0.3705 (Cls=0.3439, Cont=5.3294) | Val AUC=0.9219 AUPR=0.8898 F1=0.8179 ACC=0.8442
Fold 3 complete | Best Val AUC=0.9219 | Test AUC=0.9196 AUPR=0.8871 F1=0.8070 ACC=0.8358 | FoldTime=293.16s

================================================================================
Fold 4/5 (fold_id=4)
================================================================================
Epoch 001/120 | TrainLoss=0.7057 (Cls=0.7057, Cont=0.0000) | Val AUC=0.5338 AUPR=0.4465 F1=0.5776 ACC=0.4062
Epoch 002/120 | TrainLoss=0.6743 (Cls=0.6743, Cont=0.0000) | Val AUC=0.5556 AUPR=0.4595 F1=0.5779 ACC=0.4068
Epoch 003/120 | TrainLoss=0.6674 (Cls=0.6674, Cont=0.0000) | Val AUC=0.5628 AUPR=0.4607 F1=0.5786 ACC=0.4199
Epoch 004/120 | TrainLoss=0.6582 (Cls=0.6582, Cont=0.0000) | Val AUC=0.5693 AUPR=0.4644 F1=0.5790 ACC=0.4158
Epoch 005/120 | TrainLoss=0.6478 (Cls=0.6478, Cont=0.0000) | Val AUC=0.5770 AUPR=0.4689 F1=0.5788 ACC=0.4114
Epoch 006/120 | TrainLoss=0.6335 (Cls=0.6335, Cont=0.0000) | Val AUC=0.5769 AUPR=0.4688 F1=0.5793 ACC=0.4129
Epoch 007/120 | TrainLoss=0.6143 (Cls=0.6143, Cont=0.0000) | Val AUC=0.5766 AUPR=0.4683 F1=0.5801 ACC=0.4166
Epoch 008/120 | TrainLoss=0.5922 (Cls=0.5922, Cont=0.0000) | Val AUC=0.5783 AUPR=0.4688 F1=0.5810 ACC=0.4499
Epoch 009/120 | TrainLoss=0.5694 (Cls=0.5694, Cont=0.0000) | Val AUC=0.5821 AUPR=0.4721 F1=0.5816 ACC=0.4437
Epoch 010/120 | TrainLoss=0.5507 (Cls=0.5507, Cont=0.0000) | Val AUC=0.5836 AUPR=0.4755 F1=0.5833 ACC=0.4501
Epoch 011/120 | TrainLoss=0.5700 (Cls=0.5380, Cont=6.3995) | Val AUC=0.5801 AUPR=0.4724 F1=0.5836 ACC=0.4526
Epoch 012/120 | TrainLoss=0.5420 (Cls=0.5142, Cont=5.5586) | Val AUC=0.5773 AUPR=0.4709 F1=0.5839 ACC=0.4501
Epoch 013/120 | TrainLoss=0.5183 (Cls=0.4910, Cont=5.4582) | Val AUC=0.5763 AUPR=0.4715 F1=0.5838 ACC=0.4396
Epoch 014/120 | TrainLoss=0.4994 (Cls=0.4722, Cont=5.4392) | Val AUC=0.5754 AUPR=0.4721 F1=0.5835 ACC=0.4409
Epoch 015/120 | TrainLoss=0.4838 (Cls=0.4566, Cont=5.4342) | Val AUC=0.5842 AUPR=0.4875 F1=0.5834 ACC=0.4391
Epoch 016/120 | TrainLoss=0.4788 (Cls=0.4516, Cont=5.4336) | Val AUC=0.6053 AUPR=0.5110 F1=0.5855 ACC=0.4535
Epoch 017/120 | TrainLoss=0.4968 (Cls=0.4697, Cont=5.4242) | Val AUC=0.6062 AUPR=0.5051 F1=0.5835 ACC=0.4396
Epoch 018/120 | TrainLoss=0.5012 (Cls=0.4741, Cont=5.4250) | Val AUC=0.6180 AUPR=0.5305 F1=0.5850 ACC=0.4498
Epoch 019/120 | TrainLoss=0.4707 (Cls=0.4437, Cont=5.4094) | Val AUC=0.6258 AUPR=0.5314 F1=0.5876 ACC=0.4591
Epoch 020/120 | TrainLoss=0.4741 (Cls=0.4472, Cont=5.3905) | Val AUC=0.6370 AUPR=0.5388 F1=0.5892 ACC=0.4596
Epoch 021/120 | TrainLoss=0.4599 (Cls=0.4329, Cont=5.3942) | Val AUC=0.6469 AUPR=0.5445 F1=0.5908 ACC=0.4588
Epoch 022/120 | TrainLoss=0.4602 (Cls=0.4332, Cont=5.3892) | Val AUC=0.6566 AUPR=0.5602 F1=0.5929 ACC=0.5133
Epoch 023/120 | TrainLoss=0.4504 (Cls=0.4235, Cont=5.3803) | Val AUC=0.6650 AUPR=0.5756 F1=0.5940 ACC=0.5211
Epoch 024/120 | TrainLoss=0.4537 (Cls=0.4268, Cont=5.3725) | Val AUC=0.6907 AUPR=0.5931 F1=0.6115 ACC=0.5990
Epoch 025/120 | TrainLoss=0.4434 (Cls=0.4165, Cont=5.3767) | Val AUC=0.7210 AUPR=0.6210 F1=0.6323 ACC=0.6354
Epoch 026/120 | TrainLoss=0.4409 (Cls=0.4140, Cont=5.3894) | Val AUC=0.7405 AUPR=0.6508 F1=0.6458 ACC=0.6736
Epoch 027/120 | TrainLoss=0.4369 (Cls=0.4101, Cont=5.3677) | Val AUC=0.7594 AUPR=0.6740 F1=0.6592 ACC=0.6812
Epoch 028/120 | TrainLoss=0.4289 (Cls=0.4021, Cont=5.3611) | Val AUC=0.7754 AUPR=0.6903 F1=0.6694 ACC=0.6933
Epoch 029/120 | TrainLoss=0.4294 (Cls=0.4026, Cont=5.3667) | Val AUC=0.7979 AUPR=0.7174 F1=0.6937 ACC=0.7162
Epoch 030/120 | TrainLoss=0.4244 (Cls=0.3975, Cont=5.3720) | Val AUC=0.8230 AUPR=0.7556 F1=0.7116 ACC=0.7452
Epoch 031/120 | TrainLoss=0.4246 (Cls=0.3978, Cont=5.3730) | Val AUC=0.8342 AUPR=0.7720 F1=0.7224 ACC=0.7528
Epoch 032/120 | TrainLoss=0.4241 (Cls=0.3973, Cont=5.3608) | Val AUC=0.8444 AUPR=0.7839 F1=0.7326 ACC=0.7584
Epoch 033/120 | TrainLoss=0.4205 (Cls=0.3937, Cont=5.3653) | Val AUC=0.8497 AUPR=0.7920 F1=0.7373 ACC=0.7724
Epoch 034/120 | TrainLoss=0.4201 (Cls=0.3933, Cont=5.3673) | Val AUC=0.8559 AUPR=0.8019 F1=0.7444 ACC=0.7739
Epoch 035/120 | TrainLoss=0.4197 (Cls=0.3929, Cont=5.3620) | Val AUC=0.8664 AUPR=0.8143 F1=0.7557 ACC=0.7760
Epoch 036/120 | TrainLoss=0.4136 (Cls=0.3867, Cont=5.3624) | Val AUC=0.8775 AUPR=0.8278 F1=0.7650 ACC=0.7933
Epoch 037/120 | TrainLoss=0.4164 (Cls=0.3896, Cont=5.3586) | Val AUC=0.8836 AUPR=0.8359 F1=0.7712 ACC=0.7997
Epoch 038/120 | TrainLoss=0.4144 (Cls=0.3876, Cont=5.3597) | Val AUC=0.8874 AUPR=0.8409 F1=0.7726 ACC=0.8024
Epoch 039/120 | TrainLoss=0.4124 (Cls=0.3855, Cont=5.3647) | Val AUC=0.8918 AUPR=0.8450 F1=0.7786 ACC=0.7993
Epoch 040/120 | TrainLoss=0.4161 (Cls=0.3893, Cont=5.3618) | Val AUC=0.9005 AUPR=0.8576 F1=0.7882 ACC=0.8173
Epoch 041/120 | TrainLoss=0.4136 (Cls=0.3868, Cont=5.3732) | Val AUC=0.9043 AUPR=0.8629 F1=0.7953 ACC=0.8214
Epoch 042/120 | TrainLoss=0.4138 (Cls=0.3870, Cont=5.3692) | Val AUC=0.9044 AUPR=0.8630 F1=0.7970 ACC=0.8249
Epoch 043/120 | TrainLoss=0.4095 (Cls=0.3827, Cont=5.3612) | Val AUC=0.9044 AUPR=0.8626 F1=0.7966 ACC=0.8256
Epoch 044/120 | TrainLoss=0.4115 (Cls=0.3847, Cont=5.3513) | Val AUC=0.9045 AUPR=0.8629 F1=0.7971 ACC=0.8309
Epoch 045/120 | TrainLoss=0.4069 (Cls=0.3801, Cont=5.3527) | Val AUC=0.9037 AUPR=0.8622 F1=0.7951 ACC=0.8271
Epoch 046/120 | TrainLoss=0.4063 (Cls=0.3795, Cont=5.3591) | Val AUC=0.9056 AUPR=0.8654 F1=0.7979 ACC=0.8309
Epoch 047/120 | TrainLoss=0.4083 (Cls=0.3815, Cont=5.3526) | Val AUC=0.9077 AUPR=0.8696 F1=0.8009 ACC=0.8304
Epoch 048/120 | TrainLoss=0.4043 (Cls=0.3775, Cont=5.3506) | Val AUC=0.9084 AUPR=0.8714 F1=0.8002 ACC=0.8322
Epoch 049/120 | TrainLoss=0.4038 (Cls=0.3770, Cont=5.3468) | Val AUC=0.9085 AUPR=0.8714 F1=0.8016 ACC=0.8287
Epoch 050/120 | TrainLoss=0.4018 (Cls=0.3750, Cont=5.3529) | Val AUC=0.9086 AUPR=0.8710 F1=0.8027 ACC=0.8324
Epoch 051/120 | TrainLoss=0.4014 (Cls=0.3747, Cont=5.3445) | Val AUC=0.9093 AUPR=0.8714 F1=0.8026 ACC=0.8300
Epoch 052/120 | TrainLoss=0.4021 (Cls=0.3753, Cont=5.3508) | Val AUC=0.9106 AUPR=0.8732 F1=0.8036 ACC=0.8300
Epoch 053/120 | TrainLoss=0.4023 (Cls=0.3755, Cont=5.3601) | Val AUC=0.9114 AUPR=0.8742 F1=0.8016 ACC=0.8312
Epoch 054/120 | TrainLoss=0.4003 (Cls=0.3735, Cont=5.3577) | Val AUC=0.9117 AUPR=0.8745 F1=0.8024 ACC=0.8315
Epoch 055/120 | TrainLoss=0.4004 (Cls=0.3736, Cont=5.3630) | Val AUC=0.9111 AUPR=0.8744 F1=0.8002 ACC=0.8307
Epoch 056/120 | TrainLoss=0.3985 (Cls=0.3717, Cont=5.3499) | Val AUC=0.9093 AUPR=0.8730 F1=0.7966 ACC=0.8252
Epoch 057/120 | TrainLoss=0.4022 (Cls=0.3754, Cont=5.3550) | Val AUC=0.9106 AUPR=0.8748 F1=0.7998 ACC=0.8297
Epoch 058/120 | TrainLoss=0.3971 (Cls=0.3703, Cont=5.3567) | Val AUC=0.9115 AUPR=0.8752 F1=0.8009 ACC=0.8273
Epoch 059/120 | TrainLoss=0.3992 (Cls=0.3726, Cont=5.3381) | Val AUC=0.9130 AUPR=0.8776 F1=0.8032 ACC=0.8322
Epoch 060/120 | TrainLoss=0.3947 (Cls=0.3679, Cont=5.3566) | Val AUC=0.9132 AUPR=0.8783 F1=0.8025 ACC=0.8321
Epoch 061/120 | TrainLoss=0.3982 (Cls=0.3714, Cont=5.3555) | Val AUC=0.9135 AUPR=0.8784 F1=0.8046 ACC=0.8356
Epoch 062/120 | TrainLoss=0.3949 (Cls=0.3682, Cont=5.3472) | Val AUC=0.9136 AUPR=0.8780 F1=0.8051 ACC=0.8340
Epoch 063/120 | TrainLoss=0.3996 (Cls=0.3728, Cont=5.3469) | Val AUC=0.9129 AUPR=0.8773 F1=0.8027 ACC=0.8300
Epoch 064/120 | TrainLoss=0.3956 (Cls=0.3688, Cont=5.3584) | Val AUC=0.9128 AUPR=0.8776 F1=0.8017 ACC=0.8359
Epoch 065/120 | TrainLoss=0.3959 (Cls=0.3692, Cont=5.3477) | Val AUC=0.9130 AUPR=0.8778 F1=0.8010 ACC=0.8310
Epoch 066/120 | TrainLoss=0.3937 (Cls=0.3670, Cont=5.3463) | Val AUC=0.9125 AUPR=0.8773 F1=0.8020 ACC=0.8316
Epoch 067/120 | TrainLoss=0.3933 (Cls=0.3666, Cont=5.3400) | Val AUC=0.9124 AUPR=0.8776 F1=0.8020 ACC=0.8299
Epoch 068/120 | TrainLoss=0.3935 (Cls=0.3668, Cont=5.3523) | Val AUC=0.9132 AUPR=0.8789 F1=0.8025 ACC=0.8295
Epoch 069/120 | TrainLoss=0.3928 (Cls=0.3660, Cont=5.3566) | Val AUC=0.9137 AUPR=0.8798 F1=0.8030 ACC=0.8305
Epoch 070/120 | TrainLoss=0.3923 (Cls=0.3656, Cont=5.3554) | Val AUC=0.9141 AUPR=0.8801 F1=0.8054 ACC=0.8370
Epoch 071/120 | TrainLoss=0.3910 (Cls=0.3642, Cont=5.3552) | Val AUC=0.9142 AUPR=0.8800 F1=0.8066 ACC=0.8385
Epoch 072/120 | TrainLoss=0.3927 (Cls=0.3660, Cont=5.3428) | Val AUC=0.9141 AUPR=0.8797 F1=0.8045 ACC=0.8335
Epoch 073/120 | TrainLoss=0.3913 (Cls=0.3646, Cont=5.3441) | Val AUC=0.9139 AUPR=0.8794 F1=0.8050 ACC=0.8347
Epoch 074/120 | TrainLoss=0.3892 (Cls=0.3625, Cont=5.3398) | Val AUC=0.9138 AUPR=0.8792 F1=0.8048 ACC=0.8326
Epoch 075/120 | TrainLoss=0.3898 (Cls=0.3631, Cont=5.3462) | Val AUC=0.9140 AUPR=0.8795 F1=0.8058 ACC=0.8363
Epoch 076/120 | TrainLoss=0.3900 (Cls=0.3633, Cont=5.3398) | Val AUC=0.9140 AUPR=0.8798 F1=0.8034 ACC=0.8284
Epoch 077/120 | TrainLoss=0.3885 (Cls=0.3618, Cont=5.3470) | Val AUC=0.9141 AUPR=0.8801 F1=0.8033 ACC=0.8272
Epoch 078/120 | TrainLoss=0.3896 (Cls=0.3629, Cont=5.3428) | Val AUC=0.9144 AUPR=0.8805 F1=0.8041 ACC=0.8316
Epoch 079/120 | TrainLoss=0.3866 (Cls=0.3598, Cont=5.3565) | Val AUC=0.9143 AUPR=0.8802 F1=0.8054 ACC=0.8313
Epoch 080/120 | TrainLoss=0.3896 (Cls=0.3629, Cont=5.3549) | Val AUC=0.9141 AUPR=0.8800 F1=0.8047 ACC=0.8315
Epoch 081/120 | TrainLoss=0.3887 (Cls=0.3620, Cont=5.3479) | Val AUC=0.9145 AUPR=0.8805 F1=0.8057 ACC=0.8332
Epoch 082/120 | TrainLoss=0.3877 (Cls=0.3610, Cont=5.3456) | Val AUC=0.9145 AUPR=0.8804 F1=0.8026 ACC=0.8251
Epoch 083/120 | TrainLoss=0.3886 (Cls=0.3619, Cont=5.3367) | Val AUC=0.9150 AUPR=0.8812 F1=0.8037 ACC=0.8299
Epoch 084/120 | TrainLoss=0.3873 (Cls=0.3606, Cont=5.3343) | Val AUC=0.9154 AUPR=0.8818 F1=0.8057 ACC=0.8338
Epoch 085/120 | TrainLoss=0.3860 (Cls=0.3593, Cont=5.3411) | Val AUC=0.9154 AUPR=0.8818 F1=0.8067 ACC=0.8342
Epoch 086/120 | TrainLoss=0.3868 (Cls=0.3601, Cont=5.3520) | Val AUC=0.9155 AUPR=0.8818 F1=0.8061 ACC=0.8360
Epoch 087/120 | TrainLoss=0.3860 (Cls=0.3593, Cont=5.3518) | Val AUC=0.9151 AUPR=0.8812 F1=0.8052 ACC=0.8351
Epoch 088/120 | TrainLoss=0.3871 (Cls=0.3604, Cont=5.3397) | Val AUC=0.9151 AUPR=0.8816 F1=0.8046 ACC=0.8310
Epoch 089/120 | TrainLoss=0.3884 (Cls=0.3617, Cont=5.3349) | Val AUC=0.9153 AUPR=0.8820 F1=0.8056 ACC=0.8314
Epoch 090/120 | TrainLoss=0.3849 (Cls=0.3582, Cont=5.3373) | Val AUC=0.9149 AUPR=0.8811 F1=0.8059 ACC=0.8335
Epoch 091/120 | TrainLoss=0.3908 (Cls=0.3641, Cont=5.3415) | Val AUC=0.9150 AUPR=0.8816 F1=0.8039 ACC=0.8277
Epoch 092/120 | TrainLoss=0.3878 (Cls=0.3611, Cont=5.3429) | Val AUC=0.9151 AUPR=0.8819 F1=0.8050 ACC=0.8312
Epoch 093/120 | TrainLoss=0.3862 (Cls=0.3594, Cont=5.3525) | Val AUC=0.9146 AUPR=0.8810 F1=0.8028 ACC=0.8293
Epoch 094/120 | TrainLoss=0.3868 (Cls=0.3601, Cont=5.3382) | Val AUC=0.9154 AUPR=0.8820 F1=0.8035 ACC=0.8293
Epoch 095/120 | TrainLoss=0.3870 (Cls=0.3602, Cont=5.3490) | Val AUC=0.9158 AUPR=0.8825 F1=0.8050 ACC=0.8324
Epoch 096/120 | TrainLoss=0.3851 (Cls=0.3584, Cont=5.3401) | Val AUC=0.9157 AUPR=0.8822 F1=0.8053 ACC=0.8338
Epoch 097/120 | TrainLoss=0.3854 (Cls=0.3588, Cont=5.3339) | Val AUC=0.9163 AUPR=0.8827 F1=0.8062 ACC=0.8332
Epoch 098/120 | TrainLoss=0.3839 (Cls=0.3572, Cont=5.3418) | Val AUC=0.9164 AUPR=0.8829 F1=0.8066 ACC=0.8328
Epoch 099/120 | TrainLoss=0.3841 (Cls=0.3574, Cont=5.3460) | Val AUC=0.9162 AUPR=0.8827 F1=0.8064 ACC=0.8338
Epoch 100/120 | TrainLoss=0.3838 (Cls=0.3572, Cont=5.3268) | Val AUC=0.9163 AUPR=0.8832 F1=0.8069 ACC=0.8360
Epoch 101/120 | TrainLoss=0.3822 (Cls=0.3554, Cont=5.3527) | Val AUC=0.9162 AUPR=0.8833 F1=0.8075 ACC=0.8343
Epoch 102/120 | TrainLoss=0.3819 (Cls=0.3552, Cont=5.3502) | Val AUC=0.9162 AUPR=0.8835 F1=0.8076 ACC=0.8367
Epoch 103/120 | TrainLoss=0.3836 (Cls=0.3569, Cont=5.3311) | Val AUC=0.9162 AUPR=0.8839 F1=0.8069 ACC=0.8323
Epoch 104/120 | TrainLoss=0.3836 (Cls=0.3568, Cont=5.3483) | Val AUC=0.9162 AUPR=0.8840 F1=0.8059 ACC=0.8328
Epoch 105/120 | TrainLoss=0.3819 (Cls=0.3553, Cont=5.3293) | Val AUC=0.9160 AUPR=0.8837 F1=0.8055 ACC=0.8332
Epoch 106/120 | TrainLoss=0.3833 (Cls=0.3567, Cont=5.3197) | Val AUC=0.9162 AUPR=0.8841 F1=0.8063 ACC=0.8333
Epoch 107/120 | TrainLoss=0.3819 (Cls=0.3552, Cont=5.3314) | Val AUC=0.9164 AUPR=0.8844 F1=0.8080 ACC=0.8355
Epoch 108/120 | TrainLoss=0.3836 (Cls=0.3570, Cont=5.3327) | Val AUC=0.9168 AUPR=0.8849 F1=0.8083 ACC=0.8370
Epoch 109/120 | TrainLoss=0.3828 (Cls=0.3562, Cont=5.3217) | Val AUC=0.9170 AUPR=0.8850 F1=0.8070 ACC=0.8347
Epoch 110/120 | TrainLoss=0.3806 (Cls=0.3540, Cont=5.3216) | Val AUC=0.9169 AUPR=0.8846 F1=0.8067 ACC=0.8363
Epoch 111/120 | TrainLoss=0.3818 (Cls=0.3550, Cont=5.3473) | Val AUC=0.9167 AUPR=0.8841 F1=0.8067 ACC=0.8327
Epoch 112/120 | TrainLoss=0.3815 (Cls=0.3548, Cont=5.3341) | Val AUC=0.9168 AUPR=0.8842 F1=0.8061 ACC=0.8339
Epoch 113/120 | TrainLoss=0.3813 (Cls=0.3546, Cont=5.3383) | Val AUC=0.9167 AUPR=0.8844 F1=0.8069 ACC=0.8363
Epoch 114/120 | TrainLoss=0.3804 (Cls=0.3537, Cont=5.3411) | Val AUC=0.9168 AUPR=0.8846 F1=0.8076 ACC=0.8365
Epoch 115/120 | TrainLoss=0.3804 (Cls=0.3537, Cont=5.3452) | Val AUC=0.9170 AUPR=0.8848 F1=0.8080 ACC=0.8348
Epoch 116/120 | TrainLoss=0.3801 (Cls=0.3534, Cont=5.3317) | Val AUC=0.9172 AUPR=0.8854 F1=0.8068 ACC=0.8351
Epoch 117/120 | TrainLoss=0.3791 (Cls=0.3524, Cont=5.3392) | Val AUC=0.9173 AUPR=0.8855 F1=0.8059 ACC=0.8357
Epoch 118/120 | TrainLoss=0.3791 (Cls=0.3524, Cont=5.3326) | Val AUC=0.9173 AUPR=0.8853 F1=0.8056 ACC=0.8358
Epoch 119/120 | TrainLoss=0.3789 (Cls=0.3522, Cont=5.3395) | Val AUC=0.9172 AUPR=0.8853 F1=0.8054 ACC=0.8342
Epoch 120/120 | TrainLoss=0.3795 (Cls=0.3528, Cont=5.3379) | Val AUC=0.9174 AUPR=0.8857 F1=0.8069 ACC=0.8367
Fold 4 complete | Best Val AUC=0.9174 | Test AUC=0.9172 AUPR=0.8831 F1=0.8106 ACC=0.8352 | FoldTime=294.19s

================================================================================
Fold 5/5 (fold_id=5)
================================================================================
Epoch 001/120 | TrainLoss=0.6946 (Cls=0.6946, Cont=0.0000) | Val AUC=0.5330 AUPR=0.4427 F1=0.5772 ACC=0.4061
Epoch 002/120 | TrainLoss=0.6742 (Cls=0.6742, Cont=0.0000) | Val AUC=0.5706 AUPR=0.4733 F1=0.5774 ACC=0.4084
Epoch 003/120 | TrainLoss=0.6627 (Cls=0.6627, Cont=0.0000) | Val AUC=0.5788 AUPR=0.4764 F1=0.5791 ACC=0.4149
Epoch 004/120 | TrainLoss=0.6519 (Cls=0.6519, Cont=0.0000) | Val AUC=0.5797 AUPR=0.4768 F1=0.5789 ACC=0.4147
Epoch 005/120 | TrainLoss=0.6329 (Cls=0.6329, Cont=0.0000) | Val AUC=0.5856 AUPR=0.4780 F1=0.5791 ACC=0.4117
Epoch 006/120 | TrainLoss=0.6139 (Cls=0.6139, Cont=0.0000) | Val AUC=0.5868 AUPR=0.4793 F1=0.5795 ACC=0.4336
Epoch 007/120 | TrainLoss=0.5879 (Cls=0.5879, Cont=0.0000) | Val AUC=0.5871 AUPR=0.4804 F1=0.5806 ACC=0.4335
Epoch 008/120 | TrainLoss=0.5615 (Cls=0.5615, Cont=0.0000) | Val AUC=0.5888 AUPR=0.4825 F1=0.5811 ACC=0.4383
Epoch 009/120 | TrainLoss=0.5310 (Cls=0.5310, Cont=0.0000) | Val AUC=0.5905 AUPR=0.4829 F1=0.5830 ACC=0.4375
Epoch 010/120 | TrainLoss=0.4998 (Cls=0.4998, Cont=0.0000) | Val AUC=0.5921 AUPR=0.4835 F1=0.5829 ACC=0.4420
Epoch 011/120 | TrainLoss=0.5406 (Cls=0.5097, Cont=6.1886) | Val AUC=0.5950 AUPR=0.4927 F1=0.5832 ACC=0.4462
Epoch 012/120 | TrainLoss=0.5247 (Cls=0.4969, Cont=5.5619) | Val AUC=0.5955 AUPR=0.5004 F1=0.5823 ACC=0.4378
Epoch 013/120 | TrainLoss=0.5218 (Cls=0.4944, Cont=5.4764) | Val AUC=0.5948 AUPR=0.5016 F1=0.5825 ACC=0.4364
Epoch 014/120 | TrainLoss=0.4833 (Cls=0.4561, Cont=5.4426) | Val AUC=0.5882 AUPR=0.4962 F1=0.5812 ACC=0.4532
Epoch 015/120 | TrainLoss=0.4774 (Cls=0.4503, Cont=5.4347) | Val AUC=0.5900 AUPR=0.4982 F1=0.5809 ACC=0.4543
Epoch 016/120 | TrainLoss=0.4650 (Cls=0.4379, Cont=5.4251) | Val AUC=0.5998 AUPR=0.5077 F1=0.5814 ACC=0.4317
Epoch 017/120 | TrainLoss=0.4556 (Cls=0.4285, Cont=5.4183) | Val AUC=0.6025 AUPR=0.5140 F1=0.5815 ACC=0.4289
Epoch 018/120 | TrainLoss=0.4515 (Cls=0.4245, Cont=5.4104) | Val AUC=0.6060 AUPR=0.5248 F1=0.5808 ACC=0.4221
Epoch 019/120 | TrainLoss=0.4466 (Cls=0.4196, Cont=5.4036) | Val AUC=0.6073 AUPR=0.5376 F1=0.5786 ACC=0.4114
Epoch 020/120 | TrainLoss=0.4483 (Cls=0.4213, Cont=5.3912) | Val AUC=0.6125 AUPR=0.5446 F1=0.5789 ACC=0.4181
Epoch 021/120 | TrainLoss=0.4368 (Cls=0.4099, Cont=5.3790) | Val AUC=0.6245 AUPR=0.5503 F1=0.5814 ACC=0.4242
Epoch 022/120 | TrainLoss=0.4337 (Cls=0.4068, Cont=5.3737) | Val AUC=0.6388 AUPR=0.5613 F1=0.5842 ACC=0.4683
Epoch 023/120 | TrainLoss=0.4352 (Cls=0.4083, Cont=5.3838) | Val AUC=0.6550 AUPR=0.5765 F1=0.5923 ACC=0.5133
Epoch 024/120 | TrainLoss=0.4369 (Cls=0.4100, Cont=5.3866) | Val AUC=0.6730 AUPR=0.5965 F1=0.6009 ACC=0.5440
Epoch 025/120 | TrainLoss=0.4309 (Cls=0.4041, Cont=5.3717) | Val AUC=0.6943 AUPR=0.6171 F1=0.6162 ACC=0.5802
Epoch 026/120 | TrainLoss=0.4307 (Cls=0.4038, Cont=5.3858) | Val AUC=0.7133 AUPR=0.6383 F1=0.6269 ACC=0.6043
Epoch 027/120 | TrainLoss=0.4300 (Cls=0.4031, Cont=5.3751) | Val AUC=0.7284 AUPR=0.6544 F1=0.6324 ACC=0.6009
Epoch 028/120 | TrainLoss=0.4253 (Cls=0.3985, Cont=5.3643) | Val AUC=0.7483 AUPR=0.6783 F1=0.6450 ACC=0.6514
Epoch 029/120 | TrainLoss=0.4268 (Cls=0.3999, Cont=5.3688) | Val AUC=0.7848 AUPR=0.7204 F1=0.6727 ACC=0.6868
Epoch 030/120 | TrainLoss=0.4227 (Cls=0.3959, Cont=5.3711) | Val AUC=0.8192 AUPR=0.7631 F1=0.7051 ACC=0.7403
Epoch 031/120 | TrainLoss=0.4205 (Cls=0.3937, Cont=5.3527) | Val AUC=0.8434 AUPR=0.7909 F1=0.7283 ACC=0.7523
Epoch 032/120 | TrainLoss=0.4192 (Cls=0.3924, Cont=5.3609) | Val AUC=0.8554 AUPR=0.8025 F1=0.7395 ACC=0.7659
Epoch 033/120 | TrainLoss=0.4167 (Cls=0.3900, Cont=5.3541) | Val AUC=0.8673 AUPR=0.8162 F1=0.7526 ACC=0.7801
Epoch 034/120 | TrainLoss=0.4129 (Cls=0.3861, Cont=5.3632) | Val AUC=0.8695 AUPR=0.8219 F1=0.7532 ACC=0.7728
Epoch 035/120 | TrainLoss=0.4143 (Cls=0.3875, Cont=5.3627) | Val AUC=0.8712 AUPR=0.8248 F1=0.7536 ACC=0.7869
Epoch 036/120 | TrainLoss=0.4123 (Cls=0.3855, Cont=5.3625) | Val AUC=0.8728 AUPR=0.8273 F1=0.7554 ACC=0.7855
Epoch 037/120 | TrainLoss=0.4137 (Cls=0.3869, Cont=5.3655) | Val AUC=0.8754 AUPR=0.8289 F1=0.7595 ACC=0.7866
Epoch 038/120 | TrainLoss=0.4090 (Cls=0.3822, Cont=5.3513) | Val AUC=0.8764 AUPR=0.8290 F1=0.7589 ACC=0.7857
Epoch 039/120 | TrainLoss=0.4095 (Cls=0.3827, Cont=5.3575) | Val AUC=0.8818 AUPR=0.8355 F1=0.7657 ACC=0.7990
Epoch 040/120 | TrainLoss=0.4102 (Cls=0.3834, Cont=5.3607) | Val AUC=0.8940 AUPR=0.8525 F1=0.7776 ACC=0.8099
Epoch 041/120 | TrainLoss=0.4068 (Cls=0.3800, Cont=5.3604) | Val AUC=0.9047 AUPR=0.8650 F1=0.7934 ACC=0.8199
Epoch 042/120 | TrainLoss=0.4049 (Cls=0.3782, Cont=5.3588) | Val AUC=0.9048 AUPR=0.8652 F1=0.7949 ACC=0.8207
Epoch 043/120 | TrainLoss=0.4043 (Cls=0.3776, Cont=5.3407) | Val AUC=0.9035 AUPR=0.8642 F1=0.7903 ACC=0.8222
Epoch 044/120 | TrainLoss=0.4055 (Cls=0.3787, Cont=5.3574) | Val AUC=0.9045 AUPR=0.8659 F1=0.7905 ACC=0.8194
Epoch 045/120 | TrainLoss=0.4052 (Cls=0.3785, Cont=5.3530) | Val AUC=0.9052 AUPR=0.8667 F1=0.7910 ACC=0.8155
Epoch 046/120 | TrainLoss=0.4018 (Cls=0.3750, Cont=5.3641) | Val AUC=0.9081 AUPR=0.8698 F1=0.7953 ACC=0.8195
Epoch 047/120 | TrainLoss=0.4019 (Cls=0.3751, Cont=5.3614) | Val AUC=0.9081 AUPR=0.8694 F1=0.7982 ACC=0.8208
Epoch 048/120 | TrainLoss=0.4008 (Cls=0.3740, Cont=5.3579) | Val AUC=0.9065 AUPR=0.8672 F1=0.7963 ACC=0.8175
Epoch 049/120 | TrainLoss=0.3995 (Cls=0.3728, Cont=5.3448) | Val AUC=0.9043 AUPR=0.8645 F1=0.7952 ACC=0.8206
Epoch 050/120 | TrainLoss=0.3974 (Cls=0.3706, Cont=5.3561) | Val AUC=0.9057 AUPR=0.8670 F1=0.7981 ACC=0.8232
Epoch 051/120 | TrainLoss=0.3977 (Cls=0.3709, Cont=5.3585) | Val AUC=0.9085 AUPR=0.8712 F1=0.7999 ACC=0.8261
Epoch 052/120 | TrainLoss=0.3959 (Cls=0.3691, Cont=5.3559) | Val AUC=0.9106 AUPR=0.8739 F1=0.8007 ACC=0.8280
Epoch 053/120 | TrainLoss=0.3965 (Cls=0.3697, Cont=5.3478) | Val AUC=0.9127 AUPR=0.8768 F1=0.8032 ACC=0.8318
Epoch 054/120 | TrainLoss=0.3974 (Cls=0.3706, Cont=5.3584) | Val AUC=0.9125 AUPR=0.8766 F1=0.8030 ACC=0.8326
Epoch 055/120 | TrainLoss=0.3951 (Cls=0.3683, Cont=5.3625) | Val AUC=0.9132 AUPR=0.8774 F1=0.8045 ACC=0.8313
Epoch 056/120 | TrainLoss=0.3945 (Cls=0.3677, Cont=5.3522) | Val AUC=0.9131 AUPR=0.8772 F1=0.8045 ACC=0.8305
Epoch 057/120 | TrainLoss=0.3928 (Cls=0.3660, Cont=5.3512) | Val AUC=0.9131 AUPR=0.8767 F1=0.8057 ACC=0.8318
Epoch 058/120 | TrainLoss=0.3929 (Cls=0.3662, Cont=5.3525) | Val AUC=0.9131 AUPR=0.8765 F1=0.8053 ACC=0.8281
Epoch 059/120 | TrainLoss=0.3958 (Cls=0.3691, Cont=5.3474) | Val AUC=0.9123 AUPR=0.8753 F1=0.8053 ACC=0.8308
Epoch 060/120 | TrainLoss=0.3951 (Cls=0.3683, Cont=5.3515) | Val AUC=0.9129 AUPR=0.8767 F1=0.8057 ACC=0.8308
Epoch 061/120 | TrainLoss=0.3911 (Cls=0.3644, Cont=5.3477) | Val AUC=0.9132 AUPR=0.8773 F1=0.8069 ACC=0.8328
Epoch 062/120 | TrainLoss=0.3903 (Cls=0.3637, Cont=5.3317) | Val AUC=0.9139 AUPR=0.8787 F1=0.8079 ACC=0.8346
Epoch 063/120 | TrainLoss=0.3927 (Cls=0.3659, Cont=5.3583) | Val AUC=0.9146 AUPR=0.8795 F1=0.8095 ACC=0.8351
Epoch 064/120 | TrainLoss=0.3904 (Cls=0.3636, Cont=5.3518) | Val AUC=0.9149 AUPR=0.8799 F1=0.8097 ACC=0.8356
Epoch 065/120 | TrainLoss=0.3901 (Cls=0.3634, Cont=5.3488) | Val AUC=0.9153 AUPR=0.8803 F1=0.8101 ACC=0.8346
Epoch 066/120 | TrainLoss=0.3883 (Cls=0.3616, Cont=5.3479) | Val AUC=0.9152 AUPR=0.8802 F1=0.8107 ACC=0.8363
Epoch 067/120 | TrainLoss=0.3898 (Cls=0.3631, Cont=5.3520) | Val AUC=0.9145 AUPR=0.8793 F1=0.8077 ACC=0.8323
Epoch 068/120 | TrainLoss=0.3886 (Cls=0.3618, Cont=5.3474) | Val AUC=0.9148 AUPR=0.8797 F1=0.8082 ACC=0.8364
Epoch 069/120 | TrainLoss=0.3877 (Cls=0.3610, Cont=5.3521) | Val AUC=0.9154 AUPR=0.8808 F1=0.8086 ACC=0.8332
Epoch 070/120 | TrainLoss=0.3899 (Cls=0.3631, Cont=5.3597) | Val AUC=0.9157 AUPR=0.8815 F1=0.8092 ACC=0.8385
Epoch 071/120 | TrainLoss=0.3883 (Cls=0.3616, Cont=5.3414) | Val AUC=0.9157 AUPR=0.8818 F1=0.8085 ACC=0.8369
Epoch 072/120 | TrainLoss=0.3897 (Cls=0.3631, Cont=5.3232) | Val AUC=0.9153 AUPR=0.8813 F1=0.8065 ACC=0.8379
Epoch 073/120 | TrainLoss=0.3879 (Cls=0.3611, Cont=5.3540) | Val AUC=0.9150 AUPR=0.8807 F1=0.8058 ACC=0.8371
Epoch 074/120 | TrainLoss=0.3863 (Cls=0.3596, Cont=5.3441) | Val AUC=0.9151 AUPR=0.8808 F1=0.8085 ACC=0.8322
Epoch 075/120 | TrainLoss=0.3867 (Cls=0.3600, Cont=5.3488) | Val AUC=0.9149 AUPR=0.8805 F1=0.8093 ACC=0.8358
Epoch 076/120 | TrainLoss=0.3856 (Cls=0.3588, Cont=5.3519) | Val AUC=0.9148 AUPR=0.8805 F1=0.8093 ACC=0.8358
Epoch 077/120 | TrainLoss=0.3857 (Cls=0.3589, Cont=5.3532) | Val AUC=0.9147 AUPR=0.8808 F1=0.8078 ACC=0.8301
Epoch 078/120 | TrainLoss=0.3843 (Cls=0.3575, Cont=5.3516) | Val AUC=0.9145 AUPR=0.8808 F1=0.8048 ACC=0.8263
Epoch 079/120 | TrainLoss=0.3848 (Cls=0.3580, Cont=5.3490) | Val AUC=0.9149 AUPR=0.8817 F1=0.8052 ACC=0.8296
Epoch 080/120 | TrainLoss=0.3862 (Cls=0.3595, Cont=5.3344) | Val AUC=0.9155 AUPR=0.8829 F1=0.8063 ACC=0.8307
Epoch 081/120 | TrainLoss=0.3861 (Cls=0.3595, Cont=5.3314) | Val AUC=0.9155 AUPR=0.8830 F1=0.8062 ACC=0.8333
Epoch 082/120 | TrainLoss=0.3844 (Cls=0.3577, Cont=5.3356) | Val AUC=0.9158 AUPR=0.8832 F1=0.8060 ACC=0.8357
Epoch 083/120 | TrainLoss=0.3846 (Cls=0.3579, Cont=5.3401) | Val AUC=0.9158 AUPR=0.8831 F1=0.8070 ACC=0.8369
Epoch 084/120 | TrainLoss=0.3863 (Cls=0.3596, Cont=5.3436) | Val AUC=0.9163 AUPR=0.8836 F1=0.8084 ACC=0.8358
Epoch 085/120 | TrainLoss=0.3842 (Cls=0.3574, Cont=5.3555) | Val AUC=0.9165 AUPR=0.8838 F1=0.8078 ACC=0.8355
Epoch 086/120 | TrainLoss=0.3835 (Cls=0.3568, Cont=5.3423) | Val AUC=0.9165 AUPR=0.8833 F1=0.8092 ACC=0.8367
Epoch 087/120 | TrainLoss=0.3831 (Cls=0.3564, Cont=5.3372) | Val AUC=0.9164 AUPR=0.8829 F1=0.8089 ACC=0.8363
Epoch 088/120 | TrainLoss=0.3831 (Cls=0.3564, Cont=5.3438) | Val AUC=0.9159 AUPR=0.8824 F1=0.8071 ACC=0.8332
Epoch 089/120 | TrainLoss=0.3838 (Cls=0.3570, Cont=5.3457) | Val AUC=0.9159 AUPR=0.8824 F1=0.8048 ACC=0.8323
Epoch 090/120 | TrainLoss=0.3833 (Cls=0.3565, Cont=5.3497) | Val AUC=0.9159 AUPR=0.8822 F1=0.8072 ACC=0.8350
Epoch 091/120 | TrainLoss=0.3827 (Cls=0.3559, Cont=5.3514) | Val AUC=0.9162 AUPR=0.8827 F1=0.8085 ACC=0.8370
Epoch 092/120 | TrainLoss=0.3823 (Cls=0.3556, Cont=5.3517) | Val AUC=0.9161 AUPR=0.8828 F1=0.8085 ACC=0.8388
Epoch 093/120 | TrainLoss=0.3820 (Cls=0.3553, Cont=5.3415) | Val AUC=0.9163 AUPR=0.8831 F1=0.8082 ACC=0.8347
Epoch 094/120 | TrainLoss=0.3832 (Cls=0.3565, Cont=5.3357) | Val AUC=0.9170 AUPR=0.8844 F1=0.8095 ACC=0.8356
Epoch 095/120 | TrainLoss=0.3797 (Cls=0.3531, Cont=5.3330) | Val AUC=0.9172 AUPR=0.8848 F1=0.8096 ACC=0.8384
Epoch 096/120 | TrainLoss=0.3829 (Cls=0.3562, Cont=5.3452) | Val AUC=0.9173 AUPR=0.8847 F1=0.8102 ACC=0.8372
Epoch 097/120 | TrainLoss=0.3798 (Cls=0.3532, Cont=5.3359) | Val AUC=0.9172 AUPR=0.8847 F1=0.8111 ACC=0.8363
Epoch 098/120 | TrainLoss=0.3821 (Cls=0.3554, Cont=5.3495) | Val AUC=0.9176 AUPR=0.8854 F1=0.8109 ACC=0.8346
Epoch 099/120 | TrainLoss=0.3796 (Cls=0.3529, Cont=5.3372) | Val AUC=0.9176 AUPR=0.8854 F1=0.8112 ACC=0.8360
Epoch 100/120 | TrainLoss=0.3823 (Cls=0.3556, Cont=5.3337) | Val AUC=0.9178 AUPR=0.8858 F1=0.8102 ACC=0.8342
Epoch 101/120 | TrainLoss=0.3804 (Cls=0.3537, Cont=5.3406) | Val AUC=0.9176 AUPR=0.8853 F1=0.8108 ACC=0.8402
Epoch 102/120 | TrainLoss=0.3811 (Cls=0.3544, Cont=5.3515) | Val AUC=0.9180 AUPR=0.8857 F1=0.8126 ACC=0.8398
Epoch 103/120 | TrainLoss=0.3794 (Cls=0.3527, Cont=5.3372) | Val AUC=0.9180 AUPR=0.8860 F1=0.8106 ACC=0.8358
Epoch 104/120 | TrainLoss=0.3790 (Cls=0.3524, Cont=5.3322) | Val AUC=0.9177 AUPR=0.8858 F1=0.8113 ACC=0.8358
Epoch 105/120 | TrainLoss=0.3790 (Cls=0.3523, Cont=5.3423) | Val AUC=0.9176 AUPR=0.8857 F1=0.8093 ACC=0.8310
Epoch 106/120 | TrainLoss=0.3784 (Cls=0.3517, Cont=5.3459) | Val AUC=0.9176 AUPR=0.8857 F1=0.8089 ACC=0.8319
Epoch 107/120 | TrainLoss=0.3792 (Cls=0.3524, Cont=5.3558) | Val AUC=0.9181 AUPR=0.8865 F1=0.8089 ACC=0.8355
Epoch 108/120 | TrainLoss=0.3772 (Cls=0.3505, Cont=5.3394) | Val AUC=0.9179 AUPR=0.8864 F1=0.8097 ACC=0.8342
Epoch 109/120 | TrainLoss=0.3776 (Cls=0.3508, Cont=5.3511) | Val AUC=0.9183 AUPR=0.8874 F1=0.8104 ACC=0.8347
Epoch 110/120 | TrainLoss=0.3762 (Cls=0.3495, Cont=5.3280) | Val AUC=0.9187 AUPR=0.8879 F1=0.8111 ACC=0.8375
Epoch 111/120 | TrainLoss=0.3757 (Cls=0.3490, Cont=5.3421) | Val AUC=0.9190 AUPR=0.8881 F1=0.8113 ACC=0.8391
Epoch 112/120 | TrainLoss=0.3753 (Cls=0.3486, Cont=5.3409) | Val AUC=0.9195 AUPR=0.8886 F1=0.8124 ACC=0.8413
Epoch 113/120 | TrainLoss=0.3753 (Cls=0.3486, Cont=5.3322) | Val AUC=0.9194 AUPR=0.8884 F1=0.8127 ACC=0.8406
Epoch 114/120 | TrainLoss=0.3743 (Cls=0.3476, Cont=5.3419) | Val AUC=0.9194 AUPR=0.8884 F1=0.8121 ACC=0.8410
Epoch 115/120 | TrainLoss=0.3738 (Cls=0.3471, Cont=5.3363) | Val AUC=0.9196 AUPR=0.8886 F1=0.8123 ACC=0.8371
Epoch 116/120 | TrainLoss=0.3746 (Cls=0.3479, Cont=5.3392) | Val AUC=0.9199 AUPR=0.8889 F1=0.8132 ACC=0.8394
Epoch 117/120 | TrainLoss=0.3729 (Cls=0.3463, Cont=5.3171) | Val AUC=0.9196 AUPR=0.8883 F1=0.8124 ACC=0.8400
Epoch 118/120 | TrainLoss=0.3732 (Cls=0.3465, Cont=5.3409) | Val AUC=0.9194 AUPR=0.8881 F1=0.8110 ACC=0.8401
Epoch 119/120 | TrainLoss=0.3734 (Cls=0.3467, Cont=5.3304) | Val AUC=0.9195 AUPR=0.8884 F1=0.8113 ACC=0.8416
Epoch 120/120 | TrainLoss=0.3718 (Cls=0.3452, Cont=5.3217) | Val AUC=0.9200 AUPR=0.8893 F1=0.8124 ACC=0.8411
Fold 5 complete | Best Val AUC=0.9200 | Test AUC=0.9189 AUPR=0.8900 F1=0.8107 ACC=0.8378 | FoldTime=295.28s

================================================================================
Cross-validation complete
Mean AUC:  0.9190 +/- 0.0015
Mean AUPR: 0.8878 +/- 0.0037
Mean F1:   0.8096 +/- 0.0027
Mean ACC:  0.8368 +/- 0.0031
Saved outputs to: /content/drive/MyDrive/CDRP models testing/flexible model/outputs/exp2_sharded_v2_verified_t4_v1_shards_2
