Run directory: /content/drive/MyDrive/CDRP models testing/flexible model/outputs/exp2_sharded_v2_verified_t4_v1_shards_1
Device: cuda
Command: /content/drive/MyDrive/CDRP models testing/flexible model/main_flexible.py --run_name exp2_sharded_v2_verified_t4_v1_shards_1 --dataset_root /content/drive/MyDrive/CDRP models testing/flexible model/flexibility_views/exp2_pathway_sharding/verified_t4_v1_shards_1 --epoch 120 --lr 0.001 --weight_decay 1e-05 --hidden_channels 256 --output_channels 64 --fusion_dim 512 --dropout 0.2 --num_layers 2 --heads 4 --drug_num_gnn_layers 3 --drug_batch_size 0 --k_fold 5 --seed 0 --top_k 10 --contrastive_weight 0.005 --temperature 0.05 --warmup_epochs 10 --max_contrastive_pairs 2048 --device cuda --omics pathway_shard_01
Loading aligned data from: /content/drive/MyDrive/CDRP models testing/flexible model/flexibility_views/exp2_pathway_sharding/verified_t4_v1_shards_1
Loaded data: pairs=109446, cells=425, drugs=298
Selected omics: pathway_shard_01

================================================================================
Fold 1/5 (fold_id=1)
================================================================================
Epoch 001/120 | TrainLoss=0.7196 (Cls=0.7196, Cont=0.0000) | Val AUC=0.5501 AUPR=0.4491 F1=0.5808 ACC=0.4102
Epoch 002/120 | TrainLoss=0.6777 (Cls=0.6777, Cont=0.0000) | Val AUC=0.5645 AUPR=0.4758 F1=0.5808 ACC=0.4103
Epoch 003/120 | TrainLoss=0.6818 (Cls=0.6818, Cont=0.0000) | Val AUC=0.5697 AUPR=0.4771 F1=0.5803 ACC=0.4163
Epoch 004/120 | TrainLoss=0.6636 (Cls=0.6636, Cont=0.0000) | Val AUC=0.5735 AUPR=0.4765 F1=0.5801 ACC=0.4135
Epoch 005/120 | TrainLoss=0.6574 (Cls=0.6574, Cont=0.0000) | Val AUC=0.5758 AUPR=0.4766 F1=0.5799 ACC=0.4085
Epoch 006/120 | TrainLoss=0.6487 (Cls=0.6487, Cont=0.0000) | Val AUC=0.5814 AUPR=0.4810 F1=0.5810 ACC=0.4317
Epoch 007/120 | TrainLoss=0.6349 (Cls=0.6349, Cont=0.0000) | Val AUC=0.5856 AUPR=0.4854 F1=0.5827 ACC=0.4730
Epoch 008/120 | TrainLoss=0.6179 (Cls=0.6179, Cont=0.0000) | Val AUC=0.5889 AUPR=0.4874 F1=0.5845 ACC=0.4928
Epoch 009/120 | TrainLoss=0.6030 (Cls=0.6030, Cont=0.0000) | Val AUC=0.5903 AUPR=0.4894 F1=0.5852 ACC=0.4811
Epoch 010/120 | TrainLoss=0.5848 (Cls=0.5848, Cont=0.0000) | Val AUC=0.5925 AUPR=0.4931 F1=0.5850 ACC=0.4636
Epoch 011/120 | TrainLoss=0.5989 (Cls=0.5679, Cont=6.1955) | Val AUC=0.5963 AUPR=0.4977 F1=0.5857 ACC=0.4828
Epoch 012/120 | TrainLoss=0.5818 (Cls=0.5539, Cont=5.5681) | Val AUC=0.6018 AUPR=0.5038 F1=0.5869 ACC=0.4808
Epoch 013/120 | TrainLoss=0.5626 (Cls=0.5352, Cont=5.4680) | Val AUC=0.6035 AUPR=0.5067 F1=0.5879 ACC=0.4742
Epoch 014/120 | TrainLoss=0.5475 (Cls=0.5203, Cont=5.4459) | Val AUC=0.6085 AUPR=0.5140 F1=0.5890 ACC=0.4776
Epoch 015/120 | TrainLoss=0.5322 (Cls=0.5051, Cont=5.4287) | Val AUC=0.6128 AUPR=0.5209 F1=0.5903 ACC=0.4782
Epoch 016/120 | TrainLoss=0.5183 (Cls=0.4912, Cont=5.4215) | Val AUC=0.6178 AUPR=0.5272 F1=0.5910 ACC=0.4749
Epoch 017/120 | TrainLoss=0.5093 (Cls=0.4823, Cont=5.4128) | Val AUC=0.6250 AUPR=0.5346 F1=0.5933 ACC=0.4905
Epoch 018/120 | TrainLoss=0.4976 (Cls=0.4706, Cont=5.4047) | Val AUC=0.6421 AUPR=0.5588 F1=0.5951 ACC=0.5057
Epoch 019/120 | TrainLoss=0.4932 (Cls=0.4662, Cont=5.3962) | Val AUC=0.6453 AUPR=0.5577 F1=0.5955 ACC=0.5026
Epoch 020/120 | TrainLoss=0.4886 (Cls=0.4617, Cont=5.3861) | Val AUC=0.6605 AUPR=0.5614 F1=0.5987 ACC=0.5370
Epoch 021/120 | TrainLoss=0.4790 (Cls=0.4521, Cont=5.3865) | Val AUC=0.6795 AUPR=0.5752 F1=0.6097 ACC=0.5661
Epoch 022/120 | TrainLoss=0.4744 (Cls=0.4475, Cont=5.3856) | Val AUC=0.6935 AUPR=0.5985 F1=0.6162 ACC=0.5691
Epoch 023/120 | TrainLoss=0.4697 (Cls=0.4428, Cont=5.3847) | Val AUC=0.7147 AUPR=0.6177 F1=0.6280 ACC=0.6222
Epoch 024/120 | TrainLoss=0.4637 (Cls=0.4368, Cont=5.3782) | Val AUC=0.7231 AUPR=0.6290 F1=0.6332 ACC=0.6366
Epoch 025/120 | TrainLoss=0.4526 (Cls=0.4257, Cont=5.3774) | Val AUC=0.7459 AUPR=0.6517 F1=0.6521 ACC=0.6661
Epoch 026/120 | TrainLoss=0.4519 (Cls=0.4249, Cont=5.3860) | Val AUC=0.7632 AUPR=0.6700 F1=0.6678 ACC=0.6918
Epoch 027/120 | TrainLoss=0.4481 (Cls=0.4211, Cont=5.3834) | Val AUC=0.7796 AUPR=0.6860 F1=0.6808 ACC=0.7131
Epoch 028/120 | TrainLoss=0.4422 (Cls=0.4154, Cont=5.3737) | Val AUC=0.7929 AUPR=0.7070 F1=0.6867 ACC=0.6975
Epoch 029/120 | TrainLoss=0.4363 (Cls=0.4095, Cont=5.3726) | Val AUC=0.8009 AUPR=0.7194 F1=0.6931 ACC=0.7036
Epoch 030/120 | TrainLoss=0.4381 (Cls=0.4113, Cont=5.3741) | Val AUC=0.8050 AUPR=0.7228 F1=0.6992 ACC=0.7197
Epoch 031/120 | TrainLoss=0.4300 (Cls=0.4031, Cont=5.3702) | Val AUC=0.8145 AUPR=0.7330 F1=0.7113 ACC=0.7377
Epoch 032/120 | TrainLoss=0.4332 (Cls=0.4064, Cont=5.3646) | Val AUC=0.8268 AUPR=0.7534 F1=0.7188 ACC=0.7515
Epoch 033/120 | TrainLoss=0.4271 (Cls=0.4002, Cont=5.3708) | Val AUC=0.8401 AUPR=0.7705 F1=0.7252 ACC=0.7516
Epoch 034/120 | TrainLoss=0.4264 (Cls=0.3996, Cont=5.3690) | Val AUC=0.8480 AUPR=0.7824 F1=0.7290 ACC=0.7659
Epoch 035/120 | TrainLoss=0.4250 (Cls=0.3981, Cont=5.3646) | Val AUC=0.8550 AUPR=0.7902 F1=0.7384 ACC=0.7664
Epoch 036/120 | TrainLoss=0.4201 (Cls=0.3933, Cont=5.3635) | Val AUC=0.8616 AUPR=0.8020 F1=0.7446 ACC=0.7621
Epoch 037/120 | TrainLoss=0.4192 (Cls=0.3923, Cont=5.3622) | Val AUC=0.8699 AUPR=0.8150 F1=0.7527 ACC=0.7800
Epoch 038/120 | TrainLoss=0.4163 (Cls=0.3894, Cont=5.3666) | Val AUC=0.8815 AUPR=0.8284 F1=0.7692 ACC=0.7962
Epoch 039/120 | TrainLoss=0.4173 (Cls=0.3904, Cont=5.3651) | Val AUC=0.8891 AUPR=0.8395 F1=0.7794 ACC=0.8003
Epoch 040/120 | TrainLoss=0.4138 (Cls=0.3870, Cont=5.3673) | Val AUC=0.8886 AUPR=0.8405 F1=0.7746 ACC=0.7884
Epoch 041/120 | TrainLoss=0.4120 (Cls=0.3852, Cont=5.3615) | Val AUC=0.8965 AUPR=0.8502 F1=0.7871 ACC=0.8088
Epoch 042/120 | TrainLoss=0.4088 (Cls=0.3819, Cont=5.3634) | Val AUC=0.9026 AUPR=0.8568 F1=0.7966 ACC=0.8228
Epoch 043/120 | TrainLoss=0.4119 (Cls=0.3852, Cont=5.3447) | Val AUC=0.9050 AUPR=0.8599 F1=0.7995 ACC=0.8226
Epoch 044/120 | TrainLoss=0.4114 (Cls=0.3846, Cont=5.3660) | Val AUC=0.9055 AUPR=0.8619 F1=0.7979 ACC=0.8168
Epoch 045/120 | TrainLoss=0.4123 (Cls=0.3855, Cont=5.3558) | Val AUC=0.9037 AUPR=0.8593 F1=0.7972 ACC=0.8238
Epoch 046/120 | TrainLoss=0.4099 (Cls=0.3831, Cont=5.3545) | Val AUC=0.9020 AUPR=0.8568 F1=0.7945 ACC=0.8223
Epoch 047/120 | TrainLoss=0.4098 (Cls=0.3830, Cont=5.3687) | Val AUC=0.9032 AUPR=0.8594 F1=0.7950 ACC=0.8216
Epoch 048/120 | TrainLoss=0.4066 (Cls=0.3798, Cont=5.3649) | Val AUC=0.9027 AUPR=0.8596 F1=0.7902 ACC=0.8161
Epoch 049/120 | TrainLoss=0.4068 (Cls=0.3800, Cont=5.3620) | Val AUC=0.9033 AUPR=0.8607 F1=0.7917 ACC=0.8132
Epoch 050/120 | TrainLoss=0.4046 (Cls=0.3778, Cont=5.3482) | Val AUC=0.9044 AUPR=0.8628 F1=0.7939 ACC=0.8168
Epoch 051/120 | TrainLoss=0.3993 (Cls=0.3725, Cont=5.3580) | Val AUC=0.9034 AUPR=0.8628 F1=0.7918 ACC=0.8118
Epoch 052/120 | TrainLoss=0.4048 (Cls=0.3780, Cont=5.3591) | Val AUC=0.9039 AUPR=0.8638 F1=0.7935 ACC=0.8141
Epoch 053/120 | TrainLoss=0.4001 (Cls=0.3734, Cont=5.3505) | Val AUC=0.9041 AUPR=0.8642 F1=0.7930 ACC=0.8208
Epoch 054/120 | TrainLoss=0.3995 (Cls=0.3727, Cont=5.3462) | Val AUC=0.9054 AUPR=0.8661 F1=0.7936 ACC=0.8201
Epoch 055/120 | TrainLoss=0.3983 (Cls=0.3716, Cont=5.3432) | Val AUC=0.9077 AUPR=0.8677 F1=0.7991 ACC=0.8289
Epoch 056/120 | TrainLoss=0.3970 (Cls=0.3702, Cont=5.3606) | Val AUC=0.9088 AUPR=0.8686 F1=0.8010 ACC=0.8266
Epoch 057/120 | TrainLoss=0.3973 (Cls=0.3706, Cont=5.3442) | Val AUC=0.9105 AUPR=0.8726 F1=0.8025 ACC=0.8328
Epoch 058/120 | TrainLoss=0.3954 (Cls=0.3686, Cont=5.3532) | Val AUC=0.9118 AUPR=0.8749 F1=0.8040 ACC=0.8331
Epoch 059/120 | TrainLoss=0.3947 (Cls=0.3678, Cont=5.3605) | Val AUC=0.9120 AUPR=0.8751 F1=0.8037 ACC=0.8267
Epoch 060/120 | TrainLoss=0.3935 (Cls=0.3668, Cont=5.3426) | Val AUC=0.9116 AUPR=0.8743 F1=0.8024 ACC=0.8309
Epoch 061/120 | TrainLoss=0.3931 (Cls=0.3664, Cont=5.3366) | Val AUC=0.9117 AUPR=0.8743 F1=0.8021 ACC=0.8310
Epoch 062/120 | TrainLoss=0.3941 (Cls=0.3674, Cont=5.3498) | Val AUC=0.9135 AUPR=0.8770 F1=0.8035 ACC=0.8279
Epoch 063/120 | TrainLoss=0.3934 (Cls=0.3666, Cont=5.3555) | Val AUC=0.9138 AUPR=0.8776 F1=0.8057 ACC=0.8273
Epoch 064/120 | TrainLoss=0.3964 (Cls=0.3696, Cont=5.3515) | Val AUC=0.9138 AUPR=0.8782 F1=0.8055 ACC=0.8264
Epoch 065/120 | TrainLoss=0.3933 (Cls=0.3666, Cont=5.3383) | Val AUC=0.9131 AUPR=0.8777 F1=0.8040 ACC=0.8329
Epoch 066/120 | TrainLoss=0.3919 (Cls=0.3652, Cont=5.3403) | Val AUC=0.9133 AUPR=0.8782 F1=0.8050 ACC=0.8304
Epoch 067/120 | TrainLoss=0.3964 (Cls=0.3697, Cont=5.3421) | Val AUC=0.9145 AUPR=0.8797 F1=0.8077 ACC=0.8344
Epoch 068/120 | TrainLoss=0.3918 (Cls=0.3650, Cont=5.3468) | Val AUC=0.9147 AUPR=0.8798 F1=0.8083 ACC=0.8322
Epoch 069/120 | TrainLoss=0.3934 (Cls=0.3667, Cont=5.3375) | Val AUC=0.9145 AUPR=0.8791 F1=0.8068 ACC=0.8320
Epoch 070/120 | TrainLoss=0.3921 (Cls=0.3653, Cont=5.3591) | Val AUC=0.9154 AUPR=0.8806 F1=0.8073 ACC=0.8353
Epoch 071/120 | TrainLoss=0.3890 (Cls=0.3623, Cont=5.3443) | Val AUC=0.9159 AUPR=0.8812 F1=0.8089 ACC=0.8328
Epoch 072/120 | TrainLoss=0.3909 (Cls=0.3642, Cont=5.3407) | Val AUC=0.9161 AUPR=0.8817 F1=0.8093 ACC=0.8345
Epoch 073/120 | TrainLoss=0.3892 (Cls=0.3625, Cont=5.3382) | Val AUC=0.9163 AUPR=0.8824 F1=0.8087 ACC=0.8343
Epoch 074/120 | TrainLoss=0.3895 (Cls=0.3627, Cont=5.3471) | Val AUC=0.9165 AUPR=0.8822 F1=0.8102 ACC=0.8391
Epoch 075/120 | TrainLoss=0.3890 (Cls=0.3623, Cont=5.3411) | Val AUC=0.9165 AUPR=0.8814 F1=0.8100 ACC=0.8376
Epoch 076/120 | TrainLoss=0.3858 (Cls=0.3590, Cont=5.3477) | Val AUC=0.9165 AUPR=0.8810 F1=0.8103 ACC=0.8348
Epoch 077/120 | TrainLoss=0.3884 (Cls=0.3617, Cont=5.3445) | Val AUC=0.9169 AUPR=0.8815 F1=0.8094 ACC=0.8338
Epoch 078/120 | TrainLoss=0.3863 (Cls=0.3596, Cont=5.3440) | Val AUC=0.9170 AUPR=0.8826 F1=0.8097 ACC=0.8342
Epoch 079/120 | TrainLoss=0.3865 (Cls=0.3598, Cont=5.3275) | Val AUC=0.9170 AUPR=0.8831 F1=0.8076 ACC=0.8317
Epoch 080/120 | TrainLoss=0.3868 (Cls=0.3602, Cont=5.3312) | Val AUC=0.9169 AUPR=0.8828 F1=0.8079 ACC=0.8383
Epoch 081/120 | TrainLoss=0.3855 (Cls=0.3587, Cont=5.3545) | Val AUC=0.9165 AUPR=0.8820 F1=0.8077 ACC=0.8350
Epoch 082/120 | TrainLoss=0.3834 (Cls=0.3567, Cont=5.3406) | Val AUC=0.9164 AUPR=0.8816 F1=0.8072 ACC=0.8346
Epoch 083/120 | TrainLoss=0.3850 (Cls=0.3582, Cont=5.3518) | Val AUC=0.9164 AUPR=0.8818 F1=0.8075 ACC=0.8329
Epoch 084/120 | TrainLoss=0.3845 (Cls=0.3578, Cont=5.3405) | Val AUC=0.9166 AUPR=0.8823 F1=0.8072 ACC=0.8362
Epoch 085/120 | TrainLoss=0.3848 (Cls=0.3580, Cont=5.3435) | Val AUC=0.9169 AUPR=0.8825 F1=0.8076 ACC=0.8344
Epoch 086/120 | TrainLoss=0.3840 (Cls=0.3574, Cont=5.3297) | Val AUC=0.9171 AUPR=0.8824 F1=0.8080 ACC=0.8342
Epoch 087/120 | TrainLoss=0.3833 (Cls=0.3566, Cont=5.3381) | Val AUC=0.9175 AUPR=0.8828 F1=0.8101 ACC=0.8374
Epoch 088/120 | TrainLoss=0.3837 (Cls=0.3570, Cont=5.3376) | Val AUC=0.9181 AUPR=0.8841 F1=0.8110 ACC=0.8390
Epoch 089/120 | TrainLoss=0.3824 (Cls=0.3557, Cont=5.3422) | Val AUC=0.9184 AUPR=0.8849 F1=0.8094 ACC=0.8346
Epoch 090/120 | TrainLoss=0.3833 (Cls=0.3566, Cont=5.3388) | Val AUC=0.9187 AUPR=0.8856 F1=0.8099 ACC=0.8388
Epoch 091/120 | TrainLoss=0.3831 (Cls=0.3564, Cont=5.3303) | Val AUC=0.9185 AUPR=0.8853 F1=0.8103 ACC=0.8342
Epoch 092/120 | TrainLoss=0.3830 (Cls=0.3562, Cont=5.3526) | Val AUC=0.9178 AUPR=0.8842 F1=0.8103 ACC=0.8348
Epoch 093/120 | TrainLoss=0.3812 (Cls=0.3544, Cont=5.3463) | Val AUC=0.9171 AUPR=0.8831 F1=0.8087 ACC=0.8332
Epoch 094/120 | TrainLoss=0.3822 (Cls=0.3556, Cont=5.3351) | Val AUC=0.9175 AUPR=0.8838 F1=0.8087 ACC=0.8361
Epoch 095/120 | TrainLoss=0.3807 (Cls=0.3541, Cont=5.3293) | Val AUC=0.9174 AUPR=0.8839 F1=0.8083 ACC=0.8342
Epoch 096/120 | TrainLoss=0.3818 (Cls=0.3551, Cont=5.3501) | Val AUC=0.9175 AUPR=0.8841 F1=0.8089 ACC=0.8336
Epoch 097/120 | TrainLoss=0.3815 (Cls=0.3548, Cont=5.3412) | Val AUC=0.9176 AUPR=0.8840 F1=0.8089 ACC=0.8336
Epoch 098/120 | TrainLoss=0.3817 (Cls=0.3550, Cont=5.3425) | Val AUC=0.9179 AUPR=0.8844 F1=0.8092 ACC=0.8348
Epoch 099/120 | TrainLoss=0.3798 (Cls=0.3532, Cont=5.3309) | Val AUC=0.9184 AUPR=0.8852 F1=0.8099 ACC=0.8390
Epoch 100/120 | TrainLoss=0.3829 (Cls=0.3562, Cont=5.3472) | Val AUC=0.9190 AUPR=0.8862 F1=0.8107 ACC=0.8417
Epoch 101/120 | TrainLoss=0.3813 (Cls=0.3546, Cont=5.3283) | Val AUC=0.9191 AUPR=0.8866 F1=0.8112 ACC=0.8424
Epoch 102/120 | TrainLoss=0.3802 (Cls=0.3536, Cont=5.3282) | Val AUC=0.9191 AUPR=0.8869 F1=0.8123 ACC=0.8406
Epoch 103/120 | TrainLoss=0.3792 (Cls=0.3526, Cont=5.3275) | Val AUC=0.9191 AUPR=0.8872 F1=0.8092 ACC=0.8409
Epoch 104/120 | TrainLoss=0.3792 (Cls=0.3524, Cont=5.3544) | Val AUC=0.9189 AUPR=0.8872 F1=0.8084 ACC=0.8375
Epoch 105/120 | TrainLoss=0.3805 (Cls=0.3538, Cont=5.3431) | Val AUC=0.9191 AUPR=0.8873 F1=0.8085 ACC=0.8380
Epoch 106/120 | TrainLoss=0.3781 (Cls=0.3514, Cont=5.3436) | Val AUC=0.9191 AUPR=0.8871 F1=0.8085 ACC=0.8357
Epoch 107/120 | TrainLoss=0.3803 (Cls=0.3536, Cont=5.3392) | Val AUC=0.9192 AUPR=0.8869 F1=0.8092 ACC=0.8385
Epoch 108/120 | TrainLoss=0.3792 (Cls=0.3525, Cont=5.3291) | Val AUC=0.9190 AUPR=0.8863 F1=0.8102 ACC=0.8385
Epoch 109/120 | TrainLoss=0.3789 (Cls=0.3522, Cont=5.3485) | Val AUC=0.9190 AUPR=0.8866 F1=0.8079 ACC=0.8362
Epoch 110/120 | TrainLoss=0.3793 (Cls=0.3525, Cont=5.3425) | Val AUC=0.9189 AUPR=0.8866 F1=0.8090 ACC=0.8379
Epoch 111/120 | TrainLoss=0.3778 (Cls=0.3511, Cont=5.3407) | Val AUC=0.9190 AUPR=0.8867 F1=0.8101 ACC=0.8386
Epoch 112/120 | TrainLoss=0.3791 (Cls=0.3525, Cont=5.3302) | Val AUC=0.9191 AUPR=0.8868 F1=0.8093 ACC=0.8349
Epoch 113/120 | TrainLoss=0.3771 (Cls=0.3504, Cont=5.3277) | Val AUC=0.9187 AUPR=0.8865 F1=0.8093 ACC=0.8338
Epoch 114/120 | TrainLoss=0.3801 (Cls=0.3535, Cont=5.3230) | Val AUC=0.9190 AUPR=0.8868 F1=0.8097 ACC=0.8362
Epoch 115/120 | TrainLoss=0.3780 (Cls=0.3513, Cont=5.3326) | Val AUC=0.9193 AUPR=0.8872 F1=0.8105 ACC=0.8399
Epoch 116/120 | TrainLoss=0.3792 (Cls=0.3525, Cont=5.3410) | Val AUC=0.9193 AUPR=0.8872 F1=0.8113 ACC=0.8407
Epoch 117/120 | TrainLoss=0.3775 (Cls=0.3508, Cont=5.3381) | Val AUC=0.9192 AUPR=0.8868 F1=0.8134 ACC=0.8399
Epoch 118/120 | TrainLoss=0.3777 (Cls=0.3510, Cont=5.3436) | Val AUC=0.9193 AUPR=0.8871 F1=0.8134 ACC=0.8388
Epoch 119/120 | TrainLoss=0.3764 (Cls=0.3498, Cont=5.3310) | Val AUC=0.9197 AUPR=0.8878 F1=0.8148 ACC=0.8391
Epoch 120/120 | TrainLoss=0.3754 (Cls=0.3487, Cont=5.3346) | Val AUC=0.9200 AUPR=0.8885 F1=0.8133 ACC=0.8402
Fold 1 complete | Best Val AUC=0.9200 | Test AUC=0.9181 AUPR=0.8891 F1=0.8074 ACC=0.8351 | FoldTime=301.07s

================================================================================
Fold 2/5 (fold_id=2)
================================================================================
Epoch 001/120 | TrainLoss=0.7009 (Cls=0.7009, Cont=0.0000) | Val AUC=0.5611 AUPR=0.4563 F1=0.5806 ACC=0.4234
Epoch 002/120 | TrainLoss=0.6768 (Cls=0.6768, Cont=0.0000) | Val AUC=0.5794 AUPR=0.4768 F1=0.5823 ACC=0.4234
Epoch 003/120 | TrainLoss=0.6665 (Cls=0.6665, Cont=0.0000) | Val AUC=0.5832 AUPR=0.4817 F1=0.5820 ACC=0.4235
Epoch 004/120 | TrainLoss=0.6606 (Cls=0.6606, Cont=0.0000) | Val AUC=0.5836 AUPR=0.4842 F1=0.5820 ACC=0.4385
Epoch 005/120 | TrainLoss=0.6497 (Cls=0.6497, Cont=0.0000) | Val AUC=0.5861 AUPR=0.4877 F1=0.5828 ACC=0.4451
Epoch 006/120 | TrainLoss=0.6361 (Cls=0.6361, Cont=0.0000) | Val AUC=0.5883 AUPR=0.4909 F1=0.5842 ACC=0.4658
Epoch 007/120 | TrainLoss=0.6172 (Cls=0.6172, Cont=0.0000) | Val AUC=0.5912 AUPR=0.4941 F1=0.5865 ACC=0.4677
Epoch 008/120 | TrainLoss=0.5977 (Cls=0.5977, Cont=0.0000) | Val AUC=0.5926 AUPR=0.4944 F1=0.5875 ACC=0.4783
Epoch 009/120 | TrainLoss=0.5669 (Cls=0.5669, Cont=0.0000) | Val AUC=0.5941 AUPR=0.4954 F1=0.5889 ACC=0.4709
Epoch 010/120 | TrainLoss=0.5419 (Cls=0.5419, Cont=0.0000) | Val AUC=0.5943 AUPR=0.4954 F1=0.5895 ACC=0.4792
Epoch 011/120 | TrainLoss=0.5466 (Cls=0.5153, Cont=6.2535) | Val AUC=0.5968 AUPR=0.4962 F1=0.5897 ACC=0.4678
Epoch 012/120 | TrainLoss=0.5364 (Cls=0.5087, Cont=5.5399) | Val AUC=0.5996 AUPR=0.4996 F1=0.5909 ACC=0.4769
Epoch 013/120 | TrainLoss=0.5351 (Cls=0.5078, Cont=5.4641) | Val AUC=0.6056 AUPR=0.5027 F1=0.5918 ACC=0.4795
Epoch 014/120 | TrainLoss=0.4986 (Cls=0.4714, Cont=5.4458) | Val AUC=0.6105 AUPR=0.5046 F1=0.5919 ACC=0.4781
Epoch 015/120 | TrainLoss=0.4900 (Cls=0.4628, Cont=5.4388) | Val AUC=0.6067 AUPR=0.5017 F1=0.5889 ACC=0.4578
Epoch 016/120 | TrainLoss=0.4721 (Cls=0.4449, Cont=5.4338) | Val AUC=0.6106 AUPR=0.5017 F1=0.5906 ACC=0.4666
Epoch 017/120 | TrainLoss=0.4701 (Cls=0.4430, Cont=5.4266) | Val AUC=0.6196 AUPR=0.5022 F1=0.5927 ACC=0.4746
Epoch 018/120 | TrainLoss=0.4600 (Cls=0.4329, Cont=5.4217) | Val AUC=0.6250 AUPR=0.5075 F1=0.5932 ACC=0.5058
Epoch 019/120 | TrainLoss=0.4491 (Cls=0.4221, Cont=5.4141) | Val AUC=0.6241 AUPR=0.5091 F1=0.5891 ACC=0.5012
Epoch 020/120 | TrainLoss=0.4501 (Cls=0.4230, Cont=5.4082) | Val AUC=0.6240 AUPR=0.5008 F1=0.5932 ACC=0.5164
Epoch 021/120 | TrainLoss=0.4525 (Cls=0.4254, Cont=5.4116) | Val AUC=0.6476 AUPR=0.5143 F1=0.6083 ACC=0.5238
Epoch 022/120 | TrainLoss=0.4588 (Cls=0.4319, Cont=5.3907) | Val AUC=0.6546 AUPR=0.5205 F1=0.6123 ACC=0.5434
Epoch 023/120 | TrainLoss=0.4512 (Cls=0.4242, Cont=5.3883) | Val AUC=0.6672 AUPR=0.5330 F1=0.6181 ACC=0.5505
Epoch 024/120 | TrainLoss=0.4397 (Cls=0.4128, Cont=5.3707) | Val AUC=0.6948 AUPR=0.5619 F1=0.6302 ACC=0.5970
Epoch 025/120 | TrainLoss=0.4392 (Cls=0.4123, Cont=5.3743) | Val AUC=0.7151 AUPR=0.5842 F1=0.6391 ACC=0.6067
Epoch 026/120 | TrainLoss=0.4359 (Cls=0.4090, Cont=5.3783) | Val AUC=0.7334 AUPR=0.6070 F1=0.6494 ACC=0.6432
Epoch 027/120 | TrainLoss=0.4291 (Cls=0.4022, Cont=5.3702) | Val AUC=0.7415 AUPR=0.6216 F1=0.6557 ACC=0.6586
Epoch 028/120 | TrainLoss=0.4330 (Cls=0.4060, Cont=5.3843) | Val AUC=0.7553 AUPR=0.6381 F1=0.6649 ACC=0.6734
Epoch 029/120 | TrainLoss=0.4287 (Cls=0.4019, Cont=5.3650) | Val AUC=0.7768 AUPR=0.6704 F1=0.6765 ACC=0.6740
Epoch 030/120 | TrainLoss=0.4232 (Cls=0.3964, Cont=5.3542) | Val AUC=0.7966 AUPR=0.7029 F1=0.6866 ACC=0.7136
Epoch 031/120 | TrainLoss=0.4222 (Cls=0.3953, Cont=5.3674) | Val AUC=0.8101 AUPR=0.7275 F1=0.6986 ACC=0.7032
Epoch 032/120 | TrainLoss=0.4240 (Cls=0.3972, Cont=5.3659) | Val AUC=0.8202 AUPR=0.7469 F1=0.7036 ACC=0.7315
Epoch 033/120 | TrainLoss=0.4179 (Cls=0.3911, Cont=5.3649) | Val AUC=0.8341 AUPR=0.7677 F1=0.7145 ACC=0.7523
Epoch 034/120 | TrainLoss=0.4176 (Cls=0.3908, Cont=5.3661) | Val AUC=0.8553 AUPR=0.8000 F1=0.7382 ACC=0.7676
Epoch 035/120 | TrainLoss=0.4150 (Cls=0.3882, Cont=5.3526) | Val AUC=0.8713 AUPR=0.8228 F1=0.7580 ACC=0.7849
Epoch 036/120 | TrainLoss=0.4153 (Cls=0.3885, Cont=5.3608) | Val AUC=0.8802 AUPR=0.8385 F1=0.7687 ACC=0.8007
Epoch 037/120 | TrainLoss=0.4139 (Cls=0.3871, Cont=5.3547) | Val AUC=0.8849 AUPR=0.8450 F1=0.7757 ACC=0.8031
Epoch 038/120 | TrainLoss=0.4113 (Cls=0.3844, Cont=5.3669) | Val AUC=0.8888 AUPR=0.8508 F1=0.7802 ACC=0.8095
Epoch 039/120 | TrainLoss=0.4097 (Cls=0.3829, Cont=5.3600) | Val AUC=0.8930 AUPR=0.8562 F1=0.7832 ACC=0.8120
Epoch 040/120 | TrainLoss=0.4095 (Cls=0.3827, Cont=5.3568) | Val AUC=0.8980 AUPR=0.8631 F1=0.7859 ACC=0.8183
Epoch 041/120 | TrainLoss=0.4100 (Cls=0.3832, Cont=5.3607) | Val AUC=0.8997 AUPR=0.8649 F1=0.7873 ACC=0.8156
Epoch 042/120 | TrainLoss=0.4090 (Cls=0.3822, Cont=5.3516) | Val AUC=0.9005 AUPR=0.8652 F1=0.7864 ACC=0.8176
Epoch 043/120 | TrainLoss=0.4057 (Cls=0.3789, Cont=5.3680) | Val AUC=0.9006 AUPR=0.8648 F1=0.7872 ACC=0.8206
Epoch 044/120 | TrainLoss=0.4061 (Cls=0.3793, Cont=5.3579) | Val AUC=0.9037 AUPR=0.8688 F1=0.7916 ACC=0.8223
Epoch 045/120 | TrainLoss=0.4038 (Cls=0.3770, Cont=5.3593) | Val AUC=0.9046 AUPR=0.8690 F1=0.7940 ACC=0.8192
Epoch 046/120 | TrainLoss=0.4011 (Cls=0.3743, Cont=5.3536) | Val AUC=0.9052 AUPR=0.8690 F1=0.7958 ACC=0.8222
Epoch 047/120 | TrainLoss=0.4025 (Cls=0.3757, Cont=5.3494) | Val AUC=0.9069 AUPR=0.8708 F1=0.7955 ACC=0.8205
Epoch 048/120 | TrainLoss=0.4011 (Cls=0.3743, Cont=5.3499) | Val AUC=0.9077 AUPR=0.8728 F1=0.7967 ACC=0.8300
Epoch 049/120 | TrainLoss=0.4043 (Cls=0.3775, Cont=5.3431) | Val AUC=0.9083 AUPR=0.8744 F1=0.7947 ACC=0.8198
Epoch 050/120 | TrainLoss=0.3988 (Cls=0.3720, Cont=5.3509) | Val AUC=0.9073 AUPR=0.8730 F1=0.7919 ACC=0.8152
Epoch 051/120 | TrainLoss=0.3999 (Cls=0.3732, Cont=5.3397) | Val AUC=0.9079 AUPR=0.8735 F1=0.7915 ACC=0.8170
Epoch 052/120 | TrainLoss=0.3971 (Cls=0.3703, Cont=5.3472) | Val AUC=0.9088 AUPR=0.8746 F1=0.7938 ACC=0.8203
Epoch 053/120 | TrainLoss=0.3979 (Cls=0.3711, Cont=5.3619) | Val AUC=0.9103 AUPR=0.8761 F1=0.7979 ACC=0.8246
Epoch 054/120 | TrainLoss=0.3957 (Cls=0.3690, Cont=5.3556) | Val AUC=0.9107 AUPR=0.8765 F1=0.7995 ACC=0.8270
Epoch 055/120 | TrainLoss=0.3962 (Cls=0.3696, Cont=5.3329) | Val AUC=0.9111 AUPR=0.8769 F1=0.8006 ACC=0.8335
Epoch 056/120 | TrainLoss=0.3950 (Cls=0.3682, Cont=5.3555) | Val AUC=0.9105 AUPR=0.8755 F1=0.8006 ACC=0.8291
Epoch 057/120 | TrainLoss=0.3943 (Cls=0.3676, Cont=5.3507) | Val AUC=0.9102 AUPR=0.8751 F1=0.7982 ACC=0.8204
Epoch 058/120 | TrainLoss=0.3957 (Cls=0.3689, Cont=5.3619) | Val AUC=0.9111 AUPR=0.8772 F1=0.7976 ACC=0.8298
Epoch 059/120 | TrainLoss=0.3934 (Cls=0.3667, Cont=5.3472) | Val AUC=0.9112 AUPR=0.8777 F1=0.7978 ACC=0.8197
Epoch 060/120 | TrainLoss=0.3920 (Cls=0.3652, Cont=5.3698) | Val AUC=0.9106 AUPR=0.8772 F1=0.7980 ACC=0.8229
Epoch 061/120 | TrainLoss=0.3930 (Cls=0.3662, Cont=5.3480) | Val AUC=0.9110 AUPR=0.8780 F1=0.7987 ACC=0.8253
Epoch 062/120 | TrainLoss=0.3905 (Cls=0.3639, Cont=5.3361) | Val AUC=0.9116 AUPR=0.8792 F1=0.7967 ACC=0.8226
Epoch 063/120 | TrainLoss=0.3946 (Cls=0.3679, Cont=5.3511) | Val AUC=0.9122 AUPR=0.8801 F1=0.7983 ACC=0.8187
Epoch 064/120 | TrainLoss=0.3920 (Cls=0.3652, Cont=5.3564) | Val AUC=0.9128 AUPR=0.8806 F1=0.8011 ACC=0.8238
Epoch 065/120 | TrainLoss=0.3899 (Cls=0.3632, Cont=5.3467) | Val AUC=0.9131 AUPR=0.8807 F1=0.8015 ACC=0.8217
Epoch 066/120 | TrainLoss=0.3905 (Cls=0.3638, Cont=5.3429) | Val AUC=0.9140 AUPR=0.8815 F1=0.8042 ACC=0.8279
Epoch 067/120 | TrainLoss=0.3888 (Cls=0.3621, Cont=5.3399) | Val AUC=0.9141 AUPR=0.8815 F1=0.8040 ACC=0.8289
Epoch 068/120 | TrainLoss=0.3887 (Cls=0.3620, Cont=5.3407) | Val AUC=0.9136 AUPR=0.8809 F1=0.8043 ACC=0.8317
Epoch 069/120 | TrainLoss=0.3881 (Cls=0.3613, Cont=5.3451) | Val AUC=0.9130 AUPR=0.8806 F1=0.8021 ACC=0.8247
Epoch 070/120 | TrainLoss=0.3894 (Cls=0.3627, Cont=5.3379) | Val AUC=0.9129 AUPR=0.8803 F1=0.8023 ACC=0.8292
Epoch 071/120 | TrainLoss=0.3877 (Cls=0.3610, Cont=5.3425) | Val AUC=0.9133 AUPR=0.8804 F1=0.8036 ACC=0.8289
Epoch 072/120 | TrainLoss=0.3862 (Cls=0.3595, Cont=5.3422) | Val AUC=0.9136 AUPR=0.8804 F1=0.8041 ACC=0.8300
Epoch 073/120 | TrainLoss=0.3868 (Cls=0.3601, Cont=5.3407) | Val AUC=0.9135 AUPR=0.8802 F1=0.8019 ACC=0.8285
Epoch 074/120 | TrainLoss=0.3883 (Cls=0.3616, Cont=5.3423) | Val AUC=0.9139 AUPR=0.8812 F1=0.8023 ACC=0.8289
Epoch 075/120 | TrainLoss=0.3876 (Cls=0.3609, Cont=5.3502) | Val AUC=0.9143 AUPR=0.8822 F1=0.8009 ACC=0.8300
Epoch 076/120 | TrainLoss=0.3865 (Cls=0.3598, Cont=5.3384) | Val AUC=0.9138 AUPR=0.8820 F1=0.7997 ACC=0.8293
Epoch 077/120 | TrainLoss=0.3878 (Cls=0.3612, Cont=5.3310) | Val AUC=0.9139 AUPR=0.8819 F1=0.8019 ACC=0.8273
Epoch 078/120 | TrainLoss=0.3867 (Cls=0.3599, Cont=5.3427) | Val AUC=0.9140 AUPR=0.8821 F1=0.8034 ACC=0.8291
Epoch 079/120 | TrainLoss=0.3870 (Cls=0.3602, Cont=5.3479) | Val AUC=0.9144 AUPR=0.8827 F1=0.8020 ACC=0.8321
Epoch 080/120 | TrainLoss=0.3851 (Cls=0.3584, Cont=5.3531) | Val AUC=0.9137 AUPR=0.8814 F1=0.8010 ACC=0.8253
Epoch 081/120 | TrainLoss=0.3845 (Cls=0.3578, Cont=5.3359) | Val AUC=0.9136 AUPR=0.8809 F1=0.8011 ACC=0.8222
Epoch 082/120 | TrainLoss=0.3842 (Cls=0.3576, Cont=5.3351) | Val AUC=0.9135 AUPR=0.8808 F1=0.8026 ACC=0.8303
Epoch 083/120 | TrainLoss=0.3854 (Cls=0.3587, Cont=5.3436) | Val AUC=0.9139 AUPR=0.8811 F1=0.8030 ACC=0.8275
Epoch 084/120 | TrainLoss=0.3840 (Cls=0.3573, Cont=5.3448) | Val AUC=0.9148 AUPR=0.8827 F1=0.8049 ACC=0.8300
Epoch 085/120 | TrainLoss=0.3840 (Cls=0.3572, Cont=5.3523) | Val AUC=0.9152 AUPR=0.8835 F1=0.8049 ACC=0.8307
Epoch 086/120 | TrainLoss=0.3829 (Cls=0.3563, Cont=5.3327) | Val AUC=0.9158 AUPR=0.8848 F1=0.8056 ACC=0.8311
Epoch 087/120 | TrainLoss=0.3824 (Cls=0.3557, Cont=5.3408) | Val AUC=0.9159 AUPR=0.8853 F1=0.8051 ACC=0.8319
Epoch 088/120 | TrainLoss=0.3814 (Cls=0.3547, Cont=5.3411) | Val AUC=0.9156 AUPR=0.8849 F1=0.8054 ACC=0.8327
Epoch 089/120 | TrainLoss=0.3826 (Cls=0.3559, Cont=5.3471) | Val AUC=0.9156 AUPR=0.8850 F1=0.8047 ACC=0.8315
Epoch 090/120 | TrainLoss=0.3821 (Cls=0.3554, Cont=5.3414) | Val AUC=0.9156 AUPR=0.8848 F1=0.8029 ACC=0.8298
Epoch 091/120 | TrainLoss=0.3814 (Cls=0.3547, Cont=5.3480) | Val AUC=0.9156 AUPR=0.8846 F1=0.8040 ACC=0.8309
Epoch 092/120 | TrainLoss=0.3806 (Cls=0.3539, Cont=5.3328) | Val AUC=0.9155 AUPR=0.8844 F1=0.8032 ACC=0.8282
Epoch 093/120 | TrainLoss=0.3817 (Cls=0.3549, Cont=5.3514) | Val AUC=0.9150 AUPR=0.8838 F1=0.8024 ACC=0.8283
Epoch 094/120 | TrainLoss=0.3815 (Cls=0.3548, Cont=5.3335) | Val AUC=0.9151 AUPR=0.8842 F1=0.8017 ACC=0.8309
Epoch 095/120 | TrainLoss=0.3807 (Cls=0.3540, Cont=5.3411) | Val AUC=0.9160 AUPR=0.8855 F1=0.8033 ACC=0.8350
Epoch 096/120 | TrainLoss=0.3793 (Cls=0.3527, Cont=5.3356) | Val AUC=0.9162 AUPR=0.8858 F1=0.8063 ACC=0.8381
Epoch 097/120 | TrainLoss=0.3794 (Cls=0.3527, Cont=5.3344) | Val AUC=0.9161 AUPR=0.8859 F1=0.8086 ACC=0.8398
Epoch 098/120 | TrainLoss=0.3783 (Cls=0.3516, Cont=5.3464) | Val AUC=0.9160 AUPR=0.8857 F1=0.8073 ACC=0.8382
Epoch 099/120 | TrainLoss=0.3787 (Cls=0.3520, Cont=5.3455) | Val AUC=0.9161 AUPR=0.8857 F1=0.8059 ACC=0.8374
Epoch 100/120 | TrainLoss=0.3790 (Cls=0.3524, Cont=5.3236) | Val AUC=0.9167 AUPR=0.8864 F1=0.8063 ACC=0.8352
Epoch 101/120 | TrainLoss=0.3779 (Cls=0.3512, Cont=5.3393) | Val AUC=0.9172 AUPR=0.8872 F1=0.8083 ACC=0.8369
Epoch 102/120 | TrainLoss=0.3782 (Cls=0.3515, Cont=5.3406) | Val AUC=0.9175 AUPR=0.8877 F1=0.8099 ACC=0.8385
Epoch 103/120 | TrainLoss=0.3779 (Cls=0.3512, Cont=5.3434) | Val AUC=0.9173 AUPR=0.8878 F1=0.8088 ACC=0.8379
Epoch 104/120 | TrainLoss=0.3764 (Cls=0.3497, Cont=5.3448) | Val AUC=0.9169 AUPR=0.8875 F1=0.8069 ACC=0.8334
Epoch 105/120 | TrainLoss=0.3780 (Cls=0.3513, Cont=5.3435) | Val AUC=0.9172 AUPR=0.8880 F1=0.8083 ACC=0.8392
Epoch 106/120 | TrainLoss=0.3763 (Cls=0.3496, Cont=5.3473) | Val AUC=0.9173 AUPR=0.8877 F1=0.8072 ACC=0.8344
Epoch 107/120 | TrainLoss=0.3759 (Cls=0.3492, Cont=5.3339) | Val AUC=0.9172 AUPR=0.8872 F1=0.8061 ACC=0.8354
Epoch 108/120 | TrainLoss=0.3767 (Cls=0.3499, Cont=5.3471) | Val AUC=0.9173 AUPR=0.8871 F1=0.8054 ACC=0.8354
Epoch 109/120 | TrainLoss=0.3765 (Cls=0.3499, Cont=5.3346) | Val AUC=0.9177 AUPR=0.8878 F1=0.8070 ACC=0.8342
Epoch 110/120 | TrainLoss=0.3756 (Cls=0.3490, Cont=5.3381) | Val AUC=0.9181 AUPR=0.8885 F1=0.8065 ACC=0.8367
Epoch 111/120 | TrainLoss=0.3762 (Cls=0.3496, Cont=5.3381) | Val AUC=0.9183 AUPR=0.8888 F1=0.8075 ACC=0.8374
Epoch 112/120 | TrainLoss=0.3746 (Cls=0.3479, Cont=5.3368) | Val AUC=0.9183 AUPR=0.8888 F1=0.8077 ACC=0.8379
Epoch 113/120 | TrainLoss=0.3754 (Cls=0.3487, Cont=5.3367) | Val AUC=0.9185 AUPR=0.8893 F1=0.8067 ACC=0.8388
Epoch 114/120 | TrainLoss=0.3748 (Cls=0.3481, Cont=5.3390) | Val AUC=0.9192 AUPR=0.8903 F1=0.8087 ACC=0.8366
Epoch 115/120 | TrainLoss=0.3734 (Cls=0.3467, Cont=5.3362) | Val AUC=0.9190 AUPR=0.8899 F1=0.8077 ACC=0.8354
Epoch 116/120 | TrainLoss=0.3733 (Cls=0.3466, Cont=5.3371) | Val AUC=0.9192 AUPR=0.8900 F1=0.8079 ACC=0.8311
Epoch 117/120 | TrainLoss=0.3745 (Cls=0.3477, Cont=5.3473) | Val AUC=0.9198 AUPR=0.8907 F1=0.8102 ACC=0.8360
Epoch 118/120 | TrainLoss=0.3747 (Cls=0.3481, Cont=5.3219) | Val AUC=0.9196 AUPR=0.8905 F1=0.8094 ACC=0.8336
Epoch 119/120 | TrainLoss=0.3716 (Cls=0.3450, Cont=5.3222) | Val AUC=0.9189 AUPR=0.8898 F1=0.8087 ACC=0.8389
Epoch 120/120 | TrainLoss=0.3712 (Cls=0.3445, Cont=5.3375) | Val AUC=0.9188 AUPR=0.8896 F1=0.8072 ACC=0.8357
Fold 2 complete | Best Val AUC=0.9198 | Test AUC=0.9201 AUPR=0.8892 F1=0.8095 ACC=0.8370 | FoldTime=298.40s

================================================================================
Fold 3/5 (fold_id=3)
================================================================================
Epoch 001/120 | TrainLoss=0.7203 (Cls=0.7203, Cont=0.0000) | Val AUC=0.5515 AUPR=0.4562 F1=0.5787 ACC=0.4079
Epoch 002/120 | TrainLoss=0.6758 (Cls=0.6758, Cont=0.0000) | Val AUC=0.5619 AUPR=0.4651 F1=0.5794 ACC=0.4175
Epoch 003/120 | TrainLoss=0.6653 (Cls=0.6653, Cont=0.0000) | Val AUC=0.5640 AUPR=0.4681 F1=0.5791 ACC=0.4097
Epoch 004/120 | TrainLoss=0.6578 (Cls=0.6578, Cont=0.0000) | Val AUC=0.5666 AUPR=0.4679 F1=0.5792 ACC=0.4140
Epoch 005/120 | TrainLoss=0.6498 (Cls=0.6498, Cont=0.0000) | Val AUC=0.5712 AUPR=0.4702 F1=0.5795 ACC=0.4128
Epoch 006/120 | TrainLoss=0.6323 (Cls=0.6323, Cont=0.0000) | Val AUC=0.5774 AUPR=0.4737 F1=0.5804 ACC=0.4179
Epoch 007/120 | TrainLoss=0.6153 (Cls=0.6153, Cont=0.0000) | Val AUC=0.5788 AUPR=0.4746 F1=0.5801 ACC=0.4631
Epoch 008/120 | TrainLoss=0.5950 (Cls=0.5950, Cont=0.0000) | Val AUC=0.5793 AUPR=0.4734 F1=0.5813 ACC=0.4579
Epoch 009/120 | TrainLoss=0.5740 (Cls=0.5740, Cont=0.0000) | Val AUC=0.5802 AUPR=0.4722 F1=0.5825 ACC=0.4586
Epoch 010/120 | TrainLoss=0.5476 (Cls=0.5476, Cont=0.0000) | Val AUC=0.5795 AUPR=0.4702 F1=0.5842 ACC=0.4372
Epoch 011/120 | TrainLoss=0.5620 (Cls=0.5304, Cont=6.3279) | Val AUC=0.5741 AUPR=0.4625 F1=0.5853 ACC=0.4421
Epoch 012/120 | TrainLoss=0.5437 (Cls=0.5160, Cont=5.5357) | Val AUC=0.5639 AUPR=0.4476 F1=0.5857 ACC=0.4501
Epoch 013/120 | TrainLoss=0.5279 (Cls=0.5006, Cont=5.4606) | Val AUC=0.5807 AUPR=0.4658 F1=0.5872 ACC=0.4603
Epoch 014/120 | TrainLoss=0.5030 (Cls=0.4758, Cont=5.4407) | Val AUC=0.5926 AUPR=0.4808 F1=0.5861 ACC=0.4448
Epoch 015/120 | TrainLoss=0.4947 (Cls=0.4675, Cont=5.4363) | Val AUC=0.5861 AUPR=0.4689 F1=0.5862 ACC=0.4491
Epoch 016/120 | TrainLoss=0.4922 (Cls=0.4650, Cont=5.4340) | Val AUC=0.5868 AUPR=0.4678 F1=0.5881 ACC=0.4533
Epoch 017/120 | TrainLoss=0.4807 (Cls=0.4535, Cont=5.4212) | Val AUC=0.5811 AUPR=0.4664 F1=0.5849 ACC=0.4707
Epoch 018/120 | TrainLoss=0.4721 (Cls=0.4450, Cont=5.4202) | Val AUC=0.6002 AUPR=0.4940 F1=0.5823 ACC=0.4401
Epoch 019/120 | TrainLoss=0.4655 (Cls=0.4384, Cont=5.4147) | Val AUC=0.6280 AUPR=0.5206 F1=0.5861 ACC=0.4783
Epoch 020/120 | TrainLoss=0.4584 (Cls=0.4314, Cont=5.4078) | Val AUC=0.6509 AUPR=0.5491 F1=0.5923 ACC=0.5053
Epoch 021/120 | TrainLoss=0.4547 (Cls=0.4277, Cont=5.4046) | Val AUC=0.6472 AUPR=0.5565 F1=0.5912 ACC=0.4832
Epoch 022/120 | TrainLoss=0.4524 (Cls=0.4254, Cont=5.3957) | Val AUC=0.6547 AUPR=0.5761 F1=0.5982 ACC=0.5266
Epoch 023/120 | TrainLoss=0.4435 (Cls=0.4166, Cont=5.3842) | Val AUC=0.6747 AUPR=0.5953 F1=0.6079 ACC=0.5685
Epoch 024/120 | TrainLoss=0.4431 (Cls=0.4162, Cont=5.3690) | Val AUC=0.6842 AUPR=0.6141 F1=0.6101 ACC=0.5566
Epoch 025/120 | TrainLoss=0.4405 (Cls=0.4136, Cont=5.3789) | Val AUC=0.6780 AUPR=0.6133 F1=0.6031 ACC=0.5315
Epoch 026/120 | TrainLoss=0.4361 (Cls=0.4092, Cont=5.3878) | Val AUC=0.6778 AUPR=0.6141 F1=0.6047 ACC=0.5267
Epoch 027/120 | TrainLoss=0.4332 (Cls=0.4063, Cont=5.3735) | Val AUC=0.6960 AUPR=0.6287 F1=0.6150 ACC=0.5707
Epoch 028/120 | TrainLoss=0.4324 (Cls=0.4055, Cont=5.3684) | Val AUC=0.7173 AUPR=0.6534 F1=0.6248 ACC=0.5947
Epoch 029/120 | TrainLoss=0.4347 (Cls=0.4078, Cont=5.3731) | Val AUC=0.7289 AUPR=0.6749 F1=0.6282 ACC=0.5954
Epoch 030/120 | TrainLoss=0.4317 (Cls=0.4049, Cont=5.3652) | Val AUC=0.7559 AUPR=0.7021 F1=0.6410 ACC=0.6697
Epoch 031/120 | TrainLoss=0.4295 (Cls=0.4026, Cont=5.3771) | Val AUC=0.7909 AUPR=0.7305 F1=0.6795 ACC=0.7124
Epoch 032/120 | TrainLoss=0.4265 (Cls=0.3996, Cont=5.3818) | Val AUC=0.8093 AUPR=0.7502 F1=0.6932 ACC=0.7370
Epoch 033/120 | TrainLoss=0.4276 (Cls=0.4008, Cont=5.3642) | Val AUC=0.8319 AUPR=0.7759 F1=0.7163 ACC=0.7537
Epoch 034/120 | TrainLoss=0.4208 (Cls=0.3939, Cont=5.3794) | Val AUC=0.8586 AUPR=0.8022 F1=0.7486 ACC=0.7764
Epoch 035/120 | TrainLoss=0.4221 (Cls=0.3953, Cont=5.3577) | Val AUC=0.8666 AUPR=0.8088 F1=0.7562 ACC=0.7873
Epoch 036/120 | TrainLoss=0.4193 (Cls=0.3925, Cont=5.3622) | Val AUC=0.8683 AUPR=0.8136 F1=0.7557 ACC=0.7930
Epoch 037/120 | TrainLoss=0.4196 (Cls=0.3928, Cont=5.3679) | Val AUC=0.8721 AUPR=0.8220 F1=0.7593 ACC=0.7965
Epoch 038/120 | TrainLoss=0.4176 (Cls=0.3907, Cont=5.3615) | Val AUC=0.8779 AUPR=0.8300 F1=0.7666 ACC=0.8020
Epoch 039/120 | TrainLoss=0.4175 (Cls=0.3907, Cont=5.3571) | Val AUC=0.8846 AUPR=0.8379 F1=0.7696 ACC=0.8024
Epoch 040/120 | TrainLoss=0.4154 (Cls=0.3886, Cont=5.3631) | Val AUC=0.8934 AUPR=0.8491 F1=0.7824 ACC=0.8087
Epoch 041/120 | TrainLoss=0.4163 (Cls=0.3895, Cont=5.3622) | Val AUC=0.9010 AUPR=0.8583 F1=0.7904 ACC=0.8144
Epoch 042/120 | TrainLoss=0.4101 (Cls=0.3833, Cont=5.3635) | Val AUC=0.9036 AUPR=0.8605 F1=0.7955 ACC=0.8230
Epoch 043/120 | TrainLoss=0.4112 (Cls=0.3844, Cont=5.3626) | Val AUC=0.9045 AUPR=0.8609 F1=0.7968 ACC=0.8254
Epoch 044/120 | TrainLoss=0.4110 (Cls=0.3841, Cont=5.3714) | Val AUC=0.9060 AUPR=0.8630 F1=0.7986 ACC=0.8305
Epoch 045/120 | TrainLoss=0.4109 (Cls=0.3841, Cont=5.3507) | Val AUC=0.9070 AUPR=0.8654 F1=0.7987 ACC=0.8294
Epoch 046/120 | TrainLoss=0.4085 (Cls=0.3817, Cont=5.3552) | Val AUC=0.9080 AUPR=0.8680 F1=0.7999 ACC=0.8289
Epoch 047/120 | TrainLoss=0.4090 (Cls=0.3823, Cont=5.3450) | Val AUC=0.9088 AUPR=0.8700 F1=0.7983 ACC=0.8255
Epoch 048/120 | TrainLoss=0.4052 (Cls=0.3785, Cont=5.3428) | Val AUC=0.9090 AUPR=0.8709 F1=0.7989 ACC=0.8311
Epoch 049/120 | TrainLoss=0.4080 (Cls=0.3812, Cont=5.3673) | Val AUC=0.9094 AUPR=0.8710 F1=0.8008 ACC=0.8316
Epoch 050/120 | TrainLoss=0.4043 (Cls=0.3776, Cont=5.3453) | Val AUC=0.9092 AUPR=0.8705 F1=0.7999 ACC=0.8290
Epoch 051/120 | TrainLoss=0.4051 (Cls=0.3783, Cont=5.3544) | Val AUC=0.9089 AUPR=0.8698 F1=0.8002 ACC=0.8271
Epoch 052/120 | TrainLoss=0.3996 (Cls=0.3729, Cont=5.3546) | Val AUC=0.9089 AUPR=0.8699 F1=0.8005 ACC=0.8264
Epoch 053/120 | TrainLoss=0.4019 (Cls=0.3751, Cont=5.3530) | Val AUC=0.9119 AUPR=0.8747 F1=0.8049 ACC=0.8320
Epoch 054/120 | TrainLoss=0.4007 (Cls=0.3739, Cont=5.3699) | Val AUC=0.9135 AUPR=0.8770 F1=0.8051 ACC=0.8292
Epoch 055/120 | TrainLoss=0.4004 (Cls=0.3737, Cont=5.3539) | Val AUC=0.9145 AUPR=0.8785 F1=0.8054 ACC=0.8287
Epoch 056/120 | TrainLoss=0.4019 (Cls=0.3751, Cont=5.3603) | Val AUC=0.9145 AUPR=0.8794 F1=0.8061 ACC=0.8332
Epoch 057/120 | TrainLoss=0.3974 (Cls=0.3706, Cont=5.3494) | Val AUC=0.9128 AUPR=0.8776 F1=0.8020 ACC=0.8261
Epoch 058/120 | TrainLoss=0.3965 (Cls=0.3698, Cont=5.3524) | Val AUC=0.9129 AUPR=0.8778 F1=0.8026 ACC=0.8306
Epoch 059/120 | TrainLoss=0.3980 (Cls=0.3713, Cont=5.3518) | Val AUC=0.9128 AUPR=0.8775 F1=0.8033 ACC=0.8286
Epoch 060/120 | TrainLoss=0.3968 (Cls=0.3701, Cont=5.3374) | Val AUC=0.9126 AUPR=0.8777 F1=0.8047 ACC=0.8320
Epoch 061/120 | TrainLoss=0.3992 (Cls=0.3724, Cont=5.3568) | Val AUC=0.9141 AUPR=0.8795 F1=0.8058 ACC=0.8325
Epoch 062/120 | TrainLoss=0.3926 (Cls=0.3659, Cont=5.3388) | Val AUC=0.9150 AUPR=0.8805 F1=0.8063 ACC=0.8279
Epoch 063/120 | TrainLoss=0.3937 (Cls=0.3669, Cont=5.3425) | Val AUC=0.9147 AUPR=0.8802 F1=0.8049 ACC=0.8259
Epoch 064/120 | TrainLoss=0.3928 (Cls=0.3660, Cont=5.3576) | Val AUC=0.9141 AUPR=0.8793 F1=0.8049 ACC=0.8277
Epoch 065/120 | TrainLoss=0.3935 (Cls=0.3667, Cont=5.3565) | Val AUC=0.9149 AUPR=0.8798 F1=0.8054 ACC=0.8300
Epoch 066/120 | TrainLoss=0.3927 (Cls=0.3660, Cont=5.3376) | Val AUC=0.9158 AUPR=0.8809 F1=0.8066 ACC=0.8272
Epoch 067/120 | TrainLoss=0.3936 (Cls=0.3669, Cont=5.3340) | Val AUC=0.9157 AUPR=0.8808 F1=0.8075 ACC=0.8342
Epoch 068/120 | TrainLoss=0.3904 (Cls=0.3637, Cont=5.3454) | Val AUC=0.9155 AUPR=0.8805 F1=0.8077 ACC=0.8347
Epoch 069/120 | TrainLoss=0.3929 (Cls=0.3661, Cont=5.3464) | Val AUC=0.9157 AUPR=0.8806 F1=0.8079 ACC=0.8361
Epoch 070/120 | TrainLoss=0.3896 (Cls=0.3629, Cont=5.3428) | Val AUC=0.9160 AUPR=0.8810 F1=0.8062 ACC=0.8300
Epoch 071/120 | TrainLoss=0.3911 (Cls=0.3643, Cont=5.3630) | Val AUC=0.9157 AUPR=0.8804 F1=0.8057 ACC=0.8301
Epoch 072/120 | TrainLoss=0.3902 (Cls=0.3635, Cont=5.3401) | Val AUC=0.9151 AUPR=0.8796 F1=0.8050 ACC=0.8287
Epoch 073/120 | TrainLoss=0.3882 (Cls=0.3615, Cont=5.3403) | Val AUC=0.9152 AUPR=0.8801 F1=0.8060 ACC=0.8313
Epoch 074/120 | TrainLoss=0.3890 (Cls=0.3622, Cont=5.3573) | Val AUC=0.9162 AUPR=0.8816 F1=0.8086 ACC=0.8313
Epoch 075/120 | TrainLoss=0.3895 (Cls=0.3627, Cont=5.3502) | Val AUC=0.9166 AUPR=0.8824 F1=0.8101 ACC=0.8333
Epoch 076/120 | TrainLoss=0.3880 (Cls=0.3613, Cont=5.3469) | Val AUC=0.9163 AUPR=0.8814 F1=0.8081 ACC=0.8302
Epoch 077/120 | TrainLoss=0.3879 (Cls=0.3611, Cont=5.3512) | Val AUC=0.9159 AUPR=0.8808 F1=0.8092 ACC=0.8332
Epoch 078/120 | TrainLoss=0.3873 (Cls=0.3606, Cont=5.3303) | Val AUC=0.9156 AUPR=0.8809 F1=0.8101 ACC=0.8354
Epoch 079/120 | TrainLoss=0.3863 (Cls=0.3597, Cont=5.3334) | Val AUC=0.9154 AUPR=0.8811 F1=0.8088 ACC=0.8363
Epoch 080/120 | TrainLoss=0.3870 (Cls=0.3603, Cont=5.3449) | Val AUC=0.9155 AUPR=0.8811 F1=0.8095 ACC=0.8355
Epoch 081/120 | TrainLoss=0.3858 (Cls=0.3592, Cont=5.3376) | Val AUC=0.9160 AUPR=0.8814 F1=0.8093 ACC=0.8350
Epoch 082/120 | TrainLoss=0.3856 (Cls=0.3588, Cont=5.3443) | Val AUC=0.9162 AUPR=0.8816 F1=0.8104 ACC=0.8366
Epoch 083/120 | TrainLoss=0.3860 (Cls=0.3593, Cont=5.3406) | Val AUC=0.9164 AUPR=0.8819 F1=0.8092 ACC=0.8354
Epoch 084/120 | TrainLoss=0.3852 (Cls=0.3585, Cont=5.3376) | Val AUC=0.9170 AUPR=0.8828 F1=0.8111 ACC=0.8397
Epoch 085/120 | TrainLoss=0.3841 (Cls=0.3574, Cont=5.3436) | Val AUC=0.9169 AUPR=0.8829 F1=0.8089 ACC=0.8374
Epoch 086/120 | TrainLoss=0.3839 (Cls=0.3572, Cont=5.3554) | Val AUC=0.9173 AUPR=0.8835 F1=0.8102 ACC=0.8373
Epoch 087/120 | TrainLoss=0.3840 (Cls=0.3572, Cont=5.3468) | Val AUC=0.9178 AUPR=0.8836 F1=0.8114 ACC=0.8374
Epoch 088/120 | TrainLoss=0.3854 (Cls=0.3587, Cont=5.3404) | Val AUC=0.9178 AUPR=0.8835 F1=0.8104 ACC=0.8350
Epoch 089/120 | TrainLoss=0.3840 (Cls=0.3573, Cont=5.3491) | Val AUC=0.9171 AUPR=0.8830 F1=0.8109 ACC=0.8390
Epoch 090/120 | TrainLoss=0.3834 (Cls=0.3567, Cont=5.3341) | Val AUC=0.9162 AUPR=0.8819 F1=0.8082 ACC=0.8341
Epoch 091/120 | TrainLoss=0.3837 (Cls=0.3570, Cont=5.3381) | Val AUC=0.9166 AUPR=0.8818 F1=0.8084 ACC=0.8382
Epoch 092/120 | TrainLoss=0.3834 (Cls=0.3567, Cont=5.3376) | Val AUC=0.9162 AUPR=0.8808 F1=0.8078 ACC=0.8332
Epoch 093/120 | TrainLoss=0.3819 (Cls=0.3553, Cont=5.3351) | Val AUC=0.9160 AUPR=0.8808 F1=0.8079 ACC=0.8322
Epoch 094/120 | TrainLoss=0.3829 (Cls=0.3561, Cont=5.3552) | Val AUC=0.9160 AUPR=0.8817 F1=0.8088 ACC=0.8347
Epoch 095/120 | TrainLoss=0.3829 (Cls=0.3562, Cont=5.3517) | Val AUC=0.9164 AUPR=0.8826 F1=0.8091 ACC=0.8346
Epoch 096/120 | TrainLoss=0.3821 (Cls=0.3555, Cont=5.3351) | Val AUC=0.9165 AUPR=0.8828 F1=0.8097 ACC=0.8358
Epoch 097/120 | TrainLoss=0.3815 (Cls=0.3548, Cont=5.3338) | Val AUC=0.9171 AUPR=0.8837 F1=0.8096 ACC=0.8354
Epoch 098/120 | TrainLoss=0.3817 (Cls=0.3550, Cont=5.3360) | Val AUC=0.9179 AUPR=0.8845 F1=0.8114 ACC=0.8372
Epoch 099/120 | TrainLoss=0.3804 (Cls=0.3537, Cont=5.3424) | Val AUC=0.9179 AUPR=0.8845 F1=0.8125 ACC=0.8393
Epoch 100/120 | TrainLoss=0.3806 (Cls=0.3539, Cont=5.3442) | Val AUC=0.9172 AUPR=0.8837 F1=0.8106 ACC=0.8380
Epoch 101/120 | TrainLoss=0.3805 (Cls=0.3537, Cont=5.3441) | Val AUC=0.9172 AUPR=0.8835 F1=0.8101 ACC=0.8358
Epoch 102/120 | TrainLoss=0.3821 (Cls=0.3553, Cont=5.3510) | Val AUC=0.9181 AUPR=0.8845 F1=0.8109 ACC=0.8341
Epoch 103/120 | TrainLoss=0.3833 (Cls=0.3566, Cont=5.3377) | Val AUC=0.9179 AUPR=0.8841 F1=0.8135 ACC=0.8394
Epoch 104/120 | TrainLoss=0.3792 (Cls=0.3525, Cont=5.3520) | Val AUC=0.9182 AUPR=0.8845 F1=0.8136 ACC=0.8407
Epoch 105/120 | TrainLoss=0.3802 (Cls=0.3535, Cont=5.3324) | Val AUC=0.9187 AUPR=0.8852 F1=0.8120 ACC=0.8368
Epoch 106/120 | TrainLoss=0.3799 (Cls=0.3532, Cont=5.3350) | Val AUC=0.9190 AUPR=0.8856 F1=0.8117 ACC=0.8395
Epoch 107/120 | TrainLoss=0.3788 (Cls=0.3521, Cont=5.3545) | Val AUC=0.9186 AUPR=0.8854 F1=0.8120 ACC=0.8394
Epoch 108/120 | TrainLoss=0.3803 (Cls=0.3536, Cont=5.3353) | Val AUC=0.9184 AUPR=0.8855 F1=0.8117 ACC=0.8399
Epoch 109/120 | TrainLoss=0.3800 (Cls=0.3533, Cont=5.3472) | Val AUC=0.9185 AUPR=0.8857 F1=0.8094 ACC=0.8345
Epoch 110/120 | TrainLoss=0.3785 (Cls=0.3517, Cont=5.3466) | Val AUC=0.9186 AUPR=0.8857 F1=0.8104 ACC=0.8388
Epoch 111/120 | TrainLoss=0.3791 (Cls=0.3523, Cont=5.3421) | Val AUC=0.9187 AUPR=0.8858 F1=0.8106 ACC=0.8395
Epoch 112/120 | TrainLoss=0.3789 (Cls=0.3522, Cont=5.3406) | Val AUC=0.9186 AUPR=0.8858 F1=0.8114 ACC=0.8385
Epoch 113/120 | TrainLoss=0.3779 (Cls=0.3512, Cont=5.3395) | Val AUC=0.9184 AUPR=0.8856 F1=0.8112 ACC=0.8393
Epoch 114/120 | TrainLoss=0.3769 (Cls=0.3502, Cont=5.3386) | Val AUC=0.9185 AUPR=0.8855 F1=0.8125 ACC=0.8389
Epoch 115/120 | TrainLoss=0.3790 (Cls=0.3523, Cont=5.3293) | Val AUC=0.9189 AUPR=0.8856 F1=0.8133 ACC=0.8379
Epoch 116/120 | TrainLoss=0.3767 (Cls=0.3500, Cont=5.3319) | Val AUC=0.9189 AUPR=0.8857 F1=0.8139 ACC=0.8391
Epoch 117/120 | TrainLoss=0.3770 (Cls=0.3503, Cont=5.3361) | Val AUC=0.9187 AUPR=0.8857 F1=0.8133 ACC=0.8408
Epoch 118/120 | TrainLoss=0.3763 (Cls=0.3495, Cont=5.3431) | Val AUC=0.9184 AUPR=0.8854 F1=0.8122 ACC=0.8351
Epoch 119/120 | TrainLoss=0.3765 (Cls=0.3498, Cont=5.3298) | Val AUC=0.9183 AUPR=0.8853 F1=0.8121 ACC=0.8398
Epoch 120/120 | TrainLoss=0.3763 (Cls=0.3496, Cont=5.3409) | Val AUC=0.9186 AUPR=0.8860 F1=0.8123 ACC=0.8398
Fold 3 complete | Best Val AUC=0.9190 | Test AUC=0.9163 AUPR=0.8825 F1=0.8051 ACC=0.8346 | FoldTime=299.90s

================================================================================
Fold 4/5 (fold_id=4)
================================================================================
Epoch 001/120 | TrainLoss=0.7288 (Cls=0.7288, Cont=0.0000) | Val AUC=0.5531 AUPR=0.4416 F1=0.5784 ACC=0.4090
Epoch 002/120 | TrainLoss=0.6733 (Cls=0.6733, Cont=0.0000) | Val AUC=0.5710 AUPR=0.4679 F1=0.5790 ACC=0.4128
Epoch 003/120 | TrainLoss=0.6793 (Cls=0.6793, Cont=0.0000) | Val AUC=0.5703 AUPR=0.4656 F1=0.5794 ACC=0.4122
Epoch 004/120 | TrainLoss=0.6595 (Cls=0.6595, Cont=0.0000) | Val AUC=0.5710 AUPR=0.4654 F1=0.5797 ACC=0.4164
Epoch 005/120 | TrainLoss=0.6552 (Cls=0.6552, Cont=0.0000) | Val AUC=0.5738 AUPR=0.4678 F1=0.5797 ACC=0.4168
Epoch 006/120 | TrainLoss=0.6394 (Cls=0.6394, Cont=0.0000) | Val AUC=0.5759 AUPR=0.4691 F1=0.5798 ACC=0.4175
Epoch 007/120 | TrainLoss=0.6248 (Cls=0.6248, Cont=0.0000) | Val AUC=0.5781 AUPR=0.4707 F1=0.5795 ACC=0.4132
Epoch 008/120 | TrainLoss=0.6067 (Cls=0.6067, Cont=0.0000) | Val AUC=0.5787 AUPR=0.4712 F1=0.5800 ACC=0.4604
Epoch 009/120 | TrainLoss=0.5894 (Cls=0.5894, Cont=0.0000) | Val AUC=0.5792 AUPR=0.4712 F1=0.5803 ACC=0.4571
Epoch 010/120 | TrainLoss=0.5682 (Cls=0.5682, Cont=0.0000) | Val AUC=0.5809 AUPR=0.4724 F1=0.5803 ACC=0.4584
Epoch 011/120 | TrainLoss=0.5946 (Cls=0.5618, Cont=6.5453) | Val AUC=0.5822 AUPR=0.4743 F1=0.5810 ACC=0.4459
Epoch 012/120 | TrainLoss=0.5777 (Cls=0.5496, Cont=5.6172) | Val AUC=0.5828 AUPR=0.4758 F1=0.5825 ACC=0.4428
Epoch 013/120 | TrainLoss=0.5587 (Cls=0.5314, Cont=5.4764) | Val AUC=0.5845 AUPR=0.4779 F1=0.5832 ACC=0.4476
Epoch 014/120 | TrainLoss=0.5468 (Cls=0.5196, Cont=5.4463) | Val AUC=0.5824 AUPR=0.4761 F1=0.5830 ACC=0.4435
Epoch 015/120 | TrainLoss=0.5343 (Cls=0.5071, Cont=5.4371) | Val AUC=0.5847 AUPR=0.4786 F1=0.5831 ACC=0.4358
Epoch 016/120 | TrainLoss=0.5190 (Cls=0.4919, Cont=5.4309) | Val AUC=0.5907 AUPR=0.4862 F1=0.5839 ACC=0.4418
Epoch 017/120 | TrainLoss=0.5107 (Cls=0.4836, Cont=5.4263) | Val AUC=0.6017 AUPR=0.4953 F1=0.5844 ACC=0.4465
Epoch 018/120 | TrainLoss=0.4964 (Cls=0.4693, Cont=5.4252) | Val AUC=0.6083 AUPR=0.4918 F1=0.5847 ACC=0.4428
Epoch 019/120 | TrainLoss=0.4935 (Cls=0.4664, Cont=5.4204) | Val AUC=0.6214 AUPR=0.5134 F1=0.5871 ACC=0.4622
Epoch 020/120 | TrainLoss=0.4746 (Cls=0.4475, Cont=5.4110) | Val AUC=0.6264 AUPR=0.5145 F1=0.5903 ACC=0.4692
Epoch 021/120 | TrainLoss=0.4726 (Cls=0.4455, Cont=5.4138) | Val AUC=0.6533 AUPR=0.5533 F1=0.6005 ACC=0.5356
Epoch 022/120 | TrainLoss=0.4716 (Cls=0.4445, Cont=5.4042) | Val AUC=0.6358 AUPR=0.5114 F1=0.5985 ACC=0.5155
Epoch 023/120 | TrainLoss=0.4915 (Cls=0.4644, Cont=5.4099) | Val AUC=0.6499 AUPR=0.5457 F1=0.6052 ACC=0.5517
Epoch 024/120 | TrainLoss=0.4711 (Cls=0.4440, Cont=5.4012) | Val AUC=0.7145 AUPR=0.6272 F1=0.6310 ACC=0.5950
Epoch 025/120 | TrainLoss=0.4643 (Cls=0.4373, Cont=5.4006) | Val AUC=0.7284 AUPR=0.6465 F1=0.6361 ACC=0.6075
Epoch 026/120 | TrainLoss=0.4641 (Cls=0.4372, Cont=5.3845) | Val AUC=0.7282 AUPR=0.6416 F1=0.6388 ACC=0.6119
Epoch 027/120 | TrainLoss=0.4493 (Cls=0.4224, Cont=5.3780) | Val AUC=0.7525 AUPR=0.6645 F1=0.6536 ACC=0.6309
Epoch 028/120 | TrainLoss=0.4596 (Cls=0.4328, Cont=5.3722) | Val AUC=0.7767 AUPR=0.6834 F1=0.6701 ACC=0.6726
Epoch 029/120 | TrainLoss=0.4479 (Cls=0.4210, Cont=5.3754) | Val AUC=0.7962 AUPR=0.7078 F1=0.6879 ACC=0.7093
Epoch 030/120 | TrainLoss=0.4404 (Cls=0.4136, Cont=5.3660) | Val AUC=0.8155 AUPR=0.7289 F1=0.7103 ACC=0.7357
Epoch 031/120 | TrainLoss=0.4429 (Cls=0.4159, Cont=5.3838) | Val AUC=0.8456 AUPR=0.7625 F1=0.7407 ACC=0.7663
Epoch 032/120 | TrainLoss=0.4339 (Cls=0.4071, Cont=5.3703) | Val AUC=0.8587 AUPR=0.7795 F1=0.7490 ACC=0.7712
Epoch 033/120 | TrainLoss=0.4369 (Cls=0.4100, Cont=5.3852) | Val AUC=0.8658 AUPR=0.7926 F1=0.7551 ACC=0.7861
Epoch 034/120 | TrainLoss=0.4281 (Cls=0.4013, Cont=5.3678) | Val AUC=0.8637 AUPR=0.7973 F1=0.7485 ACC=0.7743
Epoch 035/120 | TrainLoss=0.4313 (Cls=0.4045, Cont=5.3704) | Val AUC=0.8700 AUPR=0.8085 F1=0.7537 ACC=0.7854
Epoch 036/120 | TrainLoss=0.4289 (Cls=0.4021, Cont=5.3607) | Val AUC=0.8843 AUPR=0.8272 F1=0.7727 ACC=0.8010
Epoch 037/120 | TrainLoss=0.4243 (Cls=0.3974, Cont=5.3652) | Val AUC=0.8889 AUPR=0.8352 F1=0.7764 ACC=0.8003
Epoch 038/120 | TrainLoss=0.4207 (Cls=0.3938, Cont=5.3697) | Val AUC=0.8903 AUPR=0.8400 F1=0.7772 ACC=0.8060
Epoch 039/120 | TrainLoss=0.4212 (Cls=0.3944, Cont=5.3654) | Val AUC=0.8953 AUPR=0.8479 F1=0.7805 ACC=0.8041
Epoch 040/120 | TrainLoss=0.4176 (Cls=0.3908, Cont=5.3651) | Val AUC=0.8958 AUPR=0.8506 F1=0.7813 ACC=0.8037
Epoch 041/120 | TrainLoss=0.4145 (Cls=0.3878, Cont=5.3494) | Val AUC=0.8976 AUPR=0.8533 F1=0.7815 ACC=0.8179
Epoch 042/120 | TrainLoss=0.4142 (Cls=0.3874, Cont=5.3591) | Val AUC=0.8992 AUPR=0.8555 F1=0.7858 ACC=0.8138
Epoch 043/120 | TrainLoss=0.4135 (Cls=0.3867, Cont=5.3490) | Val AUC=0.9004 AUPR=0.8560 F1=0.7868 ACC=0.8135
Epoch 044/120 | TrainLoss=0.4116 (Cls=0.3849, Cont=5.3484) | Val AUC=0.9003 AUPR=0.8558 F1=0.7851 ACC=0.8123
Epoch 045/120 | TrainLoss=0.4099 (Cls=0.3831, Cont=5.3547) | Val AUC=0.8979 AUPR=0.8540 F1=0.7813 ACC=0.8055
Epoch 046/120 | TrainLoss=0.4112 (Cls=0.3844, Cont=5.3589) | Val AUC=0.9001 AUPR=0.8579 F1=0.7851 ACC=0.8087
Epoch 047/120 | TrainLoss=0.4074 (Cls=0.3807, Cont=5.3501) | Val AUC=0.9050 AUPR=0.8649 F1=0.7936 ACC=0.8191
Epoch 048/120 | TrainLoss=0.4065 (Cls=0.3797, Cont=5.3545) | Val AUC=0.9066 AUPR=0.8676 F1=0.7963 ACC=0.8227
Epoch 049/120 | TrainLoss=0.4050 (Cls=0.3783, Cont=5.3517) | Val AUC=0.9086 AUPR=0.8704 F1=0.7967 ACC=0.8250
Epoch 050/120 | TrainLoss=0.4041 (Cls=0.3773, Cont=5.3552) | Val AUC=0.9098 AUPR=0.8717 F1=0.7981 ACC=0.8218
Epoch 051/120 | TrainLoss=0.4006 (Cls=0.3738, Cont=5.3583) | Val AUC=0.9101 AUPR=0.8713 F1=0.7979 ACC=0.8255
Epoch 052/120 | TrainLoss=0.4013 (Cls=0.3746, Cont=5.3559) | Val AUC=0.9101 AUPR=0.8708 F1=0.7970 ACC=0.8268
Epoch 053/120 | TrainLoss=0.4002 (Cls=0.3735, Cont=5.3509) | Val AUC=0.9106 AUPR=0.8722 F1=0.7976 ACC=0.8287
Epoch 054/120 | TrainLoss=0.3998 (Cls=0.3731, Cont=5.3456) | Val AUC=0.9112 AUPR=0.8737 F1=0.7988 ACC=0.8290
Epoch 055/120 | TrainLoss=0.3963 (Cls=0.3695, Cont=5.3603) | Val AUC=0.9106 AUPR=0.8737 F1=0.8002 ACC=0.8300
Epoch 056/120 | TrainLoss=0.3976 (Cls=0.3707, Cont=5.3769) | Val AUC=0.9097 AUPR=0.8726 F1=0.7995 ACC=0.8292
Epoch 057/120 | TrainLoss=0.3960 (Cls=0.3693, Cont=5.3518) | Val AUC=0.9095 AUPR=0.8715 F1=0.7991 ACC=0.8225
Epoch 058/120 | TrainLoss=0.3942 (Cls=0.3675, Cont=5.3467) | Val AUC=0.9093 AUPR=0.8715 F1=0.7980 ACC=0.8196
Epoch 059/120 | TrainLoss=0.3967 (Cls=0.3699, Cont=5.3560) | Val AUC=0.9106 AUPR=0.8740 F1=0.7976 ACC=0.8307
Epoch 060/120 | TrainLoss=0.3956 (Cls=0.3688, Cont=5.3548) | Val AUC=0.9117 AUPR=0.8759 F1=0.8003 ACC=0.8318
Epoch 061/120 | TrainLoss=0.3931 (Cls=0.3665, Cont=5.3273) | Val AUC=0.9120 AUPR=0.8765 F1=0.8008 ACC=0.8314
Epoch 062/120 | TrainLoss=0.3931 (Cls=0.3664, Cont=5.3419) | Val AUC=0.9121 AUPR=0.8769 F1=0.8010 ACC=0.8335
Epoch 063/120 | TrainLoss=0.3951 (Cls=0.3684, Cont=5.3400) | Val AUC=0.9114 AUPR=0.8761 F1=0.7988 ACC=0.8297
Epoch 064/120 | TrainLoss=0.3945 (Cls=0.3678, Cont=5.3469) | Val AUC=0.9124 AUPR=0.8774 F1=0.8005 ACC=0.8273
Epoch 065/120 | TrainLoss=0.3916 (Cls=0.3648, Cont=5.3582) | Val AUC=0.9131 AUPR=0.8785 F1=0.8029 ACC=0.8296
Epoch 066/120 | TrainLoss=0.3913 (Cls=0.3646, Cont=5.3426) | Val AUC=0.9135 AUPR=0.8792 F1=0.8026 ACC=0.8327
Epoch 067/120 | TrainLoss=0.3911 (Cls=0.3644, Cont=5.3465) | Val AUC=0.9139 AUPR=0.8800 F1=0.8030 ACC=0.8324
Epoch 068/120 | TrainLoss=0.3915 (Cls=0.3647, Cont=5.3510) | Val AUC=0.9139 AUPR=0.8799 F1=0.8026 ACC=0.8337
Epoch 069/120 | TrainLoss=0.3909 (Cls=0.3642, Cont=5.3462) | Val AUC=0.9139 AUPR=0.8801 F1=0.8012 ACC=0.8293
Epoch 070/120 | TrainLoss=0.3902 (Cls=0.3635, Cont=5.3406) | Val AUC=0.9139 AUPR=0.8805 F1=0.8001 ACC=0.8279
Epoch 071/120 | TrainLoss=0.3903 (Cls=0.3636, Cont=5.3496) | Val AUC=0.9147 AUPR=0.8816 F1=0.8017 ACC=0.8333
Epoch 072/120 | TrainLoss=0.3883 (Cls=0.3615, Cont=5.3619) | Val AUC=0.9148 AUPR=0.8816 F1=0.8018 ACC=0.8304
Epoch 073/120 | TrainLoss=0.3875 (Cls=0.3607, Cont=5.3483) | Val AUC=0.9145 AUPR=0.8811 F1=0.8018 ACC=0.8257
Epoch 074/120 | TrainLoss=0.3900 (Cls=0.3632, Cont=5.3478) | Val AUC=0.9151 AUPR=0.8822 F1=0.8039 ACC=0.8297
Epoch 075/120 | TrainLoss=0.3867 (Cls=0.3600, Cont=5.3369) | Val AUC=0.9150 AUPR=0.8820 F1=0.8036 ACC=0.8330
Epoch 076/120 | TrainLoss=0.3864 (Cls=0.3597, Cont=5.3460) | Val AUC=0.9148 AUPR=0.8817 F1=0.8029 ACC=0.8301
Epoch 077/120 | TrainLoss=0.3897 (Cls=0.3629, Cont=5.3541) | Val AUC=0.9153 AUPR=0.8824 F1=0.8037 ACC=0.8348
Epoch 078/120 | TrainLoss=0.3876 (Cls=0.3609, Cont=5.3442) | Val AUC=0.9155 AUPR=0.8828 F1=0.8031 ACC=0.8315
Epoch 079/120 | TrainLoss=0.3853 (Cls=0.3585, Cont=5.3600) | Val AUC=0.9151 AUPR=0.8823 F1=0.8027 ACC=0.8289
Epoch 080/120 | TrainLoss=0.3860 (Cls=0.3593, Cont=5.3531) | Val AUC=0.9151 AUPR=0.8826 F1=0.8033 ACC=0.8270
Epoch 081/120 | TrainLoss=0.3851 (Cls=0.3584, Cont=5.3523) | Val AUC=0.9154 AUPR=0.8831 F1=0.8025 ACC=0.8268
Epoch 082/120 | TrainLoss=0.3848 (Cls=0.3580, Cont=5.3528) | Val AUC=0.9157 AUPR=0.8832 F1=0.8026 ACC=0.8289
Epoch 083/120 | TrainLoss=0.3849 (Cls=0.3582, Cont=5.3301) | Val AUC=0.9156 AUPR=0.8830 F1=0.8042 ACC=0.8331
Epoch 084/120 | TrainLoss=0.3832 (Cls=0.3565, Cont=5.3491) | Val AUC=0.9155 AUPR=0.8828 F1=0.8042 ACC=0.8325
Epoch 085/120 | TrainLoss=0.3838 (Cls=0.3572, Cont=5.3390) | Val AUC=0.9156 AUPR=0.8828 F1=0.8041 ACC=0.8322
Epoch 086/120 | TrainLoss=0.3833 (Cls=0.3566, Cont=5.3374) | Val AUC=0.9154 AUPR=0.8825 F1=0.8042 ACC=0.8295
Epoch 087/120 | TrainLoss=0.3830 (Cls=0.3562, Cont=5.3542) | Val AUC=0.9152 AUPR=0.8824 F1=0.8027 ACC=0.8296
Epoch 088/120 | TrainLoss=0.3826 (Cls=0.3559, Cont=5.3358) | Val AUC=0.9158 AUPR=0.8835 F1=0.8022 ACC=0.8276
Epoch 089/120 | TrainLoss=0.3839 (Cls=0.3571, Cont=5.3589) | Val AUC=0.9165 AUPR=0.8847 F1=0.8039 ACC=0.8322
Epoch 090/120 | TrainLoss=0.3822 (Cls=0.3555, Cont=5.3421) | Val AUC=0.9167 AUPR=0.8854 F1=0.8042 ACC=0.8354
Epoch 091/120 | TrainLoss=0.3806 (Cls=0.3540, Cont=5.3330) | Val AUC=0.9165 AUPR=0.8851 F1=0.8045 ACC=0.8372
Epoch 092/120 | TrainLoss=0.3821 (Cls=0.3554, Cont=5.3399) | Val AUC=0.9165 AUPR=0.8850 F1=0.8040 ACC=0.8353
Epoch 093/120 | TrainLoss=0.3813 (Cls=0.3545, Cont=5.3485) | Val AUC=0.9166 AUPR=0.8849 F1=0.8036 ACC=0.8355
Epoch 094/120 | TrainLoss=0.3820 (Cls=0.3553, Cont=5.3418) | Val AUC=0.9167 AUPR=0.8847 F1=0.8045 ACC=0.8327
Epoch 095/120 | TrainLoss=0.3803 (Cls=0.3537, Cont=5.3315) | Val AUC=0.9167 AUPR=0.8845 F1=0.8044 ACC=0.8370
Epoch 096/120 | TrainLoss=0.3814 (Cls=0.3546, Cont=5.3454) | Val AUC=0.9167 AUPR=0.8844 F1=0.8052 ACC=0.8380
Epoch 097/120 | TrainLoss=0.3806 (Cls=0.3539, Cont=5.3423) | Val AUC=0.9166 AUPR=0.8845 F1=0.8065 ACC=0.8370
Epoch 098/120 | TrainLoss=0.3797 (Cls=0.3530, Cont=5.3317) | Val AUC=0.9162 AUPR=0.8840 F1=0.8039 ACC=0.8349
Epoch 099/120 | TrainLoss=0.3814 (Cls=0.3547, Cont=5.3370) | Val AUC=0.9165 AUPR=0.8848 F1=0.8037 ACC=0.8329
Epoch 100/120 | TrainLoss=0.3805 (Cls=0.3538, Cont=5.3514) | Val AUC=0.9171 AUPR=0.8860 F1=0.8046 ACC=0.8295
Epoch 101/120 | TrainLoss=0.3812 (Cls=0.3545, Cont=5.3389) | Val AUC=0.9173 AUPR=0.8860 F1=0.8065 ACC=0.8391
Epoch 102/120 | TrainLoss=0.3803 (Cls=0.3535, Cont=5.3468) | Val AUC=0.9172 AUPR=0.8857 F1=0.8058 ACC=0.8325
Epoch 103/120 | TrainLoss=0.3777 (Cls=0.3510, Cont=5.3356) | Val AUC=0.9170 AUPR=0.8852 F1=0.8060 ACC=0.8371
Epoch 104/120 | TrainLoss=0.3792 (Cls=0.3525, Cont=5.3554) | Val AUC=0.9172 AUPR=0.8856 F1=0.8068 ACC=0.8364
Epoch 105/120 | TrainLoss=0.3793 (Cls=0.3526, Cont=5.3412) | Val AUC=0.9173 AUPR=0.8859 F1=0.8071 ACC=0.8371
Epoch 106/120 | TrainLoss=0.3789 (Cls=0.3521, Cont=5.3507) | Val AUC=0.9174 AUPR=0.8863 F1=0.8067 ACC=0.8391
Epoch 107/120 | TrainLoss=0.3777 (Cls=0.3510, Cont=5.3386) | Val AUC=0.9175 AUPR=0.8865 F1=0.8050 ACC=0.8345
Epoch 108/120 | TrainLoss=0.3784 (Cls=0.3517, Cont=5.3467) | Val AUC=0.9179 AUPR=0.8869 F1=0.8048 ACC=0.8338
Epoch 109/120 | TrainLoss=0.3777 (Cls=0.3510, Cont=5.3393) | Val AUC=0.9182 AUPR=0.8872 F1=0.8065 ACC=0.8334
Epoch 110/120 | TrainLoss=0.3774 (Cls=0.3507, Cont=5.3342) | Val AUC=0.9180 AUPR=0.8867 F1=0.8069 ACC=0.8367
Epoch 111/120 | TrainLoss=0.3769 (Cls=0.3502, Cont=5.3412) | Val AUC=0.9184 AUPR=0.8871 F1=0.8074 ACC=0.8379
Epoch 112/120 | TrainLoss=0.3771 (Cls=0.3503, Cont=5.3565) | Val AUC=0.9190 AUPR=0.8880 F1=0.8072 ACC=0.8398
Epoch 113/120 | TrainLoss=0.3749 (Cls=0.3482, Cont=5.3383) | Val AUC=0.9191 AUPR=0.8879 F1=0.8069 ACC=0.8395
Epoch 114/120 | TrainLoss=0.3758 (Cls=0.3492, Cont=5.3326) | Val AUC=0.9187 AUPR=0.8872 F1=0.8084 ACC=0.8392
Epoch 115/120 | TrainLoss=0.3761 (Cls=0.3493, Cont=5.3461) | Val AUC=0.9191 AUPR=0.8877 F1=0.8070 ACC=0.8403
Epoch 116/120 | TrainLoss=0.3751 (Cls=0.3485, Cont=5.3324) | Val AUC=0.9192 AUPR=0.8878 F1=0.8064 ACC=0.8396
Epoch 117/120 | TrainLoss=0.3764 (Cls=0.3496, Cont=5.3510) | Val AUC=0.9190 AUPR=0.8876 F1=0.8071 ACC=0.8416
Epoch 118/120 | TrainLoss=0.3738 (Cls=0.3471, Cont=5.3319) | Val AUC=0.9187 AUPR=0.8873 F1=0.8085 ACC=0.8392
Epoch 119/120 | TrainLoss=0.3759 (Cls=0.3493, Cont=5.3308) | Val AUC=0.9191 AUPR=0.8882 F1=0.8098 ACC=0.8403
Epoch 120/120 | TrainLoss=0.3739 (Cls=0.3472, Cont=5.3473) | Val AUC=0.9194 AUPR=0.8886 F1=0.8103 ACC=0.8438
Fold 4 complete | Best Val AUC=0.9194 | Test AUC=0.9193 AUPR=0.8877 F1=0.8124 ACC=0.8397 | FoldTime=298.84s

================================================================================
Fold 5/5 (fold_id=5)
================================================================================
Epoch 001/120 | TrainLoss=0.7152 (Cls=0.7152, Cont=0.0000) | Val AUC=0.5531 AUPR=0.4414 F1=0.5777 ACC=0.4175
Epoch 002/120 | TrainLoss=0.6738 (Cls=0.6738, Cont=0.0000) | Val AUC=0.5768 AUPR=0.4721 F1=0.5780 ACC=0.4130
Epoch 003/120 | TrainLoss=0.6641 (Cls=0.6641, Cont=0.0000) | Val AUC=0.5753 AUPR=0.4745 F1=0.5783 ACC=0.4147
Epoch 004/120 | TrainLoss=0.6525 (Cls=0.6525, Cont=0.0000) | Val AUC=0.5782 AUPR=0.4766 F1=0.5792 ACC=0.4157
Epoch 005/120 | TrainLoss=0.6391 (Cls=0.6391, Cont=0.0000) | Val AUC=0.5804 AUPR=0.4783 F1=0.5790 ACC=0.4178
Epoch 006/120 | TrainLoss=0.6225 (Cls=0.6225, Cont=0.0000) | Val AUC=0.5830 AUPR=0.4807 F1=0.5800 ACC=0.4209
Epoch 007/120 | TrainLoss=0.5994 (Cls=0.5994, Cont=0.0000) | Val AUC=0.5852 AUPR=0.4834 F1=0.5802 ACC=0.4194
Epoch 008/120 | TrainLoss=0.5813 (Cls=0.5813, Cont=0.0000) | Val AUC=0.5864 AUPR=0.4837 F1=0.5804 ACC=0.4168
Epoch 009/120 | TrainLoss=0.5600 (Cls=0.5600, Cont=0.0000) | Val AUC=0.5854 AUPR=0.4780 F1=0.5816 ACC=0.4511
Epoch 010/120 | TrainLoss=0.5470 (Cls=0.5470, Cont=0.0000) | Val AUC=0.5843 AUPR=0.4749 F1=0.5817 ACC=0.4663
Epoch 011/120 | TrainLoss=0.5683 (Cls=0.5360, Cont=6.4614) | Val AUC=0.5876 AUPR=0.4803 F1=0.5824 ACC=0.4471
Epoch 012/120 | TrainLoss=0.5508 (Cls=0.5229, Cont=5.5653) | Val AUC=0.5968 AUPR=0.4879 F1=0.5838 ACC=0.4474
Epoch 013/120 | TrainLoss=0.5312 (Cls=0.5039, Cont=5.4726) | Val AUC=0.5995 AUPR=0.4877 F1=0.5845 ACC=0.4500
Epoch 014/120 | TrainLoss=0.5147 (Cls=0.4874, Cont=5.4507) | Val AUC=0.6107 AUPR=0.5047 F1=0.5846 ACC=0.4815
Epoch 015/120 | TrainLoss=0.5188 (Cls=0.4916, Cont=5.4426) | Val AUC=0.6160 AUPR=0.5207 F1=0.5840 ACC=0.4447
Epoch 016/120 | TrainLoss=0.4973 (Cls=0.4702, Cont=5.4353) | Val AUC=0.6192 AUPR=0.5276 F1=0.5837 ACC=0.4447
Epoch 017/120 | TrainLoss=0.4868 (Cls=0.4596, Cont=5.4334) | Val AUC=0.6268 AUPR=0.5245 F1=0.5854 ACC=0.4529
Epoch 018/120 | TrainLoss=0.4708 (Cls=0.4437, Cont=5.4307) | Val AUC=0.6351 AUPR=0.5281 F1=0.5915 ACC=0.4710
Epoch 019/120 | TrainLoss=0.4633 (Cls=0.4361, Cont=5.4283) | Val AUC=0.6511 AUPR=0.5408 F1=0.5998 ACC=0.4926
Epoch 020/120 | TrainLoss=0.4529 (Cls=0.4258, Cont=5.4200) | Val AUC=0.6539 AUPR=0.5419 F1=0.5976 ACC=0.4830
Epoch 021/120 | TrainLoss=0.4510 (Cls=0.4239, Cont=5.4186) | Val AUC=0.6456 AUPR=0.5360 F1=0.5923 ACC=0.4712
Epoch 022/120 | TrainLoss=0.4494 (Cls=0.4224, Cont=5.4165) | Val AUC=0.6528 AUPR=0.5469 F1=0.5937 ACC=0.4703
Epoch 023/120 | TrainLoss=0.4401 (Cls=0.4131, Cont=5.4059) | Val AUC=0.6664 AUPR=0.5611 F1=0.5959 ACC=0.4728
Epoch 024/120 | TrainLoss=0.4383 (Cls=0.4113, Cont=5.4005) | Val AUC=0.6811 AUPR=0.5695 F1=0.6068 ACC=0.5472
Epoch 025/120 | TrainLoss=0.4382 (Cls=0.4113, Cont=5.3819) | Val AUC=0.6902 AUPR=0.5804 F1=0.6093 ACC=0.6051
Epoch 026/120 | TrainLoss=0.4340 (Cls=0.4070, Cont=5.3938) | Val AUC=0.6880 AUPR=0.5872 F1=0.6053 ACC=0.5769
Epoch 027/120 | TrainLoss=0.4354 (Cls=0.4085, Cont=5.3736) | Val AUC=0.6943 AUPR=0.6004 F1=0.6095 ACC=0.5271
Epoch 028/120 | TrainLoss=0.4337 (Cls=0.4069, Cont=5.3692) | Val AUC=0.7221 AUPR=0.6247 F1=0.6287 ACC=0.6080
Epoch 029/120 | TrainLoss=0.4316 (Cls=0.4047, Cont=5.3716) | Val AUC=0.7519 AUPR=0.6536 F1=0.6549 ACC=0.6204
Epoch 030/120 | TrainLoss=0.4231 (Cls=0.3963, Cont=5.3720) | Val AUC=0.7761 AUPR=0.6856 F1=0.6700 ACC=0.6632
Epoch 031/120 | TrainLoss=0.4222 (Cls=0.3954, Cont=5.3689) | Val AUC=0.7964 AUPR=0.7153 F1=0.6816 ACC=0.6954
Epoch 032/120 | TrainLoss=0.4212 (Cls=0.3943, Cont=5.3742) | Val AUC=0.8165 AUPR=0.7407 F1=0.7012 ACC=0.7231
Epoch 033/120 | TrainLoss=0.4211 (Cls=0.3943, Cont=5.3651) | Val AUC=0.8412 AUPR=0.7731 F1=0.7267 ACC=0.7541
Epoch 034/120 | TrainLoss=0.4160 (Cls=0.3892, Cont=5.3515) | Val AUC=0.8628 AUPR=0.7999 F1=0.7493 ACC=0.7810
Epoch 035/120 | TrainLoss=0.4156 (Cls=0.3887, Cont=5.3724) | Val AUC=0.8739 AUPR=0.8160 F1=0.7605 ACC=0.7850
Epoch 036/120 | TrainLoss=0.4191 (Cls=0.3923, Cont=5.3523) | Val AUC=0.8833 AUPR=0.8296 F1=0.7697 ACC=0.7955
Epoch 037/120 | TrainLoss=0.4165 (Cls=0.3897, Cont=5.3618) | Val AUC=0.8867 AUPR=0.8346 F1=0.7708 ACC=0.7926
Epoch 038/120 | TrainLoss=0.4132 (Cls=0.3864, Cont=5.3582) | Val AUC=0.8905 AUPR=0.8411 F1=0.7749 ACC=0.8002
Epoch 039/120 | TrainLoss=0.4179 (Cls=0.3911, Cont=5.3661) | Val AUC=0.8957 AUPR=0.8487 F1=0.7834 ACC=0.8160
Epoch 040/120 | TrainLoss=0.4116 (Cls=0.3848, Cont=5.3626) | Val AUC=0.9000 AUPR=0.8548 F1=0.7909 ACC=0.8215
Epoch 041/120 | TrainLoss=0.4118 (Cls=0.3850, Cont=5.3570) | Val AUC=0.8998 AUPR=0.8545 F1=0.7891 ACC=0.8136
Epoch 042/120 | TrainLoss=0.4099 (Cls=0.3831, Cont=5.3640) | Val AUC=0.8980 AUPR=0.8514 F1=0.7875 ACC=0.8185
Epoch 043/120 | TrainLoss=0.4109 (Cls=0.3841, Cont=5.3640) | Val AUC=0.8998 AUPR=0.8545 F1=0.7910 ACC=0.8176
Epoch 044/120 | TrainLoss=0.4075 (Cls=0.3807, Cont=5.3637) | Val AUC=0.9017 AUPR=0.8580 F1=0.7931 ACC=0.8229
Epoch 045/120 | TrainLoss=0.4062 (Cls=0.3794, Cont=5.3555) | Val AUC=0.9044 AUPR=0.8624 F1=0.7964 ACC=0.8259
Epoch 046/120 | TrainLoss=0.4052 (Cls=0.3784, Cont=5.3547) | Val AUC=0.9066 AUPR=0.8657 F1=0.7990 ACC=0.8246
Epoch 047/120 | TrainLoss=0.4001 (Cls=0.3734, Cont=5.3548) | Val AUC=0.9080 AUPR=0.8677 F1=0.7992 ACC=0.8226
Epoch 048/120 | TrainLoss=0.4027 (Cls=0.3759, Cont=5.3619) | Val AUC=0.9090 AUPR=0.8695 F1=0.8011 ACC=0.8262
Epoch 049/120 | TrainLoss=0.4021 (Cls=0.3754, Cont=5.3550) | Val AUC=0.9091 AUPR=0.8697 F1=0.8013 ACC=0.8300
Epoch 050/120 | TrainLoss=0.4028 (Cls=0.3760, Cont=5.3559) | Val AUC=0.9093 AUPR=0.8700 F1=0.8011 ACC=0.8268
Epoch 051/120 | TrainLoss=0.3987 (Cls=0.3720, Cont=5.3406) | Val AUC=0.9092 AUPR=0.8701 F1=0.7992 ACC=0.8245
Epoch 052/120 | TrainLoss=0.3994 (Cls=0.3726, Cont=5.3574) | Val AUC=0.9094 AUPR=0.8709 F1=0.7995 ACC=0.8258
Epoch 053/120 | TrainLoss=0.3982 (Cls=0.3715, Cont=5.3520) | Val AUC=0.9104 AUPR=0.8733 F1=0.8004 ACC=0.8274
Epoch 054/120 | TrainLoss=0.3968 (Cls=0.3700, Cont=5.3604) | Val AUC=0.9112 AUPR=0.8747 F1=0.8020 ACC=0.8286
Epoch 055/120 | TrainLoss=0.3982 (Cls=0.3714, Cont=5.3615) | Val AUC=0.9119 AUPR=0.8760 F1=0.8036 ACC=0.8313
Epoch 056/120 | TrainLoss=0.3970 (Cls=0.3703, Cont=5.3407) | Val AUC=0.9128 AUPR=0.8772 F1=0.8052 ACC=0.8337
Epoch 057/120 | TrainLoss=0.3962 (Cls=0.3694, Cont=5.3454) | Val AUC=0.9138 AUPR=0.8786 F1=0.8055 ACC=0.8316
Epoch 058/120 | TrainLoss=0.3925 (Cls=0.3658, Cont=5.3529) | Val AUC=0.9139 AUPR=0.8792 F1=0.8061 ACC=0.8301
Epoch 059/120 | TrainLoss=0.3941 (Cls=0.3675, Cont=5.3360) | Val AUC=0.9139 AUPR=0.8794 F1=0.8051 ACC=0.8283
Epoch 060/120 | TrainLoss=0.3909 (Cls=0.3641, Cont=5.3494) | Val AUC=0.9137 AUPR=0.8792 F1=0.8040 ACC=0.8276
Epoch 061/120 | TrainLoss=0.3944 (Cls=0.3676, Cont=5.3502) | Val AUC=0.9135 AUPR=0.8789 F1=0.8061 ACC=0.8321
Epoch 062/120 | TrainLoss=0.3895 (Cls=0.3628, Cont=5.3313) | Val AUC=0.9134 AUPR=0.8784 F1=0.8076 ACC=0.8378
Epoch 063/120 | TrainLoss=0.3915 (Cls=0.3647, Cont=5.3531) | Val AUC=0.9138 AUPR=0.8787 F1=0.8072 ACC=0.8357
Epoch 064/120 | TrainLoss=0.3902 (Cls=0.3635, Cont=5.3418) | Val AUC=0.9139 AUPR=0.8787 F1=0.8075 ACC=0.8337
Epoch 065/120 | TrainLoss=0.3898 (Cls=0.3630, Cont=5.3439) | Val AUC=0.9139 AUPR=0.8790 F1=0.8054 ACC=0.8327
Epoch 066/120 | TrainLoss=0.3911 (Cls=0.3644, Cont=5.3553) | Val AUC=0.9142 AUPR=0.8799 F1=0.8065 ACC=0.8305
Epoch 067/120 | TrainLoss=0.3894 (Cls=0.3627, Cont=5.3456) | Val AUC=0.9139 AUPR=0.8792 F1=0.8056 ACC=0.8311
Epoch 068/120 | TrainLoss=0.3883 (Cls=0.3615, Cont=5.3549) | Val AUC=0.9140 AUPR=0.8795 F1=0.8052 ACC=0.8319
Epoch 069/120 | TrainLoss=0.3867 (Cls=0.3599, Cont=5.3539) | Val AUC=0.9139 AUPR=0.8796 F1=0.8056 ACC=0.8303
Epoch 070/120 | TrainLoss=0.3875 (Cls=0.3607, Cont=5.3469) | Val AUC=0.9139 AUPR=0.8795 F1=0.8053 ACC=0.8297
Epoch 071/120 | TrainLoss=0.3879 (Cls=0.3611, Cont=5.3470) | Val AUC=0.9139 AUPR=0.8793 F1=0.8050 ACC=0.8319
Epoch 072/120 | TrainLoss=0.3893 (Cls=0.3625, Cont=5.3543) | Val AUC=0.9144 AUPR=0.8801 F1=0.8074 ACC=0.8331
Epoch 073/120 | TrainLoss=0.3861 (Cls=0.3593, Cont=5.3532) | Val AUC=0.9145 AUPR=0.8804 F1=0.8052 ACC=0.8298
Epoch 074/120 | TrainLoss=0.3886 (Cls=0.3619, Cont=5.3450) | Val AUC=0.9150 AUPR=0.8812 F1=0.8070 ACC=0.8329
Epoch 075/120 | TrainLoss=0.3862 (Cls=0.3595, Cont=5.3333) | Val AUC=0.9157 AUPR=0.8824 F1=0.8077 ACC=0.8356
Epoch 076/120 | TrainLoss=0.3867 (Cls=0.3600, Cont=5.3482) | Val AUC=0.9156 AUPR=0.8824 F1=0.8085 ACC=0.8353
Epoch 077/120 | TrainLoss=0.3855 (Cls=0.3588, Cont=5.3418) | Val AUC=0.9152 AUPR=0.8821 F1=0.8074 ACC=0.8308
Epoch 078/120 | TrainLoss=0.3869 (Cls=0.3601, Cont=5.3483) | Val AUC=0.9148 AUPR=0.8814 F1=0.8056 ACC=0.8324
Epoch 079/120 | TrainLoss=0.3849 (Cls=0.3582, Cont=5.3395) | Val AUC=0.9145 AUPR=0.8811 F1=0.8051 ACC=0.8326
Epoch 080/120 | TrainLoss=0.3860 (Cls=0.3592, Cont=5.3440) | Val AUC=0.9144 AUPR=0.8810 F1=0.8042 ACC=0.8315
Epoch 081/120 | TrainLoss=0.3841 (Cls=0.3573, Cont=5.3507) | Val AUC=0.9143 AUPR=0.8808 F1=0.8046 ACC=0.8332
Epoch 082/120 | TrainLoss=0.3842 (Cls=0.3575, Cont=5.3306) | Val AUC=0.9152 AUPR=0.8818 F1=0.8079 ACC=0.8346
Epoch 083/120 | TrainLoss=0.3832 (Cls=0.3566, Cont=5.3260) | Val AUC=0.9153 AUPR=0.8823 F1=0.8081 ACC=0.8362
Epoch 084/120 | TrainLoss=0.3832 (Cls=0.3565, Cont=5.3497) | Val AUC=0.9154 AUPR=0.8825 F1=0.8066 ACC=0.8361
Epoch 085/120 | TrainLoss=0.3831 (Cls=0.3564, Cont=5.3372) | Val AUC=0.9155 AUPR=0.8829 F1=0.8063 ACC=0.8327
Epoch 086/120 | TrainLoss=0.3834 (Cls=0.3567, Cont=5.3405) | Val AUC=0.9153 AUPR=0.8829 F1=0.8047 ACC=0.8327
Epoch 087/120 | TrainLoss=0.3826 (Cls=0.3558, Cont=5.3467) | Val AUC=0.9155 AUPR=0.8829 F1=0.8047 ACC=0.8293
Epoch 088/120 | TrainLoss=0.3815 (Cls=0.3548, Cont=5.3434) | Val AUC=0.9158 AUPR=0.8831 F1=0.8055 ACC=0.8339
Epoch 089/120 | TrainLoss=0.3809 (Cls=0.3542, Cont=5.3365) | Val AUC=0.9162 AUPR=0.8836 F1=0.8063 ACC=0.8358
Epoch 090/120 | TrainLoss=0.3817 (Cls=0.3550, Cont=5.3395) | Val AUC=0.9163 AUPR=0.8838 F1=0.8083 ACC=0.8315
Epoch 091/120 | TrainLoss=0.3810 (Cls=0.3543, Cont=5.3493) | Val AUC=0.9163 AUPR=0.8838 F1=0.8095 ACC=0.8319
Epoch 092/120 | TrainLoss=0.3814 (Cls=0.3547, Cont=5.3319) | Val AUC=0.9165 AUPR=0.8843 F1=0.8084 ACC=0.8318
Epoch 093/120 | TrainLoss=0.3805 (Cls=0.3537, Cont=5.3444) | Val AUC=0.9167 AUPR=0.8845 F1=0.8087 ACC=0.8322
Epoch 094/120 | TrainLoss=0.3797 (Cls=0.3530, Cont=5.3480) | Val AUC=0.9168 AUPR=0.8848 F1=0.8094 ACC=0.8306
Epoch 095/120 | TrainLoss=0.3794 (Cls=0.3527, Cont=5.3404) | Val AUC=0.9167 AUPR=0.8847 F1=0.8092 ACC=0.8352
Epoch 096/120 | TrainLoss=0.3793 (Cls=0.3526, Cont=5.3341) | Val AUC=0.9167 AUPR=0.8847 F1=0.8089 ACC=0.8330
Epoch 097/120 | TrainLoss=0.3789 (Cls=0.3522, Cont=5.3441) | Val AUC=0.9171 AUPR=0.8850 F1=0.8104 ACC=0.8333
Epoch 098/120 | TrainLoss=0.3782 (Cls=0.3515, Cont=5.3399) | Val AUC=0.9172 AUPR=0.8851 F1=0.8110 ACC=0.8358
Epoch 099/120 | TrainLoss=0.3780 (Cls=0.3513, Cont=5.3389) | Val AUC=0.9172 AUPR=0.8851 F1=0.8122 ACC=0.8363
Epoch 100/120 | TrainLoss=0.3771 (Cls=0.3504, Cont=5.3428) | Val AUC=0.9175 AUPR=0.8856 F1=0.8108 ACC=0.8379
Epoch 101/120 | TrainLoss=0.3771 (Cls=0.3505, Cont=5.3324) | Val AUC=0.9176 AUPR=0.8861 F1=0.8086 ACC=0.8308
Epoch 102/120 | TrainLoss=0.3779 (Cls=0.3511, Cont=5.3486) | Val AUC=0.9174 AUPR=0.8864 F1=0.8078 ACC=0.8303
Epoch 103/120 | TrainLoss=0.3765 (Cls=0.3498, Cont=5.3463) | Val AUC=0.9176 AUPR=0.8868 F1=0.8078 ACC=0.8343
Epoch 104/120 | TrainLoss=0.3763 (Cls=0.3496, Cont=5.3412) | Val AUC=0.9177 AUPR=0.8866 F1=0.8098 ACC=0.8359
Epoch 105/120 | TrainLoss=0.3763 (Cls=0.3496, Cont=5.3361) | Val AUC=0.9178 AUPR=0.8866 F1=0.8097 ACC=0.8371
Epoch 106/120 | TrainLoss=0.3755 (Cls=0.3488, Cont=5.3324) | Val AUC=0.9178 AUPR=0.8865 F1=0.8100 ACC=0.8372
Epoch 107/120 | TrainLoss=0.3761 (Cls=0.3494, Cont=5.3440) | Val AUC=0.9177 AUPR=0.8864 F1=0.8107 ACC=0.8364
Epoch 108/120 | TrainLoss=0.3753 (Cls=0.3486, Cont=5.3397) | Val AUC=0.9178 AUPR=0.8861 F1=0.8113 ACC=0.8393
Epoch 109/120 | TrainLoss=0.3760 (Cls=0.3493, Cont=5.3339) | Val AUC=0.9182 AUPR=0.8863 F1=0.8131 ACC=0.8391
Epoch 110/120 | TrainLoss=0.3730 (Cls=0.3463, Cont=5.3395) | Val AUC=0.9183 AUPR=0.8866 F1=0.8113 ACC=0.8395
Epoch 111/120 | TrainLoss=0.3736 (Cls=0.3471, Cont=5.3088) | Val AUC=0.9181 AUPR=0.8869 F1=0.8099 ACC=0.8406
Epoch 112/120 | TrainLoss=0.3731 (Cls=0.3465, Cont=5.3321) | Val AUC=0.9185 AUPR=0.8876 F1=0.8102 ACC=0.8400
Epoch 113/120 | TrainLoss=0.3745 (Cls=0.3478, Cont=5.3343) | Val AUC=0.9188 AUPR=0.8877 F1=0.8123 ACC=0.8390
Epoch 114/120 | TrainLoss=0.3731 (Cls=0.3464, Cont=5.3341) | Val AUC=0.9189 AUPR=0.8878 F1=0.8122 ACC=0.8387
Epoch 115/120 | TrainLoss=0.3717 (Cls=0.3450, Cont=5.3413) | Val AUC=0.9188 AUPR=0.8876 F1=0.8109 ACC=0.8382
Epoch 116/120 | TrainLoss=0.3720 (Cls=0.3453, Cont=5.3384) | Val AUC=0.9183 AUPR=0.8868 F1=0.8107 ACC=0.8396
Epoch 117/120 | TrainLoss=0.3721 (Cls=0.3454, Cont=5.3316) | Val AUC=0.9193 AUPR=0.8883 F1=0.8131 ACC=0.8396
Epoch 118/120 | TrainLoss=0.3700 (Cls=0.3434, Cont=5.3261) | Val AUC=0.9204 AUPR=0.8901 F1=0.8143 ACC=0.8388
Epoch 119/120 | TrainLoss=0.3706 (Cls=0.3439, Cont=5.3379) | Val AUC=0.9204 AUPR=0.8901 F1=0.8132 ACC=0.8390
Epoch 120/120 | TrainLoss=0.3704 (Cls=0.3437, Cont=5.3366) | Val AUC=0.9186 AUPR=0.8879 F1=0.8089 ACC=0.8351
Fold 5 complete | Best Val AUC=0.9204 | Test AUC=0.9206 AUPR=0.8925 F1=0.8114 ACC=0.8433 | FoldTime=296.87s

================================================================================
Cross-validation complete
Mean AUC:  0.9189 +/- 0.0015
Mean AUPR: 0.8882 +/- 0.0033
Mean F1:   0.8092 +/- 0.0027
Mean ACC:  0.8379 +/- 0.0033
Saved outputs to: /content/drive/MyDrive/CDRP models testing/flexible model/outputs/exp2_sharded_v2_verified_t4_v1_shards_1
