Run directory: /content/drive/MyDrive/CDRP models testing/flexible model/outputs/exp2_sharded_v2_verified_t4_v1_shards_8
Device: cuda
Command: /content/drive/MyDrive/CDRP models testing/flexible model/main_flexible.py --run_name exp2_sharded_v2_verified_t4_v1_shards_8 --dataset_root /content/drive/MyDrive/CDRP models testing/flexible model/flexibility_views/exp2_pathway_sharding/verified_t4_v1_shards_8 --epoch 120 --lr 0.001 --weight_decay 1e-05 --hidden_channels 256 --output_channels 64 --fusion_dim 512 --dropout 0.2 --num_layers 2 --heads 4 --drug_num_gnn_layers 3 --drug_batch_size 0 --k_fold 5 --seed 0 --top_k 10 --contrastive_weight 0.005 --temperature 0.05 --warmup_epochs 10 --max_contrastive_pairs 2048 --device cuda --omics pathway_shard_01 pathway_shard_02 pathway_shard_03 pathway_shard_04 pathway_shard_05 pathway_shard_06 pathway_shard_07 pathway_shard_08
Loading aligned data from: /content/drive/MyDrive/CDRP models testing/flexible model/flexibility_views/exp2_pathway_sharding/verified_t4_v1_shards_8
Loaded data: pairs=109446, cells=425, drugs=298
Selected omics: pathway_shard_01, pathway_shard_02, pathway_shard_03, pathway_shard_04, pathway_shard_05, pathway_shard_06, pathway_shard_07, pathway_shard_08

================================================================================
Fold 1/5 (fold_id=1)
================================================================================
Epoch 001/120 | TrainLoss=0.7083 (Cls=0.7083, Cont=0.0000) | Val AUC=0.5041 AUPR=0.4121 F1=0.5796 ACC=0.4082
Epoch 002/120 | TrainLoss=0.6775 (Cls=0.6775, Cont=0.0000) | Val AUC=0.5588 AUPR=0.4696 F1=0.5800 ACC=0.4087
Epoch 003/120 | TrainLoss=0.6629 (Cls=0.6629, Cont=0.0000) | Val AUC=0.5709 AUPR=0.4804 F1=0.5802 ACC=0.4094
Epoch 004/120 | TrainLoss=0.6554 (Cls=0.6554, Cont=0.0000) | Val AUC=0.5760 AUPR=0.4832 F1=0.5809 ACC=0.4196
Epoch 005/120 | TrainLoss=0.6407 (Cls=0.6407, Cont=0.0000) | Val AUC=0.5779 AUPR=0.4836 F1=0.5812 ACC=0.4476
Epoch 006/120 | TrainLoss=0.6226 (Cls=0.6226, Cont=0.0000) | Val AUC=0.5823 AUPR=0.4868 F1=0.5836 ACC=0.4437
Epoch 007/120 | TrainLoss=0.6014 (Cls=0.6014, Cont=0.0000) | Val AUC=0.5863 AUPR=0.4916 F1=0.5846 ACC=0.4505
Epoch 008/120 | TrainLoss=0.5730 (Cls=0.5730, Cont=0.0000) | Val AUC=0.5876 AUPR=0.4923 F1=0.5853 ACC=0.4618
Epoch 009/120 | TrainLoss=0.5453 (Cls=0.5453, Cont=0.0000) | Val AUC=0.5882 AUPR=0.4922 F1=0.5856 ACC=0.4559
Epoch 010/120 | TrainLoss=0.5131 (Cls=0.5131, Cont=0.0000) | Val AUC=0.5899 AUPR=0.4944 F1=0.5855 ACC=0.4624
Epoch 011/120 | TrainLoss=0.5257 (Cls=0.4943, Cont=6.2832) | Val AUC=0.5943 AUPR=0.5008 F1=0.5854 ACC=0.4591
Epoch 012/120 | TrainLoss=0.5041 (Cls=0.4763, Cont=5.5550) | Val AUC=0.5963 AUPR=0.5013 F1=0.5854 ACC=0.4632
Epoch 013/120 | TrainLoss=0.5069 (Cls=0.4796, Cont=5.4629) | Val AUC=0.5978 AUPR=0.5022 F1=0.5858 ACC=0.4732
Epoch 014/120 | TrainLoss=0.4946 (Cls=0.4674, Cont=5.4424) | Val AUC=0.5998 AUPR=0.5089 F1=0.5853 ACC=0.4568
Epoch 015/120 | TrainLoss=0.4652 (Cls=0.4380, Cont=5.4305) | Val AUC=0.5995 AUPR=0.5095 F1=0.5837 ACC=0.4252
Epoch 016/120 | TrainLoss=0.4656 (Cls=0.4385, Cont=5.4279) | Val AUC=0.6030 AUPR=0.5133 F1=0.5841 ACC=0.4391
Epoch 017/120 | TrainLoss=0.4600 (Cls=0.4329, Cont=5.4216) | Val AUC=0.6009 AUPR=0.5132 F1=0.5829 ACC=0.4662
Epoch 018/120 | TrainLoss=0.4532 (Cls=0.4261, Cont=5.4151) | Val AUC=0.5891 AUPR=0.5042 F1=0.5822 ACC=0.4206
Epoch 019/120 | TrainLoss=0.4553 (Cls=0.4283, Cont=5.4062) | Val AUC=0.5891 AUPR=0.5031 F1=0.5826 ACC=0.4203
Epoch 020/120 | TrainLoss=0.4492 (Cls=0.4222, Cont=5.3955) | Val AUC=0.5997 AUPR=0.5086 F1=0.5829 ACC=0.4274
Epoch 021/120 | TrainLoss=0.4439 (Cls=0.4170, Cont=5.3876) | Val AUC=0.6028 AUPR=0.5106 F1=0.5854 ACC=0.4495
Epoch 022/120 | TrainLoss=0.4397 (Cls=0.4127, Cont=5.3880) | Val AUC=0.5995 AUPR=0.5068 F1=0.5876 ACC=0.4330
Epoch 023/120 | TrainLoss=0.4363 (Cls=0.4094, Cont=5.3815) | Val AUC=0.6086 AUPR=0.5166 F1=0.5896 ACC=0.4473
Epoch 024/120 | TrainLoss=0.4374 (Cls=0.4106, Cont=5.3736) | Val AUC=0.6339 AUPR=0.5417 F1=0.5944 ACC=0.4676
Epoch 025/120 | TrainLoss=0.4324 (Cls=0.4054, Cont=5.3842) | Val AUC=0.6702 AUPR=0.5764 F1=0.5996 ACC=0.5132
Epoch 026/120 | TrainLoss=0.4287 (Cls=0.4019, Cont=5.3549) | Val AUC=0.6913 AUPR=0.5998 F1=0.6068 ACC=0.5452
Epoch 027/120 | TrainLoss=0.4308 (Cls=0.4040, Cont=5.3612) | Val AUC=0.7089 AUPR=0.6163 F1=0.6176 ACC=0.6063
Epoch 028/120 | TrainLoss=0.4238 (Cls=0.3969, Cont=5.3667) | Val AUC=0.7271 AUPR=0.6350 F1=0.6314 ACC=0.5987
Epoch 029/120 | TrainLoss=0.4256 (Cls=0.3987, Cont=5.3786) | Val AUC=0.7583 AUPR=0.6677 F1=0.6525 ACC=0.7002
Epoch 030/120 | TrainLoss=0.4232 (Cls=0.3963, Cont=5.3677) | Val AUC=0.7787 AUPR=0.6988 F1=0.6689 ACC=0.6812
Epoch 031/120 | TrainLoss=0.4246 (Cls=0.3977, Cont=5.3823) | Val AUC=0.7911 AUPR=0.7260 F1=0.6826 ACC=0.6878
Epoch 032/120 | TrainLoss=0.4195 (Cls=0.3926, Cont=5.3645) | Val AUC=0.8089 AUPR=0.7520 F1=0.6964 ACC=0.7044
Epoch 033/120 | TrainLoss=0.4222 (Cls=0.3954, Cont=5.3601) | Val AUC=0.8299 AUPR=0.7721 F1=0.7180 ACC=0.7350
Epoch 034/120 | TrainLoss=0.4191 (Cls=0.3923, Cont=5.3585) | Val AUC=0.8504 AUPR=0.7868 F1=0.7418 ACC=0.7636
Epoch 035/120 | TrainLoss=0.4199 (Cls=0.3931, Cont=5.3664) | Val AUC=0.8600 AUPR=0.7942 F1=0.7470 ACC=0.7587
Epoch 036/120 | TrainLoss=0.4184 (Cls=0.3916, Cont=5.3623) | Val AUC=0.8701 AUPR=0.8071 F1=0.7601 ACC=0.7827
Epoch 037/120 | TrainLoss=0.4128 (Cls=0.3859, Cont=5.3679) | Val AUC=0.8805 AUPR=0.8236 F1=0.7690 ACC=0.8039
Epoch 038/120 | TrainLoss=0.4131 (Cls=0.3863, Cont=5.3590) | Val AUC=0.8855 AUPR=0.8353 F1=0.7700 ACC=0.8015
Epoch 039/120 | TrainLoss=0.4128 (Cls=0.3860, Cont=5.3676) | Val AUC=0.8917 AUPR=0.8456 F1=0.7785 ACC=0.8042
Epoch 040/120 | TrainLoss=0.4107 (Cls=0.3839, Cont=5.3574) | Val AUC=0.8969 AUPR=0.8522 F1=0.7849 ACC=0.8036
Epoch 041/120 | TrainLoss=0.4087 (Cls=0.3819, Cont=5.3511) | Val AUC=0.9021 AUPR=0.8577 F1=0.7912 ACC=0.8169
Epoch 042/120 | TrainLoss=0.4083 (Cls=0.3815, Cont=5.3653) | Val AUC=0.9054 AUPR=0.8623 F1=0.7951 ACC=0.8191
Epoch 043/120 | TrainLoss=0.4062 (Cls=0.3794, Cont=5.3509) | Val AUC=0.9063 AUPR=0.8644 F1=0.8000 ACC=0.8236
Epoch 044/120 | TrainLoss=0.4069 (Cls=0.3802, Cont=5.3352) | Val AUC=0.9070 AUPR=0.8668 F1=0.7975 ACC=0.8251
Epoch 045/120 | TrainLoss=0.4042 (Cls=0.3775, Cont=5.3511) | Val AUC=0.9082 AUPR=0.8694 F1=0.7984 ACC=0.8295
Epoch 046/120 | TrainLoss=0.4028 (Cls=0.3760, Cont=5.3607) | Val AUC=0.9106 AUPR=0.8724 F1=0.8033 ACC=0.8300
Epoch 047/120 | TrainLoss=0.4018 (Cls=0.3751, Cont=5.3501) | Val AUC=0.9111 AUPR=0.8724 F1=0.8045 ACC=0.8301
Epoch 048/120 | TrainLoss=0.4000 (Cls=0.3733, Cont=5.3480) | Val AUC=0.9105 AUPR=0.8708 F1=0.8030 ACC=0.8265
Epoch 049/120 | TrainLoss=0.4020 (Cls=0.3751, Cont=5.3637) | Val AUC=0.9108 AUPR=0.8714 F1=0.8050 ACC=0.8288
Epoch 050/120 | TrainLoss=0.4039 (Cls=0.3771, Cont=5.3579) | Val AUC=0.9105 AUPR=0.8712 F1=0.8029 ACC=0.8259
Epoch 051/120 | TrainLoss=0.3999 (Cls=0.3732, Cont=5.3410) | Val AUC=0.9112 AUPR=0.8724 F1=0.8036 ACC=0.8298
Epoch 052/120 | TrainLoss=0.4001 (Cls=0.3734, Cont=5.3510) | Val AUC=0.9121 AUPR=0.8738 F1=0.8025 ACC=0.8266
Epoch 053/120 | TrainLoss=0.3977 (Cls=0.3710, Cont=5.3387) | Val AUC=0.9126 AUPR=0.8750 F1=0.8049 ACC=0.8297
Epoch 054/120 | TrainLoss=0.3971 (Cls=0.3703, Cont=5.3645) | Val AUC=0.9123 AUPR=0.8751 F1=0.8025 ACC=0.8235
Epoch 055/120 | TrainLoss=0.3979 (Cls=0.3712, Cont=5.3450) | Val AUC=0.9119 AUPR=0.8747 F1=0.8021 ACC=0.8300
Epoch 056/120 | TrainLoss=0.3945 (Cls=0.3678, Cont=5.3447) | Val AUC=0.9115 AUPR=0.8738 F1=0.8019 ACC=0.8239
Epoch 057/120 | TrainLoss=0.3985 (Cls=0.3717, Cont=5.3464) | Val AUC=0.9118 AUPR=0.8741 F1=0.8021 ACC=0.8249
Epoch 058/120 | TrainLoss=0.3943 (Cls=0.3676, Cont=5.3452) | Val AUC=0.9135 AUPR=0.8768 F1=0.8047 ACC=0.8279
Epoch 059/120 | TrainLoss=0.3942 (Cls=0.3674, Cont=5.3524) | Val AUC=0.9141 AUPR=0.8781 F1=0.8068 ACC=0.8320
Epoch 060/120 | TrainLoss=0.3921 (Cls=0.3654, Cont=5.3535) | Val AUC=0.9143 AUPR=0.8785 F1=0.8070 ACC=0.8316
Epoch 061/120 | TrainLoss=0.3923 (Cls=0.3656, Cont=5.3453) | Val AUC=0.9149 AUPR=0.8792 F1=0.8078 ACC=0.8289
Epoch 062/120 | TrainLoss=0.3930 (Cls=0.3662, Cont=5.3571) | Val AUC=0.9147 AUPR=0.8789 F1=0.8079 ACC=0.8338
Epoch 063/120 | TrainLoss=0.3925 (Cls=0.3657, Cont=5.3508) | Val AUC=0.9150 AUPR=0.8792 F1=0.8083 ACC=0.8329
Epoch 064/120 | TrainLoss=0.3913 (Cls=0.3646, Cont=5.3476) | Val AUC=0.9149 AUPR=0.8790 F1=0.8069 ACC=0.8350
Epoch 065/120 | TrainLoss=0.3918 (Cls=0.3650, Cont=5.3499) | Val AUC=0.9152 AUPR=0.8792 F1=0.8080 ACC=0.8345
Epoch 066/120 | TrainLoss=0.3917 (Cls=0.3650, Cont=5.3418) | Val AUC=0.9155 AUPR=0.8794 F1=0.8082 ACC=0.8343
Epoch 067/120 | TrainLoss=0.3895 (Cls=0.3628, Cont=5.3507) | Val AUC=0.9160 AUPR=0.8800 F1=0.8090 ACC=0.8323
Epoch 068/120 | TrainLoss=0.3894 (Cls=0.3626, Cont=5.3499) | Val AUC=0.9166 AUPR=0.8812 F1=0.8092 ACC=0.8348
Epoch 069/120 | TrainLoss=0.3901 (Cls=0.3634, Cont=5.3446) | Val AUC=0.9167 AUPR=0.8815 F1=0.8098 ACC=0.8324
Epoch 070/120 | TrainLoss=0.3889 (Cls=0.3622, Cont=5.3406) | Val AUC=0.9161 AUPR=0.8808 F1=0.8082 ACC=0.8320
Epoch 071/120 | TrainLoss=0.3886 (Cls=0.3619, Cont=5.3346) | Val AUC=0.9156 AUPR=0.8800 F1=0.8089 ACC=0.8353
Epoch 072/120 | TrainLoss=0.3898 (Cls=0.3632, Cont=5.3316) | Val AUC=0.9154 AUPR=0.8792 F1=0.8094 ACC=0.8342
Epoch 073/120 | TrainLoss=0.3891 (Cls=0.3623, Cont=5.3566) | Val AUC=0.9152 AUPR=0.8787 F1=0.8088 ACC=0.8337
Epoch 074/120 | TrainLoss=0.3895 (Cls=0.3628, Cont=5.3420) | Val AUC=0.9151 AUPR=0.8786 F1=0.8075 ACC=0.8349
Epoch 075/120 | TrainLoss=0.3889 (Cls=0.3621, Cont=5.3518) | Val AUC=0.9160 AUPR=0.8802 F1=0.8094 ACC=0.8332
Epoch 076/120 | TrainLoss=0.3870 (Cls=0.3603, Cont=5.3468) | Val AUC=0.9164 AUPR=0.8813 F1=0.8105 ACC=0.8363
Epoch 077/120 | TrainLoss=0.3874 (Cls=0.3607, Cont=5.3465) | Val AUC=0.9169 AUPR=0.8822 F1=0.8099 ACC=0.8339
Epoch 078/120 | TrainLoss=0.3876 (Cls=0.3609, Cont=5.3359) | Val AUC=0.9173 AUPR=0.8825 F1=0.8099 ACC=0.8348
Epoch 079/120 | TrainLoss=0.3867 (Cls=0.3600, Cont=5.3523) | Val AUC=0.9174 AUPR=0.8821 F1=0.8119 ACC=0.8340
Epoch 080/120 | TrainLoss=0.3880 (Cls=0.3613, Cont=5.3403) | Val AUC=0.9170 AUPR=0.8812 F1=0.8108 ACC=0.8307
Epoch 081/120 | TrainLoss=0.3853 (Cls=0.3585, Cont=5.3503) | Val AUC=0.9166 AUPR=0.8807 F1=0.8107 ACC=0.8334
Epoch 082/120 | TrainLoss=0.3857 (Cls=0.3590, Cont=5.3515) | Val AUC=0.9170 AUPR=0.8815 F1=0.8109 ACC=0.8384
Epoch 083/120 | TrainLoss=0.3853 (Cls=0.3586, Cont=5.3391) | Val AUC=0.9169 AUPR=0.8821 F1=0.8118 ACC=0.8396
Epoch 084/120 | TrainLoss=0.3857 (Cls=0.3589, Cont=5.3475) | Val AUC=0.9167 AUPR=0.8821 F1=0.8091 ACC=0.8335
Epoch 085/120 | TrainLoss=0.3849 (Cls=0.3581, Cont=5.3568) | Val AUC=0.9161 AUPR=0.8816 F1=0.8077 ACC=0.8314
Epoch 086/120 | TrainLoss=0.3890 (Cls=0.3623, Cont=5.3456) | Val AUC=0.9168 AUPR=0.8826 F1=0.8088 ACC=0.8356
Epoch 087/120 | TrainLoss=0.3857 (Cls=0.3590, Cont=5.3430) | Val AUC=0.9173 AUPR=0.8829 F1=0.8085 ACC=0.8350
Epoch 088/120 | TrainLoss=0.3849 (Cls=0.3581, Cont=5.3453) | Val AUC=0.9171 AUPR=0.8826 F1=0.8073 ACC=0.8309
Epoch 089/120 | TrainLoss=0.3840 (Cls=0.3573, Cont=5.3301) | Val AUC=0.9168 AUPR=0.8825 F1=0.8071 ACC=0.8335
Epoch 090/120 | TrainLoss=0.3844 (Cls=0.3576, Cont=5.3462) | Val AUC=0.9173 AUPR=0.8834 F1=0.8101 ACC=0.8386
Epoch 091/120 | TrainLoss=0.3839 (Cls=0.3573, Cont=5.3357) | Val AUC=0.9174 AUPR=0.8836 F1=0.8106 ACC=0.8377
Epoch 092/120 | TrainLoss=0.3841 (Cls=0.3574, Cont=5.3558) | Val AUC=0.9167 AUPR=0.8829 F1=0.8082 ACC=0.8333
Epoch 093/120 | TrainLoss=0.3823 (Cls=0.3556, Cont=5.3463) | Val AUC=0.9163 AUPR=0.8826 F1=0.8071 ACC=0.8291
Epoch 094/120 | TrainLoss=0.3839 (Cls=0.3572, Cont=5.3386) | Val AUC=0.9170 AUPR=0.8837 F1=0.8082 ACC=0.8384
Epoch 095/120 | TrainLoss=0.3815 (Cls=0.3548, Cont=5.3432) | Val AUC=0.9175 AUPR=0.8844 F1=0.8099 ACC=0.8377
Epoch 096/120 | TrainLoss=0.3830 (Cls=0.3563, Cont=5.3443) | Val AUC=0.9175 AUPR=0.8842 F1=0.8071 ACC=0.8289
Epoch 097/120 | TrainLoss=0.3813 (Cls=0.3545, Cont=5.3556) | Val AUC=0.9173 AUPR=0.8839 F1=0.8074 ACC=0.8336
Epoch 098/120 | TrainLoss=0.3819 (Cls=0.3552, Cont=5.3397) | Val AUC=0.9175 AUPR=0.8843 F1=0.8089 ACC=0.8368
Epoch 099/120 | TrainLoss=0.3805 (Cls=0.3537, Cont=5.3451) | Val AUC=0.9170 AUPR=0.8835 F1=0.8083 ACC=0.8374
Epoch 100/120 | TrainLoss=0.3818 (Cls=0.3551, Cont=5.3456) | Val AUC=0.9175 AUPR=0.8844 F1=0.8091 ACC=0.8321
Epoch 101/120 | TrainLoss=0.3802 (Cls=0.3535, Cont=5.3443) | Val AUC=0.9186 AUPR=0.8860 F1=0.8100 ACC=0.8347
Epoch 102/120 | TrainLoss=0.3790 (Cls=0.3524, Cont=5.3361) | Val AUC=0.9189 AUPR=0.8864 F1=0.8100 ACC=0.8389
Epoch 103/120 | TrainLoss=0.3801 (Cls=0.3534, Cont=5.3421) | Val AUC=0.9185 AUPR=0.8861 F1=0.8087 ACC=0.8384
Epoch 104/120 | TrainLoss=0.3785 (Cls=0.3518, Cont=5.3394) | Val AUC=0.9182 AUPR=0.8856 F1=0.8074 ACC=0.8355
Epoch 105/120 | TrainLoss=0.3789 (Cls=0.3521, Cont=5.3468) | Val AUC=0.9187 AUPR=0.8863 F1=0.8087 ACC=0.8340
Epoch 106/120 | TrainLoss=0.3795 (Cls=0.3528, Cont=5.3469) | Val AUC=0.9189 AUPR=0.8864 F1=0.8101 ACC=0.8383
Epoch 107/120 | TrainLoss=0.3783 (Cls=0.3516, Cont=5.3497) | Val AUC=0.9185 AUPR=0.8856 F1=0.8095 ACC=0.8372
Epoch 108/120 | TrainLoss=0.3783 (Cls=0.3516, Cont=5.3442) | Val AUC=0.9189 AUPR=0.8861 F1=0.8110 ACC=0.8386
Epoch 109/120 | TrainLoss=0.3774 (Cls=0.3507, Cont=5.3392) | Val AUC=0.9192 AUPR=0.8868 F1=0.8113 ACC=0.8377
Epoch 110/120 | TrainLoss=0.3780 (Cls=0.3513, Cont=5.3363) | Val AUC=0.9190 AUPR=0.8869 F1=0.8105 ACC=0.8357
Epoch 111/120 | TrainLoss=0.3768 (Cls=0.3501, Cont=5.3371) | Val AUC=0.9195 AUPR=0.8878 F1=0.8116 ACC=0.8384
Epoch 112/120 | TrainLoss=0.3768 (Cls=0.3501, Cont=5.3378) | Val AUC=0.9198 AUPR=0.8883 F1=0.8116 ACC=0.8397
Epoch 113/120 | TrainLoss=0.3771 (Cls=0.3504, Cont=5.3472) | Val AUC=0.9195 AUPR=0.8880 F1=0.8110 ACC=0.8373
Epoch 114/120 | TrainLoss=0.3771 (Cls=0.3504, Cont=5.3416) | Val AUC=0.9197 AUPR=0.8884 F1=0.8113 ACC=0.8322
Epoch 115/120 | TrainLoss=0.3750 (Cls=0.3483, Cont=5.3291) | Val AUC=0.9197 AUPR=0.8882 F1=0.8126 ACC=0.8372
Epoch 116/120 | TrainLoss=0.3773 (Cls=0.3506, Cont=5.3397) | Val AUC=0.9197 AUPR=0.8877 F1=0.8130 ACC=0.8354
Epoch 117/120 | TrainLoss=0.3764 (Cls=0.3497, Cont=5.3412) | Val AUC=0.9191 AUPR=0.8866 F1=0.8114 ACC=0.8405
Epoch 118/120 | TrainLoss=0.3772 (Cls=0.3505, Cont=5.3331) | Val AUC=0.9192 AUPR=0.8867 F1=0.8125 ACC=0.8421
Epoch 119/120 | TrainLoss=0.3748 (Cls=0.3481, Cont=5.3430) | Val AUC=0.9197 AUPR=0.8875 F1=0.8131 ACC=0.8374
Epoch 120/120 | TrainLoss=0.3769 (Cls=0.3502, Cont=5.3405) | Val AUC=0.9194 AUPR=0.8871 F1=0.8118 ACC=0.8368
Fold 1 complete | Best Val AUC=0.9198 | Test AUC=0.9187 AUPR=0.8896 F1=0.8098 ACC=0.8360 | FoldTime=299.25s

================================================================================
Fold 2/5 (fold_id=2)
================================================================================
Epoch 001/120 | TrainLoss=0.6989 (Cls=0.6989, Cont=0.0000) | Val AUC=0.5592 AUPR=0.4719 F1=0.5780 ACC=0.4067
Epoch 002/120 | TrainLoss=0.6718 (Cls=0.6718, Cont=0.0000) | Val AUC=0.5751 AUPR=0.4787 F1=0.5820 ACC=0.4391
Epoch 003/120 | TrainLoss=0.6617 (Cls=0.6617, Cont=0.0000) | Val AUC=0.5824 AUPR=0.4807 F1=0.5838 ACC=0.4547
Epoch 004/120 | TrainLoss=0.6512 (Cls=0.6512, Cont=0.0000) | Val AUC=0.5857 AUPR=0.4810 F1=0.5842 ACC=0.4507
Epoch 005/120 | TrainLoss=0.6374 (Cls=0.6374, Cont=0.0000) | Val AUC=0.5864 AUPR=0.4802 F1=0.5845 ACC=0.4598
Epoch 006/120 | TrainLoss=0.6232 (Cls=0.6232, Cont=0.0000) | Val AUC=0.5895 AUPR=0.4824 F1=0.5871 ACC=0.4620
Epoch 007/120 | TrainLoss=0.6017 (Cls=0.6017, Cont=0.0000) | Val AUC=0.5914 AUPR=0.4835 F1=0.5880 ACC=0.4764
Epoch 008/120 | TrainLoss=0.5826 (Cls=0.5826, Cont=0.0000) | Val AUC=0.5960 AUPR=0.4873 F1=0.5896 ACC=0.4730
Epoch 009/120 | TrainLoss=0.5603 (Cls=0.5603, Cont=0.0000) | Val AUC=0.6011 AUPR=0.4926 F1=0.5906 ACC=0.4642
Epoch 010/120 | TrainLoss=0.5372 (Cls=0.5372, Cont=0.0000) | Val AUC=0.6004 AUPR=0.4939 F1=0.5904 ACC=0.4639
Epoch 011/120 | TrainLoss=0.5404 (Cls=0.5103, Cont=6.0261) | Val AUC=0.6034 AUPR=0.4997 F1=0.5906 ACC=0.4768
Epoch 012/120 | TrainLoss=0.5313 (Cls=0.5037, Cont=5.5146) | Val AUC=0.5998 AUPR=0.4955 F1=0.5899 ACC=0.4734
Epoch 013/120 | TrainLoss=0.5257 (Cls=0.4983, Cont=5.4695) | Val AUC=0.6064 AUPR=0.5003 F1=0.5873 ACC=0.4598
Epoch 014/120 | TrainLoss=0.5172 (Cls=0.4900, Cont=5.4449) | Val AUC=0.6135 AUPR=0.5093 F1=0.5891 ACC=0.4802
Epoch 015/120 | TrainLoss=0.4836 (Cls=0.4564, Cont=5.4384) | Val AUC=0.6059 AUPR=0.5035 F1=0.5902 ACC=0.4575
Epoch 016/120 | TrainLoss=0.4746 (Cls=0.4474, Cont=5.4332) | Val AUC=0.6008 AUPR=0.5007 F1=0.5889 ACC=0.4685
Epoch 017/120 | TrainLoss=0.4656 (Cls=0.4385, Cont=5.4255) | Val AUC=0.6178 AUPR=0.5133 F1=0.5898 ACC=0.4758
Epoch 018/120 | TrainLoss=0.4620 (Cls=0.4349, Cont=5.4162) | Val AUC=0.6354 AUPR=0.5255 F1=0.5952 ACC=0.5138
Epoch 019/120 | TrainLoss=0.4592 (Cls=0.4321, Cont=5.4134) | Val AUC=0.6402 AUPR=0.5315 F1=0.5951 ACC=0.5129
Epoch 020/120 | TrainLoss=0.4502 (Cls=0.4232, Cont=5.4021) | Val AUC=0.6451 AUPR=0.5370 F1=0.5952 ACC=0.5484
Epoch 021/120 | TrainLoss=0.4519 (Cls=0.4249, Cont=5.4024) | Val AUC=0.6432 AUPR=0.5402 F1=0.5940 ACC=0.4880
Epoch 022/120 | TrainLoss=0.4418 (Cls=0.4148, Cont=5.3891) | Val AUC=0.6515 AUPR=0.5472 F1=0.5956 ACC=0.5382
Epoch 023/120 | TrainLoss=0.4399 (Cls=0.4130, Cont=5.3808) | Val AUC=0.6614 AUPR=0.5586 F1=0.6043 ACC=0.5595
Epoch 024/120 | TrainLoss=0.4364 (Cls=0.4095, Cont=5.3798) | Val AUC=0.6708 AUPR=0.5662 F1=0.6096 ACC=0.5543
Epoch 025/120 | TrainLoss=0.4337 (Cls=0.4069, Cont=5.3566) | Val AUC=0.6814 AUPR=0.5781 F1=0.6105 ACC=0.5607
Epoch 026/120 | TrainLoss=0.4314 (Cls=0.4045, Cont=5.3666) | Val AUC=0.6919 AUPR=0.5907 F1=0.6153 ACC=0.5592
Epoch 027/120 | TrainLoss=0.4302 (Cls=0.4034, Cont=5.3596) | Val AUC=0.7024 AUPR=0.6185 F1=0.6141 ACC=0.5598
Epoch 028/120 | TrainLoss=0.4307 (Cls=0.4038, Cont=5.3833) | Val AUC=0.7251 AUPR=0.6463 F1=0.6304 ACC=0.6142
Epoch 029/120 | TrainLoss=0.4276 (Cls=0.4006, Cont=5.3859) | Val AUC=0.7461 AUPR=0.6608 F1=0.6429 ACC=0.6391
Epoch 030/120 | TrainLoss=0.4288 (Cls=0.4020, Cont=5.3756) | Val AUC=0.7592 AUPR=0.6825 F1=0.6551 ACC=0.6628
Epoch 031/120 | TrainLoss=0.4273 (Cls=0.4005, Cont=5.3580) | Val AUC=0.7752 AUPR=0.7098 F1=0.6608 ACC=0.6863
Epoch 032/120 | TrainLoss=0.4254 (Cls=0.3986, Cont=5.3684) | Val AUC=0.7987 AUPR=0.7290 F1=0.6832 ACC=0.6766
Epoch 033/120 | TrainLoss=0.4209 (Cls=0.3941, Cont=5.3588) | Val AUC=0.8178 AUPR=0.7451 F1=0.6999 ACC=0.7243
Epoch 034/120 | TrainLoss=0.4241 (Cls=0.3973, Cont=5.3566) | Val AUC=0.8372 AUPR=0.7693 F1=0.7166 ACC=0.7297
Epoch 035/120 | TrainLoss=0.4193 (Cls=0.3925, Cont=5.3658) | Val AUC=0.8441 AUPR=0.7824 F1=0.7267 ACC=0.7456
Epoch 036/120 | TrainLoss=0.4183 (Cls=0.3915, Cont=5.3604) | Val AUC=0.8531 AUPR=0.7951 F1=0.7422 ACC=0.7611
Epoch 037/120 | TrainLoss=0.4170 (Cls=0.3902, Cont=5.3679) | Val AUC=0.8659 AUPR=0.8128 F1=0.7499 ACC=0.7735
Epoch 038/120 | TrainLoss=0.4163 (Cls=0.3894, Cont=5.3716) | Val AUC=0.8786 AUPR=0.8294 F1=0.7625 ACC=0.7929
Epoch 039/120 | TrainLoss=0.4100 (Cls=0.3832, Cont=5.3569) | Val AUC=0.8864 AUPR=0.8392 F1=0.7742 ACC=0.7960
Epoch 040/120 | TrainLoss=0.4130 (Cls=0.3862, Cont=5.3681) | Val AUC=0.8918 AUPR=0.8472 F1=0.7812 ACC=0.8073
Epoch 041/120 | TrainLoss=0.4084 (Cls=0.3816, Cont=5.3555) | Val AUC=0.8952 AUPR=0.8528 F1=0.7849 ACC=0.8125
Epoch 042/120 | TrainLoss=0.4077 (Cls=0.3809, Cont=5.3524) | Val AUC=0.8953 AUPR=0.8530 F1=0.7827 ACC=0.8021
Epoch 043/120 | TrainLoss=0.4124 (Cls=0.3856, Cont=5.3635) | Val AUC=0.9011 AUPR=0.8613 F1=0.7900 ACC=0.8178
Epoch 044/120 | TrainLoss=0.4058 (Cls=0.3789, Cont=5.3707) | Val AUC=0.9042 AUPR=0.8663 F1=0.7936 ACC=0.8221
Epoch 045/120 | TrainLoss=0.4048 (Cls=0.3781, Cont=5.3472) | Val AUC=0.9045 AUPR=0.8669 F1=0.7938 ACC=0.8254
Epoch 046/120 | TrainLoss=0.4060 (Cls=0.3792, Cont=5.3496) | Val AUC=0.9042 AUPR=0.8671 F1=0.7931 ACC=0.8250
Epoch 047/120 | TrainLoss=0.4034 (Cls=0.3766, Cont=5.3480) | Val AUC=0.9041 AUPR=0.8675 F1=0.7907 ACC=0.8215
Epoch 048/120 | TrainLoss=0.4036 (Cls=0.3768, Cont=5.3548) | Val AUC=0.9044 AUPR=0.8678 F1=0.7911 ACC=0.8187
Epoch 049/120 | TrainLoss=0.4033 (Cls=0.3765, Cont=5.3676) | Val AUC=0.9051 AUPR=0.8683 F1=0.7925 ACC=0.8168
Epoch 050/120 | TrainLoss=0.4053 (Cls=0.3785, Cont=5.3521) | Val AUC=0.9066 AUPR=0.8710 F1=0.7933 ACC=0.8233
Epoch 051/120 | TrainLoss=0.4016 (Cls=0.3748, Cont=5.3546) | Val AUC=0.9073 AUPR=0.8727 F1=0.7946 ACC=0.8211
Epoch 052/120 | TrainLoss=0.3987 (Cls=0.3719, Cont=5.3582) | Val AUC=0.9076 AUPR=0.8734 F1=0.7955 ACC=0.8244
Epoch 053/120 | TrainLoss=0.4001 (Cls=0.3733, Cont=5.3583) | Val AUC=0.9088 AUPR=0.8746 F1=0.7961 ACC=0.8221
Epoch 054/120 | TrainLoss=0.3975 (Cls=0.3707, Cont=5.3539) | Val AUC=0.9094 AUPR=0.8750 F1=0.7957 ACC=0.8190
Epoch 055/120 | TrainLoss=0.3964 (Cls=0.3696, Cont=5.3580) | Val AUC=0.9095 AUPR=0.8750 F1=0.7950 ACC=0.8163
Epoch 056/120 | TrainLoss=0.3964 (Cls=0.3696, Cont=5.3468) | Val AUC=0.9097 AUPR=0.8754 F1=0.7951 ACC=0.8207
Epoch 057/120 | TrainLoss=0.3982 (Cls=0.3715, Cont=5.3475) | Val AUC=0.9106 AUPR=0.8762 F1=0.7991 ACC=0.8290
Epoch 058/120 | TrainLoss=0.3950 (Cls=0.3683, Cont=5.3376) | Val AUC=0.9107 AUPR=0.8761 F1=0.8005 ACC=0.8251
Epoch 059/120 | TrainLoss=0.3980 (Cls=0.3712, Cont=5.3498) | Val AUC=0.9096 AUPR=0.8753 F1=0.7981 ACC=0.8254
Epoch 060/120 | TrainLoss=0.3948 (Cls=0.3681, Cont=5.3442) | Val AUC=0.9099 AUPR=0.8758 F1=0.7976 ACC=0.8259
Epoch 061/120 | TrainLoss=0.3991 (Cls=0.3723, Cont=5.3496) | Val AUC=0.9110 AUPR=0.8767 F1=0.7983 ACC=0.8254
Epoch 062/120 | TrainLoss=0.3938 (Cls=0.3670, Cont=5.3591) | Val AUC=0.9110 AUPR=0.8767 F1=0.7981 ACC=0.8270
Epoch 063/120 | TrainLoss=0.3956 (Cls=0.3689, Cont=5.3352) | Val AUC=0.9116 AUPR=0.8768 F1=0.7992 ACC=0.8271
Epoch 064/120 | TrainLoss=0.3929 (Cls=0.3662, Cont=5.3482) | Val AUC=0.9115 AUPR=0.8766 F1=0.7999 ACC=0.8236
Epoch 065/120 | TrainLoss=0.3959 (Cls=0.3691, Cont=5.3465) | Val AUC=0.9108 AUPR=0.8760 F1=0.7979 ACC=0.8224
Epoch 066/120 | TrainLoss=0.3925 (Cls=0.3657, Cont=5.3595) | Val AUC=0.9091 AUPR=0.8742 F1=0.7957 ACC=0.8190
Epoch 067/120 | TrainLoss=0.3945 (Cls=0.3678, Cont=5.3403) | Val AUC=0.9093 AUPR=0.8742 F1=0.7979 ACC=0.8250
Epoch 068/120 | TrainLoss=0.3933 (Cls=0.3666, Cont=5.3454) | Val AUC=0.9115 AUPR=0.8767 F1=0.8005 ACC=0.8280
Epoch 069/120 | TrainLoss=0.3905 (Cls=0.3638, Cont=5.3524) | Val AUC=0.9124 AUPR=0.8779 F1=0.8014 ACC=0.8304
Epoch 070/120 | TrainLoss=0.3918 (Cls=0.3650, Cont=5.3527) | Val AUC=0.9125 AUPR=0.8783 F1=0.8016 ACC=0.8248
Epoch 071/120 | TrainLoss=0.3893 (Cls=0.3626, Cont=5.3417) | Val AUC=0.9127 AUPR=0.8789 F1=0.8019 ACC=0.8263
Epoch 072/120 | TrainLoss=0.3906 (Cls=0.3639, Cont=5.3522) | Val AUC=0.9127 AUPR=0.8793 F1=0.8009 ACC=0.8310
Epoch 073/120 | TrainLoss=0.3894 (Cls=0.3627, Cont=5.3395) | Val AUC=0.9127 AUPR=0.8797 F1=0.7999 ACC=0.8256
Epoch 074/120 | TrainLoss=0.3892 (Cls=0.3625, Cont=5.3446) | Val AUC=0.9131 AUPR=0.8809 F1=0.8012 ACC=0.8307
Epoch 075/120 | TrainLoss=0.3894 (Cls=0.3627, Cont=5.3465) | Val AUC=0.9133 AUPR=0.8811 F1=0.8022 ACC=0.8289
Epoch 076/120 | TrainLoss=0.3886 (Cls=0.3619, Cont=5.3445) | Val AUC=0.9131 AUPR=0.8803 F1=0.8015 ACC=0.8249
Epoch 077/120 | TrainLoss=0.3877 (Cls=0.3610, Cont=5.3437) | Val AUC=0.9130 AUPR=0.8798 F1=0.8005 ACC=0.8250
Epoch 078/120 | TrainLoss=0.3871 (Cls=0.3604, Cont=5.3340) | Val AUC=0.9131 AUPR=0.8798 F1=0.8005 ACC=0.8285
Epoch 079/120 | TrainLoss=0.3868 (Cls=0.3601, Cont=5.3407) | Val AUC=0.9136 AUPR=0.8805 F1=0.8010 ACC=0.8270
Epoch 080/120 | TrainLoss=0.3865 (Cls=0.3598, Cont=5.3469) | Val AUC=0.9142 AUPR=0.8816 F1=0.8017 ACC=0.8300
Epoch 081/120 | TrainLoss=0.3872 (Cls=0.3605, Cont=5.3321) | Val AUC=0.9148 AUPR=0.8825 F1=0.8031 ACC=0.8305
Epoch 082/120 | TrainLoss=0.3856 (Cls=0.3588, Cont=5.3484) | Val AUC=0.9153 AUPR=0.8833 F1=0.8042 ACC=0.8293
Epoch 083/120 | TrainLoss=0.3868 (Cls=0.3601, Cont=5.3397) | Val AUC=0.9155 AUPR=0.8836 F1=0.8043 ACC=0.8298
Epoch 084/120 | TrainLoss=0.3856 (Cls=0.3589, Cont=5.3389) | Val AUC=0.9155 AUPR=0.8835 F1=0.8044 ACC=0.8342
Epoch 085/120 | TrainLoss=0.3850 (Cls=0.3583, Cont=5.3475) | Val AUC=0.9155 AUPR=0.8836 F1=0.8036 ACC=0.8327
Epoch 086/120 | TrainLoss=0.3851 (Cls=0.3583, Cont=5.3475) | Val AUC=0.9152 AUPR=0.8835 F1=0.8029 ACC=0.8301
Epoch 087/120 | TrainLoss=0.3851 (Cls=0.3584, Cont=5.3410) | Val AUC=0.9149 AUPR=0.8831 F1=0.8022 ACC=0.8297
Epoch 088/120 | TrainLoss=0.3846 (Cls=0.3578, Cont=5.3512) | Val AUC=0.9146 AUPR=0.8827 F1=0.8026 ACC=0.8342
Epoch 089/120 | TrainLoss=0.3831 (Cls=0.3564, Cont=5.3497) | Val AUC=0.9145 AUPR=0.8828 F1=0.8032 ACC=0.8314
Epoch 090/120 | TrainLoss=0.3844 (Cls=0.3576, Cont=5.3470) | Val AUC=0.9146 AUPR=0.8832 F1=0.8032 ACC=0.8353
Epoch 091/120 | TrainLoss=0.3829 (Cls=0.3561, Cont=5.3544) | Val AUC=0.9148 AUPR=0.8834 F1=0.8032 ACC=0.8349
Epoch 092/120 | TrainLoss=0.3828 (Cls=0.3562, Cont=5.3229) | Val AUC=0.9151 AUPR=0.8834 F1=0.8037 ACC=0.8352
Epoch 093/120 | TrainLoss=0.3826 (Cls=0.3559, Cont=5.3397) | Val AUC=0.9153 AUPR=0.8834 F1=0.8040 ACC=0.8324
Epoch 094/120 | TrainLoss=0.3824 (Cls=0.3556, Cont=5.3510) | Val AUC=0.9152 AUPR=0.8831 F1=0.8037 ACC=0.8340
Epoch 095/120 | TrainLoss=0.3805 (Cls=0.3538, Cont=5.3402) | Val AUC=0.9153 AUPR=0.8833 F1=0.8036 ACC=0.8313
Epoch 096/120 | TrainLoss=0.3816 (Cls=0.3549, Cont=5.3337) | Val AUC=0.9155 AUPR=0.8838 F1=0.8031 ACC=0.8329
Epoch 097/120 | TrainLoss=0.3812 (Cls=0.3546, Cont=5.3320) | Val AUC=0.9155 AUPR=0.8841 F1=0.8033 ACC=0.8319
Epoch 098/120 | TrainLoss=0.3817 (Cls=0.3549, Cont=5.3442) | Val AUC=0.9155 AUPR=0.8844 F1=0.8009 ACC=0.8291
Epoch 099/120 | TrainLoss=0.3819 (Cls=0.3551, Cont=5.3518) | Val AUC=0.9155 AUPR=0.8845 F1=0.8029 ACC=0.8310
Epoch 100/120 | TrainLoss=0.3818 (Cls=0.3552, Cont=5.3232) | Val AUC=0.9162 AUPR=0.8850 F1=0.8039 ACC=0.8325
Epoch 101/120 | TrainLoss=0.3799 (Cls=0.3532, Cont=5.3311) | Val AUC=0.9163 AUPR=0.8848 F1=0.8038 ACC=0.8338
Epoch 102/120 | TrainLoss=0.3808 (Cls=0.3540, Cont=5.3502) | Val AUC=0.9164 AUPR=0.8848 F1=0.8048 ACC=0.8332
Epoch 103/120 | TrainLoss=0.3795 (Cls=0.3528, Cont=5.3443) | Val AUC=0.9163 AUPR=0.8850 F1=0.8045 ACC=0.8305
Epoch 104/120 | TrainLoss=0.3803 (Cls=0.3536, Cont=5.3393) | Val AUC=0.9161 AUPR=0.8851 F1=0.8052 ACC=0.8325
Epoch 105/120 | TrainLoss=0.3786 (Cls=0.3519, Cont=5.3398) | Val AUC=0.9162 AUPR=0.8855 F1=0.8044 ACC=0.8293
Epoch 106/120 | TrainLoss=0.3781 (Cls=0.3515, Cont=5.3386) | Val AUC=0.9163 AUPR=0.8855 F1=0.8041 ACC=0.8323
Epoch 107/120 | TrainLoss=0.3783 (Cls=0.3517, Cont=5.3303) | Val AUC=0.9163 AUPR=0.8853 F1=0.8054 ACC=0.8374
Epoch 108/120 | TrainLoss=0.3791 (Cls=0.3524, Cont=5.3399) | Val AUC=0.9165 AUPR=0.8855 F1=0.8049 ACC=0.8363
Epoch 109/120 | TrainLoss=0.3789 (Cls=0.3523, Cont=5.3278) | Val AUC=0.9168 AUPR=0.8862 F1=0.8047 ACC=0.8284
Epoch 110/120 | TrainLoss=0.3791 (Cls=0.3523, Cont=5.3472) | Val AUC=0.9167 AUPR=0.8864 F1=0.8052 ACC=0.8332
Epoch 111/120 | TrainLoss=0.3778 (Cls=0.3512, Cont=5.3268) | Val AUC=0.9172 AUPR=0.8872 F1=0.8073 ACC=0.8359
Epoch 112/120 | TrainLoss=0.3773 (Cls=0.3506, Cont=5.3454) | Val AUC=0.9169 AUPR=0.8867 F1=0.8074 ACC=0.8383
Epoch 113/120 | TrainLoss=0.3778 (Cls=0.3512, Cont=5.3307) | Val AUC=0.9157 AUPR=0.8848 F1=0.8066 ACC=0.8370
Epoch 114/120 | TrainLoss=0.3770 (Cls=0.3503, Cont=5.3457) | Val AUC=0.9162 AUPR=0.8852 F1=0.8068 ACC=0.8389
Epoch 115/120 | TrainLoss=0.3764 (Cls=0.3498, Cont=5.3251) | Val AUC=0.9171 AUPR=0.8863 F1=0.8079 ACC=0.8407
Epoch 116/120 | TrainLoss=0.3772 (Cls=0.3505, Cont=5.3515) | Val AUC=0.9173 AUPR=0.8865 F1=0.8061 ACC=0.8344
Epoch 117/120 | TrainLoss=0.3772 (Cls=0.3505, Cont=5.3302) | Val AUC=0.9176 AUPR=0.8870 F1=0.8055 ACC=0.8380
Epoch 118/120 | TrainLoss=0.3763 (Cls=0.3496, Cont=5.3354) | Val AUC=0.9179 AUPR=0.8877 F1=0.8066 ACC=0.8327
Epoch 119/120 | TrainLoss=0.3759 (Cls=0.3492, Cont=5.3374) | Val AUC=0.9180 AUPR=0.8875 F1=0.8087 ACC=0.8408
Epoch 120/120 | TrainLoss=0.3757 (Cls=0.3489, Cont=5.3480) | Val AUC=0.9179 AUPR=0.8878 F1=0.8085 ACC=0.8382
Fold 2 complete | Best Val AUC=0.9180 | Test AUC=0.9190 AUPR=0.8867 F1=0.8074 ACC=0.8309 | FoldTime=302.88s

================================================================================
Fold 3/5 (fold_id=3)
================================================================================
Epoch 001/120 | TrainLoss=0.7139 (Cls=0.7139, Cont=0.0000) | Val AUC=0.5457 AUPR=0.4509 F1=0.5787 ACC=0.4075
Epoch 002/120 | TrainLoss=0.6748 (Cls=0.6748, Cont=0.0000) | Val AUC=0.5576 AUPR=0.4643 F1=0.5788 ACC=0.4076
Epoch 003/120 | TrainLoss=0.6697 (Cls=0.6697, Cont=0.0000) | Val AUC=0.5696 AUPR=0.4695 F1=0.5796 ACC=0.4095
Epoch 004/120 | TrainLoss=0.6597 (Cls=0.6597, Cont=0.0000) | Val AUC=0.5771 AUPR=0.4747 F1=0.5794 ACC=0.4094
Epoch 005/120 | TrainLoss=0.6504 (Cls=0.6504, Cont=0.0000) | Val AUC=0.5796 AUPR=0.4779 F1=0.5796 ACC=0.4188
Epoch 006/120 | TrainLoss=0.6355 (Cls=0.6355, Cont=0.0000) | Val AUC=0.5826 AUPR=0.4800 F1=0.5796 ACC=0.4189
Epoch 007/120 | TrainLoss=0.6179 (Cls=0.6179, Cont=0.0000) | Val AUC=0.5855 AUPR=0.4812 F1=0.5814 ACC=0.4635
Epoch 008/120 | TrainLoss=0.5960 (Cls=0.5960, Cont=0.0000) | Val AUC=0.5866 AUPR=0.4820 F1=0.5816 ACC=0.4391
Epoch 009/120 | TrainLoss=0.5749 (Cls=0.5749, Cont=0.0000) | Val AUC=0.5860 AUPR=0.4795 F1=0.5837 ACC=0.4453
Epoch 010/120 | TrainLoss=0.5507 (Cls=0.5507, Cont=0.0000) | Val AUC=0.5899 AUPR=0.4833 F1=0.5844 ACC=0.4326
Epoch 011/120 | TrainLoss=0.5589 (Cls=0.5291, Cont=5.9512) | Val AUC=0.5847 AUPR=0.4769 F1=0.5848 ACC=0.4314
Epoch 012/120 | TrainLoss=0.5356 (Cls=0.5081, Cont=5.5122) | Val AUC=0.5824 AUPR=0.4758 F1=0.5846 ACC=0.4365
Epoch 013/120 | TrainLoss=0.5271 (Cls=0.4998, Cont=5.4615) | Val AUC=0.5877 AUPR=0.4847 F1=0.5862 ACC=0.4491
Epoch 014/120 | TrainLoss=0.5209 (Cls=0.4937, Cont=5.4398) | Val AUC=0.5972 AUPR=0.4736 F1=0.5869 ACC=0.4550
Epoch 015/120 | TrainLoss=0.5191 (Cls=0.4919, Cont=5.4342) | Val AUC=0.5958 AUPR=0.4772 F1=0.5865 ACC=0.4553
Epoch 016/120 | TrainLoss=0.4953 (Cls=0.4682, Cont=5.4188) | Val AUC=0.6224 AUPR=0.5115 F1=0.5909 ACC=0.4709
Epoch 017/120 | TrainLoss=0.4909 (Cls=0.4638, Cont=5.4129) | Val AUC=0.6173 AUPR=0.5094 F1=0.5893 ACC=0.4602
Epoch 018/120 | TrainLoss=0.4784 (Cls=0.4513, Cont=5.4021) | Val AUC=0.6065 AUPR=0.4902 F1=0.5881 ACC=0.4566
Epoch 019/120 | TrainLoss=0.4755 (Cls=0.4486, Cont=5.3938) | Val AUC=0.6206 AUPR=0.4980 F1=0.5912 ACC=0.4946
Epoch 020/120 | TrainLoss=0.4674 (Cls=0.4405, Cont=5.3867) | Val AUC=0.6000 AUPR=0.5010 F1=0.5916 ACC=0.4681
Epoch 021/120 | TrainLoss=0.4608 (Cls=0.4339, Cont=5.3786) | Val AUC=0.5922 AUPR=0.5030 F1=0.5898 ACC=0.4536
Epoch 022/120 | TrainLoss=0.4541 (Cls=0.4272, Cont=5.3772) | Val AUC=0.6070 AUPR=0.5231 F1=0.5900 ACC=0.4599
Epoch 023/120 | TrainLoss=0.4477 (Cls=0.4209, Cont=5.3744) | Val AUC=0.6542 AUPR=0.5788 F1=0.5925 ACC=0.4804
Epoch 024/120 | TrainLoss=0.4496 (Cls=0.4226, Cont=5.3885) | Val AUC=0.6634 AUPR=0.5849 F1=0.5965 ACC=0.4955
Epoch 025/120 | TrainLoss=0.4368 (Cls=0.4099, Cont=5.3670) | Val AUC=0.6702 AUPR=0.5863 F1=0.6024 ACC=0.5132
Epoch 026/120 | TrainLoss=0.4506 (Cls=0.4237, Cont=5.3800) | Val AUC=0.7373 AUPR=0.6654 F1=0.6328 ACC=0.6452
Epoch 027/120 | TrainLoss=0.4387 (Cls=0.4118, Cont=5.3790) | Val AUC=0.7588 AUPR=0.6791 F1=0.6560 ACC=0.6941
Epoch 028/120 | TrainLoss=0.4343 (Cls=0.4074, Cont=5.3655) | Val AUC=0.7613 AUPR=0.6694 F1=0.6658 ACC=0.6797
Epoch 029/120 | TrainLoss=0.4328 (Cls=0.4058, Cont=5.3903) | Val AUC=0.7629 AUPR=0.6699 F1=0.6655 ACC=0.6584
Epoch 030/120 | TrainLoss=0.4387 (Cls=0.4119, Cont=5.3761) | Val AUC=0.7932 AUPR=0.7042 F1=0.6935 ACC=0.7201
Epoch 031/120 | TrainLoss=0.4297 (Cls=0.4028, Cont=5.3714) | Val AUC=0.8124 AUPR=0.7377 F1=0.7035 ACC=0.7174
Epoch 032/120 | TrainLoss=0.4316 (Cls=0.4048, Cont=5.3645) | Val AUC=0.8185 AUPR=0.7506 F1=0.7114 ACC=0.7440
Epoch 033/120 | TrainLoss=0.4255 (Cls=0.3986, Cont=5.3796) | Val AUC=0.8292 AUPR=0.7669 F1=0.7135 ACC=0.7495
Epoch 034/120 | TrainLoss=0.4269 (Cls=0.4000, Cont=5.3722) | Val AUC=0.8457 AUPR=0.7798 F1=0.7328 ACC=0.7538
Epoch 035/120 | TrainLoss=0.4252 (Cls=0.3984, Cont=5.3601) | Val AUC=0.8556 AUPR=0.7933 F1=0.7399 ACC=0.7559
Epoch 036/120 | TrainLoss=0.4211 (Cls=0.3943, Cont=5.3603) | Val AUC=0.8592 AUPR=0.7984 F1=0.7441 ACC=0.7580
Epoch 037/120 | TrainLoss=0.4190 (Cls=0.3922, Cont=5.3567) | Val AUC=0.8629 AUPR=0.8010 F1=0.7501 ACC=0.7748
Epoch 038/120 | TrainLoss=0.4184 (Cls=0.3916, Cont=5.3560) | Val AUC=0.8688 AUPR=0.8092 F1=0.7558 ACC=0.7755
Epoch 039/120 | TrainLoss=0.4177 (Cls=0.3909, Cont=5.3607) | Val AUC=0.8757 AUPR=0.8204 F1=0.7613 ACC=0.7798
Epoch 040/120 | TrainLoss=0.4133 (Cls=0.3865, Cont=5.3664) | Val AUC=0.8867 AUPR=0.8379 F1=0.7742 ACC=0.8035
Epoch 041/120 | TrainLoss=0.4133 (Cls=0.3865, Cont=5.3572) | Val AUC=0.8939 AUPR=0.8496 F1=0.7807 ACC=0.8115
Epoch 042/120 | TrainLoss=0.4100 (Cls=0.3832, Cont=5.3649) | Val AUC=0.8961 AUPR=0.8531 F1=0.7829 ACC=0.8151
Epoch 043/120 | TrainLoss=0.4126 (Cls=0.3858, Cont=5.3572) | Val AUC=0.8963 AUPR=0.8530 F1=0.7837 ACC=0.8167
Epoch 044/120 | TrainLoss=0.4067 (Cls=0.3799, Cont=5.3543) | Val AUC=0.8956 AUPR=0.8522 F1=0.7837 ACC=0.8099
Epoch 045/120 | TrainLoss=0.4073 (Cls=0.3806, Cont=5.3403) | Val AUC=0.8959 AUPR=0.8537 F1=0.7826 ACC=0.8109
Epoch 046/120 | TrainLoss=0.4085 (Cls=0.3817, Cont=5.3554) | Val AUC=0.9007 AUPR=0.8605 F1=0.7877 ACC=0.8202
Epoch 047/120 | TrainLoss=0.4061 (Cls=0.3793, Cont=5.3590) | Val AUC=0.9031 AUPR=0.8640 F1=0.7921 ACC=0.8249
Epoch 048/120 | TrainLoss=0.4032 (Cls=0.3764, Cont=5.3544) | Val AUC=0.9028 AUPR=0.8639 F1=0.7902 ACC=0.8160
Epoch 049/120 | TrainLoss=0.4060 (Cls=0.3792, Cont=5.3582) | Val AUC=0.9072 AUPR=0.8692 F1=0.7962 ACC=0.8214
Epoch 050/120 | TrainLoss=0.4021 (Cls=0.3753, Cont=5.3467) | Val AUC=0.9088 AUPR=0.8709 F1=0.7989 ACC=0.8266
Epoch 051/120 | TrainLoss=0.4027 (Cls=0.3760, Cont=5.3479) | Val AUC=0.9100 AUPR=0.8726 F1=0.8006 ACC=0.8310
Epoch 052/120 | TrainLoss=0.4026 (Cls=0.3758, Cont=5.3578) | Val AUC=0.9118 AUPR=0.8750 F1=0.8023 ACC=0.8300
Epoch 053/120 | TrainLoss=0.3991 (Cls=0.3725, Cont=5.3372) | Val AUC=0.9122 AUPR=0.8760 F1=0.8023 ACC=0.8249
Epoch 054/120 | TrainLoss=0.4012 (Cls=0.3744, Cont=5.3534) | Val AUC=0.9114 AUPR=0.8752 F1=0.8007 ACC=0.8305
Epoch 055/120 | TrainLoss=0.4000 (Cls=0.3732, Cont=5.3510) | Val AUC=0.9110 AUPR=0.8747 F1=0.7993 ACC=0.8269
Epoch 056/120 | TrainLoss=0.3980 (Cls=0.3712, Cont=5.3564) | Val AUC=0.9111 AUPR=0.8745 F1=0.8006 ACC=0.8318
Epoch 057/120 | TrainLoss=0.4002 (Cls=0.3734, Cont=5.3526) | Val AUC=0.9116 AUPR=0.8748 F1=0.8026 ACC=0.8321
Epoch 058/120 | TrainLoss=0.3963 (Cls=0.3695, Cont=5.3547) | Val AUC=0.9124 AUPR=0.8759 F1=0.8050 ACC=0.8359
Epoch 059/120 | TrainLoss=0.3978 (Cls=0.3711, Cont=5.3402) | Val AUC=0.9139 AUPR=0.8779 F1=0.8051 ACC=0.8333
Epoch 060/120 | TrainLoss=0.3948 (Cls=0.3680, Cont=5.3569) | Val AUC=0.9148 AUPR=0.8792 F1=0.8056 ACC=0.8330
Epoch 061/120 | TrainLoss=0.3956 (Cls=0.3689, Cont=5.3412) | Val AUC=0.9151 AUPR=0.8798 F1=0.8045 ACC=0.8349
Epoch 062/120 | TrainLoss=0.3988 (Cls=0.3721, Cont=5.3404) | Val AUC=0.9157 AUPR=0.8807 F1=0.8060 ACC=0.8367
Epoch 063/120 | TrainLoss=0.3951 (Cls=0.3683, Cont=5.3487) | Val AUC=0.9155 AUPR=0.8803 F1=0.8054 ACC=0.8328
Epoch 064/120 | TrainLoss=0.3934 (Cls=0.3666, Cont=5.3507) | Val AUC=0.9151 AUPR=0.8797 F1=0.8059 ACC=0.8310
Epoch 065/120 | TrainLoss=0.3964 (Cls=0.3697, Cont=5.3460) | Val AUC=0.9152 AUPR=0.8803 F1=0.8058 ACC=0.8366
Epoch 066/120 | TrainLoss=0.3928 (Cls=0.3660, Cont=5.3522) | Val AUC=0.9150 AUPR=0.8806 F1=0.8059 ACC=0.8318
Epoch 067/120 | TrainLoss=0.3942 (Cls=0.3675, Cont=5.3430) | Val AUC=0.9151 AUPR=0.8812 F1=0.8049 ACC=0.8366
Epoch 068/120 | TrainLoss=0.3936 (Cls=0.3668, Cont=5.3461) | Val AUC=0.9156 AUPR=0.8819 F1=0.8066 ACC=0.8307
Epoch 069/120 | TrainLoss=0.3929 (Cls=0.3662, Cont=5.3318) | Val AUC=0.9160 AUPR=0.8818 F1=0.8067 ACC=0.8330
Epoch 070/120 | TrainLoss=0.3922 (Cls=0.3655, Cont=5.3517) | Val AUC=0.9166 AUPR=0.8826 F1=0.8072 ACC=0.8347
Epoch 071/120 | TrainLoss=0.3933 (Cls=0.3665, Cont=5.3554) | Val AUC=0.9167 AUPR=0.8830 F1=0.8073 ACC=0.8311
Epoch 072/120 | TrainLoss=0.3898 (Cls=0.3631, Cont=5.3500) | Val AUC=0.9158 AUPR=0.8819 F1=0.8073 ACC=0.8367
Epoch 073/120 | TrainLoss=0.3925 (Cls=0.3658, Cont=5.3411) | Val AUC=0.9151 AUPR=0.8799 F1=0.8065 ACC=0.8344
Epoch 074/120 | TrainLoss=0.3891 (Cls=0.3624, Cont=5.3416) | Val AUC=0.9149 AUPR=0.8788 F1=0.8073 ACC=0.8383
Epoch 075/120 | TrainLoss=0.3914 (Cls=0.3647, Cont=5.3351) | Val AUC=0.9157 AUPR=0.8806 F1=0.8087 ACC=0.8385
Epoch 076/120 | TrainLoss=0.3894 (Cls=0.3627, Cont=5.3349) | Val AUC=0.9164 AUPR=0.8821 F1=0.8093 ACC=0.8373
Epoch 077/120 | TrainLoss=0.3892 (Cls=0.3625, Cont=5.3418) | Val AUC=0.9170 AUPR=0.8829 F1=0.8102 ACC=0.8388
Epoch 078/120 | TrainLoss=0.3880 (Cls=0.3613, Cont=5.3456) | Val AUC=0.9168 AUPR=0.8824 F1=0.8096 ACC=0.8362
Epoch 079/120 | TrainLoss=0.3890 (Cls=0.3623, Cont=5.3482) | Val AUC=0.9165 AUPR=0.8816 F1=0.8084 ACC=0.8357
Epoch 080/120 | TrainLoss=0.3877 (Cls=0.3610, Cont=5.3340) | Val AUC=0.9168 AUPR=0.8821 F1=0.8091 ACC=0.8362
Epoch 081/120 | TrainLoss=0.3863 (Cls=0.3596, Cont=5.3387) | Val AUC=0.9166 AUPR=0.8819 F1=0.8099 ACC=0.8366
Epoch 082/120 | TrainLoss=0.3877 (Cls=0.3609, Cont=5.3515) | Val AUC=0.9162 AUPR=0.8810 F1=0.8083 ACC=0.8321
Epoch 083/120 | TrainLoss=0.3873 (Cls=0.3605, Cont=5.3506) | Val AUC=0.9158 AUPR=0.8803 F1=0.8071 ACC=0.8334
Epoch 084/120 | TrainLoss=0.3855 (Cls=0.3588, Cont=5.3449) | Val AUC=0.9157 AUPR=0.8807 F1=0.8073 ACC=0.8371
Epoch 085/120 | TrainLoss=0.3868 (Cls=0.3601, Cont=5.3412) | Val AUC=0.9160 AUPR=0.8818 F1=0.8078 ACC=0.8354
Epoch 086/120 | TrainLoss=0.3853 (Cls=0.3586, Cont=5.3371) | Val AUC=0.9167 AUPR=0.8832 F1=0.8088 ACC=0.8347
Epoch 087/120 | TrainLoss=0.3875 (Cls=0.3607, Cont=5.3536) | Val AUC=0.9178 AUPR=0.8845 F1=0.8106 ACC=0.8405
Epoch 088/120 | TrainLoss=0.3852 (Cls=0.3586, Cont=5.3236) | Val AUC=0.9181 AUPR=0.8845 F1=0.8108 ACC=0.8376
Epoch 089/120 | TrainLoss=0.3848 (Cls=0.3581, Cont=5.3303) | Val AUC=0.9179 AUPR=0.8842 F1=0.8099 ACC=0.8389
Epoch 090/120 | TrainLoss=0.3828 (Cls=0.3560, Cont=5.3504) | Val AUC=0.9178 AUPR=0.8843 F1=0.8093 ACC=0.8399
Epoch 091/120 | TrainLoss=0.3842 (Cls=0.3575, Cont=5.3354) | Val AUC=0.9171 AUPR=0.8834 F1=0.8096 ACC=0.8396
Epoch 092/120 | TrainLoss=0.3842 (Cls=0.3575, Cont=5.3433) | Val AUC=0.9169 AUPR=0.8829 F1=0.8090 ACC=0.8366
Epoch 093/120 | TrainLoss=0.3843 (Cls=0.3576, Cont=5.3394) | Val AUC=0.9164 AUPR=0.8818 F1=0.8088 ACC=0.8378
Epoch 094/120 | TrainLoss=0.3826 (Cls=0.3560, Cont=5.3204) | Val AUC=0.9162 AUPR=0.8818 F1=0.8090 ACC=0.8332
Epoch 095/120 | TrainLoss=0.3830 (Cls=0.3563, Cont=5.3403) | Val AUC=0.9168 AUPR=0.8832 F1=0.8106 ACC=0.8387
Epoch 096/120 | TrainLoss=0.3828 (Cls=0.3561, Cont=5.3500) | Val AUC=0.9173 AUPR=0.8842 F1=0.8099 ACC=0.8385
Epoch 097/120 | TrainLoss=0.3829 (Cls=0.3562, Cont=5.3448) | Val AUC=0.9179 AUPR=0.8849 F1=0.8113 ACC=0.8435
Epoch 098/120 | TrainLoss=0.3826 (Cls=0.3558, Cont=5.3505) | Val AUC=0.9181 AUPR=0.8848 F1=0.8123 ACC=0.8391
Epoch 099/120 | TrainLoss=0.3832 (Cls=0.3565, Cont=5.3475) | Val AUC=0.9183 AUPR=0.8849 F1=0.8123 ACC=0.8387
Epoch 100/120 | TrainLoss=0.3812 (Cls=0.3545, Cont=5.3281) | Val AUC=0.9190 AUPR=0.8860 F1=0.8120 ACC=0.8356
Epoch 101/120 | TrainLoss=0.3815 (Cls=0.3548, Cont=5.3449) | Val AUC=0.9191 AUPR=0.8861 F1=0.8120 ACC=0.8385
Epoch 102/120 | TrainLoss=0.3807 (Cls=0.3541, Cont=5.3234) | Val AUC=0.9187 AUPR=0.8855 F1=0.8121 ACC=0.8385
Epoch 103/120 | TrainLoss=0.3821 (Cls=0.3553, Cont=5.3440) | Val AUC=0.9185 AUPR=0.8851 F1=0.8097 ACC=0.8363
Epoch 104/120 | TrainLoss=0.3806 (Cls=0.3539, Cont=5.3356) | Val AUC=0.9185 AUPR=0.8849 F1=0.8094 ACC=0.8335
Epoch 105/120 | TrainLoss=0.3810 (Cls=0.3543, Cont=5.3410) | Val AUC=0.9186 AUPR=0.8852 F1=0.8113 ACC=0.8357
Epoch 106/120 | TrainLoss=0.3799 (Cls=0.3533, Cont=5.3241) | Val AUC=0.9190 AUPR=0.8857 F1=0.8139 ACC=0.8434
Epoch 107/120 | TrainLoss=0.3807 (Cls=0.3540, Cont=5.3426) | Val AUC=0.9193 AUPR=0.8862 F1=0.8127 ACC=0.8389
Epoch 108/120 | TrainLoss=0.3794 (Cls=0.3527, Cont=5.3423) | Val AUC=0.9196 AUPR=0.8869 F1=0.8121 ACC=0.8364
Epoch 109/120 | TrainLoss=0.3803 (Cls=0.3536, Cont=5.3328) | Val AUC=0.9199 AUPR=0.8874 F1=0.8127 ACC=0.8400
Epoch 110/120 | TrainLoss=0.3790 (Cls=0.3523, Cont=5.3343) | Val AUC=0.9196 AUPR=0.8872 F1=0.8125 ACC=0.8381
Epoch 111/120 | TrainLoss=0.3791 (Cls=0.3524, Cont=5.3302) | Val AUC=0.9197 AUPR=0.8872 F1=0.8126 ACC=0.8401
Epoch 112/120 | TrainLoss=0.3792 (Cls=0.3525, Cont=5.3297) | Val AUC=0.9199 AUPR=0.8869 F1=0.8133 ACC=0.8368
Epoch 113/120 | TrainLoss=0.3774 (Cls=0.3507, Cont=5.3304) | Val AUC=0.9197 AUPR=0.8864 F1=0.8129 ACC=0.8368
Epoch 114/120 | TrainLoss=0.3766 (Cls=0.3499, Cont=5.3404) | Val AUC=0.9195 AUPR=0.8860 F1=0.8134 ACC=0.8378
Epoch 115/120 | TrainLoss=0.3782 (Cls=0.3515, Cont=5.3400) | Val AUC=0.9196 AUPR=0.8862 F1=0.8130 ACC=0.8378
Epoch 116/120 | TrainLoss=0.3769 (Cls=0.3502, Cont=5.3233) | Val AUC=0.9192 AUPR=0.8860 F1=0.8137 ACC=0.8385
Epoch 117/120 | TrainLoss=0.3770 (Cls=0.3503, Cont=5.3408) | Val AUC=0.9193 AUPR=0.8862 F1=0.8155 ACC=0.8427
Epoch 118/120 | TrainLoss=0.3749 (Cls=0.3482, Cont=5.3410) | Val AUC=0.9198 AUPR=0.8870 F1=0.8169 ACC=0.8427
Epoch 119/120 | TrainLoss=0.3752 (Cls=0.3485, Cont=5.3436) | Val AUC=0.9202 AUPR=0.8876 F1=0.8169 ACC=0.8450
Epoch 120/120 | TrainLoss=0.3752 (Cls=0.3485, Cont=5.3326) | Val AUC=0.9204 AUPR=0.8879 F1=0.8179 ACC=0.8437
Fold 3 complete | Best Val AUC=0.9204 | Test AUC=0.9180 AUPR=0.8840 F1=0.8077 ACC=0.8399 | FoldTime=304.85s

================================================================================
Fold 4/5 (fold_id=4)
================================================================================
Epoch 001/120 | TrainLoss=0.6880 (Cls=0.6880, Cont=0.0000) | Val AUC=0.5480 AUPR=0.4554 F1=0.5785 ACC=0.4097
Epoch 002/120 | TrainLoss=0.6861 (Cls=0.6861, Cont=0.0000) | Val AUC=0.5509 AUPR=0.4538 F1=0.5779 ACC=0.4068
Epoch 003/120 | TrainLoss=0.6564 (Cls=0.6564, Cont=0.0000) | Val AUC=0.5628 AUPR=0.4610 F1=0.5786 ACC=0.4106
Epoch 004/120 | TrainLoss=0.6478 (Cls=0.6478, Cont=0.0000) | Val AUC=0.5656 AUPR=0.4623 F1=0.5787 ACC=0.4095
Epoch 005/120 | TrainLoss=0.6309 (Cls=0.6309, Cont=0.0000) | Val AUC=0.5689 AUPR=0.4654 F1=0.5787 ACC=0.4175
Epoch 006/120 | TrainLoss=0.6054 (Cls=0.6054, Cont=0.0000) | Val AUC=0.5716 AUPR=0.4665 F1=0.5788 ACC=0.4307
Epoch 007/120 | TrainLoss=0.5837 (Cls=0.5837, Cont=0.0000) | Val AUC=0.5752 AUPR=0.4682 F1=0.5788 ACC=0.4102
Epoch 008/120 | TrainLoss=0.5522 (Cls=0.5522, Cont=0.0000) | Val AUC=0.5801 AUPR=0.4698 F1=0.5793 ACC=0.4540
Epoch 009/120 | TrainLoss=0.5240 (Cls=0.5240, Cont=0.0000) | Val AUC=0.5842 AUPR=0.4737 F1=0.5810 ACC=0.4617
Epoch 010/120 | TrainLoss=0.4960 (Cls=0.4960, Cont=0.0000) | Val AUC=0.5860 AUPR=0.4789 F1=0.5812 ACC=0.4762
Epoch 011/120 | TrainLoss=0.5095 (Cls=0.4774, Cont=6.4092) | Val AUC=0.5861 AUPR=0.4817 F1=0.5815 ACC=0.4711
Epoch 012/120 | TrainLoss=0.4987 (Cls=0.4707, Cont=5.6124) | Val AUC=0.5837 AUPR=0.4826 F1=0.5818 ACC=0.4494
Epoch 013/120 | TrainLoss=0.4910 (Cls=0.4635, Cont=5.4953) | Val AUC=0.5878 AUPR=0.4882 F1=0.5821 ACC=0.4495
Epoch 014/120 | TrainLoss=0.4748 (Cls=0.4475, Cont=5.4469) | Val AUC=0.5924 AUPR=0.4943 F1=0.5828 ACC=0.4608
Epoch 015/120 | TrainLoss=0.4719 (Cls=0.4447, Cont=5.4379) | Val AUC=0.5954 AUPR=0.4983 F1=0.5838 ACC=0.4533
Epoch 016/120 | TrainLoss=0.4610 (Cls=0.4339, Cont=5.4284) | Val AUC=0.6081 AUPR=0.5144 F1=0.5825 ACC=0.4641
Epoch 017/120 | TrainLoss=0.4632 (Cls=0.4361, Cont=5.4218) | Val AUC=0.6147 AUPR=0.5176 F1=0.5835 ACC=0.4521
Epoch 018/120 | TrainLoss=0.4530 (Cls=0.4259, Cont=5.4198) | Val AUC=0.6201 AUPR=0.5239 F1=0.5855 ACC=0.4622
Epoch 019/120 | TrainLoss=0.4500 (Cls=0.4229, Cont=5.4144) | Val AUC=0.6302 AUPR=0.5328 F1=0.5889 ACC=0.4637
Epoch 020/120 | TrainLoss=0.4441 (Cls=0.4171, Cont=5.4002) | Val AUC=0.6378 AUPR=0.5388 F1=0.5889 ACC=0.4654
Epoch 021/120 | TrainLoss=0.4461 (Cls=0.4190, Cont=5.4073) | Val AUC=0.6374 AUPR=0.5406 F1=0.5862 ACC=0.4764
Epoch 022/120 | TrainLoss=0.4356 (Cls=0.4086, Cont=5.3999) | Val AUC=0.6370 AUPR=0.5447 F1=0.5886 ACC=0.4682
Epoch 023/120 | TrainLoss=0.4382 (Cls=0.4112, Cont=5.3882) | Val AUC=0.6655 AUPR=0.5830 F1=0.5936 ACC=0.5105
Epoch 024/120 | TrainLoss=0.4312 (Cls=0.4044, Cont=5.3750) | Val AUC=0.6929 AUPR=0.6091 F1=0.6133 ACC=0.6043
Epoch 025/120 | TrainLoss=0.4358 (Cls=0.4089, Cont=5.3777) | Val AUC=0.7206 AUPR=0.6417 F1=0.6314 ACC=0.6541
Epoch 026/120 | TrainLoss=0.4284 (Cls=0.4015, Cont=5.3741) | Val AUC=0.7382 AUPR=0.6603 F1=0.6450 ACC=0.6594
Epoch 027/120 | TrainLoss=0.4253 (Cls=0.3985, Cont=5.3582) | Val AUC=0.7505 AUPR=0.6753 F1=0.6497 ACC=0.6615
Epoch 028/120 | TrainLoss=0.4268 (Cls=0.3999, Cont=5.3693) | Val AUC=0.7646 AUPR=0.6898 F1=0.6571 ACC=0.6703
Epoch 029/120 | TrainLoss=0.4202 (Cls=0.3933, Cont=5.3697) | Val AUC=0.7801 AUPR=0.7043 F1=0.6686 ACC=0.6999
Epoch 030/120 | TrainLoss=0.4259 (Cls=0.3991, Cont=5.3747) | Val AUC=0.8100 AUPR=0.7358 F1=0.6995 ACC=0.7246
Epoch 031/120 | TrainLoss=0.4215 (Cls=0.3946, Cont=5.3844) | Val AUC=0.8278 AUPR=0.7531 F1=0.7161 ACC=0.7365
Epoch 032/120 | TrainLoss=0.4186 (Cls=0.3918, Cont=5.3625) | Val AUC=0.8374 AUPR=0.7701 F1=0.7240 ACC=0.7550
Epoch 033/120 | TrainLoss=0.4158 (Cls=0.3890, Cont=5.3657) | Val AUC=0.8479 AUPR=0.7881 F1=0.7330 ACC=0.7606
Epoch 034/120 | TrainLoss=0.4182 (Cls=0.3913, Cont=5.3654) | Val AUC=0.8650 AUPR=0.8100 F1=0.7508 ACC=0.7823
Epoch 035/120 | TrainLoss=0.4139 (Cls=0.3871, Cont=5.3660) | Val AUC=0.8805 AUPR=0.8298 F1=0.7679 ACC=0.8010
Epoch 036/120 | TrainLoss=0.4133 (Cls=0.3865, Cont=5.3649) | Val AUC=0.8886 AUPR=0.8406 F1=0.7767 ACC=0.8034
Epoch 037/120 | TrainLoss=0.4107 (Cls=0.3839, Cont=5.3548) | Val AUC=0.8935 AUPR=0.8486 F1=0.7846 ACC=0.8122
Epoch 038/120 | TrainLoss=0.4102 (Cls=0.3834, Cont=5.3599) | Val AUC=0.8963 AUPR=0.8544 F1=0.7875 ACC=0.8180
Epoch 039/120 | TrainLoss=0.4070 (Cls=0.3802, Cont=5.3641) | Val AUC=0.8979 AUPR=0.8576 F1=0.7873 ACC=0.8189
Epoch 040/120 | TrainLoss=0.4075 (Cls=0.3807, Cont=5.3572) | Val AUC=0.8983 AUPR=0.8591 F1=0.7859 ACC=0.8151
Epoch 041/120 | TrainLoss=0.4049 (Cls=0.3781, Cont=5.3699) | Val AUC=0.9007 AUPR=0.8616 F1=0.7887 ACC=0.8175
Epoch 042/120 | TrainLoss=0.4046 (Cls=0.3778, Cont=5.3671) | Val AUC=0.9038 AUPR=0.8650 F1=0.7913 ACC=0.8211
Epoch 043/120 | TrainLoss=0.4020 (Cls=0.3752, Cont=5.3578) | Val AUC=0.9053 AUPR=0.8666 F1=0.7935 ACC=0.8208
Epoch 044/120 | TrainLoss=0.4022 (Cls=0.3755, Cont=5.3459) | Val AUC=0.9066 AUPR=0.8685 F1=0.7932 ACC=0.8194
Epoch 045/120 | TrainLoss=0.4033 (Cls=0.3765, Cont=5.3589) | Val AUC=0.9075 AUPR=0.8695 F1=0.7965 ACC=0.8265
Epoch 046/120 | TrainLoss=0.4068 (Cls=0.3800, Cont=5.3632) | Val AUC=0.9092 AUPR=0.8725 F1=0.7990 ACC=0.8270
Epoch 047/120 | TrainLoss=0.4055 (Cls=0.3787, Cont=5.3528) | Val AUC=0.9102 AUPR=0.8743 F1=0.7997 ACC=0.8280
Epoch 048/120 | TrainLoss=0.3985 (Cls=0.3717, Cont=5.3555) | Val AUC=0.9110 AUPR=0.8754 F1=0.7997 ACC=0.8284
Epoch 049/120 | TrainLoss=0.4002 (Cls=0.3735, Cont=5.3532) | Val AUC=0.9116 AUPR=0.8764 F1=0.8009 ACC=0.8313
Epoch 050/120 | TrainLoss=0.3977 (Cls=0.3710, Cont=5.3546) | Val AUC=0.9120 AUPR=0.8776 F1=0.8006 ACC=0.8302
Epoch 051/120 | TrainLoss=0.3987 (Cls=0.3720, Cont=5.3460) | Val AUC=0.9119 AUPR=0.8776 F1=0.8014 ACC=0.8354
Epoch 052/120 | TrainLoss=0.3960 (Cls=0.3693, Cont=5.3541) | Val AUC=0.9111 AUPR=0.8765 F1=0.8011 ACC=0.8304
Epoch 053/120 | TrainLoss=0.3978 (Cls=0.3711, Cont=5.3576) | Val AUC=0.9113 AUPR=0.8770 F1=0.8009 ACC=0.8265
Epoch 054/120 | TrainLoss=0.3965 (Cls=0.3698, Cont=5.3572) | Val AUC=0.9116 AUPR=0.8769 F1=0.8011 ACC=0.8292
Epoch 055/120 | TrainLoss=0.3949 (Cls=0.3681, Cont=5.3684) | Val AUC=0.9116 AUPR=0.8769 F1=0.8006 ACC=0.8257
Epoch 056/120 | TrainLoss=0.3931 (Cls=0.3663, Cont=5.3521) | Val AUC=0.9125 AUPR=0.8781 F1=0.8003 ACC=0.8259
Epoch 057/120 | TrainLoss=0.3911 (Cls=0.3644, Cont=5.3562) | Val AUC=0.9126 AUPR=0.8780 F1=0.8019 ACC=0.8331
Epoch 058/120 | TrainLoss=0.3949 (Cls=0.3681, Cont=5.3629) | Val AUC=0.9128 AUPR=0.8785 F1=0.8009 ACC=0.8304
Epoch 059/120 | TrainLoss=0.3912 (Cls=0.3644, Cont=5.3474) | Val AUC=0.9122 AUPR=0.8781 F1=0.7990 ACC=0.8332
Epoch 060/120 | TrainLoss=0.3936 (Cls=0.3668, Cont=5.3606) | Val AUC=0.9117 AUPR=0.8780 F1=0.8008 ACC=0.8257
Epoch 061/120 | TrainLoss=0.3914 (Cls=0.3647, Cont=5.3550) | Val AUC=0.9121 AUPR=0.8784 F1=0.7995 ACC=0.8243
Epoch 062/120 | TrainLoss=0.3901 (Cls=0.3633, Cont=5.3494) | Val AUC=0.9128 AUPR=0.8790 F1=0.8001 ACC=0.8325
Epoch 063/120 | TrainLoss=0.3898 (Cls=0.3631, Cont=5.3439) | Val AUC=0.9128 AUPR=0.8787 F1=0.8007 ACC=0.8325
Epoch 064/120 | TrainLoss=0.3885 (Cls=0.3616, Cont=5.3620) | Val AUC=0.9130 AUPR=0.8788 F1=0.8012 ACC=0.8313
Epoch 065/120 | TrainLoss=0.3897 (Cls=0.3630, Cont=5.3443) | Val AUC=0.9128 AUPR=0.8788 F1=0.8012 ACC=0.8311
Epoch 066/120 | TrainLoss=0.3902 (Cls=0.3634, Cont=5.3465) | Val AUC=0.9127 AUPR=0.8792 F1=0.8010 ACC=0.8335
Epoch 067/120 | TrainLoss=0.3881 (Cls=0.3614, Cont=5.3380) | Val AUC=0.9133 AUPR=0.8799 F1=0.8026 ACC=0.8311
Epoch 068/120 | TrainLoss=0.3874 (Cls=0.3606, Cont=5.3535) | Val AUC=0.9140 AUPR=0.8809 F1=0.8029 ACC=0.8279
Epoch 069/120 | TrainLoss=0.3919 (Cls=0.3651, Cont=5.3539) | Val AUC=0.9139 AUPR=0.8807 F1=0.8036 ACC=0.8300
Epoch 070/120 | TrainLoss=0.3878 (Cls=0.3610, Cont=5.3540) | Val AUC=0.9143 AUPR=0.8809 F1=0.8033 ACC=0.8342
Epoch 071/120 | TrainLoss=0.3859 (Cls=0.3591, Cont=5.3549) | Val AUC=0.9144 AUPR=0.8810 F1=0.8029 ACC=0.8312
Epoch 072/120 | TrainLoss=0.3872 (Cls=0.3605, Cont=5.3370) | Val AUC=0.9144 AUPR=0.8807 F1=0.8020 ACC=0.8262
Epoch 073/120 | TrainLoss=0.3871 (Cls=0.3604, Cont=5.3455) | Val AUC=0.9148 AUPR=0.8816 F1=0.8021 ACC=0.8341
Epoch 074/120 | TrainLoss=0.3845 (Cls=0.3578, Cont=5.3422) | Val AUC=0.9148 AUPR=0.8817 F1=0.8023 ACC=0.8346
Epoch 075/120 | TrainLoss=0.3872 (Cls=0.3605, Cont=5.3450) | Val AUC=0.9146 AUPR=0.8817 F1=0.8029 ACC=0.8333
Epoch 076/120 | TrainLoss=0.3846 (Cls=0.3579, Cont=5.3447) | Val AUC=0.9148 AUPR=0.8820 F1=0.8028 ACC=0.8300
Epoch 077/120 | TrainLoss=0.3861 (Cls=0.3594, Cont=5.3487) | Val AUC=0.9157 AUPR=0.8834 F1=0.8044 ACC=0.8326
Epoch 078/120 | TrainLoss=0.3847 (Cls=0.3580, Cont=5.3419) | Val AUC=0.9160 AUPR=0.8840 F1=0.8061 ACC=0.8339
Epoch 079/120 | TrainLoss=0.3839 (Cls=0.3571, Cont=5.3598) | Val AUC=0.9160 AUPR=0.8838 F1=0.8067 ACC=0.8334
Epoch 080/120 | TrainLoss=0.3841 (Cls=0.3573, Cont=5.3540) | Val AUC=0.9162 AUPR=0.8841 F1=0.8069 ACC=0.8331
Epoch 081/120 | TrainLoss=0.3837 (Cls=0.3569, Cont=5.3437) | Val AUC=0.9162 AUPR=0.8842 F1=0.8054 ACC=0.8325
Epoch 082/120 | TrainLoss=0.3850 (Cls=0.3583, Cont=5.3444) | Val AUC=0.9157 AUPR=0.8835 F1=0.8046 ACC=0.8343
Epoch 083/120 | TrainLoss=0.3862 (Cls=0.3595, Cont=5.3381) | Val AUC=0.9153 AUPR=0.8829 F1=0.8044 ACC=0.8303
Epoch 084/120 | TrainLoss=0.3836 (Cls=0.3569, Cont=5.3313) | Val AUC=0.9144 AUPR=0.8812 F1=0.8022 ACC=0.8298
Epoch 085/120 | TrainLoss=0.3835 (Cls=0.3568, Cont=5.3400) | Val AUC=0.9144 AUPR=0.8809 F1=0.8028 ACC=0.8281
Epoch 086/120 | TrainLoss=0.3834 (Cls=0.3566, Cont=5.3498) | Val AUC=0.9148 AUPR=0.8813 F1=0.8029 ACC=0.8298
Epoch 087/120 | TrainLoss=0.3815 (Cls=0.3548, Cont=5.3513) | Val AUC=0.9150 AUPR=0.8814 F1=0.8032 ACC=0.8289
Epoch 088/120 | TrainLoss=0.3837 (Cls=0.3570, Cont=5.3371) | Val AUC=0.9152 AUPR=0.8819 F1=0.8037 ACC=0.8324
Epoch 089/120 | TrainLoss=0.3818 (Cls=0.3552, Cont=5.3290) | Val AUC=0.9155 AUPR=0.8826 F1=0.8030 ACC=0.8340
Epoch 090/120 | TrainLoss=0.3814 (Cls=0.3548, Cont=5.3344) | Val AUC=0.9154 AUPR=0.8828 F1=0.8023 ACC=0.8305
Epoch 091/120 | TrainLoss=0.3817 (Cls=0.3550, Cont=5.3411) | Val AUC=0.9155 AUPR=0.8830 F1=0.8033 ACC=0.8305
Epoch 092/120 | TrainLoss=0.3814 (Cls=0.3547, Cont=5.3405) | Val AUC=0.9157 AUPR=0.8834 F1=0.8043 ACC=0.8351
Epoch 093/120 | TrainLoss=0.3820 (Cls=0.3553, Cont=5.3511) | Val AUC=0.9159 AUPR=0.8836 F1=0.8049 ACC=0.8319
Epoch 094/120 | TrainLoss=0.3805 (Cls=0.3538, Cont=5.3382) | Val AUC=0.9164 AUPR=0.8844 F1=0.8047 ACC=0.8332
Epoch 095/120 | TrainLoss=0.3790 (Cls=0.3522, Cont=5.3483) | Val AUC=0.9166 AUPR=0.8844 F1=0.8051 ACC=0.8322
Epoch 096/120 | TrainLoss=0.3800 (Cls=0.3533, Cont=5.3429) | Val AUC=0.9171 AUPR=0.8852 F1=0.8059 ACC=0.8345
Epoch 097/120 | TrainLoss=0.3791 (Cls=0.3524, Cont=5.3311) | Val AUC=0.9173 AUPR=0.8857 F1=0.8064 ACC=0.8342
Epoch 098/120 | TrainLoss=0.3799 (Cls=0.3532, Cont=5.3407) | Val AUC=0.9174 AUPR=0.8860 F1=0.8058 ACC=0.8337
Epoch 099/120 | TrainLoss=0.3786 (Cls=0.3519, Cont=5.3409) | Val AUC=0.9170 AUPR=0.8856 F1=0.8051 ACC=0.8377
Epoch 100/120 | TrainLoss=0.3807 (Cls=0.3541, Cont=5.3249) | Val AUC=0.9177 AUPR=0.8865 F1=0.8065 ACC=0.8335
Epoch 101/120 | TrainLoss=0.3793 (Cls=0.3525, Cont=5.3512) | Val AUC=0.9178 AUPR=0.8865 F1=0.8075 ACC=0.8366
Epoch 102/120 | TrainLoss=0.3769 (Cls=0.3502, Cont=5.3468) | Val AUC=0.9176 AUPR=0.8862 F1=0.8070 ACC=0.8349
Epoch 103/120 | TrainLoss=0.3794 (Cls=0.3527, Cont=5.3322) | Val AUC=0.9178 AUPR=0.8865 F1=0.8072 ACC=0.8387
Epoch 104/120 | TrainLoss=0.3767 (Cls=0.3499, Cont=5.3440) | Val AUC=0.9177 AUPR=0.8862 F1=0.8053 ACC=0.8313
Epoch 105/120 | TrainLoss=0.3773 (Cls=0.3506, Cont=5.3295) | Val AUC=0.9176 AUPR=0.8859 F1=0.8066 ACC=0.8338
Epoch 106/120 | TrainLoss=0.3764 (Cls=0.3498, Cont=5.3195) | Val AUC=0.9173 AUPR=0.8856 F1=0.8056 ACC=0.8387
Epoch 107/120 | TrainLoss=0.3774 (Cls=0.3507, Cont=5.3351) | Val AUC=0.9176 AUPR=0.8860 F1=0.8060 ACC=0.8344
Epoch 108/120 | TrainLoss=0.3754 (Cls=0.3488, Cont=5.3362) | Val AUC=0.9178 AUPR=0.8861 F1=0.8065 ACC=0.8353
Epoch 109/120 | TrainLoss=0.3761 (Cls=0.3495, Cont=5.3158) | Val AUC=0.9180 AUPR=0.8865 F1=0.8070 ACC=0.8366
Epoch 110/120 | TrainLoss=0.3755 (Cls=0.3489, Cont=5.3229) | Val AUC=0.9183 AUPR=0.8869 F1=0.8076 ACC=0.8369
Epoch 111/120 | TrainLoss=0.3750 (Cls=0.3483, Cont=5.3427) | Val AUC=0.9184 AUPR=0.8873 F1=0.8090 ACC=0.8368
Epoch 112/120 | TrainLoss=0.3748 (Cls=0.3481, Cont=5.3335) | Val AUC=0.9187 AUPR=0.8882 F1=0.8086 ACC=0.8378
Epoch 113/120 | TrainLoss=0.3743 (Cls=0.3476, Cont=5.3361) | Val AUC=0.9191 AUPR=0.8886 F1=0.8097 ACC=0.8368
Epoch 114/120 | TrainLoss=0.3735 (Cls=0.3468, Cont=5.3437) | Val AUC=0.9193 AUPR=0.8885 F1=0.8120 ACC=0.8412
Epoch 115/120 | TrainLoss=0.3743 (Cls=0.3476, Cont=5.3462) | Val AUC=0.9196 AUPR=0.8889 F1=0.8088 ACC=0.8370
Epoch 116/120 | TrainLoss=0.3728 (Cls=0.3462, Cont=5.3271) | Val AUC=0.9195 AUPR=0.8888 F1=0.8078 ACC=0.8331
Epoch 117/120 | TrainLoss=0.3735 (Cls=0.3468, Cont=5.3392) | Val AUC=0.9194 AUPR=0.8890 F1=0.8087 ACC=0.8360
Epoch 118/120 | TrainLoss=0.3733 (Cls=0.3467, Cont=5.3354) | Val AUC=0.9199 AUPR=0.8899 F1=0.8090 ACC=0.8381
Epoch 119/120 | TrainLoss=0.3720 (Cls=0.3454, Cont=5.3358) | Val AUC=0.9199 AUPR=0.8899 F1=0.8092 ACC=0.8379
Epoch 120/120 | TrainLoss=0.3720 (Cls=0.3454, Cont=5.3313) | Val AUC=0.9201 AUPR=0.8899 F1=0.8097 ACC=0.8343
Fold 4 complete | Best Val AUC=0.9201 | Test AUC=0.9200 AUPR=0.8877 F1=0.8135 ACC=0.8362 | FoldTime=306.62s

================================================================================
Fold 5/5 (fold_id=5)
================================================================================
Epoch 001/120 | TrainLoss=0.6843 (Cls=0.6843, Cont=0.0000) | Val AUC=0.5368 AUPR=0.4421 F1=0.5772 ACC=0.4065
Epoch 002/120 | TrainLoss=0.6973 (Cls=0.6973, Cont=0.0000) | Val AUC=0.5518 AUPR=0.4495 F1=0.5773 ACC=0.4062
Epoch 003/120 | TrainLoss=0.6649 (Cls=0.6649, Cont=0.0000) | Val AUC=0.5558 AUPR=0.4593 F1=0.5776 ACC=0.4124
Epoch 004/120 | TrainLoss=0.6617 (Cls=0.6617, Cont=0.0000) | Val AUC=0.5663 AUPR=0.4694 F1=0.5776 ACC=0.4121
Epoch 005/120 | TrainLoss=0.6471 (Cls=0.6471, Cont=0.0000) | Val AUC=0.5718 AUPR=0.4741 F1=0.5779 ACC=0.4137
Epoch 006/120 | TrainLoss=0.6229 (Cls=0.6229, Cont=0.0000) | Val AUC=0.5748 AUPR=0.4757 F1=0.5777 ACC=0.4203
Epoch 007/120 | TrainLoss=0.6039 (Cls=0.6039, Cont=0.0000) | Val AUC=0.5764 AUPR=0.4758 F1=0.5779 ACC=0.4189
Epoch 008/120 | TrainLoss=0.5744 (Cls=0.5744, Cont=0.0000) | Val AUC=0.5791 AUPR=0.4760 F1=0.5783 ACC=0.4144
Epoch 009/120 | TrainLoss=0.5472 (Cls=0.5472, Cont=0.0000) | Val AUC=0.5793 AUPR=0.4734 F1=0.5794 ACC=0.4168
Epoch 010/120 | TrainLoss=0.5185 (Cls=0.5185, Cont=0.0000) | Val AUC=0.5769 AUPR=0.4712 F1=0.5797 ACC=0.4302
Epoch 011/120 | TrainLoss=0.5212 (Cls=0.4898, Cont=6.2785) | Val AUC=0.5703 AUPR=0.4651 F1=0.5792 ACC=0.4144
Epoch 012/120 | TrainLoss=0.4953 (Cls=0.4673, Cont=5.6059) | Val AUC=0.5662 AUPR=0.4620 F1=0.5793 ACC=0.4166
Epoch 013/120 | TrainLoss=0.4900 (Cls=0.4626, Cont=5.4795) | Val AUC=0.5675 AUPR=0.4613 F1=0.5803 ACC=0.4264
Epoch 014/120 | TrainLoss=0.4863 (Cls=0.4591, Cont=5.4484) | Val AUC=0.5680 AUPR=0.4600 F1=0.5810 ACC=0.4429
Epoch 015/120 | TrainLoss=0.4740 (Cls=0.4469, Cont=5.4323) | Val AUC=0.5706 AUPR=0.4633 F1=0.5806 ACC=0.4306
Epoch 016/120 | TrainLoss=0.4626 (Cls=0.4355, Cont=5.4211) | Val AUC=0.5795 AUPR=0.4721 F1=0.5827 ACC=0.4384
Epoch 017/120 | TrainLoss=0.4612 (Cls=0.4341, Cont=5.4167) | Val AUC=0.5820 AUPR=0.4753 F1=0.5817 ACC=0.4450
Epoch 018/120 | TrainLoss=0.4444 (Cls=0.4174, Cont=5.4077) | Val AUC=0.5900 AUPR=0.4809 F1=0.5836 ACC=0.4476
Epoch 019/120 | TrainLoss=0.4551 (Cls=0.4281, Cont=5.4074) | Val AUC=0.6065 AUPR=0.4979 F1=0.5835 ACC=0.4424
Epoch 020/120 | TrainLoss=0.4495 (Cls=0.4225, Cont=5.3982) | Val AUC=0.6283 AUPR=0.5222 F1=0.5849 ACC=0.4476
Epoch 021/120 | TrainLoss=0.4471 (Cls=0.4201, Cont=5.3929) | Val AUC=0.6328 AUPR=0.5294 F1=0.5845 ACC=0.4650
Epoch 022/120 | TrainLoss=0.4435 (Cls=0.4166, Cont=5.3827) | Val AUC=0.6468 AUPR=0.5479 F1=0.5856 ACC=0.4609
Epoch 023/120 | TrainLoss=0.4391 (Cls=0.4122, Cont=5.3787) | Val AUC=0.6601 AUPR=0.5631 F1=0.5888 ACC=0.4741
Epoch 024/120 | TrainLoss=0.4356 (Cls=0.4087, Cont=5.3860) | Val AUC=0.6807 AUPR=0.5897 F1=0.5998 ACC=0.6035
Epoch 025/120 | TrainLoss=0.4339 (Cls=0.4070, Cont=5.3722) | Val AUC=0.7132 AUPR=0.6239 F1=0.6197 ACC=0.6164
Epoch 026/120 | TrainLoss=0.4251 (Cls=0.3982, Cont=5.3819) | Val AUC=0.7473 AUPR=0.6633 F1=0.6458 ACC=0.6600
Epoch 027/120 | TrainLoss=0.4280 (Cls=0.4012, Cont=5.3692) | Val AUC=0.7806 AUPR=0.6938 F1=0.6751 ACC=0.6862
Epoch 028/120 | TrainLoss=0.4284 (Cls=0.4016, Cont=5.3703) | Val AUC=0.7867 AUPR=0.7077 F1=0.6784 ACC=0.6933
Epoch 029/120 | TrainLoss=0.4221 (Cls=0.3953, Cont=5.3690) | Val AUC=0.8055 AUPR=0.7317 F1=0.6994 ACC=0.7269
Epoch 030/120 | TrainLoss=0.4247 (Cls=0.3978, Cont=5.3736) | Val AUC=0.8397 AUPR=0.7667 F1=0.7305 ACC=0.7589
Epoch 031/120 | TrainLoss=0.4181 (Cls=0.3913, Cont=5.3536) | Val AUC=0.8557 AUPR=0.7910 F1=0.7456 ACC=0.7654
Epoch 032/120 | TrainLoss=0.4191 (Cls=0.3923, Cont=5.3584) | Val AUC=0.8709 AUPR=0.8112 F1=0.7603 ACC=0.7882
Epoch 033/120 | TrainLoss=0.4240 (Cls=0.3972, Cont=5.3562) | Val AUC=0.8785 AUPR=0.8231 F1=0.7654 ACC=0.7861
Epoch 034/120 | TrainLoss=0.4143 (Cls=0.3875, Cont=5.3631) | Val AUC=0.8773 AUPR=0.8240 F1=0.7645 ACC=0.7928
Epoch 035/120 | TrainLoss=0.4155 (Cls=0.3887, Cont=5.3620) | Val AUC=0.8845 AUPR=0.8346 F1=0.7716 ACC=0.8000
Epoch 036/120 | TrainLoss=0.4128 (Cls=0.3860, Cont=5.3615) | Val AUC=0.8945 AUPR=0.8485 F1=0.7844 ACC=0.8060
Epoch 037/120 | TrainLoss=0.4098 (Cls=0.3829, Cont=5.3638) | Val AUC=0.8981 AUPR=0.8550 F1=0.7881 ACC=0.8172
Epoch 038/120 | TrainLoss=0.4122 (Cls=0.3854, Cont=5.3538) | Val AUC=0.9028 AUPR=0.8612 F1=0.7927 ACC=0.8203
Epoch 039/120 | TrainLoss=0.4087 (Cls=0.3819, Cont=5.3609) | Val AUC=0.9057 AUPR=0.8656 F1=0.7951 ACC=0.8212
Epoch 040/120 | TrainLoss=0.4058 (Cls=0.3790, Cont=5.3634) | Val AUC=0.9070 AUPR=0.8675 F1=0.7974 ACC=0.8237
Epoch 041/120 | TrainLoss=0.4046 (Cls=0.3778, Cont=5.3616) | Val AUC=0.9070 AUPR=0.8677 F1=0.7976 ACC=0.8236
Epoch 042/120 | TrainLoss=0.4063 (Cls=0.3795, Cont=5.3609) | Val AUC=0.9070 AUPR=0.8678 F1=0.7957 ACC=0.8193
Epoch 043/120 | TrainLoss=0.4012 (Cls=0.3745, Cont=5.3392) | Val AUC=0.9061 AUPR=0.8669 F1=0.7936 ACC=0.8211
Epoch 044/120 | TrainLoss=0.4007 (Cls=0.3739, Cont=5.3574) | Val AUC=0.9058 AUPR=0.8672 F1=0.7926 ACC=0.8166
Epoch 045/120 | TrainLoss=0.4017 (Cls=0.3749, Cont=5.3572) | Val AUC=0.9071 AUPR=0.8689 F1=0.7956 ACC=0.8204
Epoch 046/120 | TrainLoss=0.4008 (Cls=0.3740, Cont=5.3651) | Val AUC=0.9063 AUPR=0.8685 F1=0.7945 ACC=0.8216
Epoch 047/120 | TrainLoss=0.4011 (Cls=0.3743, Cont=5.3620) | Val AUC=0.9088 AUPR=0.8719 F1=0.7992 ACC=0.8263
Epoch 048/120 | TrainLoss=0.3996 (Cls=0.3729, Cont=5.3551) | Val AUC=0.9105 AUPR=0.8737 F1=0.8006 ACC=0.8252
Epoch 049/120 | TrainLoss=0.3984 (Cls=0.3717, Cont=5.3409) | Val AUC=0.9096 AUPR=0.8725 F1=0.7995 ACC=0.8242
Epoch 050/120 | TrainLoss=0.3959 (Cls=0.3692, Cont=5.3544) | Val AUC=0.9092 AUPR=0.8719 F1=0.7986 ACC=0.8200
Epoch 051/120 | TrainLoss=0.3993 (Cls=0.3725, Cont=5.3639) | Val AUC=0.9108 AUPR=0.8736 F1=0.8002 ACC=0.8194
Epoch 052/120 | TrainLoss=0.3957 (Cls=0.3689, Cont=5.3582) | Val AUC=0.9113 AUPR=0.8748 F1=0.8020 ACC=0.8289
Epoch 053/120 | TrainLoss=0.4012 (Cls=0.3745, Cont=5.3487) | Val AUC=0.9112 AUPR=0.8759 F1=0.8011 ACC=0.8279
Epoch 054/120 | TrainLoss=0.3983 (Cls=0.3715, Cont=5.3586) | Val AUC=0.9112 AUPR=0.8758 F1=0.8011 ACC=0.8281
Epoch 055/120 | TrainLoss=0.3945 (Cls=0.3677, Cont=5.3617) | Val AUC=0.9122 AUPR=0.8766 F1=0.8043 ACC=0.8257
Epoch 056/120 | TrainLoss=0.3968 (Cls=0.3701, Cont=5.3558) | Val AUC=0.9119 AUPR=0.8760 F1=0.8052 ACC=0.8289
Epoch 057/120 | TrainLoss=0.3942 (Cls=0.3675, Cont=5.3490) | Val AUC=0.9117 AUPR=0.8757 F1=0.8053 ACC=0.8306
Epoch 058/120 | TrainLoss=0.3930 (Cls=0.3663, Cont=5.3525) | Val AUC=0.9124 AUPR=0.8769 F1=0.8052 ACC=0.8337
Epoch 059/120 | TrainLoss=0.3925 (Cls=0.3657, Cont=5.3488) | Val AUC=0.9127 AUPR=0.8772 F1=0.8047 ACC=0.8281
Epoch 060/120 | TrainLoss=0.3905 (Cls=0.3637, Cont=5.3522) | Val AUC=0.9134 AUPR=0.8783 F1=0.8059 ACC=0.8302
Epoch 061/120 | TrainLoss=0.3943 (Cls=0.3676, Cont=5.3510) | Val AUC=0.9136 AUPR=0.8792 F1=0.8047 ACC=0.8298
Epoch 062/120 | TrainLoss=0.3908 (Cls=0.3641, Cont=5.3343) | Val AUC=0.9134 AUPR=0.8792 F1=0.8049 ACC=0.8289
Epoch 063/120 | TrainLoss=0.3909 (Cls=0.3641, Cont=5.3579) | Val AUC=0.9120 AUPR=0.8766 F1=0.8037 ACC=0.8294
Epoch 064/120 | TrainLoss=0.3887 (Cls=0.3619, Cont=5.3537) | Val AUC=0.9111 AUPR=0.8750 F1=0.8025 ACC=0.8304
Epoch 065/120 | TrainLoss=0.3883 (Cls=0.3616, Cont=5.3462) | Val AUC=0.9119 AUPR=0.8761 F1=0.8034 ACC=0.8265
Epoch 066/120 | TrainLoss=0.3877 (Cls=0.3609, Cont=5.3496) | Val AUC=0.9119 AUPR=0.8760 F1=0.8040 ACC=0.8305
Epoch 067/120 | TrainLoss=0.3887 (Cls=0.3620, Cont=5.3529) | Val AUC=0.9123 AUPR=0.8773 F1=0.8043 ACC=0.8325
Epoch 068/120 | TrainLoss=0.3893 (Cls=0.3626, Cont=5.3429) | Val AUC=0.9124 AUPR=0.8774 F1=0.8063 ACC=0.8296
Epoch 069/120 | TrainLoss=0.3868 (Cls=0.3600, Cont=5.3521) | Val AUC=0.9123 AUPR=0.8773 F1=0.8045 ACC=0.8301
Epoch 070/120 | TrainLoss=0.3875 (Cls=0.3607, Cont=5.3597) | Val AUC=0.9129 AUPR=0.8783 F1=0.8047 ACC=0.8301
Epoch 071/120 | TrainLoss=0.3872 (Cls=0.3605, Cont=5.3404) | Val AUC=0.9138 AUPR=0.8793 F1=0.8055 ACC=0.8285
Epoch 072/120 | TrainLoss=0.3882 (Cls=0.3616, Cont=5.3305) | Val AUC=0.9140 AUPR=0.8793 F1=0.8062 ACC=0.8321
Epoch 073/120 | TrainLoss=0.3869 (Cls=0.3602, Cont=5.3515) | Val AUC=0.9146 AUPR=0.8803 F1=0.8071 ACC=0.8287
Epoch 074/120 | TrainLoss=0.3869 (Cls=0.3602, Cont=5.3449) | Val AUC=0.9150 AUPR=0.8808 F1=0.8071 ACC=0.8343
Epoch 075/120 | TrainLoss=0.3865 (Cls=0.3598, Cont=5.3457) | Val AUC=0.9157 AUPR=0.8820 F1=0.8075 ACC=0.8333
Epoch 076/120 | TrainLoss=0.3847 (Cls=0.3579, Cont=5.3538) | Val AUC=0.9153 AUPR=0.8810 F1=0.8076 ACC=0.8315
Epoch 077/120 | TrainLoss=0.3843 (Cls=0.3576, Cont=5.3530) | Val AUC=0.9148 AUPR=0.8800 F1=0.8080 ACC=0.8322
Epoch 078/120 | TrainLoss=0.3846 (Cls=0.3579, Cont=5.3485) | Val AUC=0.9155 AUPR=0.8814 F1=0.8081 ACC=0.8402
Epoch 079/120 | TrainLoss=0.3845 (Cls=0.3578, Cont=5.3495) | Val AUC=0.9161 AUPR=0.8825 F1=0.8092 ACC=0.8353
Epoch 080/120 | TrainLoss=0.3842 (Cls=0.3576, Cont=5.3349) | Val AUC=0.9164 AUPR=0.8833 F1=0.8102 ACC=0.8353
Epoch 081/120 | TrainLoss=0.3836 (Cls=0.3570, Cont=5.3325) | Val AUC=0.9161 AUPR=0.8830 F1=0.8092 ACC=0.8352
Epoch 082/120 | TrainLoss=0.3836 (Cls=0.3569, Cont=5.3395) | Val AUC=0.9161 AUPR=0.8828 F1=0.8087 ACC=0.8353
Epoch 083/120 | TrainLoss=0.3825 (Cls=0.3558, Cont=5.3424) | Val AUC=0.9161 AUPR=0.8832 F1=0.8079 ACC=0.8337
Epoch 084/120 | TrainLoss=0.3812 (Cls=0.3545, Cont=5.3404) | Val AUC=0.9159 AUPR=0.8833 F1=0.8061 ACC=0.8360
Epoch 085/120 | TrainLoss=0.3827 (Cls=0.3559, Cont=5.3499) | Val AUC=0.9159 AUPR=0.8834 F1=0.8059 ACC=0.8351
Epoch 086/120 | TrainLoss=0.3818 (Cls=0.3551, Cont=5.3348) | Val AUC=0.9163 AUPR=0.8834 F1=0.8080 ACC=0.8370
Epoch 087/120 | TrainLoss=0.3805 (Cls=0.3538, Cont=5.3416) | Val AUC=0.9166 AUPR=0.8835 F1=0.8091 ACC=0.8351
Epoch 088/120 | TrainLoss=0.3801 (Cls=0.3534, Cont=5.3391) | Val AUC=0.9169 AUPR=0.8840 F1=0.8091 ACC=0.8389
Epoch 089/120 | TrainLoss=0.3789 (Cls=0.3522, Cont=5.3449) | Val AUC=0.9167 AUPR=0.8840 F1=0.8085 ACC=0.8374
Epoch 090/120 | TrainLoss=0.3805 (Cls=0.3537, Cont=5.3501) | Val AUC=0.9165 AUPR=0.8842 F1=0.8084 ACC=0.8372
Epoch 091/120 | TrainLoss=0.3804 (Cls=0.3536, Cont=5.3454) | Val AUC=0.9167 AUPR=0.8847 F1=0.8086 ACC=0.8370
Epoch 092/120 | TrainLoss=0.3803 (Cls=0.3535, Cont=5.3493) | Val AUC=0.9172 AUPR=0.8854 F1=0.8110 ACC=0.8409
Epoch 093/120 | TrainLoss=0.3798 (Cls=0.3530, Cont=5.3422) | Val AUC=0.9175 AUPR=0.8855 F1=0.8110 ACC=0.8416
Epoch 094/120 | TrainLoss=0.3779 (Cls=0.3512, Cont=5.3358) | Val AUC=0.9176 AUPR=0.8856 F1=0.8105 ACC=0.8416
Epoch 095/120 | TrainLoss=0.3781 (Cls=0.3514, Cont=5.3342) | Val AUC=0.9178 AUPR=0.8858 F1=0.8113 ACC=0.8385
Epoch 096/120 | TrainLoss=0.3772 (Cls=0.3504, Cont=5.3441) | Val AUC=0.9180 AUPR=0.8859 F1=0.8116 ACC=0.8380
Epoch 097/120 | TrainLoss=0.3783 (Cls=0.3516, Cont=5.3381) | Val AUC=0.9184 AUPR=0.8867 F1=0.8137 ACC=0.8411
Epoch 098/120 | TrainLoss=0.3756 (Cls=0.3489, Cont=5.3462) | Val AUC=0.9186 AUPR=0.8872 F1=0.8131 ACC=0.8374
Epoch 099/120 | TrainLoss=0.3754 (Cls=0.3487, Cont=5.3346) | Val AUC=0.9187 AUPR=0.8875 F1=0.8135 ACC=0.8393
Epoch 100/120 | TrainLoss=0.3764 (Cls=0.3497, Cont=5.3312) | Val AUC=0.9191 AUPR=0.8878 F1=0.8137 ACC=0.8443
Epoch 101/120 | TrainLoss=0.3753 (Cls=0.3486, Cont=5.3363) | Val AUC=0.9190 AUPR=0.8871 F1=0.8134 ACC=0.8413
Epoch 102/120 | TrainLoss=0.3737 (Cls=0.3469, Cont=5.3494) | Val AUC=0.9188 AUPR=0.8868 F1=0.8133 ACC=0.8396
Epoch 103/120 | TrainLoss=0.3742 (Cls=0.3475, Cont=5.3391) | Val AUC=0.9190 AUPR=0.8874 F1=0.8122 ACC=0.8436
Epoch 104/120 | TrainLoss=0.3734 (Cls=0.3467, Cont=5.3326) | Val AUC=0.9190 AUPR=0.8878 F1=0.8104 ACC=0.8381
Epoch 105/120 | TrainLoss=0.3733 (Cls=0.3466, Cont=5.3402) | Val AUC=0.9192 AUPR=0.8882 F1=0.8120 ACC=0.8449
Epoch 106/120 | TrainLoss=0.3735 (Cls=0.3468, Cont=5.3414) | Val AUC=0.9193 AUPR=0.8888 F1=0.8121 ACC=0.8405
Epoch 107/120 | TrainLoss=0.3731 (Cls=0.3464, Cont=5.3498) | Val AUC=0.9193 AUPR=0.8890 F1=0.8119 ACC=0.8401
Epoch 108/120 | TrainLoss=0.3725 (Cls=0.3458, Cont=5.3389) | Val AUC=0.9199 AUPR=0.8897 F1=0.8134 ACC=0.8383
Epoch 109/120 | TrainLoss=0.3728 (Cls=0.3461, Cont=5.3446) | Val AUC=0.9203 AUPR=0.8902 F1=0.8137 ACC=0.8407
Epoch 110/120 | TrainLoss=0.3715 (Cls=0.3449, Cont=5.3231) | Val AUC=0.9201 AUPR=0.8901 F1=0.8133 ACC=0.8398
Epoch 111/120 | TrainLoss=0.3721 (Cls=0.3454, Cont=5.3370) | Val AUC=0.9199 AUPR=0.8901 F1=0.8131 ACC=0.8408
Epoch 112/120 | TrainLoss=0.3703 (Cls=0.3436, Cont=5.3379) | Val AUC=0.9198 AUPR=0.8900 F1=0.8128 ACC=0.8433
Epoch 113/120 | TrainLoss=0.3703 (Cls=0.3437, Cont=5.3328) | Val AUC=0.9195 AUPR=0.8894 F1=0.8119 ACC=0.8420
Epoch 114/120 | TrainLoss=0.3691 (Cls=0.3424, Cont=5.3423) | Val AUC=0.9194 AUPR=0.8896 F1=0.8117 ACC=0.8402
Epoch 115/120 | TrainLoss=0.3691 (Cls=0.3424, Cont=5.3385) | Val AUC=0.9193 AUPR=0.8894 F1=0.8101 ACC=0.8392
Epoch 116/120 | TrainLoss=0.3691 (Cls=0.3424, Cont=5.3319) | Val AUC=0.9194 AUPR=0.8900 F1=0.8103 ACC=0.8355
Epoch 117/120 | TrainLoss=0.3692 (Cls=0.3426, Cont=5.3200) | Val AUC=0.9198 AUPR=0.8903 F1=0.8119 ACC=0.8395
Epoch 118/120 | TrainLoss=0.3688 (Cls=0.3421, Cont=5.3371) | Val AUC=0.9206 AUPR=0.8912 F1=0.8136 ACC=0.8421
Epoch 119/120 | TrainLoss=0.3677 (Cls=0.3410, Cont=5.3250) | Val AUC=0.9212 AUPR=0.8918 F1=0.8130 ACC=0.8409
Epoch 120/120 | TrainLoss=0.3668 (Cls=0.3402, Cont=5.3220) | Val AUC=0.9216 AUPR=0.8926 F1=0.8128 ACC=0.8418
Fold 5 complete | Best Val AUC=0.9216 | Test AUC=0.9219 AUPR=0.8944 F1=0.8153 ACC=0.8421 | FoldTime=306.64s

================================================================================
Cross-validation complete
Mean AUC:  0.9195 +/- 0.0013
Mean AUPR: 0.8885 +/- 0.0035
Mean F1:   0.8108 +/- 0.0032
Mean ACC:  0.8370 +/- 0.0038
Saved outputs to: /content/drive/MyDrive/CDRP models testing/flexible model/outputs/exp2_sharded_v2_verified_t4_v1_shards_8
