Run directory: /content/drive/MyDrive/CDRP models testing/flexible model/outputs/exp2_sharded_v2_verified_t4_v1_shards_16
Device: cuda
Command: /content/drive/MyDrive/CDRP models testing/flexible model/main_flexible.py --run_name exp2_sharded_v2_verified_t4_v1_shards_16 --dataset_root /content/drive/MyDrive/CDRP models testing/flexible model/flexibility_views/exp2_pathway_sharding/verified_t4_v1_shards_16 --epoch 120 --lr 0.001 --weight_decay 1e-05 --hidden_channels 256 --output_channels 64 --fusion_dim 512 --dropout 0.2 --num_layers 2 --heads 4 --drug_num_gnn_layers 3 --drug_batch_size 0 --k_fold 5 --seed 0 --top_k 10 --contrastive_weight 0.005 --temperature 0.05 --warmup_epochs 10 --max_contrastive_pairs 2048 --device cuda --omics pathway_shard_01 pathway_shard_02 pathway_shard_03 pathway_shard_04 pathway_shard_05 pathway_shard_06 pathway_shard_07 pathway_shard_08 pathway_shard_09 pathway_shard_10 pathway_shard_11 pathway_shard_12 pathway_shard_13 pathway_shard_14 pathway_shard_15 pathway_shard_16
Loading aligned data from: /content/drive/MyDrive/CDRP models testing/flexible model/flexibility_views/exp2_pathway_sharding/verified_t4_v1_shards_16
Loaded data: pairs=109446, cells=425, drugs=298
Selected omics: pathway_shard_01, pathway_shard_02, pathway_shard_03, pathway_shard_04, pathway_shard_05, pathway_shard_06, pathway_shard_07, pathway_shard_08, pathway_shard_09, pathway_shard_10, pathway_shard_11, pathway_shard_12, pathway_shard_13, pathway_shard_14, pathway_shard_15, pathway_shard_16

================================================================================
Fold 1/5 (fold_id=1)
================================================================================
Epoch 001/120 | TrainLoss=0.7235 (Cls=0.7235, Cont=0.0000) | Val AUC=0.4929 AUPR=0.3995 F1=0.5798 ACC=0.4084
Epoch 002/120 | TrainLoss=0.6712 (Cls=0.6712, Cont=0.0000) | Val AUC=0.5524 AUPR=0.4708 F1=0.5804 ACC=0.4093
Epoch 003/120 | TrainLoss=0.6774 (Cls=0.6774, Cont=0.0000) | Val AUC=0.5717 AUPR=0.4817 F1=0.5808 ACC=0.4230
Epoch 004/120 | TrainLoss=0.6558 (Cls=0.6558, Cont=0.0000) | Val AUC=0.5906 AUPR=0.4928 F1=0.5845 ACC=0.4540
Epoch 005/120 | TrainLoss=0.6462 (Cls=0.6462, Cont=0.0000) | Val AUC=0.5949 AUPR=0.4963 F1=0.5845 ACC=0.4605
Epoch 006/120 | TrainLoss=0.6292 (Cls=0.6292, Cont=0.0000) | Val AUC=0.5960 AUPR=0.4985 F1=0.5832 ACC=0.4613
Epoch 007/120 | TrainLoss=0.6095 (Cls=0.6095, Cont=0.0000) | Val AUC=0.5992 AUPR=0.5030 F1=0.5850 ACC=0.4643
Epoch 008/120 | TrainLoss=0.5870 (Cls=0.5870, Cont=0.0000) | Val AUC=0.5994 AUPR=0.5032 F1=0.5855 ACC=0.4695
Epoch 009/120 | TrainLoss=0.5660 (Cls=0.5660, Cont=0.0000) | Val AUC=0.6044 AUPR=0.5099 F1=0.5862 ACC=0.4645
Epoch 010/120 | TrainLoss=0.5470 (Cls=0.5470, Cont=0.0000) | Val AUC=0.6082 AUPR=0.5138 F1=0.5868 ACC=0.4823
Epoch 011/120 | TrainLoss=0.5573 (Cls=0.5255, Cont=6.3623) | Val AUC=0.6138 AUPR=0.5215 F1=0.5882 ACC=0.4922
Epoch 012/120 | TrainLoss=0.5299 (Cls=0.5019, Cont=5.5958) | Val AUC=0.6238 AUPR=0.5329 F1=0.5907 ACC=0.5018
Epoch 013/120 | TrainLoss=0.5090 (Cls=0.4816, Cont=5.4773) | Val AUC=0.6368 AUPR=0.5434 F1=0.5925 ACC=0.4874
Epoch 014/120 | TrainLoss=0.4893 (Cls=0.4621, Cont=5.4428) | Val AUC=0.6382 AUPR=0.5432 F1=0.5934 ACC=0.4910
Epoch 015/120 | TrainLoss=0.4827 (Cls=0.4555, Cont=5.4312) | Val AUC=0.6391 AUPR=0.5411 F1=0.5922 ACC=0.5261
Epoch 016/120 | TrainLoss=0.4773 (Cls=0.4502, Cont=5.4230) | Val AUC=0.6461 AUPR=0.5450 F1=0.5943 ACC=0.4970
Epoch 017/120 | TrainLoss=0.4697 (Cls=0.4426, Cont=5.4178) | Val AUC=0.6585 AUPR=0.5532 F1=0.6007 ACC=0.5353
Epoch 018/120 | TrainLoss=0.4619 (Cls=0.4348, Cont=5.4114) | Val AUC=0.6616 AUPR=0.5619 F1=0.6009 ACC=0.5519
Epoch 019/120 | TrainLoss=0.4601 (Cls=0.4331, Cont=5.3997) | Val AUC=0.6802 AUPR=0.5827 F1=0.6113 ACC=0.5853
Epoch 020/120 | TrainLoss=0.4506 (Cls=0.4236, Cont=5.3990) | Val AUC=0.6882 AUPR=0.5920 F1=0.6105 ACC=0.5794
Epoch 021/120 | TrainLoss=0.4502 (Cls=0.4233, Cont=5.3911) | Val AUC=0.7066 AUPR=0.6101 F1=0.6215 ACC=0.6057
Epoch 022/120 | TrainLoss=0.4436 (Cls=0.4167, Cont=5.3802) | Val AUC=0.7225 AUPR=0.6309 F1=0.6300 ACC=0.5953
Epoch 023/120 | TrainLoss=0.4488 (Cls=0.4219, Cont=5.3868) | Val AUC=0.7332 AUPR=0.6483 F1=0.6366 ACC=0.6638
Epoch 024/120 | TrainLoss=0.4401 (Cls=0.4133, Cont=5.3695) | Val AUC=0.7555 AUPR=0.6652 F1=0.6569 ACC=0.6838
Epoch 025/120 | TrainLoss=0.4337 (Cls=0.4068, Cont=5.3772) | Val AUC=0.7752 AUPR=0.6857 F1=0.6731 ACC=0.7039
Epoch 026/120 | TrainLoss=0.4333 (Cls=0.4064, Cont=5.3718) | Val AUC=0.7938 AUPR=0.7108 F1=0.6860 ACC=0.7127
Epoch 027/120 | TrainLoss=0.4269 (Cls=0.4000, Cont=5.3659) | Val AUC=0.7951 AUPR=0.7200 F1=0.6851 ACC=0.6855
Epoch 028/120 | TrainLoss=0.4338 (Cls=0.4069, Cont=5.3709) | Val AUC=0.8066 AUPR=0.7254 F1=0.6979 ACC=0.7127
Epoch 029/120 | TrainLoss=0.4257 (Cls=0.3989, Cont=5.3617) | Val AUC=0.8169 AUPR=0.7284 F1=0.7123 ACC=0.7339
Epoch 030/120 | TrainLoss=0.4260 (Cls=0.3992, Cont=5.3664) | Val AUC=0.8364 AUPR=0.7478 F1=0.7301 ACC=0.7560
Epoch 031/120 | TrainLoss=0.4245 (Cls=0.3977, Cont=5.3683) | Val AUC=0.8542 AUPR=0.7777 F1=0.7477 ACC=0.7808
Epoch 032/120 | TrainLoss=0.4198 (Cls=0.3930, Cont=5.3664) | Val AUC=0.8614 AUPR=0.7918 F1=0.7540 ACC=0.7902
Epoch 033/120 | TrainLoss=0.4178 (Cls=0.3910, Cont=5.3505) | Val AUC=0.8627 AUPR=0.7985 F1=0.7528 ACC=0.7840
Epoch 034/120 | TrainLoss=0.4170 (Cls=0.3903, Cont=5.3541) | Val AUC=0.8676 AUPR=0.8056 F1=0.7553 ACC=0.7801
Epoch 035/120 | TrainLoss=0.4147 (Cls=0.3879, Cont=5.3648) | Val AUC=0.8704 AUPR=0.8118 F1=0.7579 ACC=0.7829
Epoch 036/120 | TrainLoss=0.4143 (Cls=0.3875, Cont=5.3587) | Val AUC=0.8697 AUPR=0.8151 F1=0.7555 ACC=0.7741
Epoch 037/120 | TrainLoss=0.4125 (Cls=0.3857, Cont=5.3673) | Val AUC=0.8790 AUPR=0.8269 F1=0.7611 ACC=0.7807
Epoch 038/120 | TrainLoss=0.4151 (Cls=0.3883, Cont=5.3668) | Val AUC=0.8927 AUPR=0.8423 F1=0.7800 ACC=0.8024
Epoch 039/120 | TrainLoss=0.4111 (Cls=0.3843, Cont=5.3518) | Val AUC=0.8986 AUPR=0.8504 F1=0.7891 ACC=0.8147
Epoch 040/120 | TrainLoss=0.4104 (Cls=0.3835, Cont=5.3643) | Val AUC=0.9004 AUPR=0.8528 F1=0.7917 ACC=0.8134
Epoch 041/120 | TrainLoss=0.4090 (Cls=0.3823, Cont=5.3519) | Val AUC=0.8970 AUPR=0.8517 F1=0.7874 ACC=0.8109
Epoch 042/120 | TrainLoss=0.4053 (Cls=0.3786, Cont=5.3481) | Val AUC=0.8953 AUPR=0.8499 F1=0.7823 ACC=0.8003
Epoch 043/120 | TrainLoss=0.4077 (Cls=0.3810, Cont=5.3507) | Val AUC=0.8998 AUPR=0.8541 F1=0.7902 ACC=0.8114
Epoch 044/120 | TrainLoss=0.4076 (Cls=0.3808, Cont=5.3551) | Val AUC=0.9072 AUPR=0.8639 F1=0.7999 ACC=0.8219
Epoch 045/120 | TrainLoss=0.4072 (Cls=0.3803, Cont=5.3671) | Val AUC=0.9083 AUPR=0.8664 F1=0.8011 ACC=0.8238
Epoch 046/120 | TrainLoss=0.4016 (Cls=0.3749, Cont=5.3478) | Val AUC=0.9076 AUPR=0.8669 F1=0.7978 ACC=0.8216
Epoch 047/120 | TrainLoss=0.4035 (Cls=0.3767, Cont=5.3601) | Val AUC=0.9079 AUPR=0.8672 F1=0.7992 ACC=0.8224
Epoch 048/120 | TrainLoss=0.4023 (Cls=0.3756, Cont=5.3519) | Val AUC=0.9105 AUPR=0.8709 F1=0.8045 ACC=0.8274
Epoch 049/120 | TrainLoss=0.3989 (Cls=0.3721, Cont=5.3512) | Val AUC=0.9110 AUPR=0.8717 F1=0.8049 ACC=0.8303
Epoch 050/120 | TrainLoss=0.3986 (Cls=0.3718, Cont=5.3696) | Val AUC=0.9102 AUPR=0.8715 F1=0.7994 ACC=0.8283
Epoch 051/120 | TrainLoss=0.4002 (Cls=0.3734, Cont=5.3487) | Val AUC=0.9098 AUPR=0.8718 F1=0.7980 ACC=0.8194
Epoch 052/120 | TrainLoss=0.3995 (Cls=0.3727, Cont=5.3592) | Val AUC=0.9082 AUPR=0.8701 F1=0.7967 ACC=0.8215
Epoch 053/120 | TrainLoss=0.3956 (Cls=0.3689, Cont=5.3542) | Val AUC=0.9096 AUPR=0.8720 F1=0.7980 ACC=0.8293
Epoch 054/120 | TrainLoss=0.3945 (Cls=0.3678, Cont=5.3457) | Val AUC=0.9105 AUPR=0.8726 F1=0.8003 ACC=0.8289
Epoch 055/120 | TrainLoss=0.3965 (Cls=0.3698, Cont=5.3557) | Val AUC=0.9108 AUPR=0.8734 F1=0.8007 ACC=0.8290
Epoch 056/120 | TrainLoss=0.3960 (Cls=0.3692, Cont=5.3444) | Val AUC=0.9100 AUPR=0.8731 F1=0.8001 ACC=0.8275
Epoch 057/120 | TrainLoss=0.3948 (Cls=0.3681, Cont=5.3431) | Val AUC=0.9098 AUPR=0.8729 F1=0.7990 ACC=0.8278
Epoch 058/120 | TrainLoss=0.3957 (Cls=0.3691, Cont=5.3376) | Val AUC=0.9124 AUPR=0.8767 F1=0.8019 ACC=0.8245
Epoch 059/120 | TrainLoss=0.3939 (Cls=0.3671, Cont=5.3493) | Val AUC=0.9137 AUPR=0.8777 F1=0.8042 ACC=0.8248
Epoch 060/120 | TrainLoss=0.3935 (Cls=0.3667, Cont=5.3611) | Val AUC=0.9128 AUPR=0.8758 F1=0.8042 ACC=0.8295
Epoch 061/120 | TrainLoss=0.3969 (Cls=0.3702, Cont=5.3425) | Val AUC=0.9133 AUPR=0.8766 F1=0.8056 ACC=0.8344
Epoch 062/120 | TrainLoss=0.3911 (Cls=0.3644, Cont=5.3423) | Val AUC=0.9136 AUPR=0.8774 F1=0.8049 ACC=0.8321
Epoch 063/120 | TrainLoss=0.3929 (Cls=0.3662, Cont=5.3414) | Val AUC=0.9135 AUPR=0.8774 F1=0.8042 ACC=0.8307
Epoch 064/120 | TrainLoss=0.3901 (Cls=0.3634, Cont=5.3457) | Val AUC=0.9132 AUPR=0.8769 F1=0.8021 ACC=0.8309
Epoch 065/120 | TrainLoss=0.3918 (Cls=0.3651, Cont=5.3507) | Val AUC=0.9143 AUPR=0.8789 F1=0.8042 ACC=0.8289
Epoch 066/120 | TrainLoss=0.3885 (Cls=0.3617, Cont=5.3567) | Val AUC=0.9142 AUPR=0.8790 F1=0.8041 ACC=0.8308
Epoch 067/120 | TrainLoss=0.3920 (Cls=0.3654, Cont=5.3257) | Val AUC=0.9146 AUPR=0.8796 F1=0.8043 ACC=0.8272
Epoch 068/120 | TrainLoss=0.3887 (Cls=0.3619, Cont=5.3484) | Val AUC=0.9142 AUPR=0.8789 F1=0.8011 ACC=0.8269
Epoch 069/120 | TrainLoss=0.3907 (Cls=0.3639, Cont=5.3478) | Val AUC=0.9146 AUPR=0.8794 F1=0.8026 ACC=0.8259
Epoch 070/120 | TrainLoss=0.3879 (Cls=0.3612, Cont=5.3424) | Val AUC=0.9156 AUPR=0.8805 F1=0.8058 ACC=0.8361
Epoch 071/120 | TrainLoss=0.3876 (Cls=0.3609, Cont=5.3445) | Val AUC=0.9159 AUPR=0.8804 F1=0.8091 ACC=0.8332
Epoch 072/120 | TrainLoss=0.3871 (Cls=0.3604, Cont=5.3392) | Val AUC=0.9158 AUPR=0.8801 F1=0.8090 ACC=0.8344
Epoch 073/120 | TrainLoss=0.3874 (Cls=0.3607, Cont=5.3419) | Val AUC=0.9159 AUPR=0.8805 F1=0.8095 ACC=0.8362
Epoch 074/120 | TrainLoss=0.3857 (Cls=0.3590, Cont=5.3441) | Val AUC=0.9164 AUPR=0.8812 F1=0.8103 ACC=0.8369
Epoch 075/120 | TrainLoss=0.3871 (Cls=0.3604, Cont=5.3485) | Val AUC=0.9170 AUPR=0.8819 F1=0.8097 ACC=0.8369
Epoch 076/120 | TrainLoss=0.3854 (Cls=0.3587, Cont=5.3425) | Val AUC=0.9172 AUPR=0.8824 F1=0.8090 ACC=0.8381
Epoch 077/120 | TrainLoss=0.3855 (Cls=0.3587, Cont=5.3485) | Val AUC=0.9169 AUPR=0.8823 F1=0.8082 ACC=0.8343
Epoch 078/120 | TrainLoss=0.3850 (Cls=0.3583, Cont=5.3304) | Val AUC=0.9162 AUPR=0.8814 F1=0.8065 ACC=0.8305
Epoch 079/120 | TrainLoss=0.3859 (Cls=0.3591, Cont=5.3468) | Val AUC=0.9165 AUPR=0.8819 F1=0.8074 ACC=0.8315
Epoch 080/120 | TrainLoss=0.3857 (Cls=0.3590, Cont=5.3409) | Val AUC=0.9171 AUPR=0.8830 F1=0.8092 ACC=0.8362
Epoch 081/120 | TrainLoss=0.3850 (Cls=0.3583, Cont=5.3416) | Val AUC=0.9173 AUPR=0.8834 F1=0.8075 ACC=0.8341
Epoch 082/120 | TrainLoss=0.3846 (Cls=0.3579, Cont=5.3435) | Val AUC=0.9174 AUPR=0.8837 F1=0.8058 ACC=0.8362
Epoch 083/120 | TrainLoss=0.3863 (Cls=0.3596, Cont=5.3466) | Val AUC=0.9180 AUPR=0.8845 F1=0.8079 ACC=0.8325
Epoch 084/120 | TrainLoss=0.3833 (Cls=0.3565, Cont=5.3464) | Val AUC=0.9180 AUPR=0.8842 F1=0.8103 ACC=0.8341
Epoch 085/120 | TrainLoss=0.3829 (Cls=0.3562, Cont=5.3485) | Val AUC=0.9174 AUPR=0.8833 F1=0.8090 ACC=0.8358
Epoch 086/120 | TrainLoss=0.3838 (Cls=0.3571, Cont=5.3489) | Val AUC=0.9170 AUPR=0.8826 F1=0.8088 ACC=0.8316
Epoch 087/120 | TrainLoss=0.3834 (Cls=0.3566, Cont=5.3558) | Val AUC=0.9165 AUPR=0.8823 F1=0.8074 ACC=0.8306
Epoch 088/120 | TrainLoss=0.3834 (Cls=0.3568, Cont=5.3333) | Val AUC=0.9175 AUPR=0.8840 F1=0.8084 ACC=0.8299
Epoch 089/120 | TrainLoss=0.3835 (Cls=0.3568, Cont=5.3395) | Val AUC=0.9175 AUPR=0.8839 F1=0.8087 ACC=0.8332
Epoch 090/120 | TrainLoss=0.3827 (Cls=0.3559, Cont=5.3489) | Val AUC=0.9180 AUPR=0.8851 F1=0.8087 ACC=0.8338
Epoch 091/120 | TrainLoss=0.3820 (Cls=0.3554, Cont=5.3352) | Val AUC=0.9180 AUPR=0.8856 F1=0.8089 ACC=0.8336
Epoch 092/120 | TrainLoss=0.3813 (Cls=0.3546, Cont=5.3447) | Val AUC=0.9179 AUPR=0.8854 F1=0.8095 ACC=0.8372
Epoch 093/120 | TrainLoss=0.3829 (Cls=0.3562, Cont=5.3364) | Val AUC=0.9181 AUPR=0.8852 F1=0.8101 ACC=0.8356
Epoch 094/120 | TrainLoss=0.3803 (Cls=0.3536, Cont=5.3395) | Val AUC=0.9183 AUPR=0.8858 F1=0.8113 ACC=0.8370
Epoch 095/120 | TrainLoss=0.3815 (Cls=0.3547, Cont=5.3537) | Val AUC=0.9175 AUPR=0.8845 F1=0.8075 ACC=0.8360
Epoch 096/120 | TrainLoss=0.3816 (Cls=0.3550, Cont=5.3301) | Val AUC=0.9179 AUPR=0.8849 F1=0.8094 ACC=0.8344
Epoch 097/120 | TrainLoss=0.3816 (Cls=0.3549, Cont=5.3398) | Val AUC=0.9186 AUPR=0.8857 F1=0.8111 ACC=0.8387
Epoch 098/120 | TrainLoss=0.3830 (Cls=0.3562, Cont=5.3539) | Val AUC=0.9185 AUPR=0.8855 F1=0.8114 ACC=0.8412
Epoch 099/120 | TrainLoss=0.3799 (Cls=0.3533, Cont=5.3249) | Val AUC=0.9179 AUPR=0.8846 F1=0.8080 ACC=0.8347
Epoch 100/120 | TrainLoss=0.3821 (Cls=0.3553, Cont=5.3521) | Val AUC=0.9186 AUPR=0.8857 F1=0.8106 ACC=0.8374
Epoch 101/120 | TrainLoss=0.3817 (Cls=0.3550, Cont=5.3369) | Val AUC=0.9192 AUPR=0.8865 F1=0.8122 ACC=0.8406
Epoch 102/120 | TrainLoss=0.3786 (Cls=0.3519, Cont=5.3414) | Val AUC=0.9191 AUPR=0.8859 F1=0.8118 ACC=0.8431
Epoch 103/120 | TrainLoss=0.3828 (Cls=0.3561, Cont=5.3473) | Val AUC=0.9185 AUPR=0.8848 F1=0.8114 ACC=0.8422
Epoch 104/120 | TrainLoss=0.3775 (Cls=0.3508, Cont=5.3358) | Val AUC=0.9180 AUPR=0.8844 F1=0.8098 ACC=0.8336
Epoch 105/120 | TrainLoss=0.3821 (Cls=0.3554, Cont=5.3369) | Val AUC=0.9184 AUPR=0.8855 F1=0.8108 ACC=0.8345
Epoch 106/120 | TrainLoss=0.3788 (Cls=0.3522, Cont=5.3324) | Val AUC=0.9188 AUPR=0.8861 F1=0.8121 ACC=0.8383
Epoch 107/120 | TrainLoss=0.3805 (Cls=0.3537, Cont=5.3554) | Val AUC=0.9191 AUPR=0.8864 F1=0.8113 ACC=0.8372
Epoch 108/120 | TrainLoss=0.3778 (Cls=0.3511, Cont=5.3346) | Val AUC=0.9187 AUPR=0.8857 F1=0.8100 ACC=0.8400
Epoch 109/120 | TrainLoss=0.3777 (Cls=0.3510, Cont=5.3328) | Val AUC=0.9187 AUPR=0.8858 F1=0.8101 ACC=0.8358
Epoch 110/120 | TrainLoss=0.3778 (Cls=0.3512, Cont=5.3343) | Val AUC=0.9192 AUPR=0.8866 F1=0.8110 ACC=0.8400
Epoch 111/120 | TrainLoss=0.3769 (Cls=0.3503, Cont=5.3244) | Val AUC=0.9193 AUPR=0.8867 F1=0.8107 ACC=0.8364
Epoch 112/120 | TrainLoss=0.3764 (Cls=0.3498, Cont=5.3262) | Val AUC=0.9197 AUPR=0.8871 F1=0.8113 ACC=0.8363
Epoch 113/120 | TrainLoss=0.3755 (Cls=0.3488, Cont=5.3304) | Val AUC=0.9198 AUPR=0.8874 F1=0.8111 ACC=0.8347
Epoch 114/120 | TrainLoss=0.3771 (Cls=0.3504, Cont=5.3456) | Val AUC=0.9200 AUPR=0.8878 F1=0.8117 ACC=0.8395
Epoch 115/120 | TrainLoss=0.3739 (Cls=0.3471, Cont=5.3626) | Val AUC=0.9199 AUPR=0.8881 F1=0.8132 ACC=0.8403
Epoch 116/120 | TrainLoss=0.3746 (Cls=0.3479, Cont=5.3402) | Val AUC=0.9201 AUPR=0.8886 F1=0.8133 ACC=0.8404
Epoch 117/120 | TrainLoss=0.3744 (Cls=0.3477, Cont=5.3361) | Val AUC=0.9201 AUPR=0.8887 F1=0.8125 ACC=0.8384
Epoch 118/120 | TrainLoss=0.3737 (Cls=0.3470, Cont=5.3404) | Val AUC=0.9203 AUPR=0.8890 F1=0.8135 ACC=0.8374
Epoch 119/120 | TrainLoss=0.3729 (Cls=0.3462, Cont=5.3331) | Val AUC=0.9207 AUPR=0.8895 F1=0.8138 ACC=0.8412
Epoch 120/120 | TrainLoss=0.3725 (Cls=0.3458, Cont=5.3382) | Val AUC=0.9209 AUPR=0.8898 F1=0.8133 ACC=0.8406
Fold 1 complete | Best Val AUC=0.9209 | Test AUC=0.9211 AUPR=0.8936 F1=0.8129 ACC=0.8417 | FoldTime=306.84s

================================================================================
Fold 2/5 (fold_id=2)
================================================================================
Epoch 001/120 | TrainLoss=0.6939 (Cls=0.6939, Cont=0.0000) | Val AUC=0.5576 AUPR=0.4742 F1=0.5778 ACC=0.4065
Epoch 002/120 | TrainLoss=0.6809 (Cls=0.6809, Cont=0.0000) | Val AUC=0.5757 AUPR=0.4824 F1=0.5789 ACC=0.4117
Epoch 003/120 | TrainLoss=0.6635 (Cls=0.6635, Cont=0.0000) | Val AUC=0.5901 AUPR=0.4883 F1=0.5842 ACC=0.4696
Epoch 004/120 | TrainLoss=0.6559 (Cls=0.6559, Cont=0.0000) | Val AUC=0.5885 AUPR=0.4824 F1=0.5866 ACC=0.4608
Epoch 005/120 | TrainLoss=0.6401 (Cls=0.6401, Cont=0.0000) | Val AUC=0.5871 AUPR=0.4812 F1=0.5859 ACC=0.4636
Epoch 006/120 | TrainLoss=0.6238 (Cls=0.6238, Cont=0.0000) | Val AUC=0.5879 AUPR=0.4809 F1=0.5864 ACC=0.4638
Epoch 007/120 | TrainLoss=0.6033 (Cls=0.6033, Cont=0.0000) | Val AUC=0.5900 AUPR=0.4820 F1=0.5866 ACC=0.4705
Epoch 008/120 | TrainLoss=0.5794 (Cls=0.5794, Cont=0.0000) | Val AUC=0.5911 AUPR=0.4835 F1=0.5874 ACC=0.4691
Epoch 009/120 | TrainLoss=0.5511 (Cls=0.5511, Cont=0.0000) | Val AUC=0.5939 AUPR=0.4878 F1=0.5882 ACC=0.4646
Epoch 010/120 | TrainLoss=0.5263 (Cls=0.5263, Cont=0.0000) | Val AUC=0.5937 AUPR=0.4871 F1=0.5876 ACC=0.4743
Epoch 011/120 | TrainLoss=0.5356 (Cls=0.5029, Cont=6.5360) | Val AUC=0.5936 AUPR=0.4885 F1=0.5883 ACC=0.4619
Epoch 012/120 | TrainLoss=0.5147 (Cls=0.4864, Cont=5.6556) | Val AUC=0.5925 AUPR=0.4861 F1=0.5882 ACC=0.4651
Epoch 013/120 | TrainLoss=0.5127 (Cls=0.4852, Cont=5.4873) | Val AUC=0.5916 AUPR=0.4870 F1=0.5883 ACC=0.4636
Epoch 014/120 | TrainLoss=0.4941 (Cls=0.4669, Cont=5.4504) | Val AUC=0.5883 AUPR=0.4869 F1=0.5875 ACC=0.4622
Epoch 015/120 | TrainLoss=0.4893 (Cls=0.4621, Cont=5.4381) | Val AUC=0.5941 AUPR=0.4945 F1=0.5875 ACC=0.4655
Epoch 016/120 | TrainLoss=0.4742 (Cls=0.4471, Cont=5.4272) | Val AUC=0.5933 AUPR=0.4900 F1=0.5831 ACC=0.4323
Epoch 017/120 | TrainLoss=0.4667 (Cls=0.4396, Cont=5.4261) | Val AUC=0.5929 AUPR=0.4905 F1=0.5809 ACC=0.4243
Epoch 018/120 | TrainLoss=0.4657 (Cls=0.4386, Cont=5.4202) | Val AUC=0.6119 AUPR=0.5098 F1=0.5852 ACC=0.4514
Epoch 019/120 | TrainLoss=0.4631 (Cls=0.4361, Cont=5.4162) | Val AUC=0.6373 AUPR=0.5403 F1=0.5901 ACC=0.4718
Epoch 020/120 | TrainLoss=0.4446 (Cls=0.4175, Cont=5.4082) | Val AUC=0.6544 AUPR=0.5617 F1=0.5986 ACC=0.5244
Epoch 021/120 | TrainLoss=0.4502 (Cls=0.4232, Cont=5.4092) | Val AUC=0.6628 AUPR=0.5723 F1=0.6015 ACC=0.5350
Epoch 022/120 | TrainLoss=0.4448 (Cls=0.4178, Cont=5.4044) | Val AUC=0.6731 AUPR=0.5846 F1=0.6049 ACC=0.5307
Epoch 023/120 | TrainLoss=0.4408 (Cls=0.4138, Cont=5.3937) | Val AUC=0.6884 AUPR=0.6005 F1=0.6135 ACC=0.5370
Epoch 024/120 | TrainLoss=0.4403 (Cls=0.4133, Cont=5.3897) | Val AUC=0.7193 AUPR=0.6353 F1=0.6328 ACC=0.5866
Epoch 025/120 | TrainLoss=0.4331 (Cls=0.4062, Cont=5.3796) | Val AUC=0.7503 AUPR=0.6629 F1=0.6494 ACC=0.6372
Epoch 026/120 | TrainLoss=0.4329 (Cls=0.4060, Cont=5.3734) | Val AUC=0.7639 AUPR=0.6769 F1=0.6579 ACC=0.6679
Epoch 027/120 | TrainLoss=0.4267 (Cls=0.3999, Cont=5.3663) | Val AUC=0.7743 AUPR=0.6894 F1=0.6651 ACC=0.6850
Epoch 028/120 | TrainLoss=0.4282 (Cls=0.4013, Cont=5.3720) | Val AUC=0.7804 AUPR=0.7019 F1=0.6699 ACC=0.6750
Epoch 029/120 | TrainLoss=0.4199 (Cls=0.3930, Cont=5.3769) | Val AUC=0.7934 AUPR=0.7268 F1=0.6773 ACC=0.6848
Epoch 030/120 | TrainLoss=0.4171 (Cls=0.3903, Cont=5.3645) | Val AUC=0.8028 AUPR=0.7416 F1=0.6856 ACC=0.6910
Epoch 031/120 | TrainLoss=0.4244 (Cls=0.3975, Cont=5.3723) | Val AUC=0.8090 AUPR=0.7516 F1=0.6907 ACC=0.7127
Epoch 032/120 | TrainLoss=0.4164 (Cls=0.3896, Cont=5.3607) | Val AUC=0.8193 AUPR=0.7597 F1=0.6992 ACC=0.7119
Epoch 033/120 | TrainLoss=0.4140 (Cls=0.3872, Cont=5.3574) | Val AUC=0.8413 AUPR=0.7835 F1=0.7219 ACC=0.7381
Epoch 034/120 | TrainLoss=0.4163 (Cls=0.3895, Cont=5.3660) | Val AUC=0.8585 AUPR=0.8113 F1=0.7370 ACC=0.7649
Epoch 035/120 | TrainLoss=0.4143 (Cls=0.3874, Cont=5.3611) | Val AUC=0.8672 AUPR=0.8231 F1=0.7462 ACC=0.7835
Epoch 036/120 | TrainLoss=0.4149 (Cls=0.3881, Cont=5.3657) | Val AUC=0.8728 AUPR=0.8294 F1=0.7536 ACC=0.7812
Epoch 037/120 | TrainLoss=0.4117 (Cls=0.3849, Cont=5.3583) | Val AUC=0.8808 AUPR=0.8351 F1=0.7628 ACC=0.7942
Epoch 038/120 | TrainLoss=0.4161 (Cls=0.3893, Cont=5.3643) | Val AUC=0.8886 AUPR=0.8447 F1=0.7746 ACC=0.8030
Epoch 039/120 | TrainLoss=0.4083 (Cls=0.3815, Cont=5.3509) | Val AUC=0.8931 AUPR=0.8520 F1=0.7790 ACC=0.8107
Epoch 040/120 | TrainLoss=0.4069 (Cls=0.3801, Cont=5.3615) | Val AUC=0.8931 AUPR=0.8536 F1=0.7762 ACC=0.8071
Epoch 041/120 | TrainLoss=0.4070 (Cls=0.3801, Cont=5.3610) | Val AUC=0.8938 AUPR=0.8551 F1=0.7753 ACC=0.8075
Epoch 042/120 | TrainLoss=0.4038 (Cls=0.3771, Cont=5.3552) | Val AUC=0.8986 AUPR=0.8603 F1=0.7842 ACC=0.8157
Epoch 043/120 | TrainLoss=0.4037 (Cls=0.3769, Cont=5.3603) | Val AUC=0.9034 AUPR=0.8662 F1=0.7917 ACC=0.8188
Epoch 044/120 | TrainLoss=0.4029 (Cls=0.3761, Cont=5.3474) | Val AUC=0.9065 AUPR=0.8701 F1=0.7970 ACC=0.8305
Epoch 045/120 | TrainLoss=0.4019 (Cls=0.3751, Cont=5.3540) | Val AUC=0.9075 AUPR=0.8713 F1=0.7984 ACC=0.8293
Epoch 046/120 | TrainLoss=0.4025 (Cls=0.3756, Cont=5.3668) | Val AUC=0.9078 AUPR=0.8722 F1=0.7976 ACC=0.8296
Epoch 047/120 | TrainLoss=0.4010 (Cls=0.3742, Cont=5.3586) | Val AUC=0.9080 AUPR=0.8730 F1=0.7964 ACC=0.8269
Epoch 048/120 | TrainLoss=0.3998 (Cls=0.3730, Cont=5.3493) | Val AUC=0.9085 AUPR=0.8737 F1=0.7965 ACC=0.8207
Epoch 049/120 | TrainLoss=0.3977 (Cls=0.3710, Cont=5.3408) | Val AUC=0.9088 AUPR=0.8740 F1=0.7977 ACC=0.8240
Epoch 050/120 | TrainLoss=0.3984 (Cls=0.3716, Cont=5.3598) | Val AUC=0.9090 AUPR=0.8745 F1=0.7971 ACC=0.8266
Epoch 051/120 | TrainLoss=0.3986 (Cls=0.3719, Cont=5.3425) | Val AUC=0.9104 AUPR=0.8758 F1=0.8008 ACC=0.8279
Epoch 052/120 | TrainLoss=0.3987 (Cls=0.3719, Cont=5.3629) | Val AUC=0.9110 AUPR=0.8771 F1=0.8013 ACC=0.8308
Epoch 053/120 | TrainLoss=0.3965 (Cls=0.3698, Cont=5.3441) | Val AUC=0.9115 AUPR=0.8778 F1=0.7997 ACC=0.8289
Epoch 054/120 | TrainLoss=0.3939 (Cls=0.3671, Cont=5.3521) | Val AUC=0.9115 AUPR=0.8778 F1=0.7982 ACC=0.8275
Epoch 055/120 | TrainLoss=0.3964 (Cls=0.3698, Cont=5.3364) | Val AUC=0.9120 AUPR=0.8783 F1=0.7985 ACC=0.8185
Epoch 056/120 | TrainLoss=0.3932 (Cls=0.3665, Cont=5.3464) | Val AUC=0.9118 AUPR=0.8778 F1=0.7993 ACC=0.8304
Epoch 057/120 | TrainLoss=0.3948 (Cls=0.3680, Cont=5.3522) | Val AUC=0.9115 AUPR=0.8770 F1=0.7996 ACC=0.8268
Epoch 058/120 | TrainLoss=0.3938 (Cls=0.3672, Cont=5.3371) | Val AUC=0.9115 AUPR=0.8771 F1=0.7991 ACC=0.8235
Epoch 059/120 | TrainLoss=0.3925 (Cls=0.3658, Cont=5.3396) | Val AUC=0.9118 AUPR=0.8776 F1=0.7991 ACC=0.8270
Epoch 060/120 | TrainLoss=0.3951 (Cls=0.3684, Cont=5.3411) | Val AUC=0.9114 AUPR=0.8775 F1=0.7993 ACC=0.8317
Epoch 061/120 | TrainLoss=0.3908 (Cls=0.3641, Cont=5.3405) | Val AUC=0.9111 AUPR=0.8771 F1=0.7978 ACC=0.8276
Epoch 062/120 | TrainLoss=0.3944 (Cls=0.3676, Cont=5.3465) | Val AUC=0.9119 AUPR=0.8781 F1=0.7993 ACC=0.8250
Epoch 063/120 | TrainLoss=0.3948 (Cls=0.3680, Cont=5.3598) | Val AUC=0.9127 AUPR=0.8792 F1=0.8006 ACC=0.8295
Epoch 064/120 | TrainLoss=0.3910 (Cls=0.3642, Cont=5.3479) | Val AUC=0.9119 AUPR=0.8784 F1=0.8005 ACC=0.8270
Epoch 065/120 | TrainLoss=0.3916 (Cls=0.3648, Cont=5.3531) | Val AUC=0.9115 AUPR=0.8776 F1=0.7988 ACC=0.8268
Epoch 066/120 | TrainLoss=0.3898 (Cls=0.3630, Cont=5.3536) | Val AUC=0.9113 AUPR=0.8773 F1=0.7967 ACC=0.8287
Epoch 067/120 | TrainLoss=0.3925 (Cls=0.3658, Cont=5.3462) | Val AUC=0.9124 AUPR=0.8785 F1=0.7993 ACC=0.8331
Epoch 068/120 | TrainLoss=0.3892 (Cls=0.3624, Cont=5.3417) | Val AUC=0.9131 AUPR=0.8793 F1=0.8011 ACC=0.8270
Epoch 069/120 | TrainLoss=0.3909 (Cls=0.3641, Cont=5.3549) | Val AUC=0.9137 AUPR=0.8803 F1=0.8026 ACC=0.8332
Epoch 070/120 | TrainLoss=0.3911 (Cls=0.3644, Cont=5.3357) | Val AUC=0.9136 AUPR=0.8803 F1=0.8026 ACC=0.8329
Epoch 071/120 | TrainLoss=0.3894 (Cls=0.3627, Cont=5.3475) | Val AUC=0.9130 AUPR=0.8798 F1=0.8021 ACC=0.8272
Epoch 072/120 | TrainLoss=0.3902 (Cls=0.3635, Cont=5.3514) | Val AUC=0.9132 AUPR=0.8796 F1=0.8032 ACC=0.8318
Epoch 073/120 | TrainLoss=0.3866 (Cls=0.3598, Cont=5.3548) | Val AUC=0.9135 AUPR=0.8799 F1=0.8031 ACC=0.8344
Epoch 074/120 | TrainLoss=0.3904 (Cls=0.3636, Cont=5.3438) | Val AUC=0.9138 AUPR=0.8801 F1=0.8035 ACC=0.8322
Epoch 075/120 | TrainLoss=0.3860 (Cls=0.3594, Cont=5.3340) | Val AUC=0.9138 AUPR=0.8801 F1=0.8025 ACC=0.8321
Epoch 076/120 | TrainLoss=0.3879 (Cls=0.3612, Cont=5.3400) | Val AUC=0.9143 AUPR=0.8814 F1=0.8036 ACC=0.8342
Epoch 077/120 | TrainLoss=0.3876 (Cls=0.3608, Cont=5.3509) | Val AUC=0.9144 AUPR=0.8818 F1=0.8029 ACC=0.8332
Epoch 078/120 | TrainLoss=0.3869 (Cls=0.3602, Cont=5.3347) | Val AUC=0.9147 AUPR=0.8822 F1=0.8026 ACC=0.8346
Epoch 079/120 | TrainLoss=0.3865 (Cls=0.3598, Cont=5.3445) | Val AUC=0.9144 AUPR=0.8818 F1=0.8022 ACC=0.8247
Epoch 080/120 | TrainLoss=0.3861 (Cls=0.3594, Cont=5.3472) | Val AUC=0.9141 AUPR=0.8812 F1=0.8020 ACC=0.8259
Epoch 081/120 | TrainLoss=0.3855 (Cls=0.3588, Cont=5.3429) | Val AUC=0.9143 AUPR=0.8816 F1=0.8018 ACC=0.8262
Epoch 082/120 | TrainLoss=0.3846 (Cls=0.3579, Cont=5.3474) | Val AUC=0.9146 AUPR=0.8821 F1=0.8025 ACC=0.8272
Epoch 083/120 | TrainLoss=0.3843 (Cls=0.3576, Cont=5.3377) | Val AUC=0.9150 AUPR=0.8828 F1=0.8036 ACC=0.8291
Epoch 084/120 | TrainLoss=0.3833 (Cls=0.3567, Cont=5.3370) | Val AUC=0.9153 AUPR=0.8835 F1=0.8048 ACC=0.8318
Epoch 085/120 | TrainLoss=0.3836 (Cls=0.3569, Cont=5.3522) | Val AUC=0.9156 AUPR=0.8837 F1=0.8053 ACC=0.8320
Epoch 086/120 | TrainLoss=0.3830 (Cls=0.3562, Cont=5.3534) | Val AUC=0.9155 AUPR=0.8831 F1=0.8039 ACC=0.8292
Epoch 087/120 | TrainLoss=0.3827 (Cls=0.3560, Cont=5.3524) | Val AUC=0.9153 AUPR=0.8827 F1=0.8041 ACC=0.8327
Epoch 088/120 | TrainLoss=0.3814 (Cls=0.3547, Cont=5.3376) | Val AUC=0.9146 AUPR=0.8817 F1=0.8047 ACC=0.8329
Epoch 089/120 | TrainLoss=0.3822 (Cls=0.3554, Cont=5.3504) | Val AUC=0.9144 AUPR=0.8815 F1=0.8058 ACC=0.8330
Epoch 090/120 | TrainLoss=0.3815 (Cls=0.3547, Cont=5.3561) | Val AUC=0.9149 AUPR=0.8825 F1=0.8053 ACC=0.8328
Epoch 091/120 | TrainLoss=0.3819 (Cls=0.3552, Cont=5.3523) | Val AUC=0.9154 AUPR=0.8834 F1=0.8052 ACC=0.8308
Epoch 092/120 | TrainLoss=0.3815 (Cls=0.3548, Cont=5.3395) | Val AUC=0.9158 AUPR=0.8839 F1=0.8027 ACC=0.8286
Epoch 093/120 | TrainLoss=0.3807 (Cls=0.3540, Cont=5.3375) | Val AUC=0.9163 AUPR=0.8845 F1=0.8035 ACC=0.8277
Epoch 094/120 | TrainLoss=0.3804 (Cls=0.3537, Cont=5.3503) | Val AUC=0.9167 AUPR=0.8852 F1=0.8045 ACC=0.8309
Epoch 095/120 | TrainLoss=0.3807 (Cls=0.3540, Cont=5.3462) | Val AUC=0.9166 AUPR=0.8852 F1=0.8052 ACC=0.8336
Epoch 096/120 | TrainLoss=0.3814 (Cls=0.3547, Cont=5.3508) | Val AUC=0.9169 AUPR=0.8858 F1=0.8040 ACC=0.8299
Epoch 097/120 | TrainLoss=0.3803 (Cls=0.3536, Cont=5.3467) | Val AUC=0.9173 AUPR=0.8864 F1=0.8047 ACC=0.8288
Epoch 098/120 | TrainLoss=0.3787 (Cls=0.3521, Cont=5.3314) | Val AUC=0.9169 AUPR=0.8857 F1=0.8043 ACC=0.8288
Epoch 099/120 | TrainLoss=0.3782 (Cls=0.3516, Cont=5.3353) | Val AUC=0.9160 AUPR=0.8844 F1=0.8045 ACC=0.8300
Epoch 100/120 | TrainLoss=0.3809 (Cls=0.3541, Cont=5.3553) | Val AUC=0.9167 AUPR=0.8854 F1=0.8064 ACC=0.8320
Epoch 101/120 | TrainLoss=0.3793 (Cls=0.3526, Cont=5.3255) | Val AUC=0.9180 AUPR=0.8872 F1=0.8072 ACC=0.8334
Epoch 102/120 | TrainLoss=0.3805 (Cls=0.3537, Cont=5.3473) | Val AUC=0.9187 AUPR=0.8890 F1=0.8068 ACC=0.8339
Epoch 103/120 | TrainLoss=0.3782 (Cls=0.3515, Cont=5.3368) | Val AUC=0.9186 AUPR=0.8891 F1=0.8069 ACC=0.8328
Epoch 104/120 | TrainLoss=0.3777 (Cls=0.3510, Cont=5.3339) | Val AUC=0.9185 AUPR=0.8888 F1=0.8075 ACC=0.8353
Epoch 105/120 | TrainLoss=0.3781 (Cls=0.3514, Cont=5.3371) | Val AUC=0.9189 AUPR=0.8895 F1=0.8080 ACC=0.8391
Epoch 106/120 | TrainLoss=0.3773 (Cls=0.3507, Cont=5.3351) | Val AUC=0.9194 AUPR=0.8906 F1=0.8078 ACC=0.8395
Epoch 107/120 | TrainLoss=0.3756 (Cls=0.3489, Cont=5.3446) | Val AUC=0.9194 AUPR=0.8906 F1=0.8064 ACC=0.8328
Epoch 108/120 | TrainLoss=0.3774 (Cls=0.3508, Cont=5.3272) | Val AUC=0.9187 AUPR=0.8891 F1=0.8063 ACC=0.8326
Epoch 109/120 | TrainLoss=0.3736 (Cls=0.3469, Cont=5.3351) | Val AUC=0.9184 AUPR=0.8880 F1=0.8060 ACC=0.8355
Epoch 110/120 | TrainLoss=0.3753 (Cls=0.3487, Cont=5.3239) | Val AUC=0.9187 AUPR=0.8886 F1=0.8060 ACC=0.8310
Epoch 111/120 | TrainLoss=0.3755 (Cls=0.3487, Cont=5.3503) | Val AUC=0.9194 AUPR=0.8900 F1=0.8068 ACC=0.8304
Epoch 112/120 | TrainLoss=0.3749 (Cls=0.3481, Cont=5.3432) | Val AUC=0.9198 AUPR=0.8909 F1=0.8058 ACC=0.8305
Epoch 113/120 | TrainLoss=0.3743 (Cls=0.3476, Cont=5.3270) | Val AUC=0.9197 AUPR=0.8907 F1=0.8077 ACC=0.8321
Epoch 114/120 | TrainLoss=0.3756 (Cls=0.3490, Cont=5.3318) | Val AUC=0.9196 AUPR=0.8902 F1=0.8078 ACC=0.8319
Epoch 115/120 | TrainLoss=0.3730 (Cls=0.3463, Cont=5.3375) | Val AUC=0.9199 AUPR=0.8910 F1=0.8086 ACC=0.8318
Epoch 116/120 | TrainLoss=0.3727 (Cls=0.3460, Cont=5.3284) | Val AUC=0.9200 AUPR=0.8914 F1=0.8090 ACC=0.8327
Epoch 117/120 | TrainLoss=0.3735 (Cls=0.3469, Cont=5.3327) | Val AUC=0.9202 AUPR=0.8919 F1=0.8089 ACC=0.8374
Epoch 118/120 | TrainLoss=0.3733 (Cls=0.3466, Cont=5.3319) | Val AUC=0.9204 AUPR=0.8921 F1=0.8091 ACC=0.8389
Epoch 119/120 | TrainLoss=0.3707 (Cls=0.3440, Cont=5.3390) | Val AUC=0.9202 AUPR=0.8918 F1=0.8100 ACC=0.8356
Epoch 120/120 | TrainLoss=0.3720 (Cls=0.3453, Cont=5.3403) | Val AUC=0.9199 AUPR=0.8912 F1=0.8092 ACC=0.8342
Fold 2 complete | Best Val AUC=0.9204 | Test AUC=0.9206 AUPR=0.8893 F1=0.8090 ACC=0.8360 | FoldTime=309.15s

================================================================================
Fold 3/5 (fold_id=3)
================================================================================
Epoch 001/120 | TrainLoss=0.7091 (Cls=0.7091, Cont=0.0000) | Val AUC=0.5265 AUPR=0.4335 F1=0.5788 ACC=0.4080
Epoch 002/120 | TrainLoss=0.6719 (Cls=0.6719, Cont=0.0000) | Val AUC=0.5398 AUPR=0.4494 F1=0.5791 ACC=0.4084
Epoch 003/120 | TrainLoss=0.6643 (Cls=0.6643, Cont=0.0000) | Val AUC=0.5546 AUPR=0.4610 F1=0.5785 ACC=0.4073
Epoch 004/120 | TrainLoss=0.6535 (Cls=0.6535, Cont=0.0000) | Val AUC=0.5712 AUPR=0.4703 F1=0.5795 ACC=0.4175
Epoch 005/120 | TrainLoss=0.6353 (Cls=0.6353, Cont=0.0000) | Val AUC=0.5778 AUPR=0.4729 F1=0.5804 ACC=0.4137
Epoch 006/120 | TrainLoss=0.6140 (Cls=0.6140, Cont=0.0000) | Val AUC=0.5769 AUPR=0.4709 F1=0.5816 ACC=0.4713
Epoch 007/120 | TrainLoss=0.5897 (Cls=0.5897, Cont=0.0000) | Val AUC=0.5802 AUPR=0.4733 F1=0.5832 ACC=0.4613
Epoch 008/120 | TrainLoss=0.5653 (Cls=0.5653, Cont=0.0000) | Val AUC=0.5834 AUPR=0.4760 F1=0.5844 ACC=0.4350
Epoch 009/120 | TrainLoss=0.5439 (Cls=0.5439, Cont=0.0000) | Val AUC=0.5836 AUPR=0.4757 F1=0.5846 ACC=0.4420
Epoch 010/120 | TrainLoss=0.5169 (Cls=0.5169, Cont=0.0000) | Val AUC=0.5886 AUPR=0.4813 F1=0.5858 ACC=0.4465
Epoch 011/120 | TrainLoss=0.5328 (Cls=0.5002, Cont=6.5259) | Val AUC=0.5844 AUPR=0.4761 F1=0.5850 ACC=0.4408
Epoch 012/120 | TrainLoss=0.5070 (Cls=0.4791, Cont=5.5792) | Val AUC=0.5894 AUPR=0.4807 F1=0.5872 ACC=0.4537
Epoch 013/120 | TrainLoss=0.5030 (Cls=0.4755, Cont=5.4834) | Val AUC=0.6164 AUPR=0.5090 F1=0.5896 ACC=0.4746
Epoch 014/120 | TrainLoss=0.4799 (Cls=0.4527, Cont=5.4456) | Val AUC=0.6281 AUPR=0.5176 F1=0.5932 ACC=0.5048
Epoch 015/120 | TrainLoss=0.4697 (Cls=0.4425, Cont=5.4378) | Val AUC=0.6440 AUPR=0.5303 F1=0.5967 ACC=0.5478
Epoch 016/120 | TrainLoss=0.4704 (Cls=0.4432, Cont=5.4356) | Val AUC=0.6453 AUPR=0.5373 F1=0.5960 ACC=0.5146
Epoch 017/120 | TrainLoss=0.4926 (Cls=0.4655, Cont=5.4197) | Val AUC=0.6513 AUPR=0.5383 F1=0.5991 ACC=0.5296
Epoch 018/120 | TrainLoss=0.4610 (Cls=0.4339, Cont=5.4176) | Val AUC=0.6564 AUPR=0.5431 F1=0.6016 ACC=0.5417
Epoch 019/120 | TrainLoss=0.4543 (Cls=0.4273, Cont=5.4097) | Val AUC=0.6499 AUPR=0.5507 F1=0.5973 ACC=0.5340
Epoch 020/120 | TrainLoss=0.4647 (Cls=0.4377, Cont=5.4080) | Val AUC=0.6696 AUPR=0.5714 F1=0.6058 ACC=0.5654
Epoch 021/120 | TrainLoss=0.4608 (Cls=0.4338, Cont=5.4035) | Val AUC=0.6864 AUPR=0.5895 F1=0.6141 ACC=0.5840
Epoch 022/120 | TrainLoss=0.4496 (Cls=0.4226, Cont=5.3917) | Val AUC=0.7136 AUPR=0.6225 F1=0.6299 ACC=0.6206
Epoch 023/120 | TrainLoss=0.4474 (Cls=0.4205, Cont=5.3865) | Val AUC=0.7271 AUPR=0.6445 F1=0.6354 ACC=0.6097
Epoch 024/120 | TrainLoss=0.4423 (Cls=0.4154, Cont=5.3853) | Val AUC=0.7227 AUPR=0.6460 F1=0.6290 ACC=0.6144
Epoch 025/120 | TrainLoss=0.4358 (Cls=0.4089, Cont=5.3681) | Val AUC=0.7332 AUPR=0.6522 F1=0.6375 ACC=0.6139
Epoch 026/120 | TrainLoss=0.4367 (Cls=0.4099, Cont=5.3594) | Val AUC=0.7626 AUPR=0.6754 F1=0.6613 ACC=0.6703
Epoch 027/120 | TrainLoss=0.4339 (Cls=0.4070, Cont=5.3796) | Val AUC=0.7733 AUPR=0.6895 F1=0.6678 ACC=0.6720
Epoch 028/120 | TrainLoss=0.4269 (Cls=0.4001, Cont=5.3720) | Val AUC=0.7763 AUPR=0.7021 F1=0.6717 ACC=0.6808
Epoch 029/120 | TrainLoss=0.4267 (Cls=0.3999, Cont=5.3596) | Val AUC=0.7834 AUPR=0.7143 F1=0.6724 ACC=0.6963
Epoch 030/120 | TrainLoss=0.4293 (Cls=0.4024, Cont=5.3696) | Val AUC=0.7996 AUPR=0.7315 F1=0.6833 ACC=0.7108
Epoch 031/120 | TrainLoss=0.4232 (Cls=0.3963, Cont=5.3811) | Val AUC=0.8349 AUPR=0.7665 F1=0.7201 ACC=0.7564
Epoch 032/120 | TrainLoss=0.4230 (Cls=0.3961, Cont=5.3695) | Val AUC=0.8497 AUPR=0.7835 F1=0.7388 ACC=0.7673
Epoch 033/120 | TrainLoss=0.4219 (Cls=0.3951, Cont=5.3613) | Val AUC=0.8578 AUPR=0.7977 F1=0.7468 ACC=0.7793
Epoch 034/120 | TrainLoss=0.4217 (Cls=0.3950, Cont=5.3536) | Val AUC=0.8639 AUPR=0.8058 F1=0.7502 ACC=0.7868
Epoch 035/120 | TrainLoss=0.4196 (Cls=0.3928, Cont=5.3590) | Val AUC=0.8785 AUPR=0.8207 F1=0.7691 ACC=0.7983
Epoch 036/120 | TrainLoss=0.4176 (Cls=0.3907, Cont=5.3637) | Val AUC=0.8853 AUPR=0.8305 F1=0.7767 ACC=0.8090
Epoch 037/120 | TrainLoss=0.4149 (Cls=0.3882, Cont=5.3521) | Val AUC=0.8888 AUPR=0.8379 F1=0.7790 ACC=0.8065
Epoch 038/120 | TrainLoss=0.4130 (Cls=0.3861, Cont=5.3661) | Val AUC=0.8925 AUPR=0.8455 F1=0.7809 ACC=0.8082
Epoch 039/120 | TrainLoss=0.4097 (Cls=0.3829, Cont=5.3640) | Val AUC=0.8970 AUPR=0.8524 F1=0.7865 ACC=0.8165
Epoch 040/120 | TrainLoss=0.4103 (Cls=0.3835, Cont=5.3624) | Val AUC=0.8972 AUPR=0.8529 F1=0.7875 ACC=0.8142
Epoch 041/120 | TrainLoss=0.4123 (Cls=0.3855, Cont=5.3584) | Val AUC=0.8988 AUPR=0.8556 F1=0.7901 ACC=0.8162
Epoch 042/120 | TrainLoss=0.4093 (Cls=0.3826, Cont=5.3525) | Val AUC=0.9026 AUPR=0.8604 F1=0.7939 ACC=0.8221
Epoch 043/120 | TrainLoss=0.4078 (Cls=0.3811, Cont=5.3500) | Val AUC=0.9044 AUPR=0.8622 F1=0.7972 ACC=0.8257
Epoch 044/120 | TrainLoss=0.4074 (Cls=0.3806, Cont=5.3565) | Val AUC=0.9067 AUPR=0.8664 F1=0.7995 ACC=0.8257
Epoch 045/120 | TrainLoss=0.4046 (Cls=0.3778, Cont=5.3569) | Val AUC=0.9076 AUPR=0.8679 F1=0.8003 ACC=0.8282
Epoch 046/120 | TrainLoss=0.4045 (Cls=0.3778, Cont=5.3498) | Val AUC=0.9056 AUPR=0.8658 F1=0.7968 ACC=0.8242
Epoch 047/120 | TrainLoss=0.4048 (Cls=0.3779, Cont=5.3626) | Val AUC=0.9077 AUPR=0.8694 F1=0.8011 ACC=0.8280
Epoch 048/120 | TrainLoss=0.4024 (Cls=0.3757, Cont=5.3479) | Val AUC=0.9092 AUPR=0.8713 F1=0.8027 ACC=0.8257
Epoch 049/120 | TrainLoss=0.4023 (Cls=0.3756, Cont=5.3496) | Val AUC=0.9090 AUPR=0.8715 F1=0.8000 ACC=0.8246
Epoch 050/120 | TrainLoss=0.4020 (Cls=0.3751, Cont=5.3687) | Val AUC=0.9099 AUPR=0.8723 F1=0.8004 ACC=0.8255
Epoch 051/120 | TrainLoss=0.4000 (Cls=0.3732, Cont=5.3627) | Val AUC=0.9120 AUPR=0.8743 F1=0.8031 ACC=0.8306
Epoch 052/120 | TrainLoss=0.4000 (Cls=0.3732, Cont=5.3467) | Val AUC=0.9128 AUPR=0.8750 F1=0.8038 ACC=0.8261
Epoch 053/120 | TrainLoss=0.4005 (Cls=0.3737, Cont=5.3477) | Val AUC=0.9123 AUPR=0.8751 F1=0.8045 ACC=0.8306
Epoch 054/120 | TrainLoss=0.4025 (Cls=0.3757, Cont=5.3588) | Val AUC=0.9117 AUPR=0.8749 F1=0.8016 ACC=0.8269
Epoch 055/120 | TrainLoss=0.3978 (Cls=0.3711, Cont=5.3500) | Val AUC=0.9106 AUPR=0.8733 F1=0.8003 ACC=0.8252
Epoch 056/120 | TrainLoss=0.3983 (Cls=0.3715, Cont=5.3554) | Val AUC=0.9100 AUPR=0.8720 F1=0.8005 ACC=0.8252
Epoch 057/120 | TrainLoss=0.3972 (Cls=0.3704, Cont=5.3631) | Val AUC=0.9103 AUPR=0.8720 F1=0.8014 ACC=0.8287
Epoch 058/120 | TrainLoss=0.3969 (Cls=0.3702, Cont=5.3569) | Val AUC=0.9119 AUPR=0.8745 F1=0.8053 ACC=0.8348
Epoch 059/120 | TrainLoss=0.3962 (Cls=0.3695, Cont=5.3399) | Val AUC=0.9130 AUPR=0.8765 F1=0.8052 ACC=0.8335
Epoch 060/120 | TrainLoss=0.3947 (Cls=0.3680, Cont=5.3390) | Val AUC=0.9126 AUPR=0.8763 F1=0.8048 ACC=0.8332
Epoch 061/120 | TrainLoss=0.3938 (Cls=0.3670, Cont=5.3452) | Val AUC=0.9118 AUPR=0.8755 F1=0.8037 ACC=0.8307
Epoch 062/120 | TrainLoss=0.3950 (Cls=0.3683, Cont=5.3441) | Val AUC=0.9136 AUPR=0.8776 F1=0.8066 ACC=0.8336
Epoch 063/120 | TrainLoss=0.3933 (Cls=0.3667, Cont=5.3347) | Val AUC=0.9145 AUPR=0.8784 F1=0.8091 ACC=0.8348
Epoch 064/120 | TrainLoss=0.3950 (Cls=0.3683, Cont=5.3536) | Val AUC=0.9139 AUPR=0.8778 F1=0.8068 ACC=0.8338
Epoch 065/120 | TrainLoss=0.3909 (Cls=0.3641, Cont=5.3545) | Val AUC=0.9137 AUPR=0.8781 F1=0.8064 ACC=0.8331
Epoch 066/120 | TrainLoss=0.3912 (Cls=0.3645, Cont=5.3459) | Val AUC=0.9136 AUPR=0.8784 F1=0.8040 ACC=0.8318
Epoch 067/120 | TrainLoss=0.3908 (Cls=0.3641, Cont=5.3557) | Val AUC=0.9133 AUPR=0.8781 F1=0.8035 ACC=0.8258
Epoch 068/120 | TrainLoss=0.3915 (Cls=0.3648, Cont=5.3499) | Val AUC=0.9124 AUPR=0.8769 F1=0.8006 ACC=0.8292
Epoch 069/120 | TrainLoss=0.3918 (Cls=0.3650, Cont=5.3618) | Val AUC=0.9136 AUPR=0.8780 F1=0.8030 ACC=0.8257
Epoch 070/120 | TrainLoss=0.3923 (Cls=0.3656, Cont=5.3494) | Val AUC=0.9155 AUPR=0.8802 F1=0.8056 ACC=0.8300
Epoch 071/120 | TrainLoss=0.3899 (Cls=0.3631, Cont=5.3475) | Val AUC=0.9158 AUPR=0.8809 F1=0.8062 ACC=0.8320
Epoch 072/120 | TrainLoss=0.3890 (Cls=0.3622, Cont=5.3471) | Val AUC=0.9156 AUPR=0.8808 F1=0.8070 ACC=0.8351
Epoch 073/120 | TrainLoss=0.3892 (Cls=0.3624, Cont=5.3528) | Val AUC=0.9156 AUPR=0.8806 F1=0.8078 ACC=0.8406
Epoch 074/120 | TrainLoss=0.3886 (Cls=0.3619, Cont=5.3357) | Val AUC=0.9154 AUPR=0.8803 F1=0.8065 ACC=0.8358
Epoch 075/120 | TrainLoss=0.3884 (Cls=0.3617, Cont=5.3443) | Val AUC=0.9158 AUPR=0.8808 F1=0.8081 ACC=0.8370
Epoch 076/120 | TrainLoss=0.3895 (Cls=0.3627, Cont=5.3548) | Val AUC=0.9160 AUPR=0.8812 F1=0.8091 ACC=0.8390
Epoch 077/120 | TrainLoss=0.3881 (Cls=0.3614, Cont=5.3387) | Val AUC=0.9159 AUPR=0.8812 F1=0.8084 ACC=0.8365
Epoch 078/120 | TrainLoss=0.3866 (Cls=0.3598, Cont=5.3430) | Val AUC=0.9159 AUPR=0.8811 F1=0.8070 ACC=0.8369
Epoch 079/120 | TrainLoss=0.3865 (Cls=0.3597, Cont=5.3514) | Val AUC=0.9144 AUPR=0.8793 F1=0.8045 ACC=0.8328
Epoch 080/120 | TrainLoss=0.3878 (Cls=0.3611, Cont=5.3387) | Val AUC=0.9145 AUPR=0.8798 F1=0.8034 ACC=0.8302
Epoch 081/120 | TrainLoss=0.3874 (Cls=0.3606, Cont=5.3511) | Val AUC=0.9152 AUPR=0.8807 F1=0.8050 ACC=0.8318
Epoch 082/120 | TrainLoss=0.3846 (Cls=0.3579, Cont=5.3427) | Val AUC=0.9152 AUPR=0.8804 F1=0.8051 ACC=0.8300
Epoch 083/120 | TrainLoss=0.3853 (Cls=0.3585, Cont=5.3570) | Val AUC=0.9151 AUPR=0.8803 F1=0.8058 ACC=0.8332
Epoch 084/120 | TrainLoss=0.3857 (Cls=0.3589, Cont=5.3444) | Val AUC=0.9147 AUPR=0.8801 F1=0.8078 ACC=0.8375
Epoch 085/120 | TrainLoss=0.3857 (Cls=0.3590, Cont=5.3425) | Val AUC=0.9160 AUPR=0.8821 F1=0.8079 ACC=0.8305
Epoch 086/120 | TrainLoss=0.3856 (Cls=0.3589, Cont=5.3553) | Val AUC=0.9167 AUPR=0.8832 F1=0.8082 ACC=0.8357
Epoch 087/120 | TrainLoss=0.3870 (Cls=0.3602, Cont=5.3539) | Val AUC=0.9166 AUPR=0.8829 F1=0.8116 ACC=0.8375
Epoch 088/120 | TrainLoss=0.3872 (Cls=0.3605, Cont=5.3382) | Val AUC=0.9170 AUPR=0.8833 F1=0.8113 ACC=0.8418
Epoch 089/120 | TrainLoss=0.3856 (Cls=0.3589, Cont=5.3452) | Val AUC=0.9175 AUPR=0.8836 F1=0.8111 ACC=0.8358
Epoch 090/120 | TrainLoss=0.3853 (Cls=0.3585, Cont=5.3540) | Val AUC=0.9176 AUPR=0.8833 F1=0.8114 ACC=0.8402
Epoch 091/120 | TrainLoss=0.3831 (Cls=0.3564, Cont=5.3344) | Val AUC=0.9171 AUPR=0.8826 F1=0.8115 ACC=0.8408
Epoch 092/120 | TrainLoss=0.3835 (Cls=0.3568, Cont=5.3508) | Val AUC=0.9167 AUPR=0.8823 F1=0.8106 ACC=0.8374
Epoch 093/120 | TrainLoss=0.3835 (Cls=0.3568, Cont=5.3370) | Val AUC=0.9174 AUPR=0.8839 F1=0.8115 ACC=0.8380
Epoch 094/120 | TrainLoss=0.3828 (Cls=0.3561, Cont=5.3422) | Val AUC=0.9177 AUPR=0.8846 F1=0.8098 ACC=0.8399
Epoch 095/120 | TrainLoss=0.3834 (Cls=0.3568, Cont=5.3327) | Val AUC=0.9174 AUPR=0.8843 F1=0.8113 ACC=0.8378
Epoch 096/120 | TrainLoss=0.3834 (Cls=0.3566, Cont=5.3476) | Val AUC=0.9177 AUPR=0.8847 F1=0.8121 ACC=0.8378
Epoch 097/120 | TrainLoss=0.3843 (Cls=0.3576, Cont=5.3386) | Val AUC=0.9182 AUPR=0.8854 F1=0.8097 ACC=0.8387
Epoch 098/120 | TrainLoss=0.3820 (Cls=0.3553, Cont=5.3381) | Val AUC=0.9177 AUPR=0.8840 F1=0.8094 ACC=0.8370
Epoch 099/120 | TrainLoss=0.3821 (Cls=0.3554, Cont=5.3380) | Val AUC=0.9182 AUPR=0.8853 F1=0.8117 ACC=0.8406
Epoch 100/120 | TrainLoss=0.3808 (Cls=0.3542, Cont=5.3340) | Val AUC=0.9183 AUPR=0.8856 F1=0.8114 ACC=0.8386
Epoch 101/120 | TrainLoss=0.3813 (Cls=0.3546, Cont=5.3488) | Val AUC=0.9180 AUPR=0.8843 F1=0.8133 ACC=0.8405
Epoch 102/120 | TrainLoss=0.3803 (Cls=0.3535, Cont=5.3437) | Val AUC=0.9180 AUPR=0.8840 F1=0.8135 ACC=0.8406
Epoch 103/120 | TrainLoss=0.3795 (Cls=0.3528, Cont=5.3397) | Val AUC=0.9182 AUPR=0.8843 F1=0.8132 ACC=0.8385
Epoch 104/120 | TrainLoss=0.3795 (Cls=0.3527, Cont=5.3593) | Val AUC=0.9184 AUPR=0.8849 F1=0.8136 ACC=0.8418
Epoch 105/120 | TrainLoss=0.3801 (Cls=0.3533, Cont=5.3534) | Val AUC=0.9184 AUPR=0.8848 F1=0.8132 ACC=0.8395
Epoch 106/120 | TrainLoss=0.3797 (Cls=0.3530, Cont=5.3491) | Val AUC=0.9185 AUPR=0.8851 F1=0.8119 ACC=0.8399
Epoch 107/120 | TrainLoss=0.3784 (Cls=0.3518, Cont=5.3205) | Val AUC=0.9185 AUPR=0.8855 F1=0.8108 ACC=0.8385
Epoch 108/120 | TrainLoss=0.3788 (Cls=0.3521, Cont=5.3463) | Val AUC=0.9183 AUPR=0.8854 F1=0.8109 ACC=0.8369
Epoch 109/120 | TrainLoss=0.3777 (Cls=0.3511, Cont=5.3254) | Val AUC=0.9189 AUPR=0.8863 F1=0.8125 ACC=0.8377
Epoch 110/120 | TrainLoss=0.3775 (Cls=0.3508, Cont=5.3324) | Val AUC=0.9189 AUPR=0.8861 F1=0.8126 ACC=0.8392
Epoch 111/120 | TrainLoss=0.3779 (Cls=0.3511, Cont=5.3549) | Val AUC=0.9188 AUPR=0.8858 F1=0.8134 ACC=0.8413
Epoch 112/120 | TrainLoss=0.3770 (Cls=0.3502, Cont=5.3511) | Val AUC=0.9189 AUPR=0.8861 F1=0.8116 ACC=0.8430
Epoch 113/120 | TrainLoss=0.3769 (Cls=0.3502, Cont=5.3527) | Val AUC=0.9194 AUPR=0.8866 F1=0.8134 ACC=0.8428
Epoch 114/120 | TrainLoss=0.3774 (Cls=0.3507, Cont=5.3391) | Val AUC=0.9197 AUPR=0.8868 F1=0.8140 ACC=0.8420
Epoch 115/120 | TrainLoss=0.3761 (Cls=0.3495, Cont=5.3276) | Val AUC=0.9204 AUPR=0.8877 F1=0.8145 ACC=0.8439
Epoch 116/120 | TrainLoss=0.3773 (Cls=0.3506, Cont=5.3453) | Val AUC=0.9203 AUPR=0.8878 F1=0.8141 ACC=0.8448
Epoch 117/120 | TrainLoss=0.3757 (Cls=0.3490, Cont=5.3476) | Val AUC=0.9203 AUPR=0.8881 F1=0.8142 ACC=0.8440
Epoch 118/120 | TrainLoss=0.3753 (Cls=0.3486, Cont=5.3402) | Val AUC=0.9200 AUPR=0.8874 F1=0.8148 ACC=0.8412
Epoch 119/120 | TrainLoss=0.3761 (Cls=0.3495, Cont=5.3383) | Val AUC=0.9204 AUPR=0.8882 F1=0.8140 ACC=0.8386
Epoch 120/120 | TrainLoss=0.3739 (Cls=0.3471, Cont=5.3454) | Val AUC=0.9206 AUPR=0.8881 F1=0.8152 ACC=0.8405
Fold 3 complete | Best Val AUC=0.9206 | Test AUC=0.9177 AUPR=0.8837 F1=0.8070 ACC=0.8381 | FoldTime=310.46s

================================================================================
Fold 4/5 (fold_id=4)
================================================================================
Epoch 001/120 | TrainLoss=0.6922 (Cls=0.6922, Cont=0.0000) | Val AUC=0.5634 AUPR=0.4603 F1=0.5801 ACC=0.4261
Epoch 002/120 | TrainLoss=0.6807 (Cls=0.6807, Cont=0.0000) | Val AUC=0.5676 AUPR=0.4639 F1=0.5827 ACC=0.4326
Epoch 003/120 | TrainLoss=0.6627 (Cls=0.6627, Cont=0.0000) | Val AUC=0.5703 AUPR=0.4654 F1=0.5812 ACC=0.4329
Epoch 004/120 | TrainLoss=0.6551 (Cls=0.6551, Cont=0.0000) | Val AUC=0.5769 AUPR=0.4693 F1=0.5792 ACC=0.4153
Epoch 005/120 | TrainLoss=0.6364 (Cls=0.6364, Cont=0.0000) | Val AUC=0.5816 AUPR=0.4733 F1=0.5796 ACC=0.4642
Epoch 006/120 | TrainLoss=0.6136 (Cls=0.6136, Cont=0.0000) | Val AUC=0.5797 AUPR=0.4718 F1=0.5796 ACC=0.4142
Epoch 007/120 | TrainLoss=0.5891 (Cls=0.5891, Cont=0.0000) | Val AUC=0.5769 AUPR=0.4699 F1=0.5800 ACC=0.4499
Epoch 008/120 | TrainLoss=0.5578 (Cls=0.5578, Cont=0.0000) | Val AUC=0.5784 AUPR=0.4709 F1=0.5797 ACC=0.4303
Epoch 009/120 | TrainLoss=0.5356 (Cls=0.5356, Cont=0.0000) | Val AUC=0.5774 AUPR=0.4713 F1=0.5807 ACC=0.4278
Epoch 010/120 | TrainLoss=0.5096 (Cls=0.5096, Cont=0.0000) | Val AUC=0.5749 AUPR=0.4707 F1=0.5796 ACC=0.4189
Epoch 011/120 | TrainLoss=0.5379 (Cls=0.5058, Cont=6.4284) | Val AUC=0.5724 AUPR=0.4683 F1=0.5805 ACC=0.4297
Epoch 012/120 | TrainLoss=0.5078 (Cls=0.4798, Cont=5.5965) | Val AUC=0.5710 AUPR=0.4691 F1=0.5810 ACC=0.4307
Epoch 013/120 | TrainLoss=0.4954 (Cls=0.4680, Cont=5.4795) | Val AUC=0.5738 AUPR=0.4741 F1=0.5827 ACC=0.4385
Epoch 014/120 | TrainLoss=0.4833 (Cls=0.4561, Cont=5.4472) | Val AUC=0.5703 AUPR=0.4731 F1=0.5798 ACC=0.4305
Epoch 015/120 | TrainLoss=0.4747 (Cls=0.4475, Cont=5.4345) | Val AUC=0.5659 AUPR=0.4677 F1=0.5794 ACC=0.4219
Epoch 016/120 | TrainLoss=0.4636 (Cls=0.4365, Cont=5.4289) | Val AUC=0.5699 AUPR=0.4746 F1=0.5795 ACC=0.4137
Epoch 017/120 | TrainLoss=0.4635 (Cls=0.4364, Cont=5.4212) | Val AUC=0.5728 AUPR=0.4798 F1=0.5795 ACC=0.4148
Epoch 018/120 | TrainLoss=0.4515 (Cls=0.4244, Cont=5.4205) | Val AUC=0.5747 AUPR=0.4813 F1=0.5791 ACC=0.4126
Epoch 019/120 | TrainLoss=0.4487 (Cls=0.4216, Cont=5.4164) | Val AUC=0.5770 AUPR=0.4795 F1=0.5785 ACC=0.4122
Epoch 020/120 | TrainLoss=0.4421 (Cls=0.4151, Cont=5.4119) | Val AUC=0.5781 AUPR=0.4820 F1=0.5778 ACC=0.4071
Epoch 021/120 | TrainLoss=0.4466 (Cls=0.4196, Cont=5.4098) | Val AUC=0.5968 AUPR=0.5026 F1=0.5779 ACC=0.4075
Epoch 022/120 | TrainLoss=0.4411 (Cls=0.4140, Cont=5.4034) | Val AUC=0.6059 AUPR=0.5145 F1=0.5777 ACC=0.4069
Epoch 023/120 | TrainLoss=0.4439 (Cls=0.4169, Cont=5.3969) | Val AUC=0.5988 AUPR=0.5095 F1=0.5777 ACC=0.4069
Epoch 024/120 | TrainLoss=0.4349 (Cls=0.4080, Cont=5.3884) | Val AUC=0.6031 AUPR=0.5123 F1=0.5783 ACC=0.4081
Epoch 025/120 | TrainLoss=0.4335 (Cls=0.4066, Cont=5.3845) | Val AUC=0.6251 AUPR=0.5377 F1=0.5800 ACC=0.4399
Epoch 026/120 | TrainLoss=0.4297 (Cls=0.4029, Cont=5.3661) | Val AUC=0.6633 AUPR=0.5784 F1=0.5889 ACC=0.5537
Epoch 027/120 | TrainLoss=0.4269 (Cls=0.4000, Cont=5.3709) | Val AUC=0.6974 AUPR=0.6146 F1=0.6140 ACC=0.6181
Epoch 028/120 | TrainLoss=0.4293 (Cls=0.4025, Cont=5.3583) | Val AUC=0.7064 AUPR=0.6222 F1=0.6227 ACC=0.6259
Epoch 029/120 | TrainLoss=0.4244 (Cls=0.3975, Cont=5.3745) | Val AUC=0.7150 AUPR=0.6312 F1=0.6275 ACC=0.6232
Epoch 030/120 | TrainLoss=0.4233 (Cls=0.3963, Cont=5.3880) | Val AUC=0.7318 AUPR=0.6559 F1=0.6284 ACC=0.6338
Epoch 031/120 | TrainLoss=0.4220 (Cls=0.3951, Cont=5.3793) | Val AUC=0.7564 AUPR=0.6865 F1=0.6481 ACC=0.6718
Epoch 032/120 | TrainLoss=0.4229 (Cls=0.3961, Cont=5.3722) | Val AUC=0.8042 AUPR=0.7383 F1=0.6921 ACC=0.7188
Epoch 033/120 | TrainLoss=0.4191 (Cls=0.3922, Cont=5.3637) | Val AUC=0.8368 AUPR=0.7748 F1=0.7249 ACC=0.7548
Epoch 034/120 | TrainLoss=0.4212 (Cls=0.3943, Cont=5.3742) | Val AUC=0.8483 AUPR=0.7898 F1=0.7374 ACC=0.7624
Epoch 035/120 | TrainLoss=0.4195 (Cls=0.3927, Cont=5.3630) | Val AUC=0.8529 AUPR=0.7958 F1=0.7363 ACC=0.7580
Epoch 036/120 | TrainLoss=0.4123 (Cls=0.3855, Cont=5.3574) | Val AUC=0.8615 AUPR=0.8077 F1=0.7431 ACC=0.7712
Epoch 037/120 | TrainLoss=0.4167 (Cls=0.3899, Cont=5.3616) | Val AUC=0.8750 AUPR=0.8257 F1=0.7582 ACC=0.7855
Epoch 038/120 | TrainLoss=0.4166 (Cls=0.3898, Cont=5.3598) | Val AUC=0.8871 AUPR=0.8403 F1=0.7767 ACC=0.8020
Epoch 039/120 | TrainLoss=0.4109 (Cls=0.3840, Cont=5.3641) | Val AUC=0.8922 AUPR=0.8484 F1=0.7823 ACC=0.8140
Epoch 040/120 | TrainLoss=0.4082 (Cls=0.3814, Cont=5.3582) | Val AUC=0.8949 AUPR=0.8532 F1=0.7825 ACC=0.8089
Epoch 041/120 | TrainLoss=0.4080 (Cls=0.3811, Cont=5.3646) | Val AUC=0.8967 AUPR=0.8551 F1=0.7826 ACC=0.8101
Epoch 042/120 | TrainLoss=0.4045 (Cls=0.3778, Cont=5.3567) | Val AUC=0.9003 AUPR=0.8593 F1=0.7895 ACC=0.8152
Epoch 043/120 | TrainLoss=0.4050 (Cls=0.3782, Cont=5.3551) | Val AUC=0.9048 AUPR=0.8652 F1=0.7938 ACC=0.8242
Epoch 044/120 | TrainLoss=0.4041 (Cls=0.3773, Cont=5.3551) | Val AUC=0.9062 AUPR=0.8668 F1=0.7982 ACC=0.8269
Epoch 045/120 | TrainLoss=0.4061 (Cls=0.3794, Cont=5.3576) | Val AUC=0.9074 AUPR=0.8687 F1=0.7980 ACC=0.8286
Epoch 046/120 | TrainLoss=0.4024 (Cls=0.3756, Cont=5.3581) | Val AUC=0.9076 AUPR=0.8691 F1=0.7975 ACC=0.8266
Epoch 047/120 | TrainLoss=0.4030 (Cls=0.3763, Cont=5.3547) | Val AUC=0.9075 AUPR=0.8684 F1=0.7974 ACC=0.8250
Epoch 048/120 | TrainLoss=0.4064 (Cls=0.3797, Cont=5.3519) | Val AUC=0.9084 AUPR=0.8702 F1=0.7950 ACC=0.8222
Epoch 049/120 | TrainLoss=0.4070 (Cls=0.3802, Cont=5.3693) | Val AUC=0.9088 AUPR=0.8705 F1=0.7990 ACC=0.8240
Epoch 050/120 | TrainLoss=0.4023 (Cls=0.3755, Cont=5.3675) | Val AUC=0.9094 AUPR=0.8713 F1=0.7997 ACC=0.8305
Epoch 051/120 | TrainLoss=0.3994 (Cls=0.3727, Cont=5.3523) | Val AUC=0.9093 AUPR=0.8716 F1=0.8006 ACC=0.8282
Epoch 052/120 | TrainLoss=0.3991 (Cls=0.3723, Cont=5.3529) | Val AUC=0.9105 AUPR=0.8736 F1=0.8028 ACC=0.8317
Epoch 053/120 | TrainLoss=0.3989 (Cls=0.3721, Cont=5.3549) | Val AUC=0.9113 AUPR=0.8744 F1=0.8044 ACC=0.8317
Epoch 054/120 | TrainLoss=0.3996 (Cls=0.3728, Cont=5.3594) | Val AUC=0.9109 AUPR=0.8739 F1=0.8027 ACC=0.8336
Epoch 055/120 | TrainLoss=0.3954 (Cls=0.3686, Cont=5.3546) | Val AUC=0.9099 AUPR=0.8728 F1=0.8017 ACC=0.8264
Epoch 056/120 | TrainLoss=0.3955 (Cls=0.3688, Cont=5.3508) | Val AUC=0.9101 AUPR=0.8734 F1=0.8031 ACC=0.8306
Epoch 057/120 | TrainLoss=0.3953 (Cls=0.3685, Cont=5.3555) | Val AUC=0.9100 AUPR=0.8736 F1=0.8003 ACC=0.8291
Epoch 058/120 | TrainLoss=0.3956 (Cls=0.3689, Cont=5.3439) | Val AUC=0.9098 AUPR=0.8737 F1=0.7999 ACC=0.8274
Epoch 059/120 | TrainLoss=0.3944 (Cls=0.3677, Cont=5.3452) | Val AUC=0.9095 AUPR=0.8731 F1=0.8001 ACC=0.8256
Epoch 060/120 | TrainLoss=0.3941 (Cls=0.3673, Cont=5.3539) | Val AUC=0.9113 AUPR=0.8751 F1=0.8024 ACC=0.8301
Epoch 061/120 | TrainLoss=0.3929 (Cls=0.3661, Cont=5.3514) | Val AUC=0.9123 AUPR=0.8762 F1=0.8034 ACC=0.8292
Epoch 062/120 | TrainLoss=0.3931 (Cls=0.3664, Cont=5.3453) | Val AUC=0.9128 AUPR=0.8772 F1=0.8035 ACC=0.8317
Epoch 063/120 | TrainLoss=0.3925 (Cls=0.3657, Cont=5.3498) | Val AUC=0.9126 AUPR=0.8770 F1=0.8022 ACC=0.8352
Epoch 064/120 | TrainLoss=0.3915 (Cls=0.3648, Cont=5.3538) | Val AUC=0.9130 AUPR=0.8774 F1=0.8032 ACC=0.8287
Epoch 065/120 | TrainLoss=0.3904 (Cls=0.3637, Cont=5.3417) | Val AUC=0.9134 AUPR=0.8780 F1=0.8046 ACC=0.8334
Epoch 066/120 | TrainLoss=0.3891 (Cls=0.3623, Cont=5.3422) | Val AUC=0.9139 AUPR=0.8787 F1=0.8047 ACC=0.8325
Epoch 067/120 | TrainLoss=0.3888 (Cls=0.3621, Cont=5.3532) | Val AUC=0.9141 AUPR=0.8788 F1=0.8048 ACC=0.8293
Epoch 068/120 | TrainLoss=0.3892 (Cls=0.3624, Cont=5.3546) | Val AUC=0.9145 AUPR=0.8797 F1=0.8046 ACC=0.8291
Epoch 069/120 | TrainLoss=0.3889 (Cls=0.3621, Cont=5.3606) | Val AUC=0.9148 AUPR=0.8802 F1=0.8064 ACC=0.8342
Epoch 070/120 | TrainLoss=0.3865 (Cls=0.3597, Cont=5.3543) | Val AUC=0.9145 AUPR=0.8805 F1=0.8056 ACC=0.8320
Epoch 071/120 | TrainLoss=0.3882 (Cls=0.3615, Cont=5.3524) | Val AUC=0.9143 AUPR=0.8802 F1=0.8041 ACC=0.8343
Epoch 072/120 | TrainLoss=0.3877 (Cls=0.3610, Cont=5.3466) | Val AUC=0.9141 AUPR=0.8797 F1=0.8042 ACC=0.8315
Epoch 073/120 | TrainLoss=0.3863 (Cls=0.3597, Cont=5.3328) | Val AUC=0.9145 AUPR=0.8804 F1=0.8057 ACC=0.8371
Epoch 074/120 | TrainLoss=0.3863 (Cls=0.3595, Cont=5.3505) | Val AUC=0.9147 AUPR=0.8808 F1=0.8070 ACC=0.8351
Epoch 075/120 | TrainLoss=0.3861 (Cls=0.3594, Cont=5.3423) | Val AUC=0.9150 AUPR=0.8812 F1=0.8078 ACC=0.8371
Epoch 076/120 | TrainLoss=0.3846 (Cls=0.3579, Cont=5.3372) | Val AUC=0.9152 AUPR=0.8816 F1=0.8066 ACC=0.8382
Epoch 077/120 | TrainLoss=0.3849 (Cls=0.3581, Cont=5.3603) | Val AUC=0.9151 AUPR=0.8815 F1=0.8063 ACC=0.8328
Epoch 078/120 | TrainLoss=0.3850 (Cls=0.3583, Cont=5.3426) | Val AUC=0.9159 AUPR=0.8829 F1=0.8073 ACC=0.8392
Epoch 079/120 | TrainLoss=0.3833 (Cls=0.3565, Cont=5.3456) | Val AUC=0.9161 AUPR=0.8833 F1=0.8071 ACC=0.8361
Epoch 080/120 | TrainLoss=0.3826 (Cls=0.3559, Cont=5.3410) | Val AUC=0.9159 AUPR=0.8831 F1=0.8053 ACC=0.8322
Epoch 081/120 | TrainLoss=0.3838 (Cls=0.3570, Cont=5.3567) | Val AUC=0.9155 AUPR=0.8826 F1=0.8046 ACC=0.8336
Epoch 082/120 | TrainLoss=0.3835 (Cls=0.3568, Cont=5.3420) | Val AUC=0.9152 AUPR=0.8820 F1=0.8048 ACC=0.8332
Epoch 083/120 | TrainLoss=0.3822 (Cls=0.3555, Cont=5.3395) | Val AUC=0.9155 AUPR=0.8824 F1=0.8056 ACC=0.8339
Epoch 084/120 | TrainLoss=0.3827 (Cls=0.3559, Cont=5.3550) | Val AUC=0.9150 AUPR=0.8820 F1=0.8047 ACC=0.8317
Epoch 085/120 | TrainLoss=0.3839 (Cls=0.3571, Cont=5.3436) | Val AUC=0.9155 AUPR=0.8827 F1=0.8061 ACC=0.8362
Epoch 086/120 | TrainLoss=0.3837 (Cls=0.3570, Cont=5.3495) | Val AUC=0.9157 AUPR=0.8835 F1=0.8043 ACC=0.8325
Epoch 087/120 | TrainLoss=0.3810 (Cls=0.3542, Cont=5.3528) | Val AUC=0.9158 AUPR=0.8838 F1=0.8036 ACC=0.8330
Epoch 088/120 | TrainLoss=0.3807 (Cls=0.3540, Cont=5.3393) | Val AUC=0.9151 AUPR=0.8824 F1=0.8062 ACC=0.8329
Epoch 089/120 | TrainLoss=0.3812 (Cls=0.3545, Cont=5.3371) | Val AUC=0.9159 AUPR=0.8838 F1=0.8061 ACC=0.8341
Epoch 090/120 | TrainLoss=0.3805 (Cls=0.3538, Cont=5.3411) | Val AUC=0.9174 AUPR=0.8855 F1=0.8066 ACC=0.8374
Epoch 091/120 | TrainLoss=0.3802 (Cls=0.3535, Cont=5.3271) | Val AUC=0.9176 AUPR=0.8851 F1=0.8082 ACC=0.8384
Epoch 092/120 | TrainLoss=0.3807 (Cls=0.3540, Cont=5.3526) | Val AUC=0.9179 AUPR=0.8856 F1=0.8095 ACC=0.8403
Epoch 093/120 | TrainLoss=0.3799 (Cls=0.3532, Cont=5.3420) | Val AUC=0.9176 AUPR=0.8854 F1=0.8097 ACC=0.8401
Epoch 094/120 | TrainLoss=0.3799 (Cls=0.3531, Cont=5.3577) | Val AUC=0.9171 AUPR=0.8844 F1=0.8096 ACC=0.8384
Epoch 095/120 | TrainLoss=0.3806 (Cls=0.3539, Cont=5.3439) | Val AUC=0.9176 AUPR=0.8853 F1=0.8094 ACC=0.8402
Epoch 096/120 | TrainLoss=0.3809 (Cls=0.3541, Cont=5.3443) | Val AUC=0.9180 AUPR=0.8860 F1=0.8095 ACC=0.8398
Epoch 097/120 | TrainLoss=0.3795 (Cls=0.3528, Cont=5.3356) | Val AUC=0.9178 AUPR=0.8858 F1=0.8085 ACC=0.8378
Epoch 098/120 | TrainLoss=0.3788 (Cls=0.3521, Cont=5.3441) | Val AUC=0.9182 AUPR=0.8865 F1=0.8096 ACC=0.8390
Epoch 099/120 | TrainLoss=0.3781 (Cls=0.3514, Cont=5.3552) | Val AUC=0.9186 AUPR=0.8874 F1=0.8092 ACC=0.8425
Epoch 100/120 | TrainLoss=0.3766 (Cls=0.3499, Cont=5.3398) | Val AUC=0.9182 AUPR=0.8870 F1=0.8082 ACC=0.8420
Epoch 101/120 | TrainLoss=0.3763 (Cls=0.3495, Cont=5.3444) | Val AUC=0.9180 AUPR=0.8866 F1=0.8096 ACC=0.8422
Epoch 102/120 | TrainLoss=0.3767 (Cls=0.3500, Cont=5.3439) | Val AUC=0.9184 AUPR=0.8875 F1=0.8087 ACC=0.8401
Epoch 103/120 | TrainLoss=0.3760 (Cls=0.3493, Cont=5.3382) | Val AUC=0.9188 AUPR=0.8881 F1=0.8075 ACC=0.8374
Epoch 104/120 | TrainLoss=0.3762 (Cls=0.3495, Cont=5.3361) | Val AUC=0.9193 AUPR=0.8885 F1=0.8081 ACC=0.8374
Epoch 105/120 | TrainLoss=0.3736 (Cls=0.3469, Cont=5.3496) | Val AUC=0.9194 AUPR=0.8885 F1=0.8088 ACC=0.8356
Epoch 106/120 | TrainLoss=0.3741 (Cls=0.3474, Cont=5.3383) | Val AUC=0.9195 AUPR=0.8886 F1=0.8102 ACC=0.8378
Epoch 107/120 | TrainLoss=0.3748 (Cls=0.3481, Cont=5.3463) | Val AUC=0.9195 AUPR=0.8887 F1=0.8110 ACC=0.8416
Epoch 108/120 | TrainLoss=0.3758 (Cls=0.3491, Cont=5.3376) | Val AUC=0.9192 AUPR=0.8881 F1=0.8108 ACC=0.8370
Epoch 109/120 | TrainLoss=0.3747 (Cls=0.3480, Cont=5.3371) | Val AUC=0.9190 AUPR=0.8878 F1=0.8100 ACC=0.8357
Epoch 110/120 | TrainLoss=0.3732 (Cls=0.3465, Cont=5.3400) | Val AUC=0.9194 AUPR=0.8883 F1=0.8111 ACC=0.8410
Epoch 111/120 | TrainLoss=0.3738 (Cls=0.3471, Cont=5.3299) | Val AUC=0.9193 AUPR=0.8876 F1=0.8110 ACC=0.8423
Epoch 112/120 | TrainLoss=0.3731 (Cls=0.3464, Cont=5.3357) | Val AUC=0.9195 AUPR=0.8878 F1=0.8112 ACC=0.8417
Epoch 113/120 | TrainLoss=0.3737 (Cls=0.3470, Cont=5.3318) | Val AUC=0.9203 AUPR=0.8897 F1=0.8103 ACC=0.8418
Epoch 114/120 | TrainLoss=0.3720 (Cls=0.3453, Cont=5.3403) | Val AUC=0.9205 AUPR=0.8901 F1=0.8097 ACC=0.8435
Epoch 115/120 | TrainLoss=0.3714 (Cls=0.3448, Cont=5.3242) | Val AUC=0.9208 AUPR=0.8902 F1=0.8119 ACC=0.8374
Epoch 116/120 | TrainLoss=0.3714 (Cls=0.3447, Cont=5.3272) | Val AUC=0.9202 AUPR=0.8892 F1=0.8115 ACC=0.8395
Epoch 117/120 | TrainLoss=0.3703 (Cls=0.3437, Cont=5.3299) | Val AUC=0.9200 AUPR=0.8888 F1=0.8108 ACC=0.8402
Epoch 118/120 | TrainLoss=0.3723 (Cls=0.3457, Cont=5.3243) | Val AUC=0.9203 AUPR=0.8890 F1=0.8117 ACC=0.8396
Epoch 119/120 | TrainLoss=0.3735 (Cls=0.3468, Cont=5.3399) | Val AUC=0.9214 AUPR=0.8912 F1=0.8116 ACC=0.8450
Epoch 120/120 | TrainLoss=0.3700 (Cls=0.3433, Cont=5.3369) | Val AUC=0.9210 AUPR=0.8912 F1=0.8113 ACC=0.8444
Fold 4 complete | Best Val AUC=0.9214 | Test AUC=0.9211 AUPR=0.8893 F1=0.8141 ACC=0.8406 | FoldTime=309.75s

================================================================================
Fold 5/5 (fold_id=5)
================================================================================
Epoch 001/120 | TrainLoss=0.6904 (Cls=0.6904, Cont=0.0000) | Val AUC=0.5373 AUPR=0.4494 F1=0.5769 ACC=0.4057
Epoch 002/120 | TrainLoss=0.6771 (Cls=0.6771, Cont=0.0000) | Val AUC=0.5771 AUPR=0.4714 F1=0.5768 ACC=0.4161
Epoch 003/120 | TrainLoss=0.6585 (Cls=0.6585, Cont=0.0000) | Val AUC=0.5868 AUPR=0.4783 F1=0.5786 ACC=0.4316
Epoch 004/120 | TrainLoss=0.6481 (Cls=0.6481, Cont=0.0000) | Val AUC=0.5859 AUPR=0.4772 F1=0.5796 ACC=0.4161
Epoch 005/120 | TrainLoss=0.6289 (Cls=0.6289, Cont=0.0000) | Val AUC=0.5888 AUPR=0.4827 F1=0.5804 ACC=0.4503
Epoch 006/120 | TrainLoss=0.6123 (Cls=0.6123, Cont=0.0000) | Val AUC=0.5896 AUPR=0.4839 F1=0.5818 ACC=0.4589
Epoch 007/120 | TrainLoss=0.5842 (Cls=0.5842, Cont=0.0000) | Val AUC=0.5888 AUPR=0.4835 F1=0.5819 ACC=0.4318
Epoch 008/120 | TrainLoss=0.5580 (Cls=0.5580, Cont=0.0000) | Val AUC=0.5877 AUPR=0.4836 F1=0.5821 ACC=0.4309
Epoch 009/120 | TrainLoss=0.5248 (Cls=0.5248, Cont=0.0000) | Val AUC=0.5842 AUPR=0.4821 F1=0.5814 ACC=0.4266
Epoch 010/120 | TrainLoss=0.5131 (Cls=0.5131, Cont=0.0000) | Val AUC=0.5873 AUPR=0.4862 F1=0.5808 ACC=0.4296
Epoch 011/120 | TrainLoss=0.5224 (Cls=0.4885, Cont=6.7821) | Val AUC=0.5900 AUPR=0.4867 F1=0.5819 ACC=0.4295
Epoch 012/120 | TrainLoss=0.4952 (Cls=0.4669, Cont=5.6519) | Val AUC=0.5875 AUPR=0.4826 F1=0.5830 ACC=0.4329
Epoch 013/120 | TrainLoss=0.4902 (Cls=0.4628, Cont=5.4892) | Val AUC=0.5907 AUPR=0.4874 F1=0.5831 ACC=0.4369
Epoch 014/120 | TrainLoss=0.4775 (Cls=0.4503, Cont=5.4524) | Val AUC=0.5870 AUPR=0.4842 F1=0.5824 ACC=0.4451
Epoch 015/120 | TrainLoss=0.4724 (Cls=0.4452, Cont=5.4400) | Val AUC=0.5860 AUPR=0.4805 F1=0.5828 ACC=0.4577
Epoch 016/120 | TrainLoss=0.4627 (Cls=0.4356, Cont=5.4306) | Val AUC=0.5915 AUPR=0.4903 F1=0.5844 ACC=0.4461
Epoch 017/120 | TrainLoss=0.4581 (Cls=0.4310, Cont=5.4256) | Val AUC=0.5950 AUPR=0.5048 F1=0.5809 ACC=0.4264
Epoch 018/120 | TrainLoss=0.4499 (Cls=0.4228, Cont=5.4210) | Val AUC=0.5916 AUPR=0.5088 F1=0.5789 ACC=0.4186
Epoch 019/120 | TrainLoss=0.4488 (Cls=0.4217, Cont=5.4163) | Val AUC=0.5956 AUPR=0.5106 F1=0.5796 ACC=0.4266
Epoch 020/120 | TrainLoss=0.4469 (Cls=0.4198, Cont=5.4128) | Val AUC=0.6207 AUPR=0.5338 F1=0.5849 ACC=0.4634
Epoch 021/120 | TrainLoss=0.4497 (Cls=0.4227, Cont=5.4061) | Val AUC=0.6441 AUPR=0.5561 F1=0.5892 ACC=0.4837
Epoch 022/120 | TrainLoss=0.4422 (Cls=0.4151, Cont=5.4040) | Val AUC=0.6512 AUPR=0.5661 F1=0.5881 ACC=0.5755
Epoch 023/120 | TrainLoss=0.4383 (Cls=0.4114, Cont=5.3940) | Val AUC=0.6783 AUPR=0.5881 F1=0.6056 ACC=0.5754
Epoch 024/120 | TrainLoss=0.4286 (Cls=0.4016, Cont=5.3872) | Val AUC=0.7009 AUPR=0.6126 F1=0.6147 ACC=0.5937
Epoch 025/120 | TrainLoss=0.4365 (Cls=0.4095, Cont=5.3821) | Val AUC=0.7199 AUPR=0.6362 F1=0.6239 ACC=0.6439
Epoch 026/120 | TrainLoss=0.4298 (Cls=0.4030, Cont=5.3681) | Val AUC=0.7428 AUPR=0.6648 F1=0.6421 ACC=0.6740
Epoch 027/120 | TrainLoss=0.4343 (Cls=0.4074, Cont=5.3714) | Val AUC=0.7502 AUPR=0.6740 F1=0.6485 ACC=0.6834
Epoch 028/120 | TrainLoss=0.4258 (Cls=0.3990, Cont=5.3661) | Val AUC=0.7660 AUPR=0.6959 F1=0.6590 ACC=0.6979
Epoch 029/120 | TrainLoss=0.4225 (Cls=0.3956, Cont=5.3696) | Val AUC=0.7846 AUPR=0.7202 F1=0.6746 ACC=0.7043
Epoch 030/120 | TrainLoss=0.4320 (Cls=0.4052, Cont=5.3644) | Val AUC=0.8110 AUPR=0.7503 F1=0.6990 ACC=0.7322
Epoch 031/120 | TrainLoss=0.4183 (Cls=0.3914, Cont=5.3694) | Val AUC=0.8361 AUPR=0.7741 F1=0.7210 ACC=0.7515
Epoch 032/120 | TrainLoss=0.4184 (Cls=0.3915, Cont=5.3756) | Val AUC=0.8491 AUPR=0.7885 F1=0.7343 ACC=0.7564
Epoch 033/120 | TrainLoss=0.4161 (Cls=0.3892, Cont=5.3731) | Val AUC=0.8582 AUPR=0.8014 F1=0.7416 ACC=0.7755
Epoch 034/120 | TrainLoss=0.4187 (Cls=0.3919, Cont=5.3615) | Val AUC=0.8687 AUPR=0.8165 F1=0.7480 ACC=0.7745
Epoch 035/120 | TrainLoss=0.4129 (Cls=0.3861, Cont=5.3674) | Val AUC=0.8764 AUPR=0.8261 F1=0.7560 ACC=0.7804
Epoch 036/120 | TrainLoss=0.4136 (Cls=0.3868, Cont=5.3651) | Val AUC=0.8834 AUPR=0.8349 F1=0.7659 ACC=0.7915
Epoch 037/120 | TrainLoss=0.4140 (Cls=0.3872, Cont=5.3655) | Val AUC=0.8893 AUPR=0.8430 F1=0.7737 ACC=0.8027
Epoch 038/120 | TrainLoss=0.4112 (Cls=0.3844, Cont=5.3651) | Val AUC=0.8902 AUPR=0.8443 F1=0.7740 ACC=0.8041
Epoch 039/120 | TrainLoss=0.4098 (Cls=0.3830, Cont=5.3651) | Val AUC=0.8925 AUPR=0.8466 F1=0.7794 ACC=0.8086
Epoch 040/120 | TrainLoss=0.4062 (Cls=0.3794, Cont=5.3585) | Val AUC=0.8943 AUPR=0.8492 F1=0.7806 ACC=0.8091
Epoch 041/120 | TrainLoss=0.4104 (Cls=0.3836, Cont=5.3610) | Val AUC=0.8993 AUPR=0.8561 F1=0.7871 ACC=0.8129
Epoch 042/120 | TrainLoss=0.4052 (Cls=0.3784, Cont=5.3632) | Val AUC=0.9018 AUPR=0.8590 F1=0.7923 ACC=0.8216
Epoch 043/120 | TrainLoss=0.4026 (Cls=0.3758, Cont=5.3656) | Val AUC=0.9026 AUPR=0.8589 F1=0.7932 ACC=0.8255
Epoch 044/120 | TrainLoss=0.4025 (Cls=0.3757, Cont=5.3602) | Val AUC=0.9045 AUPR=0.8618 F1=0.7940 ACC=0.8253
Epoch 045/120 | TrainLoss=0.4033 (Cls=0.3765, Cont=5.3610) | Val AUC=0.9063 AUPR=0.8657 F1=0.7952 ACC=0.8227
Epoch 046/120 | TrainLoss=0.4013 (Cls=0.3746, Cont=5.3556) | Val AUC=0.9058 AUPR=0.8671 F1=0.7935 ACC=0.8148
Epoch 047/120 | TrainLoss=0.4003 (Cls=0.3735, Cont=5.3478) | Val AUC=0.9059 AUPR=0.8681 F1=0.7922 ACC=0.8201
Epoch 048/120 | TrainLoss=0.3984 (Cls=0.3717, Cont=5.3330) | Val AUC=0.9068 AUPR=0.8693 F1=0.7941 ACC=0.8217
Epoch 049/120 | TrainLoss=0.3986 (Cls=0.3718, Cont=5.3609) | Val AUC=0.9094 AUPR=0.8725 F1=0.8003 ACC=0.8263
Epoch 050/120 | TrainLoss=0.3981 (Cls=0.3713, Cont=5.3477) | Val AUC=0.9089 AUPR=0.8716 F1=0.7986 ACC=0.8218
Epoch 051/120 | TrainLoss=0.4024 (Cls=0.3756, Cont=5.3523) | Val AUC=0.9096 AUPR=0.8708 F1=0.8024 ACC=0.8266
Epoch 052/120 | TrainLoss=0.4032 (Cls=0.3765, Cont=5.3377) | Val AUC=0.9090 AUPR=0.8717 F1=0.8010 ACC=0.8273
Epoch 053/120 | TrainLoss=0.3957 (Cls=0.3690, Cont=5.3548) | Val AUC=0.9088 AUPR=0.8717 F1=0.7988 ACC=0.8197
Epoch 054/120 | TrainLoss=0.4048 (Cls=0.3780, Cont=5.3635) | Val AUC=0.9102 AUPR=0.8735 F1=0.8030 ACC=0.8298
Epoch 055/120 | TrainLoss=0.3963 (Cls=0.3695, Cont=5.3630) | Val AUC=0.9104 AUPR=0.8737 F1=0.8024 ACC=0.8289
Epoch 056/120 | TrainLoss=0.3981 (Cls=0.3714, Cont=5.3477) | Val AUC=0.9101 AUPR=0.8729 F1=0.8016 ACC=0.8240
Epoch 057/120 | TrainLoss=0.3953 (Cls=0.3686, Cont=5.3468) | Val AUC=0.9099 AUPR=0.8725 F1=0.7999 ACC=0.8269
Epoch 058/120 | TrainLoss=0.3977 (Cls=0.3710, Cont=5.3426) | Val AUC=0.9109 AUPR=0.8739 F1=0.8028 ACC=0.8299
Epoch 059/120 | TrainLoss=0.3944 (Cls=0.3676, Cont=5.3579) | Val AUC=0.9117 AUPR=0.8756 F1=0.8029 ACC=0.8311
Epoch 060/120 | TrainLoss=0.3935 (Cls=0.3668, Cont=5.3458) | Val AUC=0.9121 AUPR=0.8762 F1=0.8031 ACC=0.8295
Epoch 061/120 | TrainLoss=0.3937 (Cls=0.3670, Cont=5.3457) | Val AUC=0.9123 AUPR=0.8762 F1=0.8031 ACC=0.8305
Epoch 062/120 | TrainLoss=0.3933 (Cls=0.3665, Cont=5.3497) | Val AUC=0.9121 AUPR=0.8760 F1=0.8016 ACC=0.8292
Epoch 063/120 | TrainLoss=0.3940 (Cls=0.3673, Cont=5.3489) | Val AUC=0.9132 AUPR=0.8776 F1=0.8033 ACC=0.8269
Epoch 064/120 | TrainLoss=0.3897 (Cls=0.3629, Cont=5.3480) | Val AUC=0.9140 AUPR=0.8786 F1=0.8066 ACC=0.8335
Epoch 065/120 | TrainLoss=0.3911 (Cls=0.3643, Cont=5.3463) | Val AUC=0.9141 AUPR=0.8790 F1=0.8076 ACC=0.8315
Epoch 066/120 | TrainLoss=0.3904 (Cls=0.3637, Cont=5.3264) | Val AUC=0.9140 AUPR=0.8792 F1=0.8055 ACC=0.8351
Epoch 067/120 | TrainLoss=0.3905 (Cls=0.3638, Cont=5.3490) | Val AUC=0.9138 AUPR=0.8790 F1=0.8047 ACC=0.8300
Epoch 068/120 | TrainLoss=0.3913 (Cls=0.3646, Cont=5.3489) | Val AUC=0.9138 AUPR=0.8786 F1=0.8042 ACC=0.8291
Epoch 069/120 | TrainLoss=0.3883 (Cls=0.3616, Cont=5.3403) | Val AUC=0.9140 AUPR=0.8786 F1=0.8048 ACC=0.8292
Epoch 070/120 | TrainLoss=0.3891 (Cls=0.3623, Cont=5.3584) | Val AUC=0.9135 AUPR=0.8780 F1=0.8044 ACC=0.8300
Epoch 071/120 | TrainLoss=0.3891 (Cls=0.3624, Cont=5.3406) | Val AUC=0.9132 AUPR=0.8778 F1=0.8048 ACC=0.8345
Epoch 072/120 | TrainLoss=0.3875 (Cls=0.3608, Cont=5.3340) | Val AUC=0.9131 AUPR=0.8776 F1=0.8040 ACC=0.8283
Epoch 073/120 | TrainLoss=0.3875 (Cls=0.3608, Cont=5.3422) | Val AUC=0.9132 AUPR=0.8777 F1=0.8057 ACC=0.8321
Epoch 074/120 | TrainLoss=0.3897 (Cls=0.3629, Cont=5.3564) | Val AUC=0.9138 AUPR=0.8786 F1=0.8057 ACC=0.8304
Epoch 075/120 | TrainLoss=0.3882 (Cls=0.3615, Cont=5.3550) | Val AUC=0.9147 AUPR=0.8798 F1=0.8060 ACC=0.8276
Epoch 076/120 | TrainLoss=0.3885 (Cls=0.3618, Cont=5.3493) | Val AUC=0.9152 AUPR=0.8806 F1=0.8084 ACC=0.8328
Epoch 077/120 | TrainLoss=0.3853 (Cls=0.3587, Cont=5.3264) | Val AUC=0.9153 AUPR=0.8808 F1=0.8082 ACC=0.8357
Epoch 078/120 | TrainLoss=0.3871 (Cls=0.3603, Cont=5.3559) | Val AUC=0.9152 AUPR=0.8811 F1=0.8078 ACC=0.8364
Epoch 079/120 | TrainLoss=0.3853 (Cls=0.3586, Cont=5.3345) | Val AUC=0.9151 AUPR=0.8811 F1=0.8084 ACC=0.8333
Epoch 080/120 | TrainLoss=0.3844 (Cls=0.3576, Cont=5.3533) | Val AUC=0.9152 AUPR=0.8812 F1=0.8079 ACC=0.8335
Epoch 081/120 | TrainLoss=0.3858 (Cls=0.3591, Cont=5.3517) | Val AUC=0.9155 AUPR=0.8819 F1=0.8078 ACC=0.8316
Epoch 082/120 | TrainLoss=0.3840 (Cls=0.3573, Cont=5.3506) | Val AUC=0.9153 AUPR=0.8816 F1=0.8090 ACC=0.8371
Epoch 083/120 | TrainLoss=0.3843 (Cls=0.3576, Cont=5.3423) | Val AUC=0.9154 AUPR=0.8816 F1=0.8093 ACC=0.8340
Epoch 084/120 | TrainLoss=0.3840 (Cls=0.3573, Cont=5.3419) | Val AUC=0.9156 AUPR=0.8820 F1=0.8100 ACC=0.8361
Epoch 085/120 | TrainLoss=0.3842 (Cls=0.3575, Cont=5.3534) | Val AUC=0.9161 AUPR=0.8828 F1=0.8094 ACC=0.8346
Epoch 086/120 | TrainLoss=0.3827 (Cls=0.3560, Cont=5.3453) | Val AUC=0.9159 AUPR=0.8825 F1=0.8074 ACC=0.8311
Epoch 087/120 | TrainLoss=0.3834 (Cls=0.3566, Cont=5.3449) | Val AUC=0.9158 AUPR=0.8826 F1=0.8070 ACC=0.8339
Epoch 088/120 | TrainLoss=0.3827 (Cls=0.3561, Cont=5.3294) | Val AUC=0.9158 AUPR=0.8823 F1=0.8067 ACC=0.8332
Epoch 089/120 | TrainLoss=0.3824 (Cls=0.3557, Cont=5.3455) | Val AUC=0.9160 AUPR=0.8824 F1=0.8079 ACC=0.8350
Epoch 090/120 | TrainLoss=0.3832 (Cls=0.3565, Cont=5.3451) | Val AUC=0.9162 AUPR=0.8830 F1=0.8077 ACC=0.8349
Epoch 091/120 | TrainLoss=0.3816 (Cls=0.3549, Cont=5.3518) | Val AUC=0.9163 AUPR=0.8835 F1=0.8066 ACC=0.8327
Epoch 092/120 | TrainLoss=0.3815 (Cls=0.3548, Cont=5.3426) | Val AUC=0.9164 AUPR=0.8838 F1=0.8068 ACC=0.8333
Epoch 093/120 | TrainLoss=0.3822 (Cls=0.3555, Cont=5.3514) | Val AUC=0.9166 AUPR=0.8843 F1=0.8069 ACC=0.8289
Epoch 094/120 | TrainLoss=0.3807 (Cls=0.3540, Cont=5.3367) | Val AUC=0.9166 AUPR=0.8840 F1=0.8076 ACC=0.8374
Epoch 095/120 | TrainLoss=0.3794 (Cls=0.3527, Cont=5.3495) | Val AUC=0.9167 AUPR=0.8840 F1=0.8079 ACC=0.8383
Epoch 096/120 | TrainLoss=0.3786 (Cls=0.3519, Cont=5.3373) | Val AUC=0.9173 AUPR=0.8847 F1=0.8091 ACC=0.8326
Epoch 097/120 | TrainLoss=0.3789 (Cls=0.3522, Cont=5.3452) | Val AUC=0.9176 AUPR=0.8852 F1=0.8097 ACC=0.8358
Epoch 098/120 | TrainLoss=0.3795 (Cls=0.3528, Cont=5.3365) | Val AUC=0.9178 AUPR=0.8858 F1=0.8092 ACC=0.8373
Epoch 099/120 | TrainLoss=0.3780 (Cls=0.3514, Cont=5.3354) | Val AUC=0.9179 AUPR=0.8858 F1=0.8099 ACC=0.8374
Epoch 100/120 | TrainLoss=0.3787 (Cls=0.3521, Cont=5.3358) | Val AUC=0.9182 AUPR=0.8855 F1=0.8125 ACC=0.8388
Epoch 101/120 | TrainLoss=0.3781 (Cls=0.3513, Cont=5.3459) | Val AUC=0.9186 AUPR=0.8859 F1=0.8122 ACC=0.8393
Epoch 102/120 | TrainLoss=0.3766 (Cls=0.3499, Cont=5.3545) | Val AUC=0.9188 AUPR=0.8864 F1=0.8119 ACC=0.8386
Epoch 103/120 | TrainLoss=0.3785 (Cls=0.3518, Cont=5.3495) | Val AUC=0.9184 AUPR=0.8859 F1=0.8114 ACC=0.8376
Epoch 104/120 | TrainLoss=0.3774 (Cls=0.3507, Cont=5.3425) | Val AUC=0.9188 AUPR=0.8869 F1=0.8118 ACC=0.8382
Epoch 105/120 | TrainLoss=0.3765 (Cls=0.3497, Cont=5.3456) | Val AUC=0.9188 AUPR=0.8867 F1=0.8125 ACC=0.8403
Epoch 106/120 | TrainLoss=0.3775 (Cls=0.3507, Cont=5.3571) | Val AUC=0.9186 AUPR=0.8867 F1=0.8120 ACC=0.8375
Epoch 107/120 | TrainLoss=0.3762 (Cls=0.3496, Cont=5.3297) | Val AUC=0.9189 AUPR=0.8872 F1=0.8120 ACC=0.8416
Epoch 108/120 | TrainLoss=0.3755 (Cls=0.3488, Cont=5.3352) | Val AUC=0.9191 AUPR=0.8875 F1=0.8117 ACC=0.8358
Epoch 109/120 | TrainLoss=0.3749 (Cls=0.3482, Cont=5.3335) | Val AUC=0.9195 AUPR=0.8883 F1=0.8134 ACC=0.8426
Epoch 110/120 | TrainLoss=0.3742 (Cls=0.3475, Cont=5.3368) | Val AUC=0.9195 AUPR=0.8882 F1=0.8146 ACC=0.8445
Epoch 111/120 | TrainLoss=0.3755 (Cls=0.3487, Cont=5.3480) | Val AUC=0.9197 AUPR=0.8889 F1=0.8151 ACC=0.8417
Epoch 112/120 | TrainLoss=0.3747 (Cls=0.3480, Cont=5.3439) | Val AUC=0.9197 AUPR=0.8893 F1=0.8142 ACC=0.8430
Epoch 113/120 | TrainLoss=0.3743 (Cls=0.3476, Cont=5.3342) | Val AUC=0.9194 AUPR=0.8890 F1=0.8124 ACC=0.8430
Epoch 114/120 | TrainLoss=0.3733 (Cls=0.3466, Cont=5.3396) | Val AUC=0.9195 AUPR=0.8891 F1=0.8108 ACC=0.8416
Epoch 115/120 | TrainLoss=0.3724 (Cls=0.3458, Cont=5.3387) | Val AUC=0.9191 AUPR=0.8884 F1=0.8120 ACC=0.8406
Epoch 116/120 | TrainLoss=0.3743 (Cls=0.3476, Cont=5.3306) | Val AUC=0.9192 AUPR=0.8887 F1=0.8129 ACC=0.8398
Epoch 117/120 | TrainLoss=0.3721 (Cls=0.3454, Cont=5.3375) | Val AUC=0.9190 AUPR=0.8885 F1=0.8129 ACC=0.8385
Epoch 118/120 | TrainLoss=0.3726 (Cls=0.3460, Cont=5.3240) | Val AUC=0.9193 AUPR=0.8887 F1=0.8122 ACC=0.8395
Epoch 119/120 | TrainLoss=0.3727 (Cls=0.3460, Cont=5.3244) | Val AUC=0.9194 AUPR=0.8889 F1=0.8128 ACC=0.8388
Epoch 120/120 | TrainLoss=0.3707 (Cls=0.3441, Cont=5.3245) | Val AUC=0.9189 AUPR=0.8884 F1=0.8109 ACC=0.8378
Fold 5 complete | Best Val AUC=0.9197 | Test AUC=0.9192 AUPR=0.8895 F1=0.8106 ACC=0.8347 | FoldTime=308.01s

================================================================================
Cross-validation complete
Mean AUC:  0.9200 +/- 0.0013
Mean AUPR: 0.8891 +/- 0.0032
Mean F1:   0.8107 +/- 0.0026
Mean ACC:  0.8382 +/- 0.0027
Saved outputs to: /content/drive/MyDrive/CDRP models testing/flexible model/outputs/exp2_sharded_v2_verified_t4_v1_shards_16
