Run directory: /content/drive/MyDrive/CDRP models testing/flexible model/outputs/exp2_sharded_v2_verified_t4_v1_shards_4
Device: cuda
Command: /content/drive/MyDrive/CDRP models testing/flexible model/main_flexible.py --run_name exp2_sharded_v2_verified_t4_v1_shards_4 --dataset_root /content/drive/MyDrive/CDRP models testing/flexible model/flexibility_views/exp2_pathway_sharding/verified_t4_v1_shards_4 --epoch 120 --lr 0.001 --weight_decay 1e-05 --hidden_channels 256 --output_channels 64 --fusion_dim 512 --dropout 0.2 --num_layers 2 --heads 4 --drug_num_gnn_layers 3 --drug_batch_size 0 --k_fold 5 --seed 0 --top_k 10 --contrastive_weight 0.005 --temperature 0.05 --warmup_epochs 10 --max_contrastive_pairs 2048 --device cuda --omics pathway_shard_01 pathway_shard_02 pathway_shard_03 pathway_shard_04
Loading aligned data from: /content/drive/MyDrive/CDRP models testing/flexible model/flexibility_views/exp2_pathway_sharding/verified_t4_v1_shards_4
Loaded data: pairs=109446, cells=425, drugs=298
Selected omics: pathway_shard_01, pathway_shard_02, pathway_shard_03, pathway_shard_04

================================================================================
Fold 1/5 (fold_id=1)
================================================================================
Epoch 001/120 | TrainLoss=0.6798 (Cls=0.6798, Cont=0.0000) | Val AUC=0.5770 AUPR=0.4800 F1=0.5819 ACC=0.4301
Epoch 002/120 | TrainLoss=0.6793 (Cls=0.6793, Cont=0.0000) | Val AUC=0.5716 AUPR=0.4687 F1=0.5812 ACC=0.4171
Epoch 003/120 | TrainLoss=0.6561 (Cls=0.6561, Cont=0.0000) | Val AUC=0.5804 AUPR=0.4751 F1=0.5828 ACC=0.4463
Epoch 004/120 | TrainLoss=0.6437 (Cls=0.6437, Cont=0.0000) | Val AUC=0.5853 AUPR=0.4813 F1=0.5819 ACC=0.4444
Epoch 005/120 | TrainLoss=0.6178 (Cls=0.6178, Cont=0.0000) | Val AUC=0.5881 AUPR=0.4854 F1=0.5818 ACC=0.4292
Epoch 006/120 | TrainLoss=0.5917 (Cls=0.5917, Cont=0.0000) | Val AUC=0.5861 AUPR=0.4845 F1=0.5822 ACC=0.4502
Epoch 007/120 | TrainLoss=0.5670 (Cls=0.5670, Cont=0.0000) | Val AUC=0.5901 AUPR=0.4872 F1=0.5840 ACC=0.4751
Epoch 008/120 | TrainLoss=0.5382 (Cls=0.5382, Cont=0.0000) | Val AUC=0.5904 AUPR=0.4899 F1=0.5838 ACC=0.4295
Epoch 009/120 | TrainLoss=0.5036 (Cls=0.5036, Cont=0.0000) | Val AUC=0.5899 AUPR=0.4910 F1=0.5835 ACC=0.4828
Epoch 010/120 | TrainLoss=0.4842 (Cls=0.4842, Cont=0.0000) | Val AUC=0.5916 AUPR=0.4911 F1=0.5870 ACC=0.4798
Epoch 011/120 | TrainLoss=0.5274 (Cls=0.4952, Cont=6.4310) | Val AUC=0.5968 AUPR=0.4978 F1=0.5879 ACC=0.4809
Epoch 012/120 | TrainLoss=0.4904 (Cls=0.4623, Cont=5.6186) | Val AUC=0.6058 AUPR=0.5076 F1=0.5891 ACC=0.4804
Epoch 013/120 | TrainLoss=0.4947 (Cls=0.4672, Cont=5.4960) | Val AUC=0.6090 AUPR=0.5119 F1=0.5875 ACC=0.4836
Epoch 014/120 | TrainLoss=0.4751 (Cls=0.4478, Cont=5.4540) | Val AUC=0.6131 AUPR=0.5170 F1=0.5885 ACC=0.4865
Epoch 015/120 | TrainLoss=0.4570 (Cls=0.4298, Cont=5.4375) | Val AUC=0.6175 AUPR=0.5229 F1=0.5899 ACC=0.4793
Epoch 016/120 | TrainLoss=0.4567 (Cls=0.4296, Cont=5.4304) | Val AUC=0.6209 AUPR=0.5250 F1=0.5910 ACC=0.4941
Epoch 017/120 | TrainLoss=0.4546 (Cls=0.4275, Cont=5.4257) | Val AUC=0.6367 AUPR=0.5410 F1=0.5940 ACC=0.5084
Epoch 018/120 | TrainLoss=0.4488 (Cls=0.4217, Cont=5.4186) | Val AUC=0.6441 AUPR=0.5473 F1=0.5953 ACC=0.5003
Epoch 019/120 | TrainLoss=0.4483 (Cls=0.4212, Cont=5.4108) | Val AUC=0.6491 AUPR=0.5504 F1=0.5984 ACC=0.5226
Epoch 020/120 | TrainLoss=0.4431 (Cls=0.4161, Cont=5.4064) | Val AUC=0.6582 AUPR=0.5573 F1=0.6029 ACC=0.5280
Epoch 021/120 | TrainLoss=0.4401 (Cls=0.4131, Cont=5.3964) | Val AUC=0.6718 AUPR=0.5709 F1=0.6079 ACC=0.5742
Epoch 022/120 | TrainLoss=0.4324 (Cls=0.4055, Cont=5.3942) | Val AUC=0.6843 AUPR=0.5848 F1=0.6106 ACC=0.5804
Epoch 023/120 | TrainLoss=0.4281 (Cls=0.4011, Cont=5.3901) | Val AUC=0.6941 AUPR=0.5979 F1=0.6186 ACC=0.5909
Epoch 024/120 | TrainLoss=0.4254 (Cls=0.3985, Cont=5.3807) | Val AUC=0.7045 AUPR=0.6117 F1=0.6246 ACC=0.6142
Epoch 025/120 | TrainLoss=0.4274 (Cls=0.4005, Cont=5.3771) | Val AUC=0.7169 AUPR=0.6268 F1=0.6324 ACC=0.6188
Epoch 026/120 | TrainLoss=0.4242 (Cls=0.3974, Cont=5.3562) | Val AUC=0.7368 AUPR=0.6474 F1=0.6429 ACC=0.6269
Epoch 027/120 | TrainLoss=0.4211 (Cls=0.3943, Cont=5.3572) | Val AUC=0.7591 AUPR=0.6758 F1=0.6591 ACC=0.6452
Epoch 028/120 | TrainLoss=0.4180 (Cls=0.3912, Cont=5.3692) | Val AUC=0.7797 AUPR=0.7012 F1=0.6744 ACC=0.6721
Epoch 029/120 | TrainLoss=0.4174 (Cls=0.3905, Cont=5.3826) | Val AUC=0.7966 AUPR=0.7218 F1=0.6874 ACC=0.6816
Epoch 030/120 | TrainLoss=0.4150 (Cls=0.3882, Cont=5.3633) | Val AUC=0.8123 AUPR=0.7401 F1=0.7014 ACC=0.7113
Epoch 031/120 | TrainLoss=0.4143 (Cls=0.3874, Cont=5.3800) | Val AUC=0.8235 AUPR=0.7569 F1=0.7089 ACC=0.7174
Epoch 032/120 | TrainLoss=0.4121 (Cls=0.3853, Cont=5.3662) | Val AUC=0.8277 AUPR=0.7649 F1=0.7129 ACC=0.7259
Epoch 033/120 | TrainLoss=0.4154 (Cls=0.3886, Cont=5.3547) | Val AUC=0.8346 AUPR=0.7745 F1=0.7185 ACC=0.7354
Epoch 034/120 | TrainLoss=0.4112 (Cls=0.3845, Cont=5.3528) | Val AUC=0.8434 AUPR=0.7879 F1=0.7264 ACC=0.7404
Epoch 035/120 | TrainLoss=0.4144 (Cls=0.3876, Cont=5.3564) | Val AUC=0.8575 AUPR=0.8025 F1=0.7424 ACC=0.7693
Epoch 036/120 | TrainLoss=0.4143 (Cls=0.3875, Cont=5.3546) | Val AUC=0.8699 AUPR=0.8175 F1=0.7582 ACC=0.7810
Epoch 037/120 | TrainLoss=0.4088 (Cls=0.3819, Cont=5.3637) | Val AUC=0.8821 AUPR=0.8339 F1=0.7709 ACC=0.7955
Epoch 038/120 | TrainLoss=0.4046 (Cls=0.3778, Cont=5.3531) | Val AUC=0.8897 AUPR=0.8457 F1=0.7777 ACC=0.8031
Epoch 039/120 | TrainLoss=0.4069 (Cls=0.3800, Cont=5.3636) | Val AUC=0.8920 AUPR=0.8501 F1=0.7796 ACC=0.8069
Epoch 040/120 | TrainLoss=0.4039 (Cls=0.3772, Cont=5.3528) | Val AUC=0.8921 AUPR=0.8507 F1=0.7767 ACC=0.8002
Epoch 041/120 | TrainLoss=0.4030 (Cls=0.3763, Cont=5.3491) | Val AUC=0.8954 AUPR=0.8541 F1=0.7825 ACC=0.8172
Epoch 042/120 | TrainLoss=0.4010 (Cls=0.3741, Cont=5.3641) | Val AUC=0.9002 AUPR=0.8587 F1=0.7892 ACC=0.8202
Epoch 043/120 | TrainLoss=0.4016 (Cls=0.3749, Cont=5.3526) | Val AUC=0.9040 AUPR=0.8628 F1=0.7948 ACC=0.8258
Epoch 044/120 | TrainLoss=0.3988 (Cls=0.3721, Cont=5.3337) | Val AUC=0.9065 AUPR=0.8665 F1=0.7993 ACC=0.8274
Epoch 045/120 | TrainLoss=0.3997 (Cls=0.3729, Cont=5.3503) | Val AUC=0.9071 AUPR=0.8679 F1=0.8011 ACC=0.8342
Epoch 046/120 | TrainLoss=0.4019 (Cls=0.3752, Cont=5.3579) | Val AUC=0.9090 AUPR=0.8698 F1=0.8035 ACC=0.8263
Epoch 047/120 | TrainLoss=0.3990 (Cls=0.3722, Cont=5.3514) | Val AUC=0.9084 AUPR=0.8693 F1=0.8019 ACC=0.8282
Epoch 048/120 | TrainLoss=0.3963 (Cls=0.3695, Cont=5.3514) | Val AUC=0.9079 AUPR=0.8691 F1=0.7992 ACC=0.8281
Epoch 049/120 | TrainLoss=0.3991 (Cls=0.3723, Cont=5.3640) | Val AUC=0.9095 AUPR=0.8711 F1=0.8021 ACC=0.8289
Epoch 050/120 | TrainLoss=0.3964 (Cls=0.3696, Cont=5.3522) | Val AUC=0.9105 AUPR=0.8722 F1=0.8008 ACC=0.8269
Epoch 051/120 | TrainLoss=0.4008 (Cls=0.3741, Cont=5.3404) | Val AUC=0.9118 AUPR=0.8736 F1=0.8036 ACC=0.8268
Epoch 052/120 | TrainLoss=0.3941 (Cls=0.3673, Cont=5.3498) | Val AUC=0.9122 AUPR=0.8741 F1=0.8053 ACC=0.8302
Epoch 053/120 | TrainLoss=0.3969 (Cls=0.3702, Cont=5.3422) | Val AUC=0.9114 AUPR=0.8730 F1=0.8022 ACC=0.8264
Epoch 054/120 | TrainLoss=0.3938 (Cls=0.3670, Cont=5.3638) | Val AUC=0.9113 AUPR=0.8731 F1=0.8025 ACC=0.8293
Epoch 055/120 | TrainLoss=0.3945 (Cls=0.3678, Cont=5.3484) | Val AUC=0.9131 AUPR=0.8754 F1=0.8063 ACC=0.8331
Epoch 056/120 | TrainLoss=0.3926 (Cls=0.3659, Cont=5.3429) | Val AUC=0.9145 AUPR=0.8773 F1=0.8089 ACC=0.8382
Epoch 057/120 | TrainLoss=0.3936 (Cls=0.3669, Cont=5.3416) | Val AUC=0.9147 AUPR=0.8780 F1=0.8085 ACC=0.8369
Epoch 058/120 | TrainLoss=0.3898 (Cls=0.3631, Cont=5.3440) | Val AUC=0.9143 AUPR=0.8774 F1=0.8066 ACC=0.8306
Epoch 059/120 | TrainLoss=0.3903 (Cls=0.3636, Cont=5.3462) | Val AUC=0.9141 AUPR=0.8770 F1=0.8056 ACC=0.8355
Epoch 060/120 | TrainLoss=0.3905 (Cls=0.3637, Cont=5.3511) | Val AUC=0.9150 AUPR=0.8784 F1=0.8070 ACC=0.8298
Epoch 061/120 | TrainLoss=0.3911 (Cls=0.3643, Cont=5.3453) | Val AUC=0.9151 AUPR=0.8787 F1=0.8071 ACC=0.8347
Epoch 062/120 | TrainLoss=0.3935 (Cls=0.3667, Cont=5.3555) | Val AUC=0.9152 AUPR=0.8785 F1=0.8068 ACC=0.8321
Epoch 063/120 | TrainLoss=0.3907 (Cls=0.3640, Cont=5.3498) | Val AUC=0.9145 AUPR=0.8779 F1=0.8051 ACC=0.8336
Epoch 064/120 | TrainLoss=0.3887 (Cls=0.3619, Cont=5.3451) | Val AUC=0.9129 AUPR=0.8767 F1=0.8032 ACC=0.8313
Epoch 065/120 | TrainLoss=0.3895 (Cls=0.3628, Cont=5.3460) | Val AUC=0.9132 AUPR=0.8775 F1=0.8038 ACC=0.8331
Epoch 066/120 | TrainLoss=0.3883 (Cls=0.3616, Cont=5.3383) | Val AUC=0.9141 AUPR=0.8787 F1=0.8034 ACC=0.8321
Epoch 067/120 | TrainLoss=0.3881 (Cls=0.3614, Cont=5.3509) | Val AUC=0.9150 AUPR=0.8800 F1=0.8046 ACC=0.8302
Epoch 068/120 | TrainLoss=0.3878 (Cls=0.3610, Cont=5.3528) | Val AUC=0.9153 AUPR=0.8802 F1=0.8058 ACC=0.8367
Epoch 069/120 | TrainLoss=0.3875 (Cls=0.3607, Cont=5.3456) | Val AUC=0.9152 AUPR=0.8797 F1=0.8064 ACC=0.8325
Epoch 070/120 | TrainLoss=0.3869 (Cls=0.3601, Cont=5.3440) | Val AUC=0.9160 AUPR=0.8810 F1=0.8096 ACC=0.8364
Epoch 071/120 | TrainLoss=0.3871 (Cls=0.3605, Cont=5.3342) | Val AUC=0.9163 AUPR=0.8815 F1=0.8080 ACC=0.8310
Epoch 072/120 | TrainLoss=0.3876 (Cls=0.3609, Cont=5.3359) | Val AUC=0.9166 AUPR=0.8814 F1=0.8078 ACC=0.8324
Epoch 073/120 | TrainLoss=0.3881 (Cls=0.3613, Cont=5.3526) | Val AUC=0.9170 AUPR=0.8820 F1=0.8088 ACC=0.8320
Epoch 074/120 | TrainLoss=0.3855 (Cls=0.3589, Cont=5.3352) | Val AUC=0.9167 AUPR=0.8818 F1=0.8095 ACC=0.8347
Epoch 075/120 | TrainLoss=0.3866 (Cls=0.3599, Cont=5.3477) | Val AUC=0.9157 AUPR=0.8802 F1=0.8080 ACC=0.8301
Epoch 076/120 | TrainLoss=0.3871 (Cls=0.3604, Cont=5.3447) | Val AUC=0.9159 AUPR=0.8806 F1=0.8087 ACC=0.8332
Epoch 077/120 | TrainLoss=0.3839 (Cls=0.3572, Cont=5.3430) | Val AUC=0.9165 AUPR=0.8819 F1=0.8092 ACC=0.8344
Epoch 078/120 | TrainLoss=0.3858 (Cls=0.3591, Cont=5.3388) | Val AUC=0.9171 AUPR=0.8828 F1=0.8087 ACC=0.8346
Epoch 079/120 | TrainLoss=0.3842 (Cls=0.3574, Cont=5.3527) | Val AUC=0.9174 AUPR=0.8832 F1=0.8092 ACC=0.8352
Epoch 080/120 | TrainLoss=0.3840 (Cls=0.3572, Cont=5.3425) | Val AUC=0.9177 AUPR=0.8840 F1=0.8098 ACC=0.8340
Epoch 081/120 | TrainLoss=0.3835 (Cls=0.3567, Cont=5.3516) | Val AUC=0.9180 AUPR=0.8845 F1=0.8110 ACC=0.8377
Epoch 082/120 | TrainLoss=0.3848 (Cls=0.3580, Cont=5.3523) | Val AUC=0.9177 AUPR=0.8840 F1=0.8089 ACC=0.8354
Epoch 083/120 | TrainLoss=0.3816 (Cls=0.3549, Cont=5.3406) | Val AUC=0.9179 AUPR=0.8846 F1=0.8102 ACC=0.8343
Epoch 084/120 | TrainLoss=0.3821 (Cls=0.3554, Cont=5.3463) | Val AUC=0.9182 AUPR=0.8852 F1=0.8111 ACC=0.8379
Epoch 085/120 | TrainLoss=0.3827 (Cls=0.3559, Cont=5.3528) | Val AUC=0.9181 AUPR=0.8847 F1=0.8112 ACC=0.8352
Epoch 086/120 | TrainLoss=0.3818 (Cls=0.3551, Cont=5.3378) | Val AUC=0.9178 AUPR=0.8839 F1=0.8102 ACC=0.8370
Epoch 087/120 | TrainLoss=0.3820 (Cls=0.3553, Cont=5.3421) | Val AUC=0.9183 AUPR=0.8852 F1=0.8108 ACC=0.8383
Epoch 088/120 | TrainLoss=0.3792 (Cls=0.3525, Cont=5.3449) | Val AUC=0.9177 AUPR=0.8852 F1=0.8091 ACC=0.8401
Epoch 089/120 | TrainLoss=0.3799 (Cls=0.3533, Cont=5.3229) | Val AUC=0.9175 AUPR=0.8849 F1=0.8088 ACC=0.8383
Epoch 090/120 | TrainLoss=0.3812 (Cls=0.3545, Cont=5.3439) | Val AUC=0.9180 AUPR=0.8850 F1=0.8077 ACC=0.8349
Epoch 091/120 | TrainLoss=0.3789 (Cls=0.3522, Cont=5.3365) | Val AUC=0.9176 AUPR=0.8846 F1=0.8066 ACC=0.8297
Epoch 092/120 | TrainLoss=0.3800 (Cls=0.3532, Cont=5.3562) | Val AUC=0.9179 AUPR=0.8852 F1=0.8078 ACC=0.8332
Epoch 093/120 | TrainLoss=0.3807 (Cls=0.3540, Cont=5.3489) | Val AUC=0.9181 AUPR=0.8854 F1=0.8073 ACC=0.8297
Epoch 094/120 | TrainLoss=0.3783 (Cls=0.3516, Cont=5.3361) | Val AUC=0.9187 AUPR=0.8865 F1=0.8092 ACC=0.8390
Epoch 095/120 | TrainLoss=0.3787 (Cls=0.3519, Cont=5.3432) | Val AUC=0.9190 AUPR=0.8870 F1=0.8093 ACC=0.8363
Epoch 096/120 | TrainLoss=0.3781 (Cls=0.3514, Cont=5.3433) | Val AUC=0.9191 AUPR=0.8871 F1=0.8101 ACC=0.8371
Epoch 097/120 | TrainLoss=0.3773 (Cls=0.3506, Cont=5.3527) | Val AUC=0.9194 AUPR=0.8874 F1=0.8104 ACC=0.8374
Epoch 098/120 | TrainLoss=0.3771 (Cls=0.3504, Cont=5.3425) | Val AUC=0.9195 AUPR=0.8874 F1=0.8103 ACC=0.8411
Epoch 099/120 | TrainLoss=0.3759 (Cls=0.3491, Cont=5.3487) | Val AUC=0.9198 AUPR=0.8878 F1=0.8109 ACC=0.8405
Epoch 100/120 | TrainLoss=0.3764 (Cls=0.3497, Cont=5.3432) | Val AUC=0.9202 AUPR=0.8881 F1=0.8121 ACC=0.8405
Epoch 101/120 | TrainLoss=0.3762 (Cls=0.3495, Cont=5.3443) | Val AUC=0.9205 AUPR=0.8882 F1=0.8132 ACC=0.8416
Epoch 102/120 | TrainLoss=0.3749 (Cls=0.3482, Cont=5.3358) | Val AUC=0.9209 AUPR=0.8887 F1=0.8144 ACC=0.8413
Epoch 103/120 | TrainLoss=0.3758 (Cls=0.3492, Cont=5.3371) | Val AUC=0.9212 AUPR=0.8894 F1=0.8151 ACC=0.8419
Epoch 104/120 | TrainLoss=0.3740 (Cls=0.3473, Cont=5.3367) | Val AUC=0.9211 AUPR=0.8897 F1=0.8143 ACC=0.8411
Epoch 105/120 | TrainLoss=0.3747 (Cls=0.3479, Cont=5.3493) | Val AUC=0.9211 AUPR=0.8898 F1=0.8147 ACC=0.8412
Epoch 106/120 | TrainLoss=0.3745 (Cls=0.3478, Cont=5.3475) | Val AUC=0.9210 AUPR=0.8897 F1=0.8132 ACC=0.8403
Epoch 107/120 | TrainLoss=0.3749 (Cls=0.3482, Cont=5.3491) | Val AUC=0.9212 AUPR=0.8905 F1=0.8130 ACC=0.8424
Epoch 108/120 | TrainLoss=0.3730 (Cls=0.3463, Cont=5.3437) | Val AUC=0.9216 AUPR=0.8910 F1=0.8132 ACC=0.8401
Epoch 109/120 | TrainLoss=0.3747 (Cls=0.3480, Cont=5.3396) | Val AUC=0.9215 AUPR=0.8904 F1=0.8127 ACC=0.8410
Epoch 110/120 | TrainLoss=0.3734 (Cls=0.3467, Cont=5.3394) | Val AUC=0.9215 AUPR=0.8901 F1=0.8140 ACC=0.8397
Epoch 111/120 | TrainLoss=0.3727 (Cls=0.3460, Cont=5.3381) | Val AUC=0.9212 AUPR=0.8895 F1=0.8146 ACC=0.8400
Epoch 112/120 | TrainLoss=0.3720 (Cls=0.3453, Cont=5.3350) | Val AUC=0.9212 AUPR=0.8898 F1=0.8162 ACC=0.8421
Epoch 113/120 | TrainLoss=0.3709 (Cls=0.3442, Cont=5.3453) | Val AUC=0.9214 AUPR=0.8905 F1=0.8133 ACC=0.8387
Epoch 114/120 | TrainLoss=0.3732 (Cls=0.3465, Cont=5.3381) | Val AUC=0.9221 AUPR=0.8916 F1=0.8149 ACC=0.8416
Epoch 115/120 | TrainLoss=0.3725 (Cls=0.3458, Cont=5.3234) | Val AUC=0.9221 AUPR=0.8915 F1=0.8141 ACC=0.8361
Epoch 116/120 | TrainLoss=0.3724 (Cls=0.3457, Cont=5.3431) | Val AUC=0.9224 AUPR=0.8918 F1=0.8152 ACC=0.8398
Epoch 117/120 | TrainLoss=0.3698 (Cls=0.3432, Cont=5.3376) | Val AUC=0.9222 AUPR=0.8917 F1=0.8151 ACC=0.8395
Epoch 118/120 | TrainLoss=0.3710 (Cls=0.3443, Cont=5.3317) | Val AUC=0.9227 AUPR=0.8924 F1=0.8163 ACC=0.8457
Epoch 119/120 | TrainLoss=0.3699 (Cls=0.3432, Cont=5.3390) | Val AUC=0.9230 AUPR=0.8928 F1=0.8166 ACC=0.8436
Epoch 120/120 | TrainLoss=0.3717 (Cls=0.3450, Cont=5.3412) | Val AUC=0.9232 AUPR=0.8929 F1=0.8165 ACC=0.8411
Fold 1 complete | Best Val AUC=0.9232 | Test AUC=0.9222 AUPR=0.8952 F1=0.8141 ACC=0.8434 | FoldTime=299.84s

================================================================================
Fold 2/5 (fold_id=2)
================================================================================
Epoch 001/120 | TrainLoss=0.7205 (Cls=0.7205, Cont=0.0000) | Val AUC=0.5388 AUPR=0.4330 F1=0.5784 ACC=0.4092
Epoch 002/120 | TrainLoss=0.6716 (Cls=0.6716, Cont=0.0000) | Val AUC=0.5655 AUPR=0.4714 F1=0.5790 ACC=0.4150
Epoch 003/120 | TrainLoss=0.6708 (Cls=0.6708, Cont=0.0000) | Val AUC=0.5783 AUPR=0.4780 F1=0.5806 ACC=0.4242
Epoch 004/120 | TrainLoss=0.6550 (Cls=0.6550, Cont=0.0000) | Val AUC=0.5778 AUPR=0.4800 F1=0.5806 ACC=0.4273
Epoch 005/120 | TrainLoss=0.6433 (Cls=0.6433, Cont=0.0000) | Val AUC=0.5760 AUPR=0.4746 F1=0.5813 ACC=0.4276
Epoch 006/120 | TrainLoss=0.6255 (Cls=0.6255, Cont=0.0000) | Val AUC=0.5785 AUPR=0.4753 F1=0.5820 ACC=0.4257
Epoch 007/120 | TrainLoss=0.6121 (Cls=0.6121, Cont=0.0000) | Val AUC=0.5821 AUPR=0.4798 F1=0.5833 ACC=0.4495
Epoch 008/120 | TrainLoss=0.5895 (Cls=0.5895, Cont=0.0000) | Val AUC=0.5813 AUPR=0.4794 F1=0.5822 ACC=0.4285
Epoch 009/120 | TrainLoss=0.5704 (Cls=0.5704, Cont=0.0000) | Val AUC=0.5850 AUPR=0.4860 F1=0.5832 ACC=0.4515
Epoch 010/120 | TrainLoss=0.5526 (Cls=0.5526, Cont=0.0000) | Val AUC=0.5925 AUPR=0.4959 F1=0.5842 ACC=0.4540
Epoch 011/120 | TrainLoss=0.5710 (Cls=0.5373, Cont=6.7331) | Val AUC=0.5943 AUPR=0.4986 F1=0.5840 ACC=0.4359
Epoch 012/120 | TrainLoss=0.5483 (Cls=0.5204, Cont=5.5847) | Val AUC=0.5964 AUPR=0.4993 F1=0.5851 ACC=0.4415
Epoch 013/120 | TrainLoss=0.5253 (Cls=0.4980, Cont=5.4629) | Val AUC=0.6015 AUPR=0.5046 F1=0.5876 ACC=0.4586
Epoch 014/120 | TrainLoss=0.5092 (Cls=0.4819, Cont=5.4461) | Val AUC=0.6024 AUPR=0.5095 F1=0.5842 ACC=0.4433
Epoch 015/120 | TrainLoss=0.4971 (Cls=0.4699, Cont=5.4376) | Val AUC=0.6140 AUPR=0.5189 F1=0.5854 ACC=0.4631
Epoch 016/120 | TrainLoss=0.4972 (Cls=0.4700, Cont=5.4366) | Val AUC=0.6136 AUPR=0.5262 F1=0.5825 ACC=0.4281
Epoch 017/120 | TrainLoss=0.4798 (Cls=0.4526, Cont=5.4323) | Val AUC=0.6158 AUPR=0.5187 F1=0.5822 ACC=0.4297
Epoch 018/120 | TrainLoss=0.4808 (Cls=0.4536, Cont=5.4352) | Val AUC=0.6328 AUPR=0.5280 F1=0.5880 ACC=0.4574
Epoch 019/120 | TrainLoss=0.4847 (Cls=0.4575, Cont=5.4342) | Val AUC=0.6405 AUPR=0.5517 F1=0.5865 ACC=0.4555
Epoch 020/120 | TrainLoss=0.4688 (Cls=0.4416, Cont=5.4317) | Val AUC=0.6326 AUPR=0.5537 F1=0.5836 ACC=0.4596
Epoch 021/120 | TrainLoss=0.4563 (Cls=0.4292, Cont=5.4321) | Val AUC=0.6260 AUPR=0.5481 F1=0.5821 ACC=0.4380
Epoch 022/120 | TrainLoss=0.4610 (Cls=0.4339, Cont=5.4263) | Val AUC=0.6241 AUPR=0.5431 F1=0.5814 ACC=0.4257
Epoch 023/120 | TrainLoss=0.4540 (Cls=0.4269, Cont=5.4230) | Val AUC=0.6439 AUPR=0.5536 F1=0.5848 ACC=0.5426
Epoch 024/120 | TrainLoss=0.4531 (Cls=0.4260, Cont=5.4178) | Val AUC=0.6672 AUPR=0.5578 F1=0.6015 ACC=0.5777
Epoch 025/120 | TrainLoss=0.4498 (Cls=0.4228, Cont=5.4093) | Val AUC=0.6818 AUPR=0.5684 F1=0.6107 ACC=0.5706
Epoch 026/120 | TrainLoss=0.4451 (Cls=0.4180, Cont=5.4084) | Val AUC=0.6938 AUPR=0.5804 F1=0.6187 ACC=0.5842
Epoch 027/120 | TrainLoss=0.4400 (Cls=0.4130, Cont=5.4007) | Val AUC=0.7067 AUPR=0.5919 F1=0.6277 ACC=0.6162
Epoch 028/120 | TrainLoss=0.4387 (Cls=0.4117, Cont=5.3985) | Val AUC=0.7295 AUPR=0.6139 F1=0.6433 ACC=0.6340
Epoch 029/120 | TrainLoss=0.4370 (Cls=0.4100, Cont=5.3961) | Val AUC=0.7557 AUPR=0.6386 F1=0.6582 ACC=0.6562
Epoch 030/120 | TrainLoss=0.4329 (Cls=0.4060, Cont=5.3790) | Val AUC=0.7776 AUPR=0.6678 F1=0.6719 ACC=0.6579
Epoch 031/120 | TrainLoss=0.4312 (Cls=0.4044, Cont=5.3662) | Val AUC=0.7897 AUPR=0.6876 F1=0.6831 ACC=0.6982
Epoch 032/120 | TrainLoss=0.4285 (Cls=0.4016, Cont=5.3736) | Val AUC=0.7968 AUPR=0.7005 F1=0.6930 ACC=0.7118
Epoch 033/120 | TrainLoss=0.4296 (Cls=0.4028, Cont=5.3648) | Val AUC=0.8085 AUPR=0.7145 F1=0.7059 ACC=0.7195
Epoch 034/120 | TrainLoss=0.4237 (Cls=0.3970, Cont=5.3570) | Val AUC=0.8260 AUPR=0.7364 F1=0.7181 ACC=0.7431
Epoch 035/120 | TrainLoss=0.4242 (Cls=0.3973, Cont=5.3777) | Val AUC=0.8331 AUPR=0.7489 F1=0.7258 ACC=0.7456
Epoch 036/120 | TrainLoss=0.4192 (Cls=0.3924, Cont=5.3598) | Val AUC=0.8417 AUPR=0.7689 F1=0.7331 ACC=0.7588
Epoch 037/120 | TrainLoss=0.4221 (Cls=0.3952, Cont=5.3813) | Val AUC=0.8521 AUPR=0.7910 F1=0.7394 ACC=0.7653
Epoch 038/120 | TrainLoss=0.4213 (Cls=0.3944, Cont=5.3760) | Val AUC=0.8593 AUPR=0.8032 F1=0.7453 ACC=0.7704
Epoch 039/120 | TrainLoss=0.4198 (Cls=0.3930, Cont=5.3650) | Val AUC=0.8650 AUPR=0.8153 F1=0.7460 ACC=0.7735
Epoch 040/120 | TrainLoss=0.4167 (Cls=0.3898, Cont=5.3715) | Val AUC=0.8683 AUPR=0.8202 F1=0.7498 ACC=0.7811
Epoch 041/120 | TrainLoss=0.4158 (Cls=0.3891, Cont=5.3551) | Val AUC=0.8823 AUPR=0.8371 F1=0.7686 ACC=0.7918
Epoch 042/120 | TrainLoss=0.4158 (Cls=0.3890, Cont=5.3646) | Val AUC=0.8913 AUPR=0.8464 F1=0.7801 ACC=0.8086
Epoch 043/120 | TrainLoss=0.4126 (Cls=0.3858, Cont=5.3634) | Val AUC=0.8935 AUPR=0.8489 F1=0.7775 ACC=0.8127
Epoch 044/120 | TrainLoss=0.4102 (Cls=0.3833, Cont=5.3689) | Val AUC=0.8958 AUPR=0.8536 F1=0.7813 ACC=0.8130
Epoch 045/120 | TrainLoss=0.4113 (Cls=0.3845, Cont=5.3561) | Val AUC=0.8991 AUPR=0.8591 F1=0.7826 ACC=0.8151
Epoch 046/120 | TrainLoss=0.4110 (Cls=0.3842, Cont=5.3533) | Val AUC=0.9012 AUPR=0.8626 F1=0.7868 ACC=0.8172
Epoch 047/120 | TrainLoss=0.4080 (Cls=0.3812, Cont=5.3511) | Val AUC=0.9015 AUPR=0.8645 F1=0.7880 ACC=0.8135
Epoch 048/120 | TrainLoss=0.4084 (Cls=0.3816, Cont=5.3602) | Val AUC=0.9029 AUPR=0.8671 F1=0.7905 ACC=0.8188
Epoch 049/120 | TrainLoss=0.4077 (Cls=0.3809, Cont=5.3605) | Val AUC=0.9065 AUPR=0.8712 F1=0.7944 ACC=0.8173
Epoch 050/120 | TrainLoss=0.4055 (Cls=0.3788, Cont=5.3497) | Val AUC=0.9074 AUPR=0.8715 F1=0.7958 ACC=0.8271
Epoch 051/120 | TrainLoss=0.4033 (Cls=0.3765, Cont=5.3568) | Val AUC=0.9061 AUPR=0.8691 F1=0.7922 ACC=0.8228
Epoch 052/120 | TrainLoss=0.4041 (Cls=0.3773, Cont=5.3627) | Val AUC=0.9056 AUPR=0.8686 F1=0.7927 ACC=0.8228
Epoch 053/120 | TrainLoss=0.4043 (Cls=0.3775, Cont=5.3641) | Val AUC=0.9068 AUPR=0.8704 F1=0.7930 ACC=0.8214
Epoch 054/120 | TrainLoss=0.4004 (Cls=0.3736, Cont=5.3505) | Val AUC=0.9077 AUPR=0.8716 F1=0.7946 ACC=0.8271
Epoch 055/120 | TrainLoss=0.4027 (Cls=0.3759, Cont=5.3624) | Val AUC=0.9087 AUPR=0.8729 F1=0.7955 ACC=0.8268
Epoch 056/120 | TrainLoss=0.4006 (Cls=0.3739, Cont=5.3434) | Val AUC=0.9090 AUPR=0.8735 F1=0.7980 ACC=0.8231
Epoch 057/120 | TrainLoss=0.3998 (Cls=0.3730, Cont=5.3499) | Val AUC=0.9080 AUPR=0.8727 F1=0.7961 ACC=0.8210
Epoch 058/120 | TrainLoss=0.4011 (Cls=0.3744, Cont=5.3387) | Val AUC=0.9079 AUPR=0.8730 F1=0.7957 ACC=0.8201
Epoch 059/120 | TrainLoss=0.3978 (Cls=0.3711, Cont=5.3515) | Val AUC=0.9082 AUPR=0.8736 F1=0.7978 ACC=0.8227
Epoch 060/120 | TrainLoss=0.3989 (Cls=0.3722, Cont=5.3432) | Val AUC=0.9090 AUPR=0.8745 F1=0.7988 ACC=0.8222
Epoch 061/120 | TrainLoss=0.3954 (Cls=0.3686, Cont=5.3512) | Val AUC=0.9097 AUPR=0.8751 F1=0.7997 ACC=0.8262
Epoch 062/120 | TrainLoss=0.3949 (Cls=0.3681, Cont=5.3608) | Val AUC=0.9107 AUPR=0.8763 F1=0.8005 ACC=0.8239
Epoch 063/120 | TrainLoss=0.3929 (Cls=0.3662, Cont=5.3375) | Val AUC=0.9110 AUPR=0.8768 F1=0.8003 ACC=0.8269
Epoch 064/120 | TrainLoss=0.3975 (Cls=0.3707, Cont=5.3536) | Val AUC=0.9122 AUPR=0.8787 F1=0.8005 ACC=0.8275
Epoch 065/120 | TrainLoss=0.3937 (Cls=0.3670, Cont=5.3429) | Val AUC=0.9118 AUPR=0.8782 F1=0.7993 ACC=0.8292
Epoch 066/120 | TrainLoss=0.3933 (Cls=0.3665, Cont=5.3584) | Val AUC=0.9109 AUPR=0.8773 F1=0.7971 ACC=0.8173
Epoch 067/120 | TrainLoss=0.3926 (Cls=0.3659, Cont=5.3428) | Val AUC=0.9108 AUPR=0.8774 F1=0.7971 ACC=0.8193
Epoch 068/120 | TrainLoss=0.3935 (Cls=0.3667, Cont=5.3485) | Val AUC=0.9118 AUPR=0.8788 F1=0.7981 ACC=0.8292
Epoch 069/120 | TrainLoss=0.3919 (Cls=0.3651, Cont=5.3550) | Val AUC=0.9119 AUPR=0.8785 F1=0.7989 ACC=0.8307
Epoch 070/120 | TrainLoss=0.3916 (Cls=0.3649, Cont=5.3543) | Val AUC=0.9106 AUPR=0.8772 F1=0.8002 ACC=0.8272
Epoch 071/120 | TrainLoss=0.3933 (Cls=0.3666, Cont=5.3447) | Val AUC=0.9109 AUPR=0.8777 F1=0.8008 ACC=0.8257
Epoch 072/120 | TrainLoss=0.3922 (Cls=0.3654, Cont=5.3511) | Val AUC=0.9117 AUPR=0.8787 F1=0.8010 ACC=0.8259
Epoch 073/120 | TrainLoss=0.3932 (Cls=0.3665, Cont=5.3410) | Val AUC=0.9116 AUPR=0.8788 F1=0.8005 ACC=0.8267
Epoch 074/120 | TrainLoss=0.3896 (Cls=0.3628, Cont=5.3488) | Val AUC=0.9109 AUPR=0.8779 F1=0.8002 ACC=0.8250
Epoch 075/120 | TrainLoss=0.3898 (Cls=0.3631, Cont=5.3483) | Val AUC=0.9116 AUPR=0.8785 F1=0.8011 ACC=0.8242
Epoch 076/120 | TrainLoss=0.3893 (Cls=0.3626, Cont=5.3444) | Val AUC=0.9123 AUPR=0.8792 F1=0.8013 ACC=0.8268
Epoch 077/120 | TrainLoss=0.3912 (Cls=0.3644, Cont=5.3484) | Val AUC=0.9121 AUPR=0.8787 F1=0.8015 ACC=0.8276
Epoch 078/120 | TrainLoss=0.3880 (Cls=0.3613, Cont=5.3356) | Val AUC=0.9121 AUPR=0.8786 F1=0.8008 ACC=0.8259
Epoch 079/120 | TrainLoss=0.3887 (Cls=0.3620, Cont=5.3454) | Val AUC=0.9130 AUPR=0.8796 F1=0.8026 ACC=0.8297
Epoch 080/120 | TrainLoss=0.3868 (Cls=0.3601, Cont=5.3461) | Val AUC=0.9134 AUPR=0.8803 F1=0.8038 ACC=0.8299
Epoch 081/120 | TrainLoss=0.3869 (Cls=0.3602, Cont=5.3340) | Val AUC=0.9133 AUPR=0.8804 F1=0.8025 ACC=0.8288
Epoch 082/120 | TrainLoss=0.3870 (Cls=0.3603, Cont=5.3508) | Val AUC=0.9132 AUPR=0.8803 F1=0.8009 ACC=0.8298
Epoch 083/120 | TrainLoss=0.3867 (Cls=0.3600, Cont=5.3370) | Val AUC=0.9136 AUPR=0.8811 F1=0.8011 ACC=0.8296
Epoch 084/120 | TrainLoss=0.3859 (Cls=0.3592, Cont=5.3387) | Val AUC=0.9143 AUPR=0.8822 F1=0.8014 ACC=0.8338
Epoch 085/120 | TrainLoss=0.3857 (Cls=0.3590, Cont=5.3438) | Val AUC=0.9147 AUPR=0.8830 F1=0.8021 ACC=0.8321
Epoch 086/120 | TrainLoss=0.3872 (Cls=0.3604, Cont=5.3478) | Val AUC=0.9150 AUPR=0.8832 F1=0.8027 ACC=0.8337
Epoch 087/120 | TrainLoss=0.3853 (Cls=0.3586, Cont=5.3414) | Val AUC=0.9149 AUPR=0.8829 F1=0.8029 ACC=0.8337
Epoch 088/120 | TrainLoss=0.3857 (Cls=0.3589, Cont=5.3505) | Val AUC=0.9146 AUPR=0.8823 F1=0.8031 ACC=0.8351
Epoch 089/120 | TrainLoss=0.3847 (Cls=0.3580, Cont=5.3487) | Val AUC=0.9141 AUPR=0.8814 F1=0.8027 ACC=0.8320
Epoch 090/120 | TrainLoss=0.3849 (Cls=0.3582, Cont=5.3522) | Val AUC=0.9145 AUPR=0.8820 F1=0.8038 ACC=0.8321
Epoch 091/120 | TrainLoss=0.3842 (Cls=0.3575, Cont=5.3589) | Val AUC=0.9146 AUPR=0.8823 F1=0.8039 ACC=0.8312
Epoch 092/120 | TrainLoss=0.3844 (Cls=0.3578, Cont=5.3283) | Val AUC=0.9143 AUPR=0.8823 F1=0.8045 ACC=0.8317
Epoch 093/120 | TrainLoss=0.3857 (Cls=0.3590, Cont=5.3433) | Val AUC=0.9148 AUPR=0.8831 F1=0.8043 ACC=0.8317
Epoch 094/120 | TrainLoss=0.3824 (Cls=0.3556, Cont=5.3531) | Val AUC=0.9150 AUPR=0.8834 F1=0.8045 ACC=0.8364
Epoch 095/120 | TrainLoss=0.3860 (Cls=0.3593, Cont=5.3444) | Val AUC=0.9154 AUPR=0.8837 F1=0.8044 ACC=0.8330
Epoch 096/120 | TrainLoss=0.3827 (Cls=0.3560, Cont=5.3353) | Val AUC=0.9151 AUPR=0.8833 F1=0.8048 ACC=0.8316
Epoch 097/120 | TrainLoss=0.3844 (Cls=0.3577, Cont=5.3311) | Val AUC=0.9155 AUPR=0.8840 F1=0.8040 ACC=0.8322
Epoch 098/120 | TrainLoss=0.3837 (Cls=0.3570, Cont=5.3469) | Val AUC=0.9155 AUPR=0.8841 F1=0.8045 ACC=0.8348
Epoch 099/120 | TrainLoss=0.3838 (Cls=0.3570, Cont=5.3559) | Val AUC=0.9153 AUPR=0.8839 F1=0.8054 ACC=0.8339
Epoch 100/120 | TrainLoss=0.3813 (Cls=0.3547, Cont=5.3228) | Val AUC=0.9152 AUPR=0.8837 F1=0.8044 ACC=0.8326
Epoch 101/120 | TrainLoss=0.3819 (Cls=0.3552, Cont=5.3268) | Val AUC=0.9156 AUPR=0.8840 F1=0.8054 ACC=0.8346
Epoch 102/120 | TrainLoss=0.3826 (Cls=0.3558, Cont=5.3522) | Val AUC=0.9161 AUPR=0.8851 F1=0.8042 ACC=0.8336
Epoch 103/120 | TrainLoss=0.3793 (Cls=0.3526, Cont=5.3462) | Val AUC=0.9162 AUPR=0.8854 F1=0.8029 ACC=0.8359
Epoch 104/120 | TrainLoss=0.3796 (Cls=0.3530, Cont=5.3379) | Val AUC=0.9162 AUPR=0.8855 F1=0.8026 ACC=0.8352
Epoch 105/120 | TrainLoss=0.3805 (Cls=0.3538, Cont=5.3438) | Val AUC=0.9162 AUPR=0.8856 F1=0.8029 ACC=0.8344
Epoch 106/120 | TrainLoss=0.3792 (Cls=0.3525, Cont=5.3387) | Val AUC=0.9161 AUPR=0.8851 F1=0.8023 ACC=0.8312
Epoch 107/120 | TrainLoss=0.3793 (Cls=0.3527, Cont=5.3324) | Val AUC=0.9163 AUPR=0.8852 F1=0.8027 ACC=0.8337
Epoch 108/120 | TrainLoss=0.3792 (Cls=0.3525, Cont=5.3403) | Val AUC=0.9168 AUPR=0.8860 F1=0.8038 ACC=0.8358
Epoch 109/120 | TrainLoss=0.3778 (Cls=0.3511, Cont=5.3245) | Val AUC=0.9171 AUPR=0.8867 F1=0.8040 ACC=0.8332
Epoch 110/120 | TrainLoss=0.3781 (Cls=0.3514, Cont=5.3494) | Val AUC=0.9170 AUPR=0.8870 F1=0.8041 ACC=0.8318
Epoch 111/120 | TrainLoss=0.3772 (Cls=0.3506, Cont=5.3249) | Val AUC=0.9172 AUPR=0.8874 F1=0.8061 ACC=0.8323
Epoch 112/120 | TrainLoss=0.3771 (Cls=0.3504, Cont=5.3456) | Val AUC=0.9173 AUPR=0.8876 F1=0.8075 ACC=0.8351
Epoch 113/120 | TrainLoss=0.3762 (Cls=0.3496, Cont=5.3301) | Val AUC=0.9173 AUPR=0.8873 F1=0.8072 ACC=0.8406
Epoch 114/120 | TrainLoss=0.3765 (Cls=0.3498, Cont=5.3453) | Val AUC=0.9174 AUPR=0.8875 F1=0.8068 ACC=0.8398
Epoch 115/120 | TrainLoss=0.3773 (Cls=0.3506, Cont=5.3239) | Val AUC=0.9180 AUPR=0.8883 F1=0.8072 ACC=0.8419
Epoch 116/120 | TrainLoss=0.3772 (Cls=0.3504, Cont=5.3536) | Val AUC=0.9184 AUPR=0.8886 F1=0.8073 ACC=0.8406
Epoch 117/120 | TrainLoss=0.3768 (Cls=0.3501, Cont=5.3350) | Val AUC=0.9182 AUPR=0.8884 F1=0.8086 ACC=0.8419
Epoch 118/120 | TrainLoss=0.3755 (Cls=0.3488, Cont=5.3380) | Val AUC=0.9182 AUPR=0.8882 F1=0.8085 ACC=0.8413
Epoch 119/120 | TrainLoss=0.3755 (Cls=0.3488, Cont=5.3420) | Val AUC=0.9187 AUPR=0.8886 F1=0.8095 ACC=0.8425
Epoch 120/120 | TrainLoss=0.3759 (Cls=0.3492, Cont=5.3508) | Val AUC=0.9192 AUPR=0.8894 F1=0.8098 ACC=0.8414
Fold 2 complete | Best Val AUC=0.9192 | Test AUC=0.9196 AUPR=0.8876 F1=0.8101 ACC=0.8385 | FoldTime=300.11s

================================================================================
Fold 3/5 (fold_id=3)
================================================================================
Epoch 001/120 | TrainLoss=0.7147 (Cls=0.7147, Cont=0.0000) | Val AUC=0.5283 AUPR=0.4395 F1=0.5788 ACC=0.4081
Epoch 002/120 | TrainLoss=0.6777 (Cls=0.6777, Cont=0.0000) | Val AUC=0.5440 AUPR=0.4522 F1=0.5788 ACC=0.4126
Epoch 003/120 | TrainLoss=0.6648 (Cls=0.6648, Cont=0.0000) | Val AUC=0.5577 AUPR=0.4605 F1=0.5789 ACC=0.4083
Epoch 004/120 | TrainLoss=0.6520 (Cls=0.6520, Cont=0.0000) | Val AUC=0.5709 AUPR=0.4707 F1=0.5789 ACC=0.4083
Epoch 005/120 | TrainLoss=0.6374 (Cls=0.6374, Cont=0.0000) | Val AUC=0.5779 AUPR=0.4730 F1=0.5795 ACC=0.4158
Epoch 006/120 | TrainLoss=0.6154 (Cls=0.6154, Cont=0.0000) | Val AUC=0.5800 AUPR=0.4729 F1=0.5800 ACC=0.4173
Epoch 007/120 | TrainLoss=0.5954 (Cls=0.5954, Cont=0.0000) | Val AUC=0.5833 AUPR=0.4760 F1=0.5823 ACC=0.4464
Epoch 008/120 | TrainLoss=0.5680 (Cls=0.5680, Cont=0.0000) | Val AUC=0.5856 AUPR=0.4781 F1=0.5827 ACC=0.4494
Epoch 009/120 | TrainLoss=0.5508 (Cls=0.5508, Cont=0.0000) | Val AUC=0.5877 AUPR=0.4808 F1=0.5845 ACC=0.4576
Epoch 010/120 | TrainLoss=0.5380 (Cls=0.5380, Cont=0.0000) | Val AUC=0.5952 AUPR=0.4904 F1=0.5855 ACC=0.4465
Epoch 011/120 | TrainLoss=0.5460 (Cls=0.5126, Cont=6.6838) | Val AUC=0.5991 AUPR=0.4944 F1=0.5868 ACC=0.4560
Epoch 012/120 | TrainLoss=0.5207 (Cls=0.4928, Cont=5.5772) | Val AUC=0.6048 AUPR=0.4993 F1=0.5884 ACC=0.4591
Epoch 013/120 | TrainLoss=0.4973 (Cls=0.4700, Cont=5.4626) | Val AUC=0.6102 AUPR=0.5034 F1=0.5905 ACC=0.4663
Epoch 014/120 | TrainLoss=0.4915 (Cls=0.4643, Cont=5.4410) | Val AUC=0.6175 AUPR=0.5108 F1=0.5911 ACC=0.4719
Epoch 015/120 | TrainLoss=0.4755 (Cls=0.4484, Cont=5.4347) | Val AUC=0.6246 AUPR=0.5172 F1=0.5907 ACC=0.4698
Epoch 016/120 | TrainLoss=0.4829 (Cls=0.4557, Cont=5.4274) | Val AUC=0.6359 AUPR=0.5273 F1=0.5944 ACC=0.5501
Epoch 017/120 | TrainLoss=0.5119 (Cls=0.4847, Cont=5.4329) | Val AUC=0.6318 AUPR=0.5164 F1=0.5917 ACC=0.5454
Epoch 018/120 | TrainLoss=0.4666 (Cls=0.4395, Cont=5.4215) | Val AUC=0.6190 AUPR=0.5084 F1=0.5925 ACC=0.4762
Epoch 019/120 | TrainLoss=0.4747 (Cls=0.4476, Cont=5.4162) | Val AUC=0.6211 AUPR=0.5144 F1=0.5917 ACC=0.4784
Epoch 020/120 | TrainLoss=0.4636 (Cls=0.4365, Cont=5.4119) | Val AUC=0.6365 AUPR=0.5294 F1=0.5968 ACC=0.5006
Epoch 021/120 | TrainLoss=0.4589 (Cls=0.4319, Cont=5.4076) | Val AUC=0.6493 AUPR=0.5414 F1=0.6010 ACC=0.5175
Epoch 022/120 | TrainLoss=0.4530 (Cls=0.4260, Cont=5.4027) | Val AUC=0.6591 AUPR=0.5570 F1=0.6040 ACC=0.5238
Epoch 023/120 | TrainLoss=0.4481 (Cls=0.4211, Cont=5.3992) | Val AUC=0.6637 AUPR=0.5671 F1=0.6056 ACC=0.5238
Epoch 024/120 | TrainLoss=0.4463 (Cls=0.4193, Cont=5.3999) | Val AUC=0.6738 AUPR=0.5855 F1=0.6089 ACC=0.5376
Epoch 025/120 | TrainLoss=0.4437 (Cls=0.4168, Cont=5.3839) | Val AUC=0.6952 AUPR=0.6070 F1=0.6160 ACC=0.5471
Epoch 026/120 | TrainLoss=0.4346 (Cls=0.4077, Cont=5.3819) | Val AUC=0.7217 AUPR=0.6337 F1=0.6301 ACC=0.6178
Epoch 027/120 | TrainLoss=0.4365 (Cls=0.4096, Cont=5.3796) | Val AUC=0.7364 AUPR=0.6507 F1=0.6399 ACC=0.6409
Epoch 028/120 | TrainLoss=0.4338 (Cls=0.4070, Cont=5.3638) | Val AUC=0.7602 AUPR=0.6815 F1=0.6563 ACC=0.6449
Epoch 029/120 | TrainLoss=0.4325 (Cls=0.4055, Cont=5.3919) | Val AUC=0.7780 AUPR=0.7025 F1=0.6705 ACC=0.6908
Epoch 030/120 | TrainLoss=0.4293 (Cls=0.4024, Cont=5.3674) | Val AUC=0.8008 AUPR=0.7286 F1=0.6903 ACC=0.7094
Epoch 031/120 | TrainLoss=0.4271 (Cls=0.4002, Cont=5.3773) | Val AUC=0.8188 AUPR=0.7516 F1=0.7014 ACC=0.7157
Epoch 032/120 | TrainLoss=0.4260 (Cls=0.3991, Cont=5.3624) | Val AUC=0.8315 AUPR=0.7692 F1=0.7170 ACC=0.7339
Epoch 033/120 | TrainLoss=0.4261 (Cls=0.3992, Cont=5.3835) | Val AUC=0.8438 AUPR=0.7860 F1=0.7224 ACC=0.7584
Epoch 034/120 | TrainLoss=0.4287 (Cls=0.4018, Cont=5.3756) | Val AUC=0.8578 AUPR=0.7962 F1=0.7429 ACC=0.7632
Epoch 035/120 | TrainLoss=0.4223 (Cls=0.3956, Cont=5.3559) | Val AUC=0.8539 AUPR=0.7904 F1=0.7414 ACC=0.7550
Epoch 036/120 | TrainLoss=0.4190 (Cls=0.3922, Cont=5.3615) | Val AUC=0.8606 AUPR=0.8018 F1=0.7464 ACC=0.7659
Epoch 037/120 | TrainLoss=0.4208 (Cls=0.3940, Cont=5.3558) | Val AUC=0.8794 AUPR=0.8275 F1=0.7632 ACC=0.7877
Epoch 038/120 | TrainLoss=0.4164 (Cls=0.3896, Cont=5.3571) | Val AUC=0.8845 AUPR=0.8384 F1=0.7685 ACC=0.7960
Epoch 039/120 | TrainLoss=0.4143 (Cls=0.3875, Cont=5.3633) | Val AUC=0.8846 AUPR=0.8395 F1=0.7696 ACC=0.7932
Epoch 040/120 | TrainLoss=0.4133 (Cls=0.3865, Cont=5.3634) | Val AUC=0.8946 AUPR=0.8517 F1=0.7816 ACC=0.8032
Epoch 041/120 | TrainLoss=0.4134 (Cls=0.3866, Cont=5.3613) | Val AUC=0.9029 AUPR=0.8613 F1=0.7926 ACC=0.8205
Epoch 042/120 | TrainLoss=0.4116 (Cls=0.3848, Cont=5.3629) | Val AUC=0.9060 AUPR=0.8647 F1=0.7977 ACC=0.8241
Epoch 043/120 | TrainLoss=0.4116 (Cls=0.3848, Cont=5.3577) | Val AUC=0.9069 AUPR=0.8663 F1=0.7964 ACC=0.8200
Epoch 044/120 | TrainLoss=0.4094 (Cls=0.3826, Cont=5.3550) | Val AUC=0.9031 AUPR=0.8620 F1=0.7906 ACC=0.8151
Epoch 045/120 | TrainLoss=0.4072 (Cls=0.3804, Cont=5.3504) | Val AUC=0.9013 AUPR=0.8604 F1=0.7873 ACC=0.8131
Epoch 046/120 | TrainLoss=0.4076 (Cls=0.3808, Cont=5.3591) | Val AUC=0.9065 AUPR=0.8681 F1=0.7942 ACC=0.8180
Epoch 047/120 | TrainLoss=0.4026 (Cls=0.3758, Cont=5.3558) | Val AUC=0.9107 AUPR=0.8733 F1=0.7980 ACC=0.8260
Epoch 048/120 | TrainLoss=0.4030 (Cls=0.3762, Cont=5.3579) | Val AUC=0.9122 AUPR=0.8743 F1=0.8018 ACC=0.8265
Epoch 049/120 | TrainLoss=0.4045 (Cls=0.3777, Cont=5.3596) | Val AUC=0.9125 AUPR=0.8747 F1=0.8035 ACC=0.8258
Epoch 050/120 | TrainLoss=0.4010 (Cls=0.3743, Cont=5.3475) | Val AUC=0.9117 AUPR=0.8743 F1=0.8032 ACC=0.8278
Epoch 051/120 | TrainLoss=0.4001 (Cls=0.3734, Cont=5.3419) | Val AUC=0.9102 AUPR=0.8730 F1=0.8003 ACC=0.8262
Epoch 052/120 | TrainLoss=0.4035 (Cls=0.3767, Cont=5.3589) | Val AUC=0.9116 AUPR=0.8750 F1=0.8024 ACC=0.8286
Epoch 053/120 | TrainLoss=0.4016 (Cls=0.3750, Cont=5.3314) | Val AUC=0.9127 AUPR=0.8762 F1=0.8043 ACC=0.8305
Epoch 054/120 | TrainLoss=0.3963 (Cls=0.3695, Cont=5.3552) | Val AUC=0.9126 AUPR=0.8759 F1=0.8031 ACC=0.8279
Epoch 055/120 | TrainLoss=0.4013 (Cls=0.3745, Cont=5.3558) | Val AUC=0.9128 AUPR=0.8763 F1=0.8041 ACC=0.8295
Epoch 056/120 | TrainLoss=0.3988 (Cls=0.3720, Cont=5.3619) | Val AUC=0.9126 AUPR=0.8762 F1=0.8029 ACC=0.8285
Epoch 057/120 | TrainLoss=0.3977 (Cls=0.3709, Cont=5.3584) | Val AUC=0.9119 AUPR=0.8753 F1=0.8020 ACC=0.8270
Epoch 058/120 | TrainLoss=0.3974 (Cls=0.3706, Cont=5.3589) | Val AUC=0.9123 AUPR=0.8757 F1=0.8031 ACC=0.8306
Epoch 059/120 | TrainLoss=0.3970 (Cls=0.3703, Cont=5.3436) | Val AUC=0.9141 AUPR=0.8779 F1=0.8049 ACC=0.8318
Epoch 060/120 | TrainLoss=0.3961 (Cls=0.3693, Cont=5.3582) | Val AUC=0.9153 AUPR=0.8792 F1=0.8065 ACC=0.8339
Epoch 061/120 | TrainLoss=0.3939 (Cls=0.3671, Cont=5.3453) | Val AUC=0.9147 AUPR=0.8788 F1=0.8046 ACC=0.8303
Epoch 062/120 | TrainLoss=0.3921 (Cls=0.3654, Cont=5.3392) | Val AUC=0.9141 AUPR=0.8783 F1=0.8039 ACC=0.8295
Epoch 063/120 | TrainLoss=0.3949 (Cls=0.3681, Cont=5.3477) | Val AUC=0.9150 AUPR=0.8796 F1=0.8058 ACC=0.8313
Epoch 064/120 | TrainLoss=0.3924 (Cls=0.3656, Cont=5.3500) | Val AUC=0.9152 AUPR=0.8804 F1=0.8077 ACC=0.8371
Epoch 065/120 | TrainLoss=0.3954 (Cls=0.3687, Cont=5.3405) | Val AUC=0.9149 AUPR=0.8805 F1=0.8071 ACC=0.8342
Epoch 066/120 | TrainLoss=0.3917 (Cls=0.3649, Cont=5.3507) | Val AUC=0.9142 AUPR=0.8800 F1=0.8048 ACC=0.8321
Epoch 067/120 | TrainLoss=0.3935 (Cls=0.3668, Cont=5.3435) | Val AUC=0.9144 AUPR=0.8804 F1=0.8066 ACC=0.8336
Epoch 068/120 | TrainLoss=0.3900 (Cls=0.3633, Cont=5.3434) | Val AUC=0.9147 AUPR=0.8806 F1=0.8074 ACC=0.8347
Epoch 069/120 | TrainLoss=0.3926 (Cls=0.3659, Cont=5.3377) | Val AUC=0.9152 AUPR=0.8808 F1=0.8060 ACC=0.8353
Epoch 070/120 | TrainLoss=0.3900 (Cls=0.3632, Cont=5.3492) | Val AUC=0.9156 AUPR=0.8813 F1=0.8068 ACC=0.8357
Epoch 071/120 | TrainLoss=0.3904 (Cls=0.3636, Cont=5.3553) | Val AUC=0.9159 AUPR=0.8819 F1=0.8056 ACC=0.8277
Epoch 072/120 | TrainLoss=0.3893 (Cls=0.3626, Cont=5.3476) | Val AUC=0.9158 AUPR=0.8820 F1=0.8052 ACC=0.8285
Epoch 073/120 | TrainLoss=0.3905 (Cls=0.3638, Cont=5.3439) | Val AUC=0.9156 AUPR=0.8819 F1=0.8039 ACC=0.8272
Epoch 074/120 | TrainLoss=0.3884 (Cls=0.3617, Cont=5.3411) | Val AUC=0.9157 AUPR=0.8820 F1=0.8051 ACC=0.8308
Epoch 075/120 | TrainLoss=0.3889 (Cls=0.3623, Cont=5.3342) | Val AUC=0.9161 AUPR=0.8826 F1=0.8050 ACC=0.8336
Epoch 076/120 | TrainLoss=0.3888 (Cls=0.3621, Cont=5.3392) | Val AUC=0.9167 AUPR=0.8834 F1=0.8073 ACC=0.8311
Epoch 077/120 | TrainLoss=0.3890 (Cls=0.3622, Cont=5.3451) | Val AUC=0.9169 AUPR=0.8837 F1=0.8086 ACC=0.8332
Epoch 078/120 | TrainLoss=0.3891 (Cls=0.3623, Cont=5.3484) | Val AUC=0.9163 AUPR=0.8826 F1=0.8084 ACC=0.8308
Epoch 079/120 | TrainLoss=0.3883 (Cls=0.3616, Cont=5.3454) | Val AUC=0.9161 AUPR=0.8822 F1=0.8080 ACC=0.8317
Epoch 080/120 | TrainLoss=0.3899 (Cls=0.3632, Cont=5.3375) | Val AUC=0.9166 AUPR=0.8829 F1=0.8068 ACC=0.8330
Epoch 081/120 | TrainLoss=0.3867 (Cls=0.3600, Cont=5.3386) | Val AUC=0.9161 AUPR=0.8823 F1=0.8064 ACC=0.8348
Epoch 082/120 | TrainLoss=0.3882 (Cls=0.3615, Cont=5.3535) | Val AUC=0.9158 AUPR=0.8819 F1=0.8047 ACC=0.8345
Epoch 083/120 | TrainLoss=0.3873 (Cls=0.3605, Cont=5.3568) | Val AUC=0.9160 AUPR=0.8819 F1=0.8066 ACC=0.8369
Epoch 084/120 | TrainLoss=0.3863 (Cls=0.3595, Cont=5.3478) | Val AUC=0.9166 AUPR=0.8823 F1=0.8081 ACC=0.8370
Epoch 085/120 | TrainLoss=0.3858 (Cls=0.3592, Cont=5.3334) | Val AUC=0.9171 AUPR=0.8831 F1=0.8085 ACC=0.8388
Epoch 086/120 | TrainLoss=0.3863 (Cls=0.3596, Cont=5.3348) | Val AUC=0.9174 AUPR=0.8839 F1=0.8081 ACC=0.8351
Epoch 087/120 | TrainLoss=0.3845 (Cls=0.3577, Cont=5.3507) | Val AUC=0.9173 AUPR=0.8838 F1=0.8082 ACC=0.8371
Epoch 088/120 | TrainLoss=0.3866 (Cls=0.3600, Cont=5.3277) | Val AUC=0.9173 AUPR=0.8833 F1=0.8086 ACC=0.8353
Epoch 089/120 | TrainLoss=0.3846 (Cls=0.3580, Cont=5.3307) | Val AUC=0.9173 AUPR=0.8832 F1=0.8085 ACC=0.8362
Epoch 090/120 | TrainLoss=0.3855 (Cls=0.3587, Cont=5.3558) | Val AUC=0.9172 AUPR=0.8835 F1=0.8095 ACC=0.8361
Epoch 091/120 | TrainLoss=0.3826 (Cls=0.3559, Cont=5.3297) | Val AUC=0.9168 AUPR=0.8834 F1=0.8084 ACC=0.8353
Epoch 092/120 | TrainLoss=0.3838 (Cls=0.3571, Cont=5.3456) | Val AUC=0.9171 AUPR=0.8835 F1=0.8097 ACC=0.8366
Epoch 093/120 | TrainLoss=0.3838 (Cls=0.3571, Cont=5.3404) | Val AUC=0.9175 AUPR=0.8833 F1=0.8094 ACC=0.8358
Epoch 094/120 | TrainLoss=0.3835 (Cls=0.3568, Cont=5.3240) | Val AUC=0.9177 AUPR=0.8833 F1=0.8103 ACC=0.8372
Epoch 095/120 | TrainLoss=0.3837 (Cls=0.3570, Cont=5.3413) | Val AUC=0.9180 AUPR=0.8837 F1=0.8102 ACC=0.8386
Epoch 096/120 | TrainLoss=0.3816 (Cls=0.3549, Cont=5.3509) | Val AUC=0.9180 AUPR=0.8841 F1=0.8099 ACC=0.8396
Epoch 097/120 | TrainLoss=0.3824 (Cls=0.3556, Cont=5.3463) | Val AUC=0.9178 AUPR=0.8843 F1=0.8101 ACC=0.8410
Epoch 098/120 | TrainLoss=0.3828 (Cls=0.3560, Cont=5.3529) | Val AUC=0.9174 AUPR=0.8837 F1=0.8101 ACC=0.8374
Epoch 099/120 | TrainLoss=0.3824 (Cls=0.3557, Cont=5.3452) | Val AUC=0.9178 AUPR=0.8839 F1=0.8110 ACC=0.8378
Epoch 100/120 | TrainLoss=0.3818 (Cls=0.3551, Cont=5.3338) | Val AUC=0.9178 AUPR=0.8837 F1=0.8089 ACC=0.8388
Epoch 101/120 | TrainLoss=0.3827 (Cls=0.3559, Cont=5.3447) | Val AUC=0.9176 AUPR=0.8834 F1=0.8107 ACC=0.8379
Epoch 102/120 | TrainLoss=0.3806 (Cls=0.3539, Cont=5.3264) | Val AUC=0.9174 AUPR=0.8831 F1=0.8103 ACC=0.8393
Epoch 103/120 | TrainLoss=0.3813 (Cls=0.3545, Cont=5.3441) | Val AUC=0.9177 AUPR=0.8837 F1=0.8108 ACC=0.8374
Epoch 104/120 | TrainLoss=0.3803 (Cls=0.3537, Cont=5.3387) | Val AUC=0.9180 AUPR=0.8842 F1=0.8104 ACC=0.8378
Epoch 105/120 | TrainLoss=0.3810 (Cls=0.3543, Cont=5.3423) | Val AUC=0.9182 AUPR=0.8845 F1=0.8117 ACC=0.8382
Epoch 106/120 | TrainLoss=0.3809 (Cls=0.3543, Cont=5.3270) | Val AUC=0.9186 AUPR=0.8854 F1=0.8103 ACC=0.8368
Epoch 107/120 | TrainLoss=0.3809 (Cls=0.3541, Cont=5.3481) | Val AUC=0.9191 AUPR=0.8861 F1=0.8123 ACC=0.8396
Epoch 108/120 | TrainLoss=0.3801 (Cls=0.3534, Cont=5.3479) | Val AUC=0.9190 AUPR=0.8855 F1=0.8126 ACC=0.8397
Epoch 109/120 | TrainLoss=0.3789 (Cls=0.3522, Cont=5.3361) | Val AUC=0.9184 AUPR=0.8843 F1=0.8119 ACC=0.8389
Epoch 110/120 | TrainLoss=0.3796 (Cls=0.3529, Cont=5.3397) | Val AUC=0.9181 AUPR=0.8838 F1=0.8099 ACC=0.8379
Epoch 111/120 | TrainLoss=0.3785 (Cls=0.3518, Cont=5.3293) | Val AUC=0.9179 AUPR=0.8838 F1=0.8108 ACC=0.8408
Epoch 112/120 | TrainLoss=0.3788 (Cls=0.3522, Cont=5.3337) | Val AUC=0.9181 AUPR=0.8841 F1=0.8118 ACC=0.8386
Epoch 113/120 | TrainLoss=0.3775 (Cls=0.3508, Cont=5.3323) | Val AUC=0.9185 AUPR=0.8849 F1=0.8126 ACC=0.8399
Epoch 114/120 | TrainLoss=0.3779 (Cls=0.3512, Cont=5.3398) | Val AUC=0.9187 AUPR=0.8853 F1=0.8131 ACC=0.8385
Epoch 115/120 | TrainLoss=0.3772 (Cls=0.3505, Cont=5.3434) | Val AUC=0.9187 AUPR=0.8855 F1=0.8135 ACC=0.8394
Epoch 116/120 | TrainLoss=0.3773 (Cls=0.3507, Cont=5.3281) | Val AUC=0.9190 AUPR=0.8858 F1=0.8125 ACC=0.8409
Epoch 117/120 | TrainLoss=0.3762 (Cls=0.3495, Cont=5.3472) | Val AUC=0.9195 AUPR=0.8863 F1=0.8123 ACC=0.8395
Epoch 118/120 | TrainLoss=0.3762 (Cls=0.3494, Cont=5.3463) | Val AUC=0.9199 AUPR=0.8870 F1=0.8123 ACC=0.8422
Epoch 119/120 | TrainLoss=0.3759 (Cls=0.3492, Cont=5.3475) | Val AUC=0.9199 AUPR=0.8873 F1=0.8126 ACC=0.8378
Epoch 120/120 | TrainLoss=0.3752 (Cls=0.3486, Cont=5.3309) | Val AUC=0.9197 AUPR=0.8875 F1=0.8125 ACC=0.8416
Fold 3 complete | Best Val AUC=0.9199 | Test AUC=0.9174 AUPR=0.8838 F1=0.8071 ACC=0.8362 | FoldTime=299.10s

================================================================================
Fold 4/5 (fold_id=4)
================================================================================
Epoch 001/120 | TrainLoss=0.7052 (Cls=0.7052, Cont=0.0000) | Val AUC=0.5468 AUPR=0.4544 F1=0.5782 ACC=0.4104
Epoch 002/120 | TrainLoss=0.6728 (Cls=0.6728, Cont=0.0000) | Val AUC=0.5673 AUPR=0.4665 F1=0.5804 ACC=0.4198
Epoch 003/120 | TrainLoss=0.6577 (Cls=0.6577, Cont=0.0000) | Val AUC=0.5714 AUPR=0.4689 F1=0.5793 ACC=0.4149
Epoch 004/120 | TrainLoss=0.6450 (Cls=0.6450, Cont=0.0000) | Val AUC=0.5785 AUPR=0.4732 F1=0.5800 ACC=0.4788
Epoch 005/120 | TrainLoss=0.6304 (Cls=0.6304, Cont=0.0000) | Val AUC=0.5834 AUPR=0.4766 F1=0.5815 ACC=0.4698
Epoch 006/120 | TrainLoss=0.6136 (Cls=0.6136, Cont=0.0000) | Val AUC=0.5820 AUPR=0.4742 F1=0.5812 ACC=0.4709
Epoch 007/120 | TrainLoss=0.5921 (Cls=0.5921, Cont=0.0000) | Val AUC=0.5846 AUPR=0.4764 F1=0.5819 ACC=0.4683
Epoch 008/120 | TrainLoss=0.5709 (Cls=0.5709, Cont=0.0000) | Val AUC=0.5891 AUPR=0.4795 F1=0.5831 ACC=0.4741
Epoch 009/120 | TrainLoss=0.5491 (Cls=0.5491, Cont=0.0000) | Val AUC=0.5939 AUPR=0.4830 F1=0.5836 ACC=0.4489
Epoch 010/120 | TrainLoss=0.5323 (Cls=0.5323, Cont=0.0000) | Val AUC=0.6049 AUPR=0.4905 F1=0.5842 ACC=0.4841
Epoch 011/120 | TrainLoss=0.5446 (Cls=0.5117, Cont=6.5856) | Val AUC=0.6086 AUPR=0.4950 F1=0.5857 ACC=0.4857
Epoch 012/120 | TrainLoss=0.5215 (Cls=0.4937, Cont=5.5674) | Val AUC=0.6103 AUPR=0.4987 F1=0.5852 ACC=0.4730
Epoch 013/120 | TrainLoss=0.5050 (Cls=0.4777, Cont=5.4668) | Val AUC=0.6132 AUPR=0.5003 F1=0.5863 ACC=0.4756
Epoch 014/120 | TrainLoss=0.4950 (Cls=0.4678, Cont=5.4448) | Val AUC=0.6204 AUPR=0.5038 F1=0.5878 ACC=0.4857
Epoch 015/120 | TrainLoss=0.4943 (Cls=0.4671, Cont=5.4355) | Val AUC=0.6174 AUPR=0.5035 F1=0.5865 ACC=0.4828
Epoch 016/120 | TrainLoss=0.4888 (Cls=0.4617, Cont=5.4284) | Val AUC=0.6184 AUPR=0.5029 F1=0.5875 ACC=0.4870
Epoch 017/120 | TrainLoss=0.4963 (Cls=0.4692, Cont=5.4282) | Val AUC=0.6321 AUPR=0.5137 F1=0.5920 ACC=0.5387
Epoch 018/120 | TrainLoss=0.4956 (Cls=0.4685, Cont=5.4248) | Val AUC=0.6420 AUPR=0.5185 F1=0.5976 ACC=0.5430
Epoch 019/120 | TrainLoss=0.4842 (Cls=0.4571, Cont=5.4193) | Val AUC=0.6496 AUPR=0.5228 F1=0.6037 ACC=0.5516
Epoch 020/120 | TrainLoss=0.4707 (Cls=0.4436, Cont=5.4097) | Val AUC=0.6638 AUPR=0.5358 F1=0.6110 ACC=0.5657
Epoch 021/120 | TrainLoss=0.4683 (Cls=0.4412, Cont=5.4151) | Val AUC=0.6663 AUPR=0.5419 F1=0.6113 ACC=0.5815
Epoch 022/120 | TrainLoss=0.4638 (Cls=0.4367, Cont=5.4085) | Val AUC=0.6655 AUPR=0.5427 F1=0.6131 ACC=0.5707
Epoch 023/120 | TrainLoss=0.4552 (Cls=0.4282, Cont=5.4032) | Val AUC=0.6746 AUPR=0.5530 F1=0.6180 ACC=0.5678
Epoch 024/120 | TrainLoss=0.4452 (Cls=0.4182, Cont=5.3911) | Val AUC=0.6877 AUPR=0.5745 F1=0.6231 ACC=0.5950
Epoch 025/120 | TrainLoss=0.4472 (Cls=0.4202, Cont=5.3941) | Val AUC=0.7088 AUPR=0.6039 F1=0.6309 ACC=0.6044
Epoch 026/120 | TrainLoss=0.4455 (Cls=0.4186, Cont=5.3890) | Val AUC=0.7386 AUPR=0.6398 F1=0.6469 ACC=0.6245
Epoch 027/120 | TrainLoss=0.4412 (Cls=0.4143, Cont=5.3763) | Val AUC=0.7609 AUPR=0.6631 F1=0.6619 ACC=0.6432
Epoch 028/120 | TrainLoss=0.4419 (Cls=0.4150, Cont=5.3742) | Val AUC=0.7756 AUPR=0.6780 F1=0.6788 ACC=0.6764
Epoch 029/120 | TrainLoss=0.4365 (Cls=0.4096, Cont=5.3707) | Val AUC=0.7890 AUPR=0.6884 F1=0.6893 ACC=0.6954
Epoch 030/120 | TrainLoss=0.4287 (Cls=0.4019, Cont=5.3718) | Val AUC=0.7999 AUPR=0.7006 F1=0.7000 ACC=0.7191
Epoch 031/120 | TrainLoss=0.4269 (Cls=0.4000, Cont=5.3810) | Val AUC=0.8123 AUPR=0.7224 F1=0.7102 ACC=0.7219
Epoch 032/120 | TrainLoss=0.4254 (Cls=0.3986, Cont=5.3680) | Val AUC=0.8252 AUPR=0.7424 F1=0.7190 ACC=0.7408
Epoch 033/120 | TrainLoss=0.4244 (Cls=0.3976, Cont=5.3702) | Val AUC=0.8406 AUPR=0.7611 F1=0.7312 ACC=0.7445
Epoch 034/120 | TrainLoss=0.4233 (Cls=0.3965, Cont=5.3768) | Val AUC=0.8583 AUPR=0.7886 F1=0.7437 ACC=0.7597
Epoch 035/120 | TrainLoss=0.4173 (Cls=0.3905, Cont=5.3697) | Val AUC=0.8704 AUPR=0.8127 F1=0.7564 ACC=0.7812
Epoch 036/120 | TrainLoss=0.4217 (Cls=0.3948, Cont=5.3667) | Val AUC=0.8746 AUPR=0.8222 F1=0.7599 ACC=0.7909
Epoch 037/120 | TrainLoss=0.4186 (Cls=0.3918, Cont=5.3602) | Val AUC=0.8806 AUPR=0.8320 F1=0.7672 ACC=0.7928
Epoch 038/120 | TrainLoss=0.4167 (Cls=0.3899, Cont=5.3612) | Val AUC=0.8890 AUPR=0.8451 F1=0.7755 ACC=0.8012
Epoch 039/120 | TrainLoss=0.4155 (Cls=0.3886, Cont=5.3646) | Val AUC=0.8950 AUPR=0.8529 F1=0.7822 ACC=0.8151
Epoch 040/120 | TrainLoss=0.4124 (Cls=0.3857, Cont=5.3593) | Val AUC=0.9002 AUPR=0.8593 F1=0.7898 ACC=0.8191
Epoch 041/120 | TrainLoss=0.4101 (Cls=0.3832, Cont=5.3717) | Val AUC=0.9021 AUPR=0.8613 F1=0.7924 ACC=0.8201
Epoch 042/120 | TrainLoss=0.4109 (Cls=0.3841, Cont=5.3709) | Val AUC=0.9015 AUPR=0.8609 F1=0.7882 ACC=0.8133
Epoch 043/120 | TrainLoss=0.4077 (Cls=0.3809, Cont=5.3618) | Val AUC=0.9033 AUPR=0.8634 F1=0.7901 ACC=0.8143
Epoch 044/120 | TrainLoss=0.4084 (Cls=0.3817, Cont=5.3531) | Val AUC=0.9051 AUPR=0.8655 F1=0.7941 ACC=0.8181
Epoch 045/120 | TrainLoss=0.4062 (Cls=0.3794, Cont=5.3574) | Val AUC=0.9074 AUPR=0.8685 F1=0.7983 ACC=0.8267
Epoch 046/120 | TrainLoss=0.4041 (Cls=0.3773, Cont=5.3648) | Val AUC=0.9074 AUPR=0.8690 F1=0.7995 ACC=0.8241
Epoch 047/120 | TrainLoss=0.4033 (Cls=0.3765, Cont=5.3551) | Val AUC=0.9080 AUPR=0.8697 F1=0.7992 ACC=0.8268
Epoch 048/120 | TrainLoss=0.4024 (Cls=0.3756, Cont=5.3503) | Val AUC=0.9083 AUPR=0.8698 F1=0.8007 ACC=0.8315
Epoch 049/120 | TrainLoss=0.4035 (Cls=0.3767, Cont=5.3521) | Val AUC=0.9077 AUPR=0.8685 F1=0.7990 ACC=0.8254
Epoch 050/120 | TrainLoss=0.4014 (Cls=0.3746, Cont=5.3531) | Val AUC=0.9083 AUPR=0.8700 F1=0.8000 ACC=0.8279
Epoch 051/120 | TrainLoss=0.4001 (Cls=0.3734, Cont=5.3488) | Val AUC=0.9084 AUPR=0.8709 F1=0.8005 ACC=0.8295
Epoch 052/120 | TrainLoss=0.3991 (Cls=0.3723, Cont=5.3521) | Val AUC=0.9078 AUPR=0.8704 F1=0.7985 ACC=0.8270
Epoch 053/120 | TrainLoss=0.4017 (Cls=0.3749, Cont=5.3658) | Val AUC=0.9108 AUPR=0.8740 F1=0.8037 ACC=0.8310
Epoch 054/120 | TrainLoss=0.3975 (Cls=0.3707, Cont=5.3585) | Val AUC=0.9105 AUPR=0.8734 F1=0.8023 ACC=0.8305
Epoch 055/120 | TrainLoss=0.3993 (Cls=0.3725, Cont=5.3679) | Val AUC=0.9111 AUPR=0.8746 F1=0.8034 ACC=0.8353
Epoch 056/120 | TrainLoss=0.3983 (Cls=0.3715, Cont=5.3541) | Val AUC=0.9106 AUPR=0.8747 F1=0.8011 ACC=0.8296
Epoch 057/120 | TrainLoss=0.3949 (Cls=0.3681, Cont=5.3521) | Val AUC=0.9096 AUPR=0.8737 F1=0.8004 ACC=0.8270
Epoch 058/120 | TrainLoss=0.3952 (Cls=0.3684, Cont=5.3623) | Val AUC=0.9098 AUPR=0.8741 F1=0.8010 ACC=0.8268
Epoch 059/120 | TrainLoss=0.3952 (Cls=0.3684, Cont=5.3457) | Val AUC=0.9097 AUPR=0.8744 F1=0.8000 ACC=0.8303
Epoch 060/120 | TrainLoss=0.3979 (Cls=0.3711, Cont=5.3612) | Val AUC=0.9111 AUPR=0.8765 F1=0.8006 ACC=0.8264
Epoch 061/120 | TrainLoss=0.3937 (Cls=0.3669, Cont=5.3561) | Val AUC=0.9117 AUPR=0.8773 F1=0.8016 ACC=0.8275
Epoch 062/120 | TrainLoss=0.3972 (Cls=0.3705, Cont=5.3510) | Val AUC=0.9121 AUPR=0.8784 F1=0.8027 ACC=0.8270
Epoch 063/120 | TrainLoss=0.3970 (Cls=0.3703, Cont=5.3493) | Val AUC=0.9126 AUPR=0.8785 F1=0.8021 ACC=0.8267
Epoch 064/120 | TrainLoss=0.3921 (Cls=0.3653, Cont=5.3617) | Val AUC=0.9128 AUPR=0.8785 F1=0.8033 ACC=0.8300
Epoch 065/120 | TrainLoss=0.3930 (Cls=0.3663, Cont=5.3522) | Val AUC=0.9126 AUPR=0.8780 F1=0.8017 ACC=0.8291
Epoch 066/120 | TrainLoss=0.3924 (Cls=0.3657, Cont=5.3535) | Val AUC=0.9130 AUPR=0.8786 F1=0.8031 ACC=0.8333
Epoch 067/120 | TrainLoss=0.3929 (Cls=0.3662, Cont=5.3468) | Val AUC=0.9138 AUPR=0.8796 F1=0.8029 ACC=0.8353
Epoch 068/120 | TrainLoss=0.3903 (Cls=0.3635, Cont=5.3541) | Val AUC=0.9135 AUPR=0.8793 F1=0.8020 ACC=0.8265
Epoch 069/120 | TrainLoss=0.3928 (Cls=0.3660, Cont=5.3574) | Val AUC=0.9140 AUPR=0.8800 F1=0.8032 ACC=0.8310
Epoch 070/120 | TrainLoss=0.3901 (Cls=0.3634, Cont=5.3528) | Val AUC=0.9143 AUPR=0.8803 F1=0.8041 ACC=0.8312
Epoch 071/120 | TrainLoss=0.3921 (Cls=0.3654, Cont=5.3550) | Val AUC=0.9141 AUPR=0.8799 F1=0.8042 ACC=0.8296
Epoch 072/120 | TrainLoss=0.3890 (Cls=0.3623, Cont=5.3416) | Val AUC=0.9141 AUPR=0.8797 F1=0.8039 ACC=0.8328
Epoch 073/120 | TrainLoss=0.3886 (Cls=0.3619, Cont=5.3437) | Val AUC=0.9141 AUPR=0.8800 F1=0.8044 ACC=0.8319
Epoch 074/120 | TrainLoss=0.3884 (Cls=0.3617, Cont=5.3429) | Val AUC=0.9138 AUPR=0.8795 F1=0.8032 ACC=0.8280
Epoch 075/120 | TrainLoss=0.3872 (Cls=0.3604, Cont=5.3469) | Val AUC=0.9137 AUPR=0.8794 F1=0.8027 ACC=0.8241
Epoch 076/120 | TrainLoss=0.3891 (Cls=0.3624, Cont=5.3460) | Val AUC=0.9140 AUPR=0.8801 F1=0.8030 ACC=0.8246
Epoch 077/120 | TrainLoss=0.3878 (Cls=0.3610, Cont=5.3503) | Val AUC=0.9138 AUPR=0.8801 F1=0.8025 ACC=0.8280
Epoch 078/120 | TrainLoss=0.3875 (Cls=0.3608, Cont=5.3458) | Val AUC=0.9139 AUPR=0.8802 F1=0.8020 ACC=0.8255
Epoch 079/120 | TrainLoss=0.3869 (Cls=0.3601, Cont=5.3579) | Val AUC=0.9138 AUPR=0.8796 F1=0.8014 ACC=0.8236
Epoch 080/120 | TrainLoss=0.3874 (Cls=0.3606, Cont=5.3560) | Val AUC=0.9138 AUPR=0.8798 F1=0.8015 ACC=0.8300
Epoch 081/120 | TrainLoss=0.3856 (Cls=0.3588, Cont=5.3502) | Val AUC=0.9140 AUPR=0.8804 F1=0.7997 ACC=0.8222
Epoch 082/120 | TrainLoss=0.3869 (Cls=0.3601, Cont=5.3489) | Val AUC=0.9145 AUPR=0.8808 F1=0.8015 ACC=0.8308
Epoch 083/120 | TrainLoss=0.3871 (Cls=0.3604, Cont=5.3389) | Val AUC=0.9146 AUPR=0.8814 F1=0.8012 ACC=0.8293
Epoch 084/120 | TrainLoss=0.3850 (Cls=0.3584, Cont=5.3308) | Val AUC=0.9149 AUPR=0.8822 F1=0.8018 ACC=0.8279
Epoch 085/120 | TrainLoss=0.3869 (Cls=0.3602, Cont=5.3426) | Val AUC=0.9153 AUPR=0.8826 F1=0.8047 ACC=0.8296
Epoch 086/120 | TrainLoss=0.3850 (Cls=0.3583, Cont=5.3498) | Val AUC=0.9153 AUPR=0.8826 F1=0.8052 ACC=0.8314
Epoch 087/120 | TrainLoss=0.3839 (Cls=0.3571, Cont=5.3557) | Val AUC=0.9154 AUPR=0.8827 F1=0.8046 ACC=0.8341
Epoch 088/120 | TrainLoss=0.3846 (Cls=0.3579, Cont=5.3388) | Val AUC=0.9154 AUPR=0.8828 F1=0.8033 ACC=0.8322
Epoch 089/120 | TrainLoss=0.3843 (Cls=0.3577, Cont=5.3347) | Val AUC=0.9156 AUPR=0.8830 F1=0.8036 ACC=0.8321
Epoch 090/120 | TrainLoss=0.3840 (Cls=0.3573, Cont=5.3386) | Val AUC=0.9160 AUPR=0.8834 F1=0.8045 ACC=0.8327
Epoch 091/120 | TrainLoss=0.3834 (Cls=0.3567, Cont=5.3396) | Val AUC=0.9162 AUPR=0.8839 F1=0.8042 ACC=0.8274
Epoch 092/120 | TrainLoss=0.3826 (Cls=0.3559, Cont=5.3438) | Val AUC=0.9159 AUPR=0.8838 F1=0.8034 ACC=0.8302
Epoch 093/120 | TrainLoss=0.3837 (Cls=0.3569, Cont=5.3523) | Val AUC=0.9160 AUPR=0.8843 F1=0.8038 ACC=0.8337
Epoch 094/120 | TrainLoss=0.3826 (Cls=0.3559, Cont=5.3400) | Val AUC=0.9163 AUPR=0.8846 F1=0.8041 ACC=0.8330
Epoch 095/120 | TrainLoss=0.3824 (Cls=0.3557, Cont=5.3525) | Val AUC=0.9164 AUPR=0.8848 F1=0.8032 ACC=0.8322
Epoch 096/120 | TrainLoss=0.3822 (Cls=0.3555, Cont=5.3469) | Val AUC=0.9164 AUPR=0.8847 F1=0.8045 ACC=0.8345
Epoch 097/120 | TrainLoss=0.3810 (Cls=0.3543, Cont=5.3309) | Val AUC=0.9156 AUPR=0.8834 F1=0.8035 ACC=0.8313
Epoch 098/120 | TrainLoss=0.3816 (Cls=0.3548, Cont=5.3457) | Val AUC=0.9161 AUPR=0.8840 F1=0.8044 ACC=0.8330
Epoch 099/120 | TrainLoss=0.3802 (Cls=0.3535, Cont=5.3447) | Val AUC=0.9168 AUPR=0.8851 F1=0.8045 ACC=0.8361
Epoch 100/120 | TrainLoss=0.3812 (Cls=0.3546, Cont=5.3292) | Val AUC=0.9174 AUPR=0.8859 F1=0.8060 ACC=0.8367
Epoch 101/120 | TrainLoss=0.3798 (Cls=0.3530, Cont=5.3536) | Val AUC=0.9178 AUPR=0.8863 F1=0.8078 ACC=0.8394
Epoch 102/120 | TrainLoss=0.3799 (Cls=0.3532, Cont=5.3487) | Val AUC=0.9178 AUPR=0.8860 F1=0.8070 ACC=0.8327
Epoch 103/120 | TrainLoss=0.3786 (Cls=0.3519, Cont=5.3322) | Val AUC=0.9177 AUPR=0.8855 F1=0.8080 ACC=0.8400
Epoch 104/120 | TrainLoss=0.3794 (Cls=0.3527, Cont=5.3458) | Val AUC=0.9176 AUPR=0.8851 F1=0.8083 ACC=0.8375
Epoch 105/120 | TrainLoss=0.3801 (Cls=0.3534, Cont=5.3338) | Val AUC=0.9178 AUPR=0.8853 F1=0.8079 ACC=0.8395
Epoch 106/120 | TrainLoss=0.3785 (Cls=0.3519, Cont=5.3228) | Val AUC=0.9177 AUPR=0.8854 F1=0.8049 ACC=0.8313
Epoch 107/120 | TrainLoss=0.3796 (Cls=0.3529, Cont=5.3337) | Val AUC=0.9178 AUPR=0.8856 F1=0.8060 ACC=0.8388
Epoch 108/120 | TrainLoss=0.3782 (Cls=0.3516, Cont=5.3326) | Val AUC=0.9182 AUPR=0.8862 F1=0.8087 ACC=0.8390
Epoch 109/120 | TrainLoss=0.3779 (Cls=0.3513, Cont=5.3163) | Val AUC=0.9185 AUPR=0.8865 F1=0.8098 ACC=0.8406
Epoch 110/120 | TrainLoss=0.3770 (Cls=0.3504, Cont=5.3237) | Val AUC=0.9183 AUPR=0.8861 F1=0.8066 ACC=0.8374
Epoch 111/120 | TrainLoss=0.3779 (Cls=0.3511, Cont=5.3458) | Val AUC=0.9185 AUPR=0.8866 F1=0.8096 ACC=0.8352
Epoch 112/120 | TrainLoss=0.3766 (Cls=0.3499, Cont=5.3377) | Val AUC=0.9187 AUPR=0.8867 F1=0.8098 ACC=0.8352
Epoch 113/120 | TrainLoss=0.3793 (Cls=0.3526, Cont=5.3418) | Val AUC=0.9194 AUPR=0.8879 F1=0.8086 ACC=0.8361
Epoch 114/120 | TrainLoss=0.3749 (Cls=0.3482, Cont=5.3437) | Val AUC=0.9197 AUPR=0.8885 F1=0.8091 ACC=0.8418
Epoch 115/120 | TrainLoss=0.3766 (Cls=0.3498, Cont=5.3489) | Val AUC=0.9197 AUPR=0.8881 F1=0.8091 ACC=0.8405
Epoch 116/120 | TrainLoss=0.3750 (Cls=0.3484, Cont=5.3324) | Val AUC=0.9189 AUPR=0.8867 F1=0.8094 ACC=0.8348
Epoch 117/120 | TrainLoss=0.3771 (Cls=0.3504, Cont=5.3387) | Val AUC=0.9203 AUPR=0.8886 F1=0.8119 ACC=0.8423
Epoch 118/120 | TrainLoss=0.3741 (Cls=0.3474, Cont=5.3393) | Val AUC=0.9209 AUPR=0.8896 F1=0.8114 ACC=0.8464
Epoch 119/120 | TrainLoss=0.3756 (Cls=0.3489, Cont=5.3399) | Val AUC=0.9209 AUPR=0.8896 F1=0.8116 ACC=0.8450
Epoch 120/120 | TrainLoss=0.3737 (Cls=0.3470, Cont=5.3382) | Val AUC=0.9203 AUPR=0.8890 F1=0.8139 ACC=0.8429
Fold 4 complete | Best Val AUC=0.9209 | Test AUC=0.9204 AUPR=0.8884 F1=0.8129 ACC=0.8403 | FoldTime=298.67s

================================================================================
Fold 5/5 (fold_id=5)
================================================================================
Epoch 001/120 | TrainLoss=0.7055 (Cls=0.7055, Cont=0.0000) | Val AUC=0.5380 AUPR=0.4434 F1=0.5773 ACC=0.4066
Epoch 002/120 | TrainLoss=0.6734 (Cls=0.6734, Cont=0.0000) | Val AUC=0.5662 AUPR=0.4717 F1=0.5787 ACC=0.4251
Epoch 003/120 | TrainLoss=0.6635 (Cls=0.6635, Cont=0.0000) | Val AUC=0.5700 AUPR=0.4714 F1=0.5798 ACC=0.4218
Epoch 004/120 | TrainLoss=0.6521 (Cls=0.6521, Cont=0.0000) | Val AUC=0.5765 AUPR=0.4745 F1=0.5793 ACC=0.4245
Epoch 005/120 | TrainLoss=0.6339 (Cls=0.6339, Cont=0.0000) | Val AUC=0.5860 AUPR=0.4789 F1=0.5797 ACC=0.4251
Epoch 006/120 | TrainLoss=0.6099 (Cls=0.6099, Cont=0.0000) | Val AUC=0.5888 AUPR=0.4825 F1=0.5809 ACC=0.4359
Epoch 007/120 | TrainLoss=0.5811 (Cls=0.5811, Cont=0.0000) | Val AUC=0.5894 AUPR=0.4844 F1=0.5818 ACC=0.4425
Epoch 008/120 | TrainLoss=0.5591 (Cls=0.5591, Cont=0.0000) | Val AUC=0.5901 AUPR=0.4851 F1=0.5823 ACC=0.4378
Epoch 009/120 | TrainLoss=0.5328 (Cls=0.5328, Cont=0.0000) | Val AUC=0.5913 AUPR=0.4866 F1=0.5826 ACC=0.4266
Epoch 010/120 | TrainLoss=0.5042 (Cls=0.5042, Cont=0.0000) | Val AUC=0.5942 AUPR=0.4894 F1=0.5836 ACC=0.4471
Epoch 011/120 | TrainLoss=0.5155 (Cls=0.4844, Cont=6.2215) | Val AUC=0.5913 AUPR=0.4886 F1=0.5841 ACC=0.4476
Epoch 012/120 | TrainLoss=0.4979 (Cls=0.4701, Cont=5.5589) | Val AUC=0.5887 AUPR=0.4865 F1=0.5841 ACC=0.4502
Epoch 013/120 | TrainLoss=0.4896 (Cls=0.4623, Cont=5.4631) | Val AUC=0.5938 AUPR=0.4917 F1=0.5848 ACC=0.4519
Epoch 014/120 | TrainLoss=0.4858 (Cls=0.4586, Cont=5.4357) | Val AUC=0.5992 AUPR=0.4932 F1=0.5853 ACC=0.4522
Epoch 015/120 | TrainLoss=0.4741 (Cls=0.4469, Cont=5.4242) | Val AUC=0.5970 AUPR=0.4909 F1=0.5858 ACC=0.4624
Epoch 016/120 | TrainLoss=0.4660 (Cls=0.4389, Cont=5.4171) | Val AUC=0.6015 AUPR=0.4944 F1=0.5872 ACC=0.4697
Epoch 017/120 | TrainLoss=0.4615 (Cls=0.4345, Cont=5.4150) | Val AUC=0.6168 AUPR=0.5074 F1=0.5896 ACC=0.4723
Epoch 018/120 | TrainLoss=0.4553 (Cls=0.4283, Cont=5.4066) | Val AUC=0.6243 AUPR=0.5135 F1=0.5947 ACC=0.5060
Epoch 019/120 | TrainLoss=0.4482 (Cls=0.4212, Cont=5.4020) | Val AUC=0.6238 AUPR=0.5113 F1=0.5941 ACC=0.4887
Epoch 020/120 | TrainLoss=0.4481 (Cls=0.4211, Cont=5.3942) | Val AUC=0.6260 AUPR=0.5147 F1=0.5948 ACC=0.4823
Epoch 021/120 | TrainLoss=0.4438 (Cls=0.4169, Cont=5.3857) | Val AUC=0.6415 AUPR=0.5278 F1=0.6006 ACC=0.5028
Epoch 022/120 | TrainLoss=0.4365 (Cls=0.4096, Cont=5.3787) | Val AUC=0.6637 AUPR=0.5513 F1=0.6073 ACC=0.5379
Epoch 023/120 | TrainLoss=0.4319 (Cls=0.4050, Cont=5.3801) | Val AUC=0.6887 AUPR=0.5785 F1=0.6154 ACC=0.5743
Epoch 024/120 | TrainLoss=0.4339 (Cls=0.4070, Cont=5.3831) | Val AUC=0.7194 AUPR=0.6074 F1=0.6327 ACC=0.6402
Epoch 025/120 | TrainLoss=0.4289 (Cls=0.4020, Cont=5.3725) | Val AUC=0.7506 AUPR=0.6404 F1=0.6573 ACC=0.6667
Epoch 026/120 | TrainLoss=0.4308 (Cls=0.4039, Cont=5.3846) | Val AUC=0.7687 AUPR=0.6657 F1=0.6713 ACC=0.6829
Epoch 027/120 | TrainLoss=0.4290 (Cls=0.4022, Cont=5.3752) | Val AUC=0.7863 AUPR=0.6923 F1=0.6816 ACC=0.7202
Epoch 028/120 | TrainLoss=0.4248 (Cls=0.3980, Cont=5.3652) | Val AUC=0.8052 AUPR=0.7212 F1=0.6998 ACC=0.7209
Epoch 029/120 | TrainLoss=0.4217 (Cls=0.3949, Cont=5.3693) | Val AUC=0.8188 AUPR=0.7468 F1=0.7090 ACC=0.7336
Epoch 030/120 | TrainLoss=0.4217 (Cls=0.3948, Cont=5.3813) | Val AUC=0.8150 AUPR=0.7512 F1=0.7035 ACC=0.7380
Epoch 031/120 | TrainLoss=0.4206 (Cls=0.3938, Cont=5.3596) | Val AUC=0.8232 AUPR=0.7604 F1=0.7070 ACC=0.7361
Epoch 032/120 | TrainLoss=0.4173 (Cls=0.3905, Cont=5.3620) | Val AUC=0.8412 AUPR=0.7800 F1=0.7225 ACC=0.7387
Epoch 033/120 | TrainLoss=0.4169 (Cls=0.3902, Cont=5.3531) | Val AUC=0.8619 AUPR=0.8047 F1=0.7460 ACC=0.7699
Epoch 034/120 | TrainLoss=0.4123 (Cls=0.3854, Cont=5.3674) | Val AUC=0.8758 AUPR=0.8252 F1=0.7568 ACC=0.7731
Epoch 035/120 | TrainLoss=0.4150 (Cls=0.3882, Cont=5.3626) | Val AUC=0.8777 AUPR=0.8277 F1=0.7598 ACC=0.7853
Epoch 036/120 | TrainLoss=0.4138 (Cls=0.3870, Cont=5.3600) | Val AUC=0.8746 AUPR=0.8211 F1=0.7586 ACC=0.7815
Epoch 037/120 | TrainLoss=0.4134 (Cls=0.3866, Cont=5.3612) | Val AUC=0.8806 AUPR=0.8298 F1=0.7635 ACC=0.7936
Epoch 038/120 | TrainLoss=0.4090 (Cls=0.3822, Cont=5.3550) | Val AUC=0.8906 AUPR=0.8456 F1=0.7720 ACC=0.8044
Epoch 039/120 | TrainLoss=0.4089 (Cls=0.3821, Cont=5.3565) | Val AUC=0.8981 AUPR=0.8566 F1=0.7819 ACC=0.8018
Epoch 040/120 | TrainLoss=0.4101 (Cls=0.3832, Cont=5.3628) | Val AUC=0.9025 AUPR=0.8636 F1=0.7867 ACC=0.8136
Epoch 041/120 | TrainLoss=0.4040 (Cls=0.3772, Cont=5.3647) | Val AUC=0.9045 AUPR=0.8662 F1=0.7889 ACC=0.8195
Epoch 042/120 | TrainLoss=0.4055 (Cls=0.3787, Cont=5.3580) | Val AUC=0.9038 AUPR=0.8651 F1=0.7884 ACC=0.8227
Epoch 043/120 | TrainLoss=0.4046 (Cls=0.3779, Cont=5.3441) | Val AUC=0.9046 AUPR=0.8666 F1=0.7894 ACC=0.8141
Epoch 044/120 | TrainLoss=0.4058 (Cls=0.3790, Cont=5.3591) | Val AUC=0.9079 AUPR=0.8705 F1=0.7958 ACC=0.8234
Epoch 045/120 | TrainLoss=0.4027 (Cls=0.3759, Cont=5.3549) | Val AUC=0.9092 AUPR=0.8714 F1=0.8000 ACC=0.8272
Epoch 046/120 | TrainLoss=0.4001 (Cls=0.3733, Cont=5.3660) | Val AUC=0.9097 AUPR=0.8715 F1=0.8016 ACC=0.8288
Epoch 047/120 | TrainLoss=0.3985 (Cls=0.3717, Cont=5.3630) | Val AUC=0.9099 AUPR=0.8713 F1=0.8011 ACC=0.8282
Epoch 048/120 | TrainLoss=0.4027 (Cls=0.3759, Cont=5.3578) | Val AUC=0.9090 AUPR=0.8703 F1=0.7979 ACC=0.8260
Epoch 049/120 | TrainLoss=0.4088 (Cls=0.3820, Cont=5.3490) | Val AUC=0.9108 AUPR=0.8729 F1=0.8010 ACC=0.8315
Epoch 050/120 | TrainLoss=0.4001 (Cls=0.3733, Cont=5.3544) | Val AUC=0.9111 AUPR=0.8737 F1=0.8018 ACC=0.8308
Epoch 051/120 | TrainLoss=0.4043 (Cls=0.3775, Cont=5.3599) | Val AUC=0.9119 AUPR=0.8754 F1=0.8044 ACC=0.8333
Epoch 052/120 | TrainLoss=0.3962 (Cls=0.3694, Cont=5.3609) | Val AUC=0.9111 AUPR=0.8743 F1=0.8016 ACC=0.8326
Epoch 053/120 | TrainLoss=0.4018 (Cls=0.3751, Cont=5.3461) | Val AUC=0.9118 AUPR=0.8747 F1=0.8055 ACC=0.8323
Epoch 054/120 | TrainLoss=0.3962 (Cls=0.3694, Cont=5.3588) | Val AUC=0.9116 AUPR=0.8749 F1=0.8051 ACC=0.8321
Epoch 055/120 | TrainLoss=0.3965 (Cls=0.3697, Cont=5.3609) | Val AUC=0.9116 AUPR=0.8752 F1=0.8044 ACC=0.8305
Epoch 056/120 | TrainLoss=0.3985 (Cls=0.3718, Cont=5.3568) | Val AUC=0.9126 AUPR=0.8768 F1=0.8057 ACC=0.8341
Epoch 057/120 | TrainLoss=0.3946 (Cls=0.3679, Cont=5.3496) | Val AUC=0.9127 AUPR=0.8771 F1=0.8053 ACC=0.8310
Epoch 058/120 | TrainLoss=0.3970 (Cls=0.3703, Cont=5.3523) | Val AUC=0.9127 AUPR=0.8774 F1=0.8040 ACC=0.8289
Epoch 059/120 | TrainLoss=0.3944 (Cls=0.3677, Cont=5.3509) | Val AUC=0.9130 AUPR=0.8777 F1=0.8032 ACC=0.8267
Epoch 060/120 | TrainLoss=0.3923 (Cls=0.3655, Cont=5.3532) | Val AUC=0.9139 AUPR=0.8785 F1=0.8047 ACC=0.8310
Epoch 061/120 | TrainLoss=0.3940 (Cls=0.3673, Cont=5.3464) | Val AUC=0.9142 AUPR=0.8785 F1=0.8057 ACC=0.8292
Epoch 062/120 | TrainLoss=0.3920 (Cls=0.3654, Cont=5.3330) | Val AUC=0.9140 AUPR=0.8781 F1=0.8065 ACC=0.8317
Epoch 063/120 | TrainLoss=0.3938 (Cls=0.3670, Cont=5.3595) | Val AUC=0.9142 AUPR=0.8784 F1=0.8075 ACC=0.8339
Epoch 064/120 | TrainLoss=0.3902 (Cls=0.3634, Cont=5.3541) | Val AUC=0.9137 AUPR=0.8777 F1=0.8059 ACC=0.8337
Epoch 065/120 | TrainLoss=0.3911 (Cls=0.3644, Cont=5.3486) | Val AUC=0.9136 AUPR=0.8777 F1=0.8054 ACC=0.8339
Epoch 066/120 | TrainLoss=0.3917 (Cls=0.3649, Cont=5.3503) | Val AUC=0.9139 AUPR=0.8782 F1=0.8040 ACC=0.8259
Epoch 067/120 | TrainLoss=0.3900 (Cls=0.3633, Cont=5.3527) | Val AUC=0.9141 AUPR=0.8787 F1=0.8040 ACC=0.8303
Epoch 068/120 | TrainLoss=0.3896 (Cls=0.3628, Cont=5.3435) | Val AUC=0.9144 AUPR=0.8793 F1=0.8071 ACC=0.8363
Epoch 069/120 | TrainLoss=0.3885 (Cls=0.3617, Cont=5.3570) | Val AUC=0.9140 AUPR=0.8789 F1=0.8058 ACC=0.8348
Epoch 070/120 | TrainLoss=0.3896 (Cls=0.3628, Cont=5.3594) | Val AUC=0.9141 AUPR=0.8792 F1=0.8070 ACC=0.8363
Epoch 071/120 | TrainLoss=0.3893 (Cls=0.3626, Cont=5.3405) | Val AUC=0.9144 AUPR=0.8795 F1=0.8064 ACC=0.8351
Epoch 072/120 | TrainLoss=0.3883 (Cls=0.3616, Cont=5.3287) | Val AUC=0.9147 AUPR=0.8800 F1=0.8065 ACC=0.8340
Epoch 073/120 | TrainLoss=0.3885 (Cls=0.3617, Cont=5.3528) | Val AUC=0.9147 AUPR=0.8802 F1=0.8047 ACC=0.8289
Epoch 074/120 | TrainLoss=0.3863 (Cls=0.3596, Cont=5.3453) | Val AUC=0.9142 AUPR=0.8796 F1=0.8045 ACC=0.8320
Epoch 075/120 | TrainLoss=0.3878 (Cls=0.3610, Cont=5.3460) | Val AUC=0.9146 AUPR=0.8804 F1=0.8047 ACC=0.8329
Epoch 076/120 | TrainLoss=0.3863 (Cls=0.3595, Cont=5.3542) | Val AUC=0.9151 AUPR=0.8813 F1=0.8066 ACC=0.8302
Epoch 077/120 | TrainLoss=0.3870 (Cls=0.3603, Cont=5.3543) | Val AUC=0.9151 AUPR=0.8816 F1=0.8063 ACC=0.8310
Epoch 078/120 | TrainLoss=0.3859 (Cls=0.3591, Cont=5.3502) | Val AUC=0.9150 AUPR=0.8813 F1=0.8060 ACC=0.8334
Epoch 079/120 | TrainLoss=0.3870 (Cls=0.3603, Cont=5.3492) | Val AUC=0.9154 AUPR=0.8817 F1=0.8049 ACC=0.8340
Epoch 080/120 | TrainLoss=0.3863 (Cls=0.3596, Cont=5.3352) | Val AUC=0.9156 AUPR=0.8821 F1=0.8056 ACC=0.8301
Epoch 081/120 | TrainLoss=0.3867 (Cls=0.3601, Cont=5.3319) | Val AUC=0.9156 AUPR=0.8822 F1=0.8055 ACC=0.8269
Epoch 082/120 | TrainLoss=0.3846 (Cls=0.3580, Cont=5.3369) | Val AUC=0.9155 AUPR=0.8820 F1=0.8071 ACC=0.8301
Epoch 083/120 | TrainLoss=0.3861 (Cls=0.3594, Cont=5.3405) | Val AUC=0.9159 AUPR=0.8823 F1=0.8083 ACC=0.8336
Epoch 084/120 | TrainLoss=0.3838 (Cls=0.3571, Cont=5.3395) | Val AUC=0.9159 AUPR=0.8821 F1=0.8090 ACC=0.8362
Epoch 085/120 | TrainLoss=0.3843 (Cls=0.3576, Cont=5.3528) | Val AUC=0.9156 AUPR=0.8817 F1=0.8095 ACC=0.8339
Epoch 086/120 | TrainLoss=0.3834 (Cls=0.3567, Cont=5.3394) | Val AUC=0.9153 AUPR=0.8814 F1=0.8079 ACC=0.8327
Epoch 087/120 | TrainLoss=0.3832 (Cls=0.3565, Cont=5.3383) | Val AUC=0.9156 AUPR=0.8819 F1=0.8076 ACC=0.8355
Epoch 088/120 | TrainLoss=0.3852 (Cls=0.3586, Cont=5.3391) | Val AUC=0.9162 AUPR=0.8827 F1=0.8101 ACC=0.8341
Epoch 089/120 | TrainLoss=0.3825 (Cls=0.3558, Cont=5.3484) | Val AUC=0.9164 AUPR=0.8830 F1=0.8092 ACC=0.8321
Epoch 090/120 | TrainLoss=0.3829 (Cls=0.3562, Cont=5.3478) | Val AUC=0.9163 AUPR=0.8831 F1=0.8100 ACC=0.8353
Epoch 091/120 | TrainLoss=0.3815 (Cls=0.3548, Cont=5.3452) | Val AUC=0.9159 AUPR=0.8827 F1=0.8088 ACC=0.8349
Epoch 092/120 | TrainLoss=0.3825 (Cls=0.3557, Cont=5.3512) | Val AUC=0.9162 AUPR=0.8833 F1=0.8093 ACC=0.8360
Epoch 093/120 | TrainLoss=0.3814 (Cls=0.3547, Cont=5.3408) | Val AUC=0.9166 AUPR=0.8839 F1=0.8093 ACC=0.8345
Epoch 094/120 | TrainLoss=0.3813 (Cls=0.3546, Cont=5.3374) | Val AUC=0.9167 AUPR=0.8840 F1=0.8091 ACC=0.8338
Epoch 095/120 | TrainLoss=0.3814 (Cls=0.3548, Cont=5.3332) | Val AUC=0.9166 AUPR=0.8839 F1=0.8084 ACC=0.8351
Epoch 096/120 | TrainLoss=0.3811 (Cls=0.3544, Cont=5.3425) | Val AUC=0.9167 AUPR=0.8840 F1=0.8088 ACC=0.8372
Epoch 097/120 | TrainLoss=0.3807 (Cls=0.3540, Cont=5.3389) | Val AUC=0.9167 AUPR=0.8841 F1=0.8064 ACC=0.8320
Epoch 098/120 | TrainLoss=0.3788 (Cls=0.3521, Cont=5.3460) | Val AUC=0.9169 AUPR=0.8844 F1=0.8077 ACC=0.8332
Epoch 099/120 | TrainLoss=0.3796 (Cls=0.3529, Cont=5.3401) | Val AUC=0.9176 AUPR=0.8854 F1=0.8105 ACC=0.8366
Epoch 100/120 | TrainLoss=0.3797 (Cls=0.3530, Cont=5.3340) | Val AUC=0.9180 AUPR=0.8855 F1=0.8117 ACC=0.8386
Epoch 101/120 | TrainLoss=0.3802 (Cls=0.3535, Cont=5.3403) | Val AUC=0.9180 AUPR=0.8855 F1=0.8114 ACC=0.8346
Epoch 102/120 | TrainLoss=0.3785 (Cls=0.3518, Cont=5.3533) | Val AUC=0.9175 AUPR=0.8847 F1=0.8113 ACC=0.8347
Epoch 103/120 | TrainLoss=0.3806 (Cls=0.3539, Cont=5.3396) | Val AUC=0.9175 AUPR=0.8846 F1=0.8111 ACC=0.8361
Epoch 104/120 | TrainLoss=0.3782 (Cls=0.3516, Cont=5.3343) | Val AUC=0.9174 AUPR=0.8846 F1=0.8100 ACC=0.8370
Epoch 105/120 | TrainLoss=0.3785 (Cls=0.3518, Cont=5.3420) | Val AUC=0.9175 AUPR=0.8848 F1=0.8109 ACC=0.8376
Epoch 106/120 | TrainLoss=0.3776 (Cls=0.3509, Cont=5.3507) | Val AUC=0.9176 AUPR=0.8851 F1=0.8110 ACC=0.8388
Epoch 107/120 | TrainLoss=0.3775 (Cls=0.3507, Cont=5.3508) | Val AUC=0.9177 AUPR=0.8851 F1=0.8108 ACC=0.8392
Epoch 108/120 | TrainLoss=0.3757 (Cls=0.3490, Cont=5.3384) | Val AUC=0.9178 AUPR=0.8855 F1=0.8120 ACC=0.8423
Epoch 109/120 | TrainLoss=0.3770 (Cls=0.3502, Cont=5.3490) | Val AUC=0.9183 AUPR=0.8863 F1=0.8123 ACC=0.8415
Epoch 110/120 | TrainLoss=0.3749 (Cls=0.3482, Cont=5.3269) | Val AUC=0.9184 AUPR=0.8863 F1=0.8138 ACC=0.8397
Epoch 111/120 | TrainLoss=0.3755 (Cls=0.3489, Cont=5.3345) | Val AUC=0.9184 AUPR=0.8862 F1=0.8144 ACC=0.8399
Epoch 112/120 | TrainLoss=0.3763 (Cls=0.3496, Cont=5.3404) | Val AUC=0.9190 AUPR=0.8867 F1=0.8140 ACC=0.8380
Epoch 113/120 | TrainLoss=0.3745 (Cls=0.3478, Cont=5.3352) | Val AUC=0.9196 AUPR=0.8880 F1=0.8145 ACC=0.8442
Epoch 114/120 | TrainLoss=0.3748 (Cls=0.3481, Cont=5.3432) | Val AUC=0.9197 AUPR=0.8882 F1=0.8143 ACC=0.8420
Epoch 115/120 | TrainLoss=0.3745 (Cls=0.3478, Cont=5.3408) | Val AUC=0.9200 AUPR=0.8885 F1=0.8142 ACC=0.8417
Epoch 116/120 | TrainLoss=0.3741 (Cls=0.3474, Cont=5.3360) | Val AUC=0.9202 AUPR=0.8889 F1=0.8136 ACC=0.8419
Epoch 117/120 | TrainLoss=0.3728 (Cls=0.3462, Cont=5.3248) | Val AUC=0.9201 AUPR=0.8888 F1=0.8138 ACC=0.8388
Epoch 118/120 | TrainLoss=0.3742 (Cls=0.3475, Cont=5.3389) | Val AUC=0.9201 AUPR=0.8888 F1=0.8137 ACC=0.8395
Epoch 119/120 | TrainLoss=0.3717 (Cls=0.3451, Cont=5.3295) | Val AUC=0.9200 AUPR=0.8887 F1=0.8139 ACC=0.8411
Epoch 120/120 | TrainLoss=0.3734 (Cls=0.3468, Cont=5.3241) | Val AUC=0.9200 AUPR=0.8889 F1=0.8129 ACC=0.8399
Fold 5 complete | Best Val AUC=0.9202 | Test AUC=0.9196 AUPR=0.8908 F1=0.8099 ACC=0.8327 | FoldTime=303.43s

================================================================================
Cross-validation complete
Mean AUC:  0.9199 +/- 0.0016
Mean AUPR: 0.8891 +/- 0.0038
Mean F1:   0.8108 +/- 0.0025
Mean ACC:  0.8382 +/- 0.0036
Saved outputs to: /content/drive/MyDrive/CDRP models testing/flexible model/outputs/exp2_sharded_v2_verified_t4_v1_shards_4
